[exec_wrapper] configuring FLEXMEM...
[exec_wrapper] starting OpenOCD on port 3349...
[exec_wrapper] SWO redirect port 63688
[exec_wrapper] /Users/seungwon/FALCON/fn-dsa_m55/measurement_mlkem_native/env/openocd-4e9b167/bin/openocd -f interface/stlink.cfg -c transport select swd -f target/stm32n6x.cfg -c if {[lsearch -exact [target names] stm32n6x.cpu] >= 0} { stm32n6x.cpu configure -defer-examine } -c adapter speed 8000 -c adapter serial 003C00223335510735383531 -c reset_config srst_only srst_nogate -c gdb_port 3349 -c tcl_port disabled -c telnet_port disabled -c init -c stm32n6x.cpu arp_examine -c stm32n6x.swo configure -protocol uart -traceclk 100000000 -pin-freq 1000000 -output :63688 -formatter 0 -c stm32n6x.swo enable -c stm32n6x.cpu itm port 0 on
============ GDB SCRIPT ============
set pagination off
set confirm off
target remote localhost:3349
load
tbreak *0x10011178
hbreak *0x100143e4
set $early_fault_bp = $bpnum
jump *0x100143f9
if $pc != 0x10011178
echo [[STARTUP-FAULT]]\n
info registers
x/8wx $psp
x/8wx $msp
x/8i *(unsigned int*)($psp+24)
x/6wx 0xE000ED28
x/6wx 0xE001E000
monitor reset_config none
monitor reset run
quit 1
end
delete $early_fault_bp
echo TCM_CONTROL_START=
output/x *(unsigned int*)0x56008008
echo \n
echo TCM_MSCR_START=
output/x *(unsigned int*)0xE001E000
echo \n
restore /var/folders/cl/qszfy4ys3t51fgwf6m125j080000gt/T/tmpf13nl4eg/argv.bin binary 0x340b0000
set $nucleo_exit_code = -1
break *0x10011128
commands
  set $nucleo_exit_code = $r0
  echo [[NUCLEO-DONE]]\n
end
break *0x100143e4
commands
  echo [[NUCLEO-HARDFAULT]]\n
end
continue
if $nucleo_exit_code != -1
  echo NUCLEO_EXIT_CODE=
  output/d $nucleo_exit_code
  echo \n
end
info registers
x/4wx $sp
echo CFSR=
output/x *(unsigned int *)0xE000ED28
echo \n
echo HFSR=
output/x *(unsigned int *)0xE000ED2C
echo \n
echo DFSR=
output/x *(unsigned int *)0xE000ED30
echo \n
echo MMFAR=
output/x *(unsigned int *)0xE000ED34
echo \n
echo BFAR=
output/x *(unsigned int *)0xE000ED38
echo \n
echo AFSR=
output/x *(unsigned int *)0xE000ED3C
echo \n
echo SHCSR=
output/x *(unsigned int *)0xE000ED24
echo \n
echo CCR=
output/x *(unsigned int *)0xE000ED14
echo \n
echo MSP=
output/x $msp
echo \n
echo PSP=
output/x $psp
echo \n
echo LR=
output/x $lr
echo \n
echo PC=
output/x $pc
echo \n
echo STACKED_R0_R1_R2_R3_R12_LR_PC_XPSR:\n
if ($lr & 4)
  x/8wx $psp
else
  x/8wx $msp
end
x/4wx 0xE000ED28
x/wx 0xE000ED38
echo TCM_CONTROL_END=
output/x *(unsigned int*)0x56008008
echo \n
echo TCM_MSCR_END=
output/x *(unsigned int*)0xE001E000
echo \n
monitor reset_config none
monitor reset run
====================================
[exec_wrapper] running gdb batch
Open On-Chip Debugger 0.12.0+dev-g4e9b167 (2026-09-09-11:52)
Licensed under GNU GPL v2
For bug reports, read
	http://openocd.org/doc/doxygen/bugs.html
adapter speed: 8000 kHz
srst_only separate srst_nogate srst_open_drain connect_deassert_srst
DEPRECATED! use 'gdb port', not 'gdb_port'
DEPRECATED! use 'tcl port' not 'tcl_port'
DEPRECATED! use 'telnet port', not 'telnet_port'
Info : STLINK V3J15M6 (API v3) VID:PID 0483:3754
Info : Target voltage: 3.276064
Info : clock speed 8000 kHz
Info : SWD DPIDR 0x6ba02477
Info : [stm32n6x.ap0] Examination succeed
Info : [stm32n6x.ap0] gdb port disabled
Info : [stm32n6x.cpu] starting gdb server on 3349
Info : Listening on port 3349 for gdb connections
Info : [stm32n6x.cpu] Cortex-M55 r1p1 processor detected
Info : [stm32n6x.cpu] target has 8 breakpoints, 8 watchpoints
Info : starting trace server for stm32n6x.swo on 63688
Info : Listening on port 63688 for tpiu_swo_trace connections
Info : tcl server disabled
Info : telnet server disabled
Info : accepting 'tpiu_swo_trace' connection on tcp/63688
Info : accepting 'gdb' connection on tcp/3349
stm32n6x.cpu in Secure state
[stm32n6x.cpu] halted due to debug-request, current mode: Thread
xPSR: 0x21000000 pc: 0x1800350e msp: 0x341037a8
Info : New GDB Connection: 1, Target stm32n6x.cpu, state: halted
Warn : Prefer GDB command "target extended-remote :3349" instead of "target remote :3349"
PROFILE_BEGIN candidate=ntt_opt_control keygen_runs=10
PROFILE_HW cpu=800000000 ccr=00000611 itcmcr=00000049 dtcmcr=00000049 control=00000099
PROFILE_KEYGEN degree=512 calls=10
PROFILE_FINGERPRINT degree=512 fnv1a=b69b316a
PROFILE_KEYGEN degree=1024 calls=10
PROFILE_FINGERPRINT degree=1024 fnv1a=bf1ee4eb
NTRU_TOTAL degree=512 calls=11 total=412145326 min=16818486 max=39532684
NTRU_PHASE degree=512 phase=orchestration cycles=412145326 entries=0
NTRU_PHASE degree=512 phase=deepest cycles=0 entries=0
NTRU_PHASE degree=512 phase=intermediate_d1 cycles=0 entries=0
NTRU_PHASE degree=512 phase=intermediate_d2 cycles=0 entries=0
NTRU_PHASE degree=512 phase=intermediate_d3 cycles=0 entries=0
NTRU_PHASE degree=512 phase=intermediate_d4 cycles=0 entries=0
NTRU_PHASE degree=512 phase=intermediate_d5 cycles=0 entries=0
NTRU_PHASE degree=512 phase=intermediate_d6 cycles=0 entries=0
NTRU_PHASE degree=512 phase=intermediate_d7 cycles=0 entries=0
NTRU_PHASE degree=512 phase=intermediate_d8 cycles=0 entries=0
NTRU_PHASE degree=512 phase=intermediate_d9 cycles=0 entries=0
NTRU_PHASE degree=512 phase=depth0 cycles=0 entries=0
NTRU_KERNEL degree=512 kernel=other cycles=412145326 entries=0
NTRU_KERNEL degree=512 kernel=mp_ntt cycles=0 entries=0
NTRU_KERNEL degree=512 kernel=mp_intt cycles=0 entries=0
NTRU_KERNEL degree=512 kernel=twiddle cycles=0 entries=0
NTRU_KERNEL degree=512 kernel=crt cycles=0 entries=0
NTRU_KERNEL degree=512 kernel=bezout cycles=0 entries=0
NTRU_KERNEL degree=512 kernel=fft cycles=0 entries=0
NTRU_KERNEL degree=512 kernel=ifft cycles=0 entries=0
NTRU_KERNEL degree=512 kernel=fxp_spectral cycles=0 entries=0
NTRU_KERNEL degree=512 kernel=fixed_convert cycles=0 entries=0
NTRU_KERNEL degree=512 kernel=sub_ntt cycles=0 entries=0
NTRU_KERNEL degree=512 kernel=sub_depth1 cycles=0 entries=0
NTRU_KERNEL degree=512 kernel=sub_plain cycles=0 entries=0
NTRU_NTT_LOGN degree=512 direction=forward logn=0 cycles=0 entries=0
NTRU_NTT_LOGN degree=512 direction=forward logn=1 cycles=0 entries=0
NTRU_NTT_LOGN degree=512 direction=forward logn=2 cycles=0 entries=0
NTRU_NTT_LOGN degree=512 direction=forward logn=3 cycles=0 entries=0
NTRU_NTT_LOGN degree=512 direction=forward logn=4 cycles=0 entries=0
NTRU_NTT_LOGN degree=512 direction=forward logn=5 cycles=0 entries=0
NTRU_NTT_LOGN degree=512 direction=forward logn=6 cycles=0 entries=0
NTRU_NTT_LOGN degree=512 direction=forward logn=7 cycles=0 entries=0
NTRU_NTT_LOGN degree=512 direction=forward logn=8 cycles=0 entries=0
NTRU_NTT_LOGN degree=512 direction=forward logn=9 cycles=0 entries=0
NTRU_NTT_LOGN degree=512 direction=forward logn=10 cycles=0 entries=0
NTRU_NTT_LOGN degree=512 direction=inverse logn=0 cycles=0 entries=0
NTRU_NTT_LOGN degree=512 direction=inverse logn=1 cycles=0 entries=0
NTRU_NTT_LOGN degree=512 direction=inverse logn=2 cycles=0 entries=0
NTRU_NTT_LOGN degree=512 direction=inverse logn=3 cycles=0 entries=0
NTRU_NTT_LOGN degree=512 direction=inverse logn=4 cycles=0 entries=0
NTRU_NTT_LOGN degree=512 direction=inverse logn=5 cycles=0 entries=0
NTRU_NTT_LOGN degree=512 direction=inverse logn=6 cycles=0 entries=0
NTRU_NTT_LOGN degree=512 direction=inverse logn=7 cycles=0 entries=0
NTRU_NTT_LOGN degree=512 direction=inverse logn=8 cycles=0 entries=0
NTRU_NTT_LOGN degree=512 direction=inverse logn=9 cycles=0 entries=0
NTRU_NTT_LOGN degree=512 direction=inverse logn=10 cycles=0 entries=0
NTRU_TOTAL degree=1024 calls=17 total=1840745298 min=61159932 max=136160978
NTRU_PHASE degree=1024 phase=orchestration cycles=1840745298 entries=0
NTRU_PHASE degree=1024 phase=deepest cycles=0 entries=0
NTRU_PHASE degree=1024 phase=intermediate_d1 cycles=0 entries=0
NTRU_PHASE degree=1024 phase=intermediate_d2 cycles=0 entries=0
NTRU_PHASE degree=1024 phase=intermediate_d3 cycles=0 entries=0
NTRU_PHASE degree=1024 phase=intermediate_d4 cycles=0 entries=0
NTRU_PHASE degree=1024 phase=intermediate_d5 cycles=0 entries=0
NTRU_PHASE degree=1024 phase=intermediate_d6 cycles=0 entries=0
NTRU_PHASE degree=1024 phase=intermediate_d7 cycles=0 entries=0
NTRU_PHASE degree=1024 phase=intermediate_d8 cycles=0 entries=0
NTRU_PHASE degree=1024 phase=intermediate_d9 cycles=0 entries=0
NTRU_PHASE degree=1024 phase=depth0 cycles=0 entries=0
NTRU_KERNEL degree=1024 kernel=other cycles=1840745298 entries=0
NTRU_KERNEL degree=1024 kernel=mp_ntt cycles=0 entries=0
NTRU_KERNEL degree=1024 kernel=mp_intt cycles=0 entries=0
NTRU_KERNEL degree=1024 kernel=twiddle cycles=0 entries=0
NTRU_KERNEL degree=1024 kernel=crt cycles=0 entries=0
NTRU_KERNEL degree=1024 kernel=bezout cycles=0 entries=0
NTRU_KERNEL degree=1024 kernel=fft cycles=0 entries=0
NTRU_KERNEL degree=1024 kernel=ifft cycles=0 entries=0
NTRU_KERNEL degree=1024 kernel=fxp_spectral cycles=0 entries=0
NTRU_KERNEL degree=1024 kernel=fixed_convert cycles=0 entries=0
NTRU_KERNEL degree=1024 kernel=sub_ntt cycles=0 entries=0
NTRU_KERNEL degree=1024 kernel=sub_depth1 cycles=0 entries=0
NTRU_KERNEL degree=1024 kernel=sub_plain cycles=0 entries=0
NTRU_NTT_LOGN degree=1024 direction=forward logn=0 cycles=0 entries=0
NTRU_NTT_LOGN degree=1024 direction=forward logn=1 cycles=0 entries=0
NTRU_NTT_LOGN degree=1024 direction=forward logn=2 cycles=0 entries=0
NTRU_NTT_LOGN degree=1024 direction=forward logn=3 cycles=0 entries=0
NTRU_NTT_LOGN degree=1024 direction=forward logn=4 cycles=0 entries=0
NTRU_NTT_LOGN degree=1024 direction=forward logn=5 cycles=0 entries=0
NTRU_NTT_LOGN degree=1024 direction=forward logn=6 cycles=0 entries=0
NTRU_NTT_LOGN degree=1024 direction=forward logn=7 cycles=0 entries=0
NTRU_NTT_LOGN degree=1024 direction=forward logn=8 cycles=0 entries=0
NTRU_NTT_LOGN degree=1024 direction=forward logn=9 cycles=0 entries=0
NTRU_NTT_LOGN degree=1024 direction=forward logn=10 cycles=0 entries=0
NTRU_NTT_LOGN degree=1024 direction=inverse logn=0 cycles=0 entries=0
NTRU_NTT_LOGN degree=1024 direction=inverse logn=1 cycles=0 entries=0
NTRU_NTT_LOGN degree=1024 direction=inverse logn=2 cycles=0 entries=0
NTRU_NTT_LOGN degree=1024 direction=inverse logn=3 cycles=0 entries=0
NTRU_NTT_LOGN degree=1024 direction=inverse logn=4 cycles=0 entries=0
NTRU_NTT_LOGN degree=1024 direction=inverse logn=5 cycles=0 entries=0
NTRU_NTT_LOGN degree=1024 direction=inverse logn=6 cycles=0 entries=0
NTRU_NTT_LOGN degree=1024 direction=inverse logn=7 cycles=0 entries=0
NTRU_NTT_LOGN degree=1024 direction=inverse logn=8 cycles=0 entries=0
NTRU_NTT_LOGN degree=1024 direction=inverse logn=9 cycles=0 entries=0
NTRU_NTT_LOGN degree=1024 direction=inverse logn=10 cycles=0 entries=0
PROFILE_STATUS error=0 result=0
PROFILE_DONE correctness=PASS tamper_rejection=PASS
Info : Deferring arp_examine of stm32n6x.cpu
Info : Use arp_examine command to examine it manually!
Info : dropped 'gdb' connection
0x1800350e in ?? ()
Loading section rom_start, size 0x32c lma 0x10000000
Loading section text, size 0x18ef8 lma 0x10000330
Loading section .ARM.exidx, size 0x8 lma 0x30000000
Loading section initlevel, size 0xc8 lma 0x30000008
Loading section device_area, size 0x268 lma 0x300000d0
Loading section sw_isr_table, size 0x5d8 lma 0x30000338
Loading section gpio_driver_api_area, size 0x24 lma 0x30000910
Loading section reset_driver_api_area, size 0x10 lma 0x30000934
Loading section clock_control_driver_api_area, size 0x1c lma 0x30000944
Loading section otp_driver_api_area, size 0x4 lma 0x30000960
Loading section uart_driver_api_area, size 0x14 lma 0x30000964
Loading section rodata, size 0xe46c lma 0x30000980
Loading section datas, size 0x4c lma 0x3000ee00
Loading section device_states, size 0x2c lma 0x3000ee4c
Loading section k_mutex_area, size 0x14 lma 0x3000ee78
Loading section .last_section, size 0x4 lma 0x3000ee8c
Start address 0x100143f8, load size 163992
Transfer rate: 541 KB/sec, 6559 bytes/write.
Temporary breakpoint 1 at 0x10011178: file /Users/seungwon/FALCON/fn-dsa_m55/measurement_mlkem_native/env/mlkem-native-637d076aa113d8faaec2277ed4a46b657acaf35f/test/zephyr/app/shim_nucleo_n657x0_q.c, line 254.
Hardware assisted breakpoint 2 at 0x100143e4: file /Users/seungwon/FALCON/fn-dsa_m55/measurement_mlkem_native/env/zephyr-4.4.1/arch/arm/core/cortex_m/fault_s.S, line 80.

Temporary breakpoint 1, get_bootargs () at /Users/seungwon/FALCON/fn-dsa_m55/measurement_mlkem_native/env/mlkem-native-637d076aa113d8faaec2277ed4a46b657acaf35f/test/zephyr/app/shim_nucleo_n657x0_q.c:254
254	  return mlk_bootargs_block;
TCM_CONTROL_START=0x99
TCM_MSCR_START=0x1300a
Restoring binary file /var/folders/cl/qszfy4ys3t51fgwf6m125j080000gt/T/tmpf13nl4eg/argv.bin into memory (0x340b0000 to 0x340c0000)
Breakpoint 3 at 0x10011128: file /Users/seungwon/FALCON/fn-dsa_m55/measurement_mlkem_native/env/mlkem-native-637d076aa113d8faaec2277ed4a46b657acaf35f/test/zephyr/app/shim_nucleo_n657x0_q.c, line 148.
Breakpoint 4 at 0x100143e4: file /Users/seungwon/FALCON/fn-dsa_m55/measurement_mlkem_native/env/zephyr-4.4.1/arch/arm/core/cortex_m/fault_s.S, line 80.

Breakpoint 3, nucleo_test_breakpoint (rc=rc@entry=0) at /Users/seungwon/FALCON/fn-dsa_m55/measurement_mlkem_native/env/mlkem-native-637d076aa113d8faaec2277ed4a46b657acaf35f/test/zephyr/app/shim_nucleo_n657x0_q.c:148
148	  __asm__ volatile("bkpt 0" ::: "memory");
[[NUCLEO-DONE]]
NUCLEO_EXIT_CODE=0
r0             0x0                 0
r1             0xe0000000          -536870912
r2             0x1000900           16779520
r3             0x985e4b            9985611
r4             0x0                 0
r5             0x300000d0          805306576
r6             0x30000910          805308688
r7             0x30026128          805462312
r8             0x300000d0          805306576
r9             0x30036268          805528168
r10            0x34102040          873472064
r11            0x56021800          1442977792
r12            0xa                 10
sp             0x30036218          0x30036218 <z_main_stack+65456>
lr             0x1001116f          268505455
pc             0x10011128          0x10011128 <nucleo_test_breakpoint>
xpsr           0x90c0000           151781376
fpscr          0x40000             262144
msp            0x30026128          0x30026128 <z_idle_stacks>
psp            0x30036218          0x30036218 <z_main_stack+65456>
vpr            0xf0fc              [ P0=61692 MASK01=0 MASK23=0 ]
msp_ns         0x241077f0          0x241077f0
psp_ns         0x241077f0          0x241077f0
msp_s          0x30026128          0x30026128 <z_idle_stacks>
psp_s          0x30036218          0x30036218 <z_main_stack+65456>
primask        0x0                 0
basepri        0x0                 0
faultmask      0x0                 0
control        0x6                 6
msplim_s       0x30025928          0x30025928 <z_interrupt_stacks>
psplim_s       0x30026268          0x30026268 <z_main_stack>
msplim_ns      0x24106ff0          0x24106ff0
psplim_ns      0x24106ff0          0x24106ff0
primask_s      0x0                 0
basepri_s      0x0                 0
faultmask_s    0x0                 0
control_s      0x6                 6
primask_ns     0x0                 0
basepri_ns     0x0                 0
faultmask_ns   0x0                 0
control_ns     0x4                 4
p0             0xf0fc              -3844
0x30036218 <z_main_stack+65456>:	0x00000000	0x1001118b	0x00000000	0x10017aeb
CFSR=0x0
HFSR=0x0
DFSR=0x0
MMFAR=0x0
BFAR=0xf30379ad
AFSR=0x0
SHCSR=0xf0000
CCR=0x611
MSP=0x30026128
PSP=0x30036218
LR=0x1001116f
PC=0x10011128
STACKED_R0_R1_R2_R3_R12_LR_PC_XPSR:
0x30036218 <z_main_stack+65456>:	0x00000000	0x1001118b	0x00000000	0x10017aeb
0x30036228 <z_main_stack+65472>:	0x00000000	0x00000000	0x00000000	0x00000000
0xe000ed28:	0x00000000	0x00000000	0x00000000	0x00000000
0xe000ed38:	0xf30379ad
TCM_CONTROL_END=0x99
TCM_MSCR_END=0x1300a
[Inferior 1 (Remote target) detached]
none separate
Deferring arp_examine of stm32n6x.cpu
Use arp_examine command to examine it manually!
