2026-09-08T23:52:57.308447+00:00 OpenOCD: reset halt
2026-09-08T23:52:57.486118+00:00 OpenOCD: verify_image {/Users/seungwon/FALCON/fn-dsa_m4/measurement/backups/m4-original-hwggu2_5/flash_08000000_2mib.bin} 0x08000000 bin
2026-09-08T23:53:57.558255+00:00 verified 2097152 bytes in 60.071144s (34.093 KiB/s)
2026-09-08T23:53:57.565878+00:00 OpenOCD: flash write_image erase {/Users/seungwon/FALCON/fn-dsa_m4/measurement/build/fndsa_m4.bin} 0x081c0000 bin
2026-09-08T23:54:01.512506+00:00 auto erase enabled
wrote 103064 bytes from file /Users/seungwon/FALCON/fn-dsa_m4/measurement/build/fndsa_m4.bin in 3.945039s (25.513 KiB/s)
2026-09-08T23:54:01.513829+00:00 OpenOCD: verify_image {/Users/seungwon/FALCON/fn-dsa_m4/measurement/build/fndsa_m4.bin} 0x081c0000 bin
2026-09-08T23:54:04.565256+00:00 verified 103060 bytes in 3.050313s (32.995 KiB/s)
2026-09-08T23:54:04.566406+00:00 OpenOCD: reg sp 0x200a0000
2026-09-08T23:54:04.567259+00:00 sp (/32): 0x200a0000
2026-09-08T23:54:04.567779+00:00 OpenOCD: reg msp 0x200a0000
2026-09-08T23:54:04.568429+00:00 msp (/32): 0x200a0000
2026-09-08T23:54:04.568940+00:00 OpenOCD: reg psp 0x200a0000
2026-09-08T23:54:04.569567+00:00 psp (/32): 0x200a0000
2026-09-08T23:54:04.569972+00:00 OpenOCD: reg xpsr 0x01000000
2026-09-08T23:54:04.570506+00:00 xpsr (/32): 0x01000000
2026-09-08T23:54:04.571003+00:00 OpenOCD: reg primask 0x00000000
2026-09-08T23:54:04.571582+00:00 primask (/1): 0x00
2026-09-08T23:54:04.571942+00:00 OpenOCD: reg basepri 0x00000000
2026-09-08T23:54:04.572534+00:00 basepri (/8): 0x00
2026-09-08T23:54:04.573046+00:00 OpenOCD: reg faultmask 0x00000000
2026-09-08T23:54:04.573506+00:00 faultmask (/1): 0x00
2026-09-08T23:54:04.573834+00:00 OpenOCD: reg control 0x00000000
2026-09-08T23:54:04.574238+00:00 control (/3): 0x00
2026-09-08T23:54:04.574516+00:00 OpenOCD: resume 0x081ccbf0
2026-09-08T23:54:28.742672+00:00 Both warmups and tampered-signature checks passed; scalar host fingerprints match.
2026-09-08T23:54:28.743394+00:00 OpenOCD: write_memory 0x20030078 32 {0x474f3130}
2026-09-08T23:54:28.755019+00:00 progress counts=[[0, 0, 0], [0, 0, 0]], degree=512, operation=0, state=0x52554e21, error=0
2026-09-08T23:55:28.770533+00:00 progress counts=[[16, 16, 16], [0, 0, 0]], degree=512, operation=0, state=0x52554e21, error=0
2026-09-08T23:56:28.782893+00:00 progress counts=[[31, 31, 31], [0, 0, 0]], degree=512, operation=0, state=0x52554e21, error=0
2026-09-08T23:57:28.795972+00:00 progress counts=[[44, 44, 44], [0, 0, 0]], degree=512, operation=0, state=0x52554e21, error=0
2026-09-08T23:58:28.810012+00:00 progress counts=[[61, 60, 60], [0, 0, 0]], degree=512, operation=1, state=0x52554e21, error=0
2026-09-08T23:59:28.824507+00:00 progress counts=[[76, 75, 75], [0, 0, 0]], degree=512, operation=1, state=0x52554e21, error=0
2026-09-09T00:00:28.842650+00:00 progress counts=[[92, 91, 91], [0, 0, 0]], degree=512, operation=1, state=0x52554e21, error=0
2026-09-09T00:01:28.860381+00:00 progress counts=[[100, 100, 100], [1, 1, 1]], degree=1024, operation=0, state=0x52554e21, error=0
2026-09-09T00:02:28.879022+00:00 progress counts=[[100, 100, 100], [5, 5, 5]], degree=1024, operation=0, state=0x52554e21, error=0
2026-09-09T00:03:28.899769+00:00 progress counts=[[100, 100, 100], [8, 8, 8]], degree=1024, operation=0, state=0x52554e21, error=0
2026-09-09T00:04:28.912154+00:00 progress counts=[[100, 100, 100], [14, 14, 14]], degree=1024, operation=0, state=0x52554e21, error=0
2026-09-09T00:05:28.922367+00:00 progress counts=[[100, 100, 100], [18, 18, 18]], degree=1024, operation=0, state=0x52554e21, error=0
2026-09-09T00:06:28.936344+00:00 progress counts=[[100, 100, 100], [23, 23, 23]], degree=1024, operation=0, state=0x52554e21, error=0
2026-09-09T00:07:28.948779+00:00 progress counts=[[100, 100, 100], [26, 25, 25]], degree=1024, operation=1, state=0x52554e21, error=0
2026-09-09T00:08:28.960508+00:00 progress counts=[[100, 100, 100], [31, 31, 31]], degree=1024, operation=0, state=0x52554e21, error=0
2026-09-09T00:09:28.972945+00:00 progress counts=[[100, 100, 100], [36, 35, 35]], degree=1024, operation=1, state=0x52554e21, error=0
2026-09-09T00:10:28.984427+00:00 progress counts=[[100, 100, 100], [39, 39, 39]], degree=1024, operation=0, state=0x52554e21, error=0
2026-09-09T00:11:29.000258+00:00 progress counts=[[100, 100, 100], [43, 43, 43]], degree=1024, operation=0, state=0x52554e21, error=0
2026-09-09T00:12:29.014502+00:00 progress counts=[[100, 100, 100], [47, 47, 47]], degree=1024, operation=0, state=0x52554e21, error=0
2026-09-09T00:13:29.034545+00:00 progress counts=[[100, 100, 100], [52, 52, 52]], degree=1024, operation=0, state=0x52554e21, error=0
2026-09-09T00:14:29.056277+00:00 progress counts=[[100, 100, 100], [57, 57, 57]], degree=1024, operation=0, state=0x52554e21, error=0
2026-09-09T00:15:29.078122+00:00 progress counts=[[100, 100, 100], [61, 61, 61]], degree=1024, operation=0, state=0x52554e21, error=0
2026-09-09T00:16:29.092275+00:00 progress counts=[[100, 100, 100], [65, 65, 65]], degree=1024, operation=0, state=0x52554e21, error=0
2026-09-09T00:17:29.111804+00:00 progress counts=[[100, 100, 100], [69, 68, 68]], degree=1024, operation=1, state=0x52554e21, error=0
2026-09-09T00:18:29.126209+00:00 progress counts=[[100, 100, 100], [72, 72, 72]], degree=1024, operation=0, state=0x52554e21, error=0
2026-09-09T00:19:29.141792+00:00 progress counts=[[100, 100, 100], [76, 76, 76]], degree=1024, operation=0, state=0x52554e21, error=0
2026-09-09T00:20:29.153027+00:00 progress counts=[[100, 100, 100], [79, 79, 79]], degree=1024, operation=0, state=0x52554e21, error=0
2026-09-09T00:21:29.166199+00:00 progress counts=[[100, 100, 100], [84, 84, 84]], degree=1024, operation=0, state=0x52554e21, error=0
2026-09-09T00:22:29.184362+00:00 progress counts=[[100, 100, 100], [90, 89, 89]], degree=1024, operation=1, state=0x52554e21, error=0
2026-09-09T00:23:29.196169+00:00 progress counts=[[100, 100, 100], [94, 94, 94]], degree=1024, operation=0, state=0x52554e21, error=0
2026-09-09T00:24:29.208677+00:00 progress counts=[[100, 100, 100], [98, 98, 98]], degree=1024, operation=0, state=0x52554e21, error=0
2026-09-09T00:25:29.223801+00:00 ERROR: AssertionError()
2026-09-09T00:25:29.234529+00:00 Recovery requires attention: AssertionError()
Traceback (most recent call last):
  File "/Users/seungwon/FALCON/fn-dsa_m4/measurement/controller.py", line 412, in <module>
    elif args.action == "run": exclusive(run)
  File "/Users/seungwon/FALCON/fn-dsa_m4/measurement/controller.py", line 405, in exclusive
    action()
  File "/Users/seungwon/FALCON/fn-dsa_m4/measurement/controller.py", line 318, in run
    validate_header(h)
  File "/Users/seungwon/FALCON/fn-dsa_m4/measurement/controller.py", line 255, in validate_header
    assert h["magic"] == 0x464D3450 and h["version"] == 1 and h["runs"] == 100
AssertionError
