0x18005752 in ?? ()
Loading section .text, size 0x204 lma 0x34080000
Start address 0x34080040, load size 516
Transfer rate: 4128 bits in <1 sec, 516 bytes/write.
warning: Invalid state, unable to determine msp alias, assuming msp_s.
warning: Invalid state, unable to determine sp alias, assuming msp.
warning: Invalid state, unable to determine msp alias, assuming msp_s.
warning: Invalid state, unable to determine psp alias, assuming psp_s.
warning: Invalid state, unable to determine sp alias, assuming msp.
warning: Invalid state, unable to determine msp alias, assuming msp_s.
warning: Invalid state, unable to determine psp alias, assuming psp_s.
warning: Invalid state, unable to determine sp alias, assuming msp.
warning: Invalid state, unable to determine msp alias, assuming msp_s.
warning: Invalid state, unable to determine psp alias, assuming psp_s.
warning: Invalid state, unable to determine sp alias, assuming msp.
SYSCFG_TCMCR_RESETCR:
0x56008008:	0x00000099
0x56008018:	0x00000000
RAMCFG_FLEX:
0x52023500:	0x00000000	0x00000000	0x00000000	0x00000000
0x52023510:	0x00000000	0x00000000	0x00000000	0x00000000
CLOCK_CACHE_BOOT:
0x56028020:	0x00000000	0x00100000
0x56028048:	0x8c800000
0xe000ed14:	0x00000201
TEBR_PRE:
0xe001e120:	0x00000000	0x4f78fdf9	0x00000000	0x7a58e5b5
warning: Invalid state, unable to determine msp alias, assuming msp_s.
warning: Invalid state, unable to determine psp alias, assuming psp_s.
warning: Invalid state, unable to determine sp alias, assuming msp.
warning: Invalid state, unable to determine msp alias, assuming msp_s.
warning: Invalid state, unable to determine psp alias, assuming psp_s.
warning: Invalid state, unable to determine sp alias, assuming msp.
Hardware assisted breakpoint 1 at 0x340800ce
Hardware assisted breakpoint 2 at 0x34080190
Hardware assisted breakpoint 3 at 0x340800f4
Hardware assisted breakpoint 4 at 0x340800e8
[stm32n6x.cpu] clearing lockup after double fault

Program received signal SIGINT, Interrupt.
<signal handler called>
INIT_FAILED
none separate
Deferring arp_examine of stm32n6x.cpu
Use arp_examine command to examine it manually!
[Inferior 1 (Remote target) detached]
