[exec_wrapper] configuring FLEXMEM...
Open On-Chip Debugger 0.12.0+dev-g046c040 (2026-09-08-04:56)
Licensed under GNU GPL v2
For bug reports, read
	http://openocd.org/doc/doxygen/bugs.html
adapter speed: 8000 kHz
Info : STLINK V3J15M6 (API v3) VID:PID 0483:3754
Info : Target voltage: 3.279840
Info : clock speed 8000 kHz
Info : SWD DPIDR 0x6ba02477
Info : [stm32n6x.ap0] Examination succeed
Info : [stm32n6x.ap0] gdb port disabled
Info : [stm32n6x.cpu] starting gdb server on 3333
Info : Listening on port 3333 for gdb connections
Error: Failed to read memory at 0x56008008
/var/folders/cl/qszfy4ys3t51fgwf6m125j080000gt/T/tmp_s82krts.cfg:3: Error: 
Traceback (most recent call last):
  File "/var/folders/cl/qszfy4ys3t51fgwf6m125j080000gt/T/tmp_s82krts.cfg", line 3, in script
    {stm32n6x.cpu arp_examine}
OpenOCD FLEXMEM register configuration failed
