0x18003514 in ?? ()
Loading section .text, size 0x140 lma 0x34080000
Start address 0x34080040, load size 320
Transfer rate: 2560 bits in <1 sec, 320 bytes/write.
warning: Invalid state, unable to determine msp alias, assuming msp_s.
warning: Invalid state, unable to determine sp alias, assuming msp.
warning: Invalid state, unable to determine msp alias, assuming msp_s.
warning: Invalid state, unable to determine psp alias, assuming psp_s.
warning: Invalid state, unable to determine sp alias, assuming msp.
0x56028020:	0x00000000	0x00100000
0x56028048:	0x8c800000
warning: Invalid state, unable to determine msp alias, assuming msp_s.
warning: Invalid state, unable to determine psp alias, assuming psp_s.
warning: Invalid state, unable to determine sp alias, assuming msp.
0x52023500:	0x00000000	0x00000000	0x00000000	0x00000000
0x52023510:	0x00000000	0x00000000	0x00000000	0x00000000
Hardware assisted breakpoint 1 at 0x340800ce
Hardware assisted breakpoint 2 at 0x340800f4
Hardware assisted breakpoint 3 at 0x340800e8
Hardware assisted breakpoint 4 at 0x340800ee

Breakpoint 1, 0x340800ce in probe_ready ()
Loading section rom_start, size 0x32c lma 0x10000000
Loading section text, size 0x171c8 lma 0x10000330
Loading section .ARM.exidx, size 0x8 lma 0x100174f8
Loading section initlevel, size 0xc8 lma 0x10017500
Loading section device_area, size 0x268 lma 0x100175c8
Loading section sw_isr_table, size 0x5d8 lma 0x10017830
Loading section gpio_driver_api_area, size 0x24 lma 0x10017e08
Loading section reset_driver_api_area, size 0x10 lma 0x10017e2c
Loading section clock_control_driver_api_area, size 0x1c lma 0x10017e3c
Loading section otp_driver_api_area, size 0x4 lma 0x10017e58
Loading section uart_driver_api_area, size 0x14 lma 0x10017e5c
Loading section rodata, size 0xc538 lma 0x10017e80
Loading section datas, size 0x4c lma 0x100243b8
Loading section device_states, size 0x2c lma 0x10024404
Loading section k_mutex_area, size 0x14 lma 0x10024430
Loading section .last_section, size 0x4 lma 0x10024444
Start address 0x10012404, load size 148532
Transfer rate: 535 KB/sec, 6188 bytes/write.
Restoring binary file /Users/seungwon/FALCON/fn-dsa_m55/measurement_mlkem_native/runs/tcm-scalar-matrix-20260910T013405Z/memcpy.bin into memory (0x34081000 to 0x34081178)

Breakpoint 3, 0x340800e8 in probe_done ()
CASE id=0 code=0x34081000 data=0x100243b8 pc=0x340800e8 r0=0x30000000 left=10000 cfsr=0x0 hfsr=0x0 afsr=0x0 bfar=0x0
0x340bf000:	0x00000000	0x00000000	0x00000000	0x00000000
0x340bf010:	0x00000000	0x00000000	0x00000000	0x00000000
0xe001e120:	0x1c015c84	0x52ad7522	0x040243d4	0x07ffc0fb
0xe001e130:	0x00000000	0x00000000	0x00000000	0x00000000
0xe001e000:	0x0001300a	0x00000165	0x00000000	0x00000000
0xe001e010:	0x00000049	0x00000049
0x30000000:	0x00ff00ff	0x00ff00ff	0x00ff00ff	0x00ff00ff
0x30000010:	0x00ff00ff	0x00ff00ff	0x00ff00ff	0x00ff00ff
0x30000020:	0x1000f199	0x30000028	0x0001c200	0x00030100
0x30000030:	0x30000034	0x0001c200	0x00030100	0x03d09000
0x30000040:	0x000000c8	0x30000044	0x30000044	0x00000000
0x30000050:	0x00000000	0x00000000	0x00000000	0x00000000
0x30000060:	0x00000000	0x00000000	0x00000000	0x00000000
0x30000070:	0x00000000	0x00000000	0x30000078	0x30000078
0x30000080:	0x00000000	0x00000000	0x0000000e	0x00000000
0x100243b8:	0x00ff00ff	0x00ff00ff	0x00ff00ff	0x00ff00ff
0x100243c8:	0x00ff00ff	0x00ff00ff	0x00ff00ff	0x00ff00ff
0x100243d8:	0x1000f199	0x30000028	0x0001c200	0x00030100
0x100243e8:	0x30000034	0x0001c200	0x00030100	0x03d09000
0x100243f8:	0x000000c8	0x30000044	0x30000044	0x00000000
0x10024408:	0x00000000	0x00000000	0x00000000	0x00000000
0x10024418:	0x00000000	0x00000000	0x00000000	0x00000000
0x10024428:	0x00000000	0x00000000	0x30000078	0x30000078
0x10024438:	0x00000000	0x00000000	0x0000000e	0xe015e015
none separate
Deferring arp_examine of stm32n6x.cpu
Use arp_examine command to examine it manually!
[Inferior 1 (Remote target) detached]
0x18003514 in ?? ()
Loading section .text, size 0x140 lma 0x34080000
Start address 0x34080040, load size 320
Transfer rate: 2560 bits in <1 sec, 320 bytes/write.
warning: Invalid state, unable to determine msp alias, assuming msp_s.
warning: Invalid state, unable to determine sp alias, assuming msp.
warning: Invalid state, unable to determine msp alias, assuming msp_s.
warning: Invalid state, unable to determine psp alias, assuming psp_s.
warning: Invalid state, unable to determine sp alias, assuming msp.
0x56028020:	0x00000000	0x00100000
0x56028048:	0x8c800000
warning: Invalid state, unable to determine msp alias, assuming msp_s.
warning: Invalid state, unable to determine psp alias, assuming psp_s.
warning: Invalid state, unable to determine sp alias, assuming msp.
0x52023500:	0x00000000	0x00000000	0x00000000	0x00000000
0x52023510:	0x00000000	0x00000000	0x00000000	0x00000000
Hardware assisted breakpoint 1 at 0x340800ce
Hardware assisted breakpoint 2 at 0x340800f4
Hardware assisted breakpoint 3 at 0x340800e8
Hardware assisted breakpoint 4 at 0x340800ee

Breakpoint 1, 0x340800ce in probe_ready ()
Loading section rom_start, size 0x32c lma 0x10000000
Loading section text, size 0x171c8 lma 0x10000330
Loading section .ARM.exidx, size 0x8 lma 0x100174f8
Loading section initlevel, size 0xc8 lma 0x10017500
Loading section device_area, size 0x268 lma 0x100175c8
Loading section sw_isr_table, size 0x5d8 lma 0x10017830
Loading section gpio_driver_api_area, size 0x24 lma 0x10017e08
Loading section reset_driver_api_area, size 0x10 lma 0x10017e2c
Loading section clock_control_driver_api_area, size 0x1c lma 0x10017e3c
Loading section otp_driver_api_area, size 0x4 lma 0x10017e58
Loading section uart_driver_api_area, size 0x14 lma 0x10017e5c
Loading section rodata, size 0xc538 lma 0x10017e80
Loading section datas, size 0x4c lma 0x100243b8
Loading section device_states, size 0x2c lma 0x10024404
Loading section k_mutex_area, size 0x14 lma 0x10024430
Loading section .last_section, size 0x4 lma 0x10024444
Start address 0x10012404, load size 148532
Transfer rate: 539 KB/sec, 6188 bytes/write.
Restoring binary file /Users/seungwon/FALCON/fn-dsa_m55/measurement_mlkem_native/runs/tcm-scalar-matrix-20260910T013405Z/memcpy.bin into memory (0x10001000 to 0x10001178)

Breakpoint 3, 0x340800e8 in probe_done ()
CASE id=1 code=0x10001000 data=0x100243b8 pc=0x340800e8 r0=0x30000000 left=10000 cfsr=0x0 hfsr=0x0 afsr=0x0 bfar=0x0
0x340bf000:	0x00000000	0x00000000	0x00000000	0x00000000
0x340bf010:	0x00000000	0x00000000	0x00000000	0x00000000
0xe001e120:	0x1c015c84	0x52ad7522	0x040243d4	0x07ffc0fb
0xe001e130:	0x00000000	0x00000000	0x00000000	0x00000000
0xe001e000:	0x0001300a	0x00000165	0x00000000	0x00000000
0xe001e010:	0x00000049	0x00000049
0x30000000:	0x00ff00ff	0x00ff00ff	0x00ff00ff	0x00ff00ff
0x30000010:	0x00ff00ff	0x00ff00ff	0x00ff00ff	0x00ff00ff
0x30000020:	0x1000f199	0x30000028	0x0001c200	0x00030100
0x30000030:	0x30000034	0x0001c200	0x00030100	0x03d09000
0x30000040:	0x000000c8	0x30000044	0x30000044	0x00000000
0x30000050:	0x00000000	0x00000000	0x00000000	0x00000000
0x30000060:	0x00000000	0x00000000	0x00000000	0x00000000
0x30000070:	0x00000000	0x00000000	0x30000078	0x30000078
0x30000080:	0x00000000	0x00000000	0x0000000e	0x00000000
0x100243b8:	0x00ff00ff	0x00ff00ff	0x00ff00ff	0x00ff00ff
0x100243c8:	0x00ff00ff	0x00ff00ff	0x00ff00ff	0x00ff00ff
0x100243d8:	0x1000f199	0x30000028	0x0001c200	0x00030100
0x100243e8:	0x30000034	0x0001c200	0x00030100	0x03d09000
0x100243f8:	0x000000c8	0x30000044	0x30000044	0x00000000
0x10024408:	0x00000000	0x00000000	0x00000000	0x00000000
0x10024418:	0x00000000	0x00000000	0x00000000	0x00000000
0x10024428:	0x00000000	0x00000000	0x30000078	0x30000078
0x10024438:	0x00000000	0x00000000	0x0000000e	0xe015e015
none separate
Deferring arp_examine of stm32n6x.cpu
Use arp_examine command to examine it manually!
[Inferior 1 (Remote target) detached]
0x18003514 in ?? ()
Loading section .text, size 0x140 lma 0x34080000
Start address 0x34080040, load size 320
Transfer rate: 2560 bits in <1 sec, 320 bytes/write.
warning: Invalid state, unable to determine msp alias, assuming msp_s.
warning: Invalid state, unable to determine sp alias, assuming msp.
warning: Invalid state, unable to determine msp alias, assuming msp_s.
warning: Invalid state, unable to determine psp alias, assuming psp_s.
warning: Invalid state, unable to determine sp alias, assuming msp.
0x56028020:	0x00000000	0x00100000
0x56028048:	0x8c800000
warning: Invalid state, unable to determine msp alias, assuming msp_s.
warning: Invalid state, unable to determine psp alias, assuming psp_s.
warning: Invalid state, unable to determine sp alias, assuming msp.
0x52023500:	0x00000000	0x00000000	0x00000000	0x00000000
0x52023510:	0x00000000	0x00000000	0x00000000	0x00000000
Hardware assisted breakpoint 1 at 0x340800ce
Hardware assisted breakpoint 2 at 0x340800f4
Hardware assisted breakpoint 3 at 0x340800e8
Hardware assisted breakpoint 4 at 0x340800ee

Breakpoint 1, 0x340800ce in probe_ready ()
Loading section rom_start, size 0x32c lma 0x10000000
Loading section text, size 0x171c8 lma 0x10000330
Loading section .ARM.exidx, size 0x8 lma 0x100174f8
Loading section initlevel, size 0xc8 lma 0x10017500
Loading section device_area, size 0x268 lma 0x100175c8
Loading section sw_isr_table, size 0x5d8 lma 0x10017830
Loading section gpio_driver_api_area, size 0x24 lma 0x10017e08
Loading section reset_driver_api_area, size 0x10 lma 0x10017e2c
Loading section clock_control_driver_api_area, size 0x1c lma 0x10017e3c
Loading section otp_driver_api_area, size 0x4 lma 0x10017e58
Loading section uart_driver_api_area, size 0x14 lma 0x10017e5c
Loading section rodata, size 0xc538 lma 0x10017e80
Loading section datas, size 0x4c lma 0x100243b8
Loading section device_states, size 0x2c lma 0x10024404
Loading section k_mutex_area, size 0x14 lma 0x10024430
Loading section .last_section, size 0x4 lma 0x10024444
Start address 0x10012404, load size 148532
Transfer rate: 531 KB/sec, 6188 bytes/write.

Breakpoint 2, 0x340800f4 in probe_fault ()
CASE id=2 code=0x1001302c data=0x100243b8 pc=0x340800f4 r0=0x0 left=35 cfsr=0x8200 hfsr=0x40000000 afsr=0x20000 bfar=0x100243e4
0x340bef88:	0x100243b8	0x30000020	0x0000008c	0x30000000
0x340bef98:	0x100243d8	0x00000006	0x10013076	0x01102000
0xe001e120:	0x1c0243e5	0x07abc107	0x040243d5	0x07ffc0fb
0xe001e130:	0x00000000	0x00000000	0x00000000	0x00000000
0xe001e000:	0x0001300a	0x00000165	0x00000000	0x00000000
0xe001e010:	0x00000049	0x00000049
0x30000000:	0x00ff00ff	0x00ff00ff	0x00ff00ff	0x07ffc2ff
0x30000010:	0x00ff00ff	0x00ff00ff	0x00ff00ff	0x07ffc0fb
0x30000020:	0x00000000	0x00000000	0x00000000	0x00000000
0x30000030:	0x00000000	0x00000000	0x00000000	0x00000000
0x30000040:	0x00000000	0x00000000	0x00000000	0x00000000
0x30000050:	0x00000000	0x00000000	0x00000000	0x00000000
0x30000060:	0x00000000	0x00000000	0x00000000	0x00000000
0x30000070:	0x00000000	0x00000000	0x00000000	0x00000000
0x30000080:	0x00000000	0x00000000	0x00000000	0x00000000
0x100243b8:	0x00ff00ff	0x00ff00ff	0x00ff00ff	0x07ffc2ff
0x100243c8:	0x00ff00ff	0x00ff00ff	0x00ff00ff	0x07ffc0fb
0x100243d8:	0x1000f199	0x30000028	0x0001c200	0x00000000
0x100243e8:	0x30000034	0x0001c200	0x00030100	0x03d09000
0x100243f8:	0x000000c8	0x30000044	0x30000044	0x00000000
0x10024408:	0x00000000	0x00000000	0x00000000	0x00000000
0x10024418:	0x00000000	0x00000000	0x00000000	0x00000000
0x10024428:	0x00000000	0x00000000	0x30000078	0x30000078
0x10024438:	0x00000000	0x00000000	0x0000000e	0xe015e015
none separate
Deferring arp_examine of stm32n6x.cpu
Use arp_examine command to examine it manually!
[Inferior 1 (Remote target) detached]
0x18003514 in ?? ()
Loading section .text, size 0x140 lma 0x34080000
Start address 0x34080040, load size 320
Transfer rate: 2560 bits in <1 sec, 320 bytes/write.
warning: Invalid state, unable to determine msp alias, assuming msp_s.
warning: Invalid state, unable to determine sp alias, assuming msp.
warning: Invalid state, unable to determine msp alias, assuming msp_s.
warning: Invalid state, unable to determine psp alias, assuming psp_s.
warning: Invalid state, unable to determine sp alias, assuming msp.
0x56028020:	0x00000000	0x00100000
0x56028048:	0x8c800000
warning: Invalid state, unable to determine msp alias, assuming msp_s.
warning: Invalid state, unable to determine psp alias, assuming psp_s.
warning: Invalid state, unable to determine sp alias, assuming msp.
0x52023500:	0x00000000	0x00000000	0x00000000	0x00000000
0x52023510:	0x00000000	0x00000000	0x00000000	0x00000000
Hardware assisted breakpoint 1 at 0x340800ce
Hardware assisted breakpoint 2 at 0x340800f4
Hardware assisted breakpoint 3 at 0x340800e8
Hardware assisted breakpoint 4 at 0x340800ee

Breakpoint 1, 0x340800ce in probe_ready ()
Loading section rom_start, size 0x32c lma 0x10000000
Loading section text, size 0x171c8 lma 0x10000330
Loading section .ARM.exidx, size 0x8 lma 0x100174f8
Loading section initlevel, size 0xc8 lma 0x10017500
Loading section device_area, size 0x268 lma 0x100175c8
Loading section sw_isr_table, size 0x5d8 lma 0x10017830
Loading section gpio_driver_api_area, size 0x24 lma 0x10017e08
Loading section reset_driver_api_area, size 0x10 lma 0x10017e2c
Loading section clock_control_driver_api_area, size 0x1c lma 0x10017e3c
Loading section otp_driver_api_area, size 0x4 lma 0x10017e58
Loading section uart_driver_api_area, size 0x14 lma 0x10017e5c
Loading section rodata, size 0xc538 lma 0x10017e80
Loading section datas, size 0x4c lma 0x100243b8
Loading section device_states, size 0x2c lma 0x10024404
Loading section k_mutex_area, size 0x14 lma 0x10024430
Loading section .last_section, size 0x4 lma 0x10024444
Start address 0x10012404, load size 148532
Transfer rate: 535 KB/sec, 6188 bytes/write.
Restoring binary file /Users/seungwon/FALCON/fn-dsa_m55/measurement_mlkem_native/runs/tcm-scalar-matrix-20260910T013405Z/memcpy.bin into memory (0x10021000 to 0x10021178)

Breakpoint 3, 0x340800e8 in probe_done ()
CASE id=3 code=0x10021000 data=0x100243b8 pc=0x340800e8 r0=0x30000000 left=10000 cfsr=0x0 hfsr=0x0 afsr=0x0 bfar=0x100243e4
0x340bf000:	0x00000000	0x00000000	0x00000000	0x00000000
0x340bf010:	0x00000000	0x00000000	0x00000000	0x00000000
0xe001e120:	0x0c0243e5	0x00030100	0x040243d5	0x00ff00ff
0xe001e130:	0x00000000	0x00000000	0x00000000	0x00000000
0xe001e000:	0x0001300a	0x00000165	0x00000000	0x00000000
0xe001e010:	0x00000049	0x00000049
0x30000000:	0x00ff00ff	0x00ff00ff	0x00ff00ff	0x00ff00ff
0x30000010:	0x00ff00ff	0x00ff00ff	0x00ff00ff	0x00ff00ff
0x30000020:	0x1000f199	0x30000028	0x0001c200	0x00030100
0x30000030:	0x30000034	0x0001c200	0x00030100	0x03d09000
0x30000040:	0x000000c8	0x30000044	0x30000044	0x00000000
0x30000050:	0x00000000	0x00000000	0x00000000	0x00000000
0x30000060:	0x00000000	0x00000000	0x00000000	0x00000000
0x30000070:	0x00000000	0x00000000	0x30000078	0x30000078
0x30000080:	0x00000000	0x00000000	0x0000000e	0x00000000
0x100243b8:	0x00ff00ff	0x00ff00ff	0x00ff00ff	0x00ff00ff
0x100243c8:	0x00ff00ff	0x00ff00ff	0x00ff00ff	0x00ff00ff
0x100243d8:	0x1000f199	0x30000028	0x0001c200	0x00030100
0x100243e8:	0x30000034	0x0001c200	0x00030100	0x03d09000
0x100243f8:	0x000000c8	0x30000044	0x30000044	0x00000000
0x10024408:	0x00000000	0x00000000	0x00000000	0x00000000
0x10024418:	0x00000000	0x00000000	0x00000000	0x00000000
0x10024428:	0x00000000	0x00000000	0x30000078	0x30000078
0x10024438:	0x00000000	0x00000000	0x0000000e	0xe015e015
none separate
Deferring arp_examine of stm32n6x.cpu
Use arp_examine command to examine it manually!
[Inferior 1 (Remote target) detached]
0x18003514 in ?? ()
Loading section .text, size 0x140 lma 0x34080000
Start address 0x34080040, load size 320
Transfer rate: 2560 bits in <1 sec, 320 bytes/write.
warning: Invalid state, unable to determine msp alias, assuming msp_s.
warning: Invalid state, unable to determine sp alias, assuming msp.
warning: Invalid state, unable to determine msp alias, assuming msp_s.
warning: Invalid state, unable to determine psp alias, assuming psp_s.
warning: Invalid state, unable to determine sp alias, assuming msp.
0x56028020:	0x00000000	0x00100000
0x56028048:	0x8c800000
warning: Invalid state, unable to determine msp alias, assuming msp_s.
warning: Invalid state, unable to determine psp alias, assuming psp_s.
warning: Invalid state, unable to determine sp alias, assuming msp.
0x52023500:	0x00000000	0x00000000	0x00000000	0x00000000
0x52023510:	0x00000000	0x00000000	0x00000000	0x00000000
Hardware assisted breakpoint 1 at 0x340800ce
Hardware assisted breakpoint 2 at 0x340800f4
Hardware assisted breakpoint 3 at 0x340800e8
Hardware assisted breakpoint 4 at 0x340800ee

Breakpoint 1, 0x340800ce in probe_ready ()
Loading section rom_start, size 0x32c lma 0x10000000
Loading section text, size 0x171c8 lma 0x10000330
Loading section .ARM.exidx, size 0x8 lma 0x100174f8
Loading section initlevel, size 0xc8 lma 0x10017500
Loading section device_area, size 0x268 lma 0x100175c8
Loading section sw_isr_table, size 0x5d8 lma 0x10017830
Loading section gpio_driver_api_area, size 0x24 lma 0x10017e08
Loading section reset_driver_api_area, size 0x10 lma 0x10017e2c
Loading section clock_control_driver_api_area, size 0x1c lma 0x10017e3c
Loading section otp_driver_api_area, size 0x4 lma 0x10017e58
Loading section uart_driver_api_area, size 0x14 lma 0x10017e5c
Loading section rodata, size 0xc538 lma 0x10017e80
Loading section datas, size 0x4c lma 0x100243b8
Loading section device_states, size 0x2c lma 0x10024404
Loading section k_mutex_area, size 0x14 lma 0x10024430
Loading section .last_section, size 0x4 lma 0x10024444
Start address 0x10012404, load size 148532
Transfer rate: 535 KB/sec, 6188 bytes/write.
Restoring binary file /Users/seungwon/FALCON/fn-dsa_m55/measurement_mlkem_native/runs/tcm-scalar-matrix-20260910T013405Z/memcpy.bin into memory (0x10031000 to 0x10031178)

Breakpoint 2, 0x340800f4 in probe_fault ()
CASE id=4 code=0x10031000 data=0x100243b8 pc=0x340800f4 r0=0x0 left=35 cfsr=0x8200 hfsr=0x40000000 afsr=0x20000 bfar=0x100243e4
0x340bef88:	0x100243b8	0x30000020	0x0000008c	0x30000000
0x340bef98:	0x100243d8	0x00000006	0x1003104a	0x01102000
0xe001e120:	0x040243d5	0x07efc0ff	0x1c0243e5	0x07abc107
0xe001e130:	0x00000000	0x00000000	0x00000000	0x00000000
0xe001e000:	0x0001300a	0x00000165	0x00000000	0x00000000
0xe001e010:	0x00000049	0x00000049
0x30000000:	0x00ff00ff	0x00ff00ff	0x00ff00ff	0x07ffc0df
0x30000010:	0x00ff00ff	0x00ff00ff	0x00ff00ff	0x07efc0ff
0x30000020:	0x00000000	0x00000000	0x00000000	0x00000000
0x30000030:	0x00000000	0x00000000	0x00000000	0x00000000
0x30000040:	0x00000000	0x00000000	0x00000000	0x00000000
0x30000050:	0x00000000	0x00000000	0x00000000	0x00000000
0x30000060:	0x00000000	0x00000000	0x00000000	0x00000000
0x30000070:	0x00000000	0x00000000	0x00000000	0x00000000
0x30000080:	0x00000000	0x00000000	0x00000000	0x00000000
0x100243b8:	0x00ff00ff	0x00ff00ff	0x00ff00ff	0x07ffc0df
0x100243c8:	0x00ff00ff	0x00ff00ff	0x00ff00ff	0x07efc0ff
0x100243d8:	0x1000f199	0x30000028	0x0001c200	0x00000000
0x100243e8:	0x30000034	0x0001c200	0x00030100	0x03d09000
0x100243f8:	0x000000c8	0x30000044	0x30000044	0x00000000
0x10024408:	0x00000000	0x00000000	0x00000000	0x00000000
0x10024418:	0x00000000	0x00000000	0x00000000	0x00000000
0x10024428:	0x00000000	0x00000000	0x30000078	0x30000078
0x10024438:	0x00000000	0x00000000	0x0000000e	0xe015e015
none separate
Deferring arp_examine of stm32n6x.cpu
Use arp_examine command to examine it manually!
[Inferior 1 (Remote target) detached]
