xPack Open On-Chip Debugger 0.12.0+dev-02228-ge5888bda3-dirty (2025-10-04-22:45)
Licensed under GNU GPL v2
For bug reports, read
	http://openocd.org/doc/doxygen/bugs.html
Info : Listening on port 6668 for tcl connections
Info : telnet server disabled
Info : STLINK V2J35M26 (API v2) VID:PID 0483:374B
Info : Target voltage: 3.221918
Info : Unable to match requested speed 1000 kHz, using 950 kHz
Info : Unable to match requested speed 1000 kHz, using 950 kHz
Info : clock speed 950 kHz
Info : SWD DPIDR 0x2ba01477
Info : [stm32l4x.cpu] Cortex-M4 r0p1 processor detected
Error: timeout waiting for ITM_TCR_BUSY_BIT
Info : [stm32l4x.cpu] target has 6 breakpoints, 4 watchpoints
Info : [stm32l4x.cpu] Examination succeed
Info : [stm32l4x.cpu] starting gdb server on 3338
Info : Listening on port 3338 for gdb connections
Info : accepting 'tcl' connection on tcp/6668
Warn : [stm32l4x.cpu] target was in unknown state when halt was requested
0:
0:0x410fc241
0:0x101f6470
0:0x2f000a 0x564b5015 0x20393131
0:0xffff0800
0:0xffeff8aa
0:dumped 2097152 bytes in 32.470978s (63.072 KiB/s)
shutdown command invoked
