[exec_wrapper] configuring FLEXMEM...
[exec_wrapper] starting OpenOCD on port 3359...
[exec_wrapper] SWO redirect port 49428
[exec_wrapper] /Users/seungwon/FALCON/fn-dsa_m55/measurement_mlkem_native/env/openocd-4e9b167/bin/openocd -f interface/stlink.cfg -c transport select swd -f target/stm32n6x.cfg -c if {[lsearch -exact [target names] stm32n6x.cpu] >= 0} { stm32n6x.cpu configure -defer-examine } -c adapter speed 8000 -c adapter serial 003C00223335510735383531 -c reset_config srst_only srst_nogate -c gdb_port 3359 -c tcl_port disabled -c telnet_port disabled -c init -c stm32n6x.cpu arp_examine -c stm32n6x.swo configure -protocol uart -traceclk 100000000 -pin-freq 1000000 -output :49428 -formatter 0 -c stm32n6x.swo enable -c stm32n6x.cpu itm port 0 on
============ GDB SCRIPT ============
set pagination off
set confirm off
target remote localhost:3359
load
compare-sections
tbreak *0x10012c24
hbreak *0x10015eb4
set $early_fault_bp = $bpnum
jump *0x10015ec9
if $pc != 0x10012c24
echo [[STARTUP-FAULT]]\n
info registers
x/8wx $psp
x/8wx $msp
x/8i *(unsigned int*)($psp+24)
x/6wx 0xE000ED28
x/6wx 0xE001E000
monitor reset_config none
monitor reset run
quit 1
end
delete $early_fault_bp
echo TCM_CONTROL_START=
output/x *(unsigned int*)0x56008008
echo \n
echo TCM_MSCR_START=
output/x *(unsigned int*)0xE001E000
echo \n
restore /var/folders/cl/qszfy4ys3t51fgwf6m125j080000gt/T/tmpzaiyrcs7/argv.bin binary 0x340b0000
set $nucleo_exit_code = -1
break *0x10012bd4
commands
  set $nucleo_exit_code = $r0
  echo [[NUCLEO-DONE]]\n
end
break *0x10015eb4
commands
  echo [[NUCLEO-HARDFAULT]]\n
end
continue
if $nucleo_exit_code != -1
  echo NUCLEO_EXIT_CODE=
  output/d $nucleo_exit_code
  echo \n
end
info registers
x/4wx $sp
echo CFSR=
output/x *(unsigned int *)0xE000ED28
echo \n
echo HFSR=
output/x *(unsigned int *)0xE000ED2C
echo \n
echo DFSR=
output/x *(unsigned int *)0xE000ED30
echo \n
echo MMFAR=
output/x *(unsigned int *)0xE000ED34
echo \n
echo BFAR=
output/x *(unsigned int *)0xE000ED38
echo \n
echo AFSR=
output/x *(unsigned int *)0xE000ED3C
echo \n
echo SHCSR=
output/x *(unsigned int *)0xE000ED24
echo \n
echo CCR=
output/x *(unsigned int *)0xE000ED14
echo \n
echo MSP=
output/x $msp
echo \n
echo PSP=
output/x $psp
echo \n
echo LR=
output/x $lr
echo \n
echo PC=
output/x $pc
echo \n
echo STACKED_R0_R1_R2_R3_R12_LR_PC_XPSR:\n
if ($lr & 4)
  x/8wx $psp
else
  x/8wx $msp
end
x/4wx 0xE000ED28
x/wx 0xE000ED38
if *(unsigned int*)0xe000ed28 != 0
echo [[EXTENDED-FAULT-DIAGNOSTIC]]\n
echo VTOR_FPCCR_FPCAR:\n
x/wx 0xe000ed08
x/3wx 0xe000ef34
echo VECTOR_WORDS:\n
x/16wx 0x10000000
echo MEMSYSCTL:\n
x/24wx 0xe001e000
echo PSP_EXTENDED:\n
x/96wx $psp
echo MSP_EXTENDED:\n
x/48wx $msp
end
echo TCM_CONTROL_END=
output/x *(unsigned int*)0x56008008
echo \n
echo TCM_MSCR_END=
output/x *(unsigned int*)0xE001E000
echo \n
monitor reset_config none
monitor reset run
====================================
[exec_wrapper] running gdb batch
Open On-Chip Debugger 0.12.0+dev-g4e9b167 (2026-09-09-11:52)
Licensed under GNU GPL v2
For bug reports, read
	http://openocd.org/doc/doxygen/bugs.html
adapter speed: 8000 kHz
srst_only separate srst_nogate srst_open_drain connect_deassert_srst
DEPRECATED! use 'gdb port', not 'gdb_port'
DEPRECATED! use 'tcl port' not 'tcl_port'
DEPRECATED! use 'telnet port', not 'telnet_port'
Info : STLINK V3J15M6 (API v3) VID:PID 0483:3754
Info : Target voltage: 3.279255
Info : clock speed 8000 kHz
Info : SWD DPIDR 0x6ba02477
Info : [stm32n6x.ap0] Examination succeed
Info : [stm32n6x.ap0] gdb port disabled
Info : [stm32n6x.cpu] starting gdb server on 3359
Info : Listening on port 3359 for gdb connections
Info : [stm32n6x.cpu] Cortex-M55 r1p1 processor detected
Info : [stm32n6x.cpu] target has 8 breakpoints, 8 watchpoints
Info : starting trace server for stm32n6x.swo on 49428
Info : Listening on port 49428 for tpiu_swo_trace connections
Info : tcl server disabled
Info : telnet server disabled
Info : accepting 'tpiu_swo_trace' connection on tcp/49428
Info : accepting 'gdb' connection on tcp/3359
stm32n6x.cpu in Secure state
[stm32n6x.cpu] halted due to debug-request, current mode: Thread
xPSR: 0x21000000 pc: 0x18003514 msp: 0x341037a8
Info : New GDB Connection: 1, Target stm32n6x.cpu, state: halted
Warn : Prefer GDB command "target extended-remote :3359" instead of "target remote :3359"
Error: Failed to read memory at 0x34000000
Error: Failed to read memory at 0x34000000
Error: Failed to read memory at 0x34000000
Error: Failed to read memory at 0x34000000
Error: Failed to read memory at 0x34000000
Error: Failed to read memory at 0x34000000
Error: Failed to read memory at 0x34000000
Error: Failed to read memory at 0x34000000
Error: Failed to read memory at 0x34000000
Error: Failed to read memory at 0x34000000
Error: Failed to read memory at 0x34000000
Error: Failed to read memory at 0x34000000
Error: Failed to read memory at 0x34000000
Error: Failed to read memory at 0x34000000
Error: Failed to read memory at 0x34000000
Error: Failed to read memory at 0x34000000
SIGN_HW cpu=800000000 fpscr=00040000 ccr=00000611 tcm=00000099 calls=100 warmups=3
SIGN_SAMPLE degree=512 index=0 cycles=11353942
SIGN_SAMPLE degree=512 index=1 cycles=11430067
SIGN_SAMPLE degree=512 index=2 cycles=11474059
SIGN_SAMPLE degree=512 index=3 cycles=11512431
SIGN_SAMPLE degree=512 index=4 cycles=11412593
SIGN_SAMPLE degree=512 index=5 cycles=11452694
SIGN_SAMPLE degree=512 index=6 cycles=11483169
SIGN_SAMPLE degree=512 index=7 cycles=11409822
SIGN_SAMPLE degree=512 index=8 cycles=11618307
SIGN_SAMPLE degree=512 index=9 cycles=11450284
SIGN_SAMPLE degree=512 index=10 cycles=11379180
SIGN_SAMPLE degree=512 index=11 cycles=11372062
SIGN_SAMPLE degree=512 index=12 cycles=11513362
SIGN_SAMPLE degree=512 index=13 cycles=11557720
SIGN_SAMPLE degree=512 index=14 cycles=11498940
SIGN_SAMPLE degree=512 index=15 cycles=11504403
SIGN_SAMPLE degree=512 index=16 cycles=11410638
SIGN_SAMPLE degree=512 index=17 cycles=11557792
SIGN_SAMPLE degree=512 index=18 cycles=11458740
SIGN_SAMPLE degree=512 index=19 cycles=11446323
SIGN_SAMPLE degree=512 index=20 cycles=11527324
SIGN_SAMPLE degree=512 index=21 cycles=11504483
SIGN_SAMPLE degree=512 index=22 cycles=11469606
SIGN_SAMPLE degree=512 index=23 cycles=11403231
SIGN_SAMPLE degree=512 index=24 cycles=11591853
SIGN_SAMPLE degree=512 index=25 cycles=11434489
SIGN_SAMPLE degree=512 index=26 cycles=11303130
SIGN_SAMPLE degree=512 index=27 cycles=11433695
SIGN_SAMPLE degree=512 index=28 cycles=11450112
SIGN_SAMPLE degree=512 index=29 cycles=11371165
SIGN_SAMPLE degree=512 index=30 cycles=11396186
SIGN_SAMPLE degree=512 index=31 cycles=11393897
SIGN_SAMPLE degree=512 index=32 cycles=11405977
SIGN_SAMPLE degree=512 index=33 cycles=11421682
SIGN_SAMPLE degree=512 index=34 cycles=11428078
SIGN_SAMPLE degree=512 index=35 cycles=11527168
SIGN_SAMPLE degree=512 index=36 cycles=11443583
SIGN_SAMPLE degree=512 index=37 cycles=11568842
SIGN_SAMPLE degree=512 index=38 cycles=11576155
SIGN_SAMPLE degree=512 index=39 cycles=11563184
SIGN_SAMPLE degree=512 index=40 cycles=11542806
SIGN_SAMPLE degree=512 index=41 cycles=11429043
SIGN_SAMPLE degree=512 index=42 cycles=11331620
SIGN_SAMPLE degree=512 index=43 cycles=11521128
SIGN_SAMPLE degree=512 index=44 cycles=11593530
SIGN_SAMPLE degree=512 index=45 cycles=11393844
SIGN_SAMPLE degree=512 index=46 cycles=11454039
SIGN_SAMPLE degree=512 index=47 cycles=11424384
SIGN_SAMPLE degree=512 index=48 cycles=11506371
SIGN_SAMPLE degree=512 index=49 cycles=11454024
SIGN_SAMPLE degree=512 index=50 cycles=11499114
SIGN_SAMPLE degree=512 index=51 cycles=11321597
SIGN_SAMPLE degree=512 index=52 cycles=11523597
SIGN_SAMPLE degree=512 index=53 cycles=11554950
SIGN_SAMPLE degree=512 index=54 cycles=11582846
SIGN_SAMPLE degree=512 index=55 cycles=11500778
SIGN_SAMPLE degree=512 index=56 cycles=11574317
SIGN_SAMPLE degree=512 index=57 cycles=11381035
SIGN_SAMPLE degree=512 index=58 cycles=11481586
SIGN_SAMPLE degree=512 index=59 cycles=11505211
SIGN_SAMPLE degree=512 index=60 cycles=11347564
SIGN_SAMPLE degree=512 index=61 cycles=11607506
SIGN_SAMPLE degree=512 index=62 cycles=11433440
SIGN_SAMPLE degree=512 index=63 cycles=11456691
SIGN_SAMPLE degree=512 index=64 cycles=11542808
SIGN_SAMPLE degree=512 index=65 cycles=11447400
SIGN_SAMPLE degree=512 index=66 cycles=11392336
SIGN_SAMPLE degree=512 index=67 cycles=11526290
SIGN_SAMPLE degree=512 index=68 cycles=11531065
SIGN_SAMPLE degree=512 index=69 cycles=11394023
SIGN_SAMPLE degree=512 index=70 cycles=11398929
SIGN_SAMPLE degree=512 index=71 cycles=11420014
SIGN_SAMPLE degree=512 index=72 cycles=11443633
SIGN_SAMPLE degree=512 index=73 cycles=11539348
SIGN_SAMPLE degree=512 index=74 cycles=11574013
SIGN_SAMPLE degree=512 index=75 cycles=11538445
SIGN_SAMPLE degree=512 index=76 cycles=11474037
SIGN_SAMPLE degree=512 index=77 cycles=11522928
SIGN_SAMPLE degree=512 index=78 cycles=11449211
SIGN_SAMPLE degree=512 index=79 cycles=11454087
SIGN_SAMPLE degree=512 index=80 cycles=11497844
SIGN_SAMPLE degree=512 index=81 cycles=11576306
SIGN_SAMPLE degree=512 index=82 cycles=11530755
SIGN_SAMPLE degree=512 index=83 cycles=11412374
SIGN_SAMPLE degree=512 index=84 cycles=11479247
SIGN_SAMPLE degree=512 index=85 cycles=11397885
SIGN_SAMPLE degree=512 index=86 cycles=11377699
SIGN_SAMPLE degree=512 index=87 cycles=11497799
SIGN_SAMPLE degree=512 index=88 cycles=11372113
SIGN_SAMPLE degree=512 index=89 cycles=11469413
SIGN_SAMPLE degree=512 index=90 cycles=11384843
SIGN_SAMPLE degree=512 index=91 cycles=11454595
SIGN_SAMPLE degree=512 index=92 cycles=11333940
SIGN_SAMPLE degree=512 index=93 cycles=11523973
SIGN_SAMPLE degree=512 index=94 cycles=11367053
SIGN_SAMPLE degree=512 index=95 cycles=11449347
SIGN_SAMPLE degree=512 index=96 cycles=11484462
SIGN_SAMPLE degree=512 index=97 cycles=11416692
SIGN_SAMPLE degree=512 index=98 cycles=11472069
SIGN_SAMPLE degree=512 index=99 cycles=11392285
SIGN_SUMMARY degree=512 calls=100 total=1146470650 median_lo=11454087 median_hi=11454595 min=11303130 max=11618307 fingerprint=9895079d
SIGN_SAMPLE degree=1024 index=0 cycles=24039284
SIGN_SAMPLE degree=1024 index=1 cycles=24125149
SIGN_SAMPLE degree=1024 index=2 cycles=23889467
SIGN_SAMPLE degree=1024 index=3 cycles=23953900
SIGN_SAMPLE degree=1024 index=4 cycles=23903269
SIGN_SAMPLE degree=1024 index=5 cycles=23960742
SIGN_SAMPLE degree=1024 index=6 cycles=23580175
SIGN_SAMPLE degree=1024 index=7 cycles=23862252
SIGN_SAMPLE degree=1024 index=8 cycles=23962622
SIGN_SAMPLE degree=1024 index=9 cycles=23843450
SIGN_SAMPLE degree=1024 index=10 cycles=23840369
SIGN_SAMPLE degree=1024 index=11 cycles=23890605
SIGN_SAMPLE degree=1024 index=12 cycles=23953272
SIGN_SAMPLE degree=1024 index=13 cycles=23812589
SIGN_SAMPLE degree=1024 index=14 cycles=24101845
SIGN_SAMPLE degree=1024 index=15 cycles=23998808
SIGN_SAMPLE degree=1024 index=16 cycles=23962316
SIGN_SAMPLE degree=1024 index=17 cycles=23865871
SIGN_SAMPLE degree=1024 index=18 cycles=24104417
SIGN_SAMPLE degree=1024 index=19 cycles=23813600
SIGN_SAMPLE degree=1024 index=20 cycles=24238016
SIGN_SAMPLE degree=1024 index=21 cycles=23939708
SIGN_SAMPLE degree=1024 index=22 cycles=23886882
SIGN_SAMPLE degree=1024 index=23 cycles=24065113
SIGN_SAMPLE degree=1024 index=24 cycles=23955761
SIGN_SAMPLE degree=1024 index=25 cycles=23897085
SIGN_SAMPLE degree=1024 index=26 cycles=23955612
SIGN_SAMPLE degree=1024 index=27 cycles=23984884
SIGN_SAMPLE degree=1024 index=28 cycles=23970815
SIGN_SAMPLE degree=1024 index=29 cycles=23942257
SIGN_SAMPLE degree=1024 index=30 cycles=23967104
SIGN_SAMPLE degree=1024 index=31 cycles=23966140
SIGN_SAMPLE degree=1024 index=32 cycles=23941951
SIGN_SAMPLE degree=1024 index=33 cycles=23859526
SIGN_SAMPLE degree=1024 index=34 cycles=23953559
SIGN_SAMPLE degree=1024 index=35 cycles=24050220
SIGN_SAMPLE degree=1024 index=36 cycles=23914710
SIGN_SAMPLE degree=1024 index=37 cycles=23740748
SIGN_SAMPLE degree=1024 index=38 cycles=23788440
SIGN_SAMPLE degree=1024 index=39 cycles=23806861
SIGN_SAMPLE degree=1024 index=40 cycles=23981269
SIGN_SAMPLE degree=1024 index=41 cycles=23970806
SIGN_SAMPLE degree=1024 index=42 cycles=24020406
SIGN_SAMPLE degree=1024 index=43 cycles=24045240
SIGN_SAMPLE degree=1024 index=44 cycles=23922921
SIGN_SAMPLE degree=1024 index=45 cycles=23888568
SIGN_SAMPLE degree=1024 index=46 cycles=23735674
SIGN_SAMPLE degree=1024 index=47 cycles=24175461
SIGN_SAMPLE degree=1024 index=48 cycles=23917796
SIGN_SAMPLE degree=1024 index=49 cycles=23895290
SIGN_SAMPLE degree=1024 index=50 cycles=23900210
SIGN_SAMPLE degree=1024 index=51 cycles=23954184
SIGN_SAMPLE degree=1024 index=52 cycles=23977686
SIGN_SAMPLE degree=1024 index=53 cycles=23877642
SIGN_SAMPLE degree=1024 index=54 cycles=23918261
SIGN_SAMPLE degree=1024 index=55 cycles=23920989
SIGN_SAMPLE degree=1024 index=56 cycles=23997102
SIGN_SAMPLE degree=1024 index=57 cycles=23994266
SIGN_SAMPLE degree=1024 index=58 cycles=24016373
SIGN_SAMPLE degree=1024 index=59 cycles=23887409
SIGN_SAMPLE degree=1024 index=60 cycles=23909314
SIGN_SAMPLE degree=1024 index=61 cycles=23907606
SIGN_SAMPLE degree=1024 index=62 cycles=23816183
SIGN_SAMPLE degree=1024 index=63 cycles=23864332
SIGN_SAMPLE degree=1024 index=64 cycles=23913830
SIGN_SAMPLE degree=1024 index=65 cycles=23848743
SIGN_SAMPLE degree=1024 index=66 cycles=23964056
SIGN_SAMPLE degree=1024 index=67 cycles=23817193
SIGN_SAMPLE degree=1024 index=68 cycles=23955504
SIGN_SAMPLE degree=1024 index=69 cycles=24161551
SIGN_SAMPLE degree=1024 index=70 cycles=24055450
SIGN_SAMPLE degree=1024 index=71 cycles=23952105
SIGN_SAMPLE degree=1024 index=72 cycles=23901067
SIGN_SAMPLE degree=1024 index=73 cycles=23889937
SIGN_SAMPLE degree=1024 index=74 cycles=23914443
SIGN_SAMPLE degree=1024 index=75 cycles=23996081
SIGN_SAMPLE degree=1024 index=76 cycles=23995988
SIGN_SAMPLE degree=1024 index=77 cycles=23936156
SIGN_SAMPLE degree=1024 index=78 cycles=23874399
SIGN_SAMPLE degree=1024 index=79 cycles=23758187
SIGN_SAMPLE degree=1024 index=80 cycles=23971638
SIGN_SAMPLE degree=1024 index=81 cycles=23998066
SIGN_SAMPLE degree=1024 index=82 cycles=23955602
SIGN_SAMPLE degree=1024 index=83 cycles=23654277
SIGN_SAMPLE degree=1024 index=84 cycles=23976056
SIGN_SAMPLE degree=1024 index=85 cycles=23859860
SIGN_SAMPLE degree=1024 index=86 cycles=23888223
SIGN_SAMPLE degree=1024 index=87 cycles=24042020
SIGN_SAMPLE degree=1024 index=88 cycles=24040826
SIGN_SAMPLE degree=1024 index=89 cycles=24076058
SIGN_SAMPLE degree=1024 index=90 cycles=23995391
SIGN_SAMPLE degree=1024 index=91 cycles=24092012
SIGN_SAMPLE degree=1024 index=92 cycles=23821208
SIGN_SAMPLE degree=1024 index=93 cycles=23891092
SIGN_SAMPLE degree=1024 index=94 cycles=23942578
SIGN_SAMPLE degree=1024 index=95 cycles=23900727
SIGN_SAMPLE degree=1024 index=96 cycles=23992886
SIGN_SAMPLE degree=1024 index=97 cycles=23751723
SIGN_SAMPLE degree=1024 index=98 cycles=24127737
SIGN_SAMPLE degree=1024 index=99 cycles=24169806
SIGN_SUMMARY degree=1024 calls=100 total=2393866858 median_lo=23942257 median_hi=23942578 min=23580175 max=24238016 fingerprint=a020dd02
SIGN_DONE verify=PASS tamper=PASS fingerprints=PASS
Info : Deferring arp_examine of stm32n6x.cpu
Info : Use arp_examine command to examine it manually!
Info : dropped 'gdb' connection
0x18003514 in ?? ()
Loading section rom_start, size 0x32c lma 0x10000000
Loading section text, size 0x1a9c8 lma 0x10000330
Loading section .ARM.exidx, size 0x8 lma 0x30000000
Loading section initlevel, size 0xc8 lma 0x30000008
Loading section device_area, size 0x268 lma 0x300000d0
Loading section sw_isr_table, size 0x5d8 lma 0x30000338
Loading section gpio_driver_api_area, size 0x24 lma 0x30000910
Loading section reset_driver_api_area, size 0x10 lma 0x30000934
Loading section clock_control_driver_api_area, size 0x1c lma 0x30000944
Loading section otp_driver_api_area, size 0x4 lma 0x30000960
Loading section uart_driver_api_area, size 0x14 lma 0x30000964
Loading section rodata, size 0xed14 lma 0x30000980
Loading section datas, size 0x4c lma 0x3000f6a0
Loading section device_states, size 0x2c lma 0x3000f6ec
Loading section k_mutex_area, size 0x14 lma 0x3000f718
Loading section .last_section, size 0x4 lma 0x3000f72c
Start address 0x10015ec8, load size 173072
Transfer rate: 550 KB/sec, 6922 bytes/write.
Section rom_start, range 0x10000000 -- 0x1000032c: matched.
Section text, range 0x10000330 -- 0x1001acf8: matched.
Section .ARM.exidx, range 0x30000000 -- 0x30000008: matched.
Section initlevel, range 0x30000008 -- 0x300000d0: matched.
Section device_area, range 0x300000d0 -- 0x30000338: matched.
Section sw_isr_table, range 0x30000338 -- 0x30000910: matched.
Section gpio_driver_api_area, range 0x30000910 -- 0x30000934: matched.
Section reset_driver_api_area, range 0x30000934 -- 0x30000944: matched.
Section clock_control_driver_api_area, range 0x30000944 -- 0x30000960: matched.
Section otp_driver_api_area, range 0x30000960 -- 0x30000964: matched.
Section uart_driver_api_area, range 0x30000964 -- 0x30000978: matched.
Section rodata, range 0x30000980 -- 0x3000f694: matched.
Section datas, range 0x3000f6a0 -- 0x3000f6ec: matched.
Section device_states, range 0x3000f6ec -- 0x3000f718: matched.
Section k_mutex_area, range 0x3000f718 -- 0x3000f72c: matched.
Section .last_section, range 0x3000f72c -- 0x3000f730: matched.
Temporary breakpoint 1 at 0x10012c24: file /Users/seungwon/FALCON/fn-dsa_m55/measurement_mlkem_native/env/mlkem-native-637d076aa113d8faaec2277ed4a46b657acaf35f/test/zephyr/app/shim_nucleo_n657x0_q.c, line 254.
Hardware assisted breakpoint 2 at 0x10015eb4: file /Users/seungwon/FALCON/fn-dsa_m55/measurement_mlkem_native/env/zephyr-4.4.1/arch/arm/core/cortex_m/fault_s.S, line 80.

Temporary breakpoint 1, get_bootargs () at /Users/seungwon/FALCON/fn-dsa_m55/measurement_mlkem_native/env/mlkem-native-637d076aa113d8faaec2277ed4a46b657acaf35f/test/zephyr/app/shim_nucleo_n657x0_q.c:254
254	  return mlk_bootargs_block;
TCM_CONTROL_START=0x99
TCM_MSCR_START=0x1300a
Restoring binary file /var/folders/cl/qszfy4ys3t51fgwf6m125j080000gt/T/tmpzaiyrcs7/argv.bin into memory (0x340b0000 to 0x340c0000)
Breakpoint 3 at 0x10012bd4: file /Users/seungwon/FALCON/fn-dsa_m55/measurement_mlkem_native/env/mlkem-native-637d076aa113d8faaec2277ed4a46b657acaf35f/test/zephyr/app/shim_nucleo_n657x0_q.c, line 148.
Breakpoint 4 at 0x10015eb4: file /Users/seungwon/FALCON/fn-dsa_m55/measurement_mlkem_native/env/zephyr-4.4.1/arch/arm/core/cortex_m/fault_s.S, line 80.

Breakpoint 3, nucleo_test_breakpoint (rc=rc@entry=0) at /Users/seungwon/FALCON/fn-dsa_m55/measurement_mlkem_native/env/mlkem-native-637d076aa113d8faaec2277ed4a46b657acaf35f/test/zephyr/app/shim_nucleo_n657x0_q.c:148
148	  __asm__ volatile("bkpt 0" ::: "memory");
[[NUCLEO-DONE]]
NUCLEO_EXIT_CODE=0
r0             0x0                 0
r1             0xe0000000          -536870912
r2             0x1000900           16779520
r3             0x985e4b            9985611
r4             0x0                 0
r5             0x300000d0          805306576
r6             0x30000910          805308688
r7             0x30026658          805463640
r8             0x300000d0          805306576
r9             0x30036798          805529496
r10            0x34102040          873472064
r11            0x56021800          1442977792
r12            0xa                 10
sp             0x30036748          0x30036748 <z_main_stack+65456>
lr             0x10012c1b          268512283
pc             0x10012bd4          0x10012bd4 <nucleo_test_breakpoint>
xpsr           0x90c0000           151781376
fpscr          0x40010             262160
msp            0x30026658          0x30026658 <z_idle_stacks>
psp            0x30036748          0x30036748 <z_main_stack+65456>
vpr            0x0                 [ P0=0 MASK01=0 MASK23=0 ]
msp_ns         0x241077f0          0x241077f0
psp_ns         0x241077f0          0x241077f0
msp_s          0x30026658          0x30026658 <z_idle_stacks>
psp_s          0x30036748          0x30036748 <z_main_stack+65456>
primask        0x0                 0
basepri        0x0                 0
faultmask      0x0                 0
control        0x6                 6
msplim_s       0x30025e58          0x30025e58 <z_interrupt_stacks>
psplim_s       0x30026798          0x30026798 <z_main_stack>
msplim_ns      0x24106ff0          0x24106ff0
psplim_ns      0x24106ff0          0x24106ff0
primask_s      0x0                 0
basepri_s      0x0                 0
faultmask_s    0x0                 0
control_s      0x6                 6
primask_ns     0x0                 0
basepri_ns     0x0                 0
faultmask_ns   0x0                 0
control_ns     0x4                 4
p0             0x0                 0
0x30036748 <z_main_stack+65456>:	0x00000000	0x10012c37	0x00000000	0x100195bb
CFSR=0x0
HFSR=0x0
DFSR=0x0
MMFAR=0x0
BFAR=0x30040000
AFSR=0x0
SHCSR=0xf0000
CCR=0x611
MSP=0x30026658
PSP=0x30036748
LR=0x10012c1b
PC=0x10012bd4
STACKED_R0_R1_R2_R3_R12_LR_PC_XPSR:
0x30026658 <z_idle_stacks>:	0x00000000	0x00000000	0x00000000	0x00000000
0x30026668 <z_idle_stacks+16>:	0x00000000	0x00000000	0x00000000	0x00000000
0xe000ed28:	0x00000000	0x00000000	0x00000000	0x00000000
0xe000ed38:	0x30040000
TCM_CONTROL_END=0x99
TCM_MSCR_END=0x1300a
[Inferior 1 (Remote target) detached]
none separate
Deferring arp_examine of stm32n6x.cpu
Use arp_examine command to examine it manually!
