mkdir -p build
/private/tmp/arm-gnu-toolchain-13.2.Rel1-darwin-arm64-arm-none-eabi/bin/arm-none-eabi-gcc --version
arm-none-eabi-gcc (Arm GNU Toolchain 13.2.rel1 (Build arm-13.7)) 13.2.1 20231009
Copyright (C) 2023 Free Software Foundation, Inc.
This is free software; see the source for copying conditions.  There is NO
warranty; not even for MERCHANTABILITY or FITNESS FOR A PARTICULAR PURPOSE.

/private/tmp/arm-gnu-toolchain-13.2.Rel1-darwin-arm64-arm-none-eabi/bin/arm-none-eabi-gcc -Wall -Wextra -Wshadow -Wundef -Wno-unused-function -Wno-cast-function-type -std=c99 -ggdb3 -O3 -mthumb -mcpu=cortex-m4 -mfloat-abi=hard -mfpu=fpv4-sp-d16 -fno-common -ffunction-sections -fdata-sections -DFNDSA_ASM_CORTEXM4=1 -DUSE_HAL_DRIVER -DSTM32L4R5xx -DUSER_VECT_TAB_ADDRESS -DVECT_TAB_OFFSET=0x001C0000U -I. -I../ref -I/Users/seungwon/.platformio/packages/framework-arduinoststm32/system/Drivers/STM32L4xx_HAL_Driver/Inc -I/Users/seungwon/.platformio/packages/framework-arduinoststm32/system/Drivers/STM32L4xx_HAL_Driver/Inc/Legacy -I/Users/seungwon/.platformio/packages/framework-arduinoststm32/system/Drivers/CMSIS/Device/ST/STM32L4xx/Include -I/Users/seungwon/.platformio/packages/framework-cmsis/CMSIS/Core/Include ../ref/codec.c ../ref/mq.c ../ref/sha3.c ../ref/sysrng.c ../ref/util.c ../ref/kgen.c ../ref/kgen_fxp.c ../ref/kgen_gauss.c ../ref/kgen_mp31.c ../ref/kgen_ntru.c ../ref/kgen_poly.c ../ref/kgen_zint31.c ../ref/sign.c ../ref/sign_core.c ../ref/sign_fpoly.c ../ref/sign_fpr.c ../ref/sign_sampler.c ../ref/vrfy.c ../ref/codec_cm4.s ../ref/mq_cm4.s ../ref/sha3_cm4.s ../ref/sign_fpr_cm4.s ../ref/sign_sampler_cm4.s benchmark.c platform.c /Users/seungwon/.platformio/packages/framework-arduinoststm32/system/Drivers/CMSIS/Device/ST/STM32L4xx/Source/Templates/system_stm32l4xx.c /Users/seungwon/.platformio/packages/framework-arduinoststm32/system/Drivers/CMSIS/Device/ST/STM32L4xx/Source/Templates/gcc/startup_stm32l4r5xx.s /Users/seungwon/.platformio/packages/framework-arduinoststm32/system/Drivers/STM32L4xx_HAL_Driver/Src/stm32l4xx_hal_cortex.c /Users/seungwon/.platformio/packages/framework-arduinoststm32/system/Drivers/STM32L4xx_HAL_Driver/Src/stm32l4xx_hal_rcc.c /Users/seungwon/.platformio/packages/framework-arduinoststm32/system/Drivers/STM32L4xx_HAL_Driver/Src/stm32l4xx_hal_rcc_ex.c /Users/seungwon/.platformio/packages/framework-arduinoststm32/system/Drivers/STM32L4xx_HAL_Driver/Src/stm32l4xx_hal_pwr.c /Users/seungwon/.platformio/packages/framework-arduinoststm32/system/Drivers/STM32L4xx_HAL_Driver/Src/stm32l4xx_hal_pwr_ex.c /Users/seungwon/.platformio/packages/framework-arduinoststm32/system/Drivers/STM32L4xx_HAL_Driver/Src/stm32l4xx_hal.c --static -nostartfiles -Tstm32l4rs_flash.ld -ggdb3 -mthumb -mcpu=cortex-m4 -mfloat-abi=hard -mfpu=fpv4-sp-d16 -Wl,--gc-sections -Wl,-Map=build/fndsa_m4.map -Wl,--print-memory-usage -Wl,--start-group -lc -lgcc -lm -lnosys -Wl,--end-group -o build/fndsa_m4.elf
Memory region         Used Size  Region Size  %age Used
           FLASH:      103060 B       256 KB     39.31%
         MAILBOX:        2536 B        64 KB      3.87%
             RAM:      131472 B       384 KB     33.44%
/private/tmp/arm-gnu-toolchain-13.2.Rel1-darwin-arm64-arm-none-eabi/bin/arm-none-eabi-size build/fndsa_m4.elf
   text	   data	    bss	    dec	    hex	filename
 103024	     12	 133976	 237012	  39dd4	build/fndsa_m4.elf
/private/tmp/arm-gnu-toolchain-13.2.Rel1-darwin-arm64-arm-none-eabi/bin/arm-none-eabi-objcopy -O binary build/fndsa_m4.elf build/fndsa_m4.bin
/private/tmp/arm-gnu-toolchain-13.2.Rel1-darwin-arm64-arm-none-eabi/bin/arm-none-eabi-nm -n build/fndsa_m4.elf > build/symbols.txt
clang -O3 -std=c99 -DBENCH_HOST -DFNDSA_PROFILE=0 -DFNDSA_ASM_CORTEXM4=0 \
 -DFNDSA_AVX2=0 -DFNDSA_SSE2=0 -DFNDSA_NEON=0 -DFNDSA_NEON_SHA3=0 -DFNDSA_RV64D=0 -DFNDSA_64=0 \
 -I. -I../ref -I../../fn-dsa_ref/profiling benchmark.c \
 ../../fn-dsa_ref/profiling/build/host-0/generated/codec.c ../../fn-dsa_ref/profiling/build/host-0/generated/mq.c ../../fn-dsa_ref/profiling/build/host-0/generated/sha3.c ../../fn-dsa_ref/profiling/build/host-0/generated/sysrng.c ../../fn-dsa_ref/profiling/build/host-0/generated/util.c ../../fn-dsa_ref/profiling/build/host-0/generated/kgen.c ../../fn-dsa_ref/profiling/build/host-0/generated/kgen_fxp.c ../../fn-dsa_ref/profiling/build/host-0/generated/kgen_gauss.c ../../fn-dsa_ref/profiling/build/host-0/generated/kgen_mp31.c ../../fn-dsa_ref/profiling/build/host-0/generated/kgen_ntru.c ../../fn-dsa_ref/profiling/build/host-0/generated/kgen_poly.c ../../fn-dsa_ref/profiling/build/host-0/generated/kgen_zint31.c ../../fn-dsa_ref/profiling/build/host-0/generated/sign.c ../../fn-dsa_ref/profiling/build/host-0/generated/sign_core.c ../../fn-dsa_ref/profiling/build/host-0/generated/sign_fpoly.c ../../fn-dsa_ref/profiling/build/host-0/generated/sign_fpr.c ../../fn-dsa_ref/profiling/build/host-0/generated/sign_sampler.c ../../fn-dsa_ref/profiling/build/host-0/generated/vrfy.c -lm -o build/host_oracle
build/host_oracle > build/host_oracle.json
