xPack Open On-Chip Debugger 0.12.0+dev-02228-ge5888bda3-dirty (2025-10-04-22:45)
Licensed under GNU GPL v2
For bug reports, read
	http://openocd.org/doc/doxygen/bugs.html
Info : STLINK V2J35M26 (API v2) VID:PID 0483:374B
Info : Target voltage: 3.220352
Info : Unable to match requested speed 500 kHz, using 480 kHz
Info : Unable to match requested speed 500 kHz, using 480 kHz
Info : clock speed 480 kHz
Info : SWD DPIDR 0x2ba01477
Info : [stm32l4x.cpu] Cortex-M4 r0p1 processor detected
Error: timeout waiting for ITM_TCR_BUSY_BIT
Info : [stm32l4x.cpu] target has 6 breakpoints, 4 watchpoints
Info : [stm32l4x.cpu] Examination succeed
Info : [stm32l4x.cpu] gdb port disabled
Info : Listening on port 6674 for tcl connections
Info : telnet server disabled
Info : accepting 'tcl' connection on tcp/6674
Info : dropped 'tcl' connection
Info : accepting 'tcl' connection on tcp/6674
[stm32l4x.cpu] halted due to debug-request, current mode: Handler HardFault
xPSR: 0x61030003 pc: 0x0800b792 msp: 0x2009ff98
0:
0:0x410fc241
0:0x101f6470
0:0x2f000a 0x564b5015 0x20393131
0:0xffff0800
0:0xffeff8aa
0:0xffffffff 0xffff0000 0xff00ffff 0xff00ffff
0:0xffffffff 0xffff0000 0xff00ffff 0xff00ffff
0:dumped 2097152 bytes in 56.874741s (36.009 KiB/s)
0:verified 2097152 bytes in 12.061934s (169.790 KiB/s)
Info : dropped 'tcl' connection
Info : accepting 'tcl' connection on tcp/6674
0:0x410fc241
0:0x101f6470
0:0x2f000a 0x564b5015 0x20393131
0:0xffff0800
0:0xffeff8aa
0:0xffffffff 0xffff0000 0xff00ffff 0xff00ffff
0:0xffffffff 0xffff0000 0xff00ffff 0xff00ffff
Info : Unable to match requested speed 500 kHz, using 480 kHz
Info : Unable to match requested speed 500 kHz, using 480 kHz
[stm32l4x.cpu] halted due to debug-request, current mode: Thread 
xPSR: 0x01000000 pc: 0x0800b798 msp: 0x200a0000
0:
Error: timed out while waiting for target halted
Error: [stm32l4x.cpu] error executing cortex_m crc algorithm
0:verified 2097152 bytes in 117.011307s (17.503 KiB/s)
Info : device idcode = 0x101f6470 (STM32L4R/L4Sxx - Rev V : 0x101f)
Info : RDP level 0 (0xAA)
Info : flash size = 2048 KiB
Info : flash mode : dual-bank
Info : Padding image section 0 at 0x081d9294 with 4 bytes (bank write end alignment)
Warn : Adding extra erase range, 0x081d9298 .. 0x081d9fff
0:auto erase enabled
wrote 103064 bytes from file /Users/seungwon/FALCON/fn-dsa_m4/measurement_stage_a/build/fndsa_m4.bin in 3.925578s (25.639 KiB/s)
0:verified 103060 bytes in 3.055246s (32.942 KiB/s)
0:sp (/32): 0x200a0000
0:msp (/32): 0x200a0000
0:psp (/32): 0x200a0000
0:xpsr (/32): 0x01000000
0:primask (/1): 0x00
0:basepri (/8): 0x00
0:faultmask (/1): 0x00
0:control (/3): 0x00
0:
0:0x464d3450 0x1 0x0 0x0 0x64 0x200 0x0 0x0 0x410fc241 0x101f6470 0x16e3600 0x1 0x200 0x100 0x9b 0x400 0x81c0000 0x1 0x1 0x1fc99 0x0 0x0 0x0 0x0 0x0 0x0 0x0 0x0 0x0 0x0 0x0 0x0 0x0 0x0
0:0x464d3450 0x1 0x0 0x0 0x64 0x400 0x0 0x0 0x410fc241 0x101f6470 0x16e3600 0x1 0x200 0x100 0x9b 0x400 0x81c0000 0x1 0x1 0x1fc99 0x0 0x0 0x0 0x0 0x0 0x0 0xf19d4a20 0x0 0x0 0x0 0x0 0x0 0x0 0x0
0:0x464d3450 0x1 0x0 0x0 0x64 0x400 0x0 0x0 0x410fc241 0x101f6470 0x16e3600 0x1 0x200 0x100 0x9b 0x400 0x81c0000 0x1 0x1 0x1fc99 0x0 0x0 0x0 0x0 0x0 0x0 0xf19d4a20 0x0 0x0 0x0 0x0 0x0 0x0 0x0
0:0x464d3450 0x1 0x0 0x0 0x64 0x400 0x0 0x0 0x410fc241 0x101f6470 0x16e3600 0x1 0x200 0x100 0x9b 0x400 0x81c0000 0x1 0x1 0x1fc99 0x0 0x0 0x0 0x0 0x0 0x0 0xf19d4a20 0x0 0x0 0x0 0x0 0x0 0x0 0x0
0:0x464d3450 0x1 0x0 0x0 0x64 0x400 0x0 0x0 0x410fc241 0x101f6470 0x16e3600 0x1 0x200 0x100 0x9b 0x400 0x81c0000 0x1 0x1 0x1fc99 0x0 0x0 0x0 0x0 0x0 0x0 0xf19d4a20 0x0 0x0 0x0 0x0 0x0 0x0 0x0
0:0x464d3450 0x1 0x0 0x0 0x64 0x400 0x0 0x0 0x410fc241 0x101f6470 0x16e3600 0x1 0x200 0x100 0x9b 0x400 0x81c0000 0x1 0x1 0x1fc99 0x0 0x0 0x0 0x0 0x0 0x0 0xf19d4a20 0x0 0x0 0x0 0x0 0x0 0x0 0x0
0:0x464d3450 0x1 0x0 0x0 0x64 0x400 0x0 0x0 0x410fc241 0x101f6470 0x16e3600 0x1 0x200 0x100 0x9b 0x400 0x81c0000 0x1 0x1 0x1fc99 0x0 0x0 0x0 0x0 0x0 0x0 0xf19d4a20 0x0 0x0 0x0 0x0 0x0 0x0 0x0
0:0x464d3450 0x1 0x0 0x0 0x64 0x400 0x0 0x0 0x410fc241 0x101f6470 0x16e3600 0x1 0x200 0x100 0x9b 0x400 0x81c0000 0x1 0x1 0x1fc99 0x0 0x0 0x0 0x0 0x0 0x0 0xf19d4a20 0x0 0x0 0x0 0x0 0x0 0x0 0x0
0:0x464d3450 0x1 0x0 0x0 0x64 0x400 0x0 0x0 0x410fc241 0x101f6470 0x16e3600 0x1 0x200 0x100 0x9b 0x400 0x81c0000 0x1 0x1 0x1fc99 0x0 0x0 0x0 0x0 0x0 0x0 0xf19d4a20 0x0 0x0 0x0 0x0 0x0 0x0 0x0
0:0x464d3450 0x1 0x0 0x0 0x64 0x400 0x0 0x0 0x410fc241 0x101f6470 0x16e3600 0x1 0x200 0x100 0x9b 0x400 0x81c0000 0x1 0x1 0x1fc99 0x0 0x0 0x0 0x0 0x0 0x0 0xf19d4a20 0x0 0x0 0x0 0x0 0x0 0x0 0x0
0:0x464d3450 0x1 0x0 0x0 0x64 0x400 0x0 0x1 0x410fc241 0x101f6470 0x16e3600 0x1 0x200 0x100 0x9b 0x400 0x81c0000 0x1 0x1 0x1fc99 0x0 0x0 0x0 0x0 0x0 0x0 0xf19d4a20 0x0 0x0 0x0 0x0 0x0 0x0 0x0
0:0x464d3450 0x1 0x52454144 0x0 0x64 0x400 0x0 0x2 0x410fc241 0x101f6470 0x16e3600 0x1 0x200 0x100 0x9b 0x400 0x81c0000 0x1 0x1 0x1fc99 0x0 0x0 0x0 0x0 0x0 0x0 0xf19d4a20 0xf935ba77 0x0 0x0 0x0 0x0 0x0 0x0
0:
0:0x464d3450 0x1 0x52554e21 0x0 0x64 0x200 0x0 0x0 0x410fc241 0x101f6470 0x16e3600 0x1 0x200 0x100 0x9b 0x400 0x81c0000 0x1 0x1 0x1fc99 0x0 0x0 0x0 0x0 0x0 0x0 0xf19d4a20 0xf935ba77 0x0 0x0 0x474f3130 0x0 0x0 0x0
0:0x464d3450 0x1 0x52554e21 0x0 0x64 0x200 0x10 0x0 0x410fc241 0x101f6470 0x16e3600 0x1 0x200 0x100 0x9b 0x400 0x81c0000 0x1 0x1 0x1fc99 0x10 0x10 0x10 0x0 0x0 0x0 0xf19d4a20 0xf935ba77 0x9ddd363f 0x0 0x474f3130 0x0 0x0 0x0
0:0x464d3450 0x1 0x52554e21 0x0 0x64 0x200 0x1f 0x0 0x410fc241 0x101f6470 0x16e3600 0x1 0x200 0x100 0x9b 0x400 0x81c0000 0x1 0x1 0x1fc99 0x1f 0x1f 0x1f 0x0 0x0 0x0 0xf19d4a20 0xf935ba77 0xcab479bd 0x0 0x474f3130 0x0 0x0 0x0
0:0x464d3450 0x1 0x52554e21 0x0 0x64 0x200 0x2b 0x1 0x410fc241 0x101f6470 0x16e3600 0x1 0x200 0x100 0x9b 0x400 0x81c0000 0x1 0x1 0x1fc99 0x2c 0x2b 0x2b 0x0 0x0 0x0 0xf19d4a20 0xf935ba77 0xc40f0d2c 0x0 0x474f3130 0x0 0x0 0x0
0:0x464d3450 0x1 0x52554e21 0x0 0x64 0x200 0x3c 0x1 0x410fc241 0x101f6470 0x16e3600 0x1 0x200 0x100 0x9b 0x400 0x81c0000 0x1 0x1 0x1fc99 0x3d 0x3c 0x3c 0x0 0x0 0x0 0xf19d4a20 0xf935ba77 0xc633285f 0x0 0x474f3130 0x0 0x0 0x0
0:0x464d3450 0x1 0x52554e21 0x0 0x64 0x200 0x4b 0x0 0x410fc241 0x101f6470 0x16e3600 0x1 0x200 0x100 0x9b 0x400 0x81c0000 0x1 0x1 0x1fc99 0x4b 0x4b 0x4b 0x0 0x0 0x0 0xf19d4a20 0xf935ba77 0x1753d041 0x0 0x474f3130 0x0 0x0 0x0
0:0x464d3450 0x1 0x52554e21 0x0 0x64 0x200 0x5b 0x1 0x410fc241 0x101f6470 0x16e3600 0x1 0x200 0x100 0x9b 0x400 0x81c0000 0x1 0x1 0x1fc99 0x5c 0x5b 0x5b 0x0 0x0 0x0 0xf19d4a20 0xf935ba77 0x9a958a84 0x0 0x474f3130 0x0 0x0 0x0
0:0x464d3450 0x1 0x52554e21 0x0 0x64 0x400 0x1 0x0 0x410fc241 0x101f6470 0x16e3600 0x1 0x200 0x100 0x9b 0x400 0x81c0000 0x1 0x1 0x1fc99 0x64 0x64 0x64 0x1 0x1 0x1 0xf19d4a20 0xf935ba77 0xb664e480 0x5b21cade 0x474f3130 0x0 0x0 0x0
0:0x464d3450 0x1 0x52554e21 0x0 0x64 0x400 0x5 0x0 0x410fc241 0x101f6470 0x16e3600 0x1 0x200 0x100 0x9b 0x400 0x81c0000 0x1 0x1 0x1fc99 0x64 0x64 0x64 0x5 0x5 0x5 0xf19d4a20 0xf935ba77 0xb664e480 0x751e7511 0x474f3130 0x0 0x0 0x0
0:0x464d3450 0x1 0x52554e21 0x0 0x64 0x400 0x8 0x0 0x410fc241 0x101f6470 0x16e3600 0x1 0x200 0x100 0x9b 0x400 0x81c0000 0x1 0x1 0x1fc99 0x64 0x64 0x64 0x8 0x8 0x8 0xf19d4a20 0xf935ba77 0xb664e480 0xcbad70eb 0x474f3130 0x0 0x0 0x0
0:0x464d3450 0x1 0x52554e21 0x0 0x64 0x400 0xd 0x1 0x410fc241 0x101f6470 0x16e3600 0x1 0x200 0x100 0x9b 0x400 0x81c0000 0x1 0x1 0x1fc99 0x64 0x64 0x64 0xe 0xd 0xd 0xf19d4a20 0xf935ba77 0xb664e480 0xa9d7990b 0x474f3130 0x0 0x0 0x0
0:0x464d3450 0x1 0x52554e21 0x0 0x64 0x400 0x12 0x0 0x410fc241 0x101f6470 0x16e3600 0x1 0x200 0x100 0x9b 0x400 0x81c0000 0x1 0x1 0x1fc99 0x64 0x64 0x64 0x12 0x12 0x12 0xf19d4a20 0xf935ba77 0xb664e480 0xa9ff9273 0x474f3130 0x0 0x0 0x0
0:0x464d3450 0x1 0x52554e21 0x0 0x64 0x400 0x17 0x0 0x410fc241 0x101f6470 0x16e3600 0x1 0x200 0x100 0x9b 0x400 0x81c0000 0x1 0x1 0x1fc99 0x64 0x64 0x64 0x17 0x17 0x17 0xf19d4a20 0xf935ba77 0xb664e480 0x5603ed25 0x474f3130 0x0 0x0 0x0
0:0x464d3450 0x1 0x52554e21 0x0 0x64 0x400 0x19 0x1 0x410fc241 0x101f6470 0x16e3600 0x1 0x200 0x100 0x9b 0x400 0x81c0000 0x1 0x1 0x1fc99 0x64 0x64 0x64 0x1a 0x19 0x19 0xf19d4a20 0xf935ba77 0xb664e480 0x9364bec2 0x474f3130 0x0 0x0 0x0
0:0x464d3450 0x1 0x52554e21 0x0 0x64 0x400 0x1f 0x0 0x410fc241 0x101f6470 0x16e3600 0x1 0x200 0x100 0x9b 0x400 0x81c0000 0x1 0x1 0x1fc99 0x64 0x64 0x64 0x1f 0x1f 0x1f 0xf19d4a20 0xf935ba77 0xb664e480 0x1ef50ee3 0x474f3130 0x0 0x0 0x0
0:0x464d3450 0x1 0x52554e21 0x0 0x64 0x400 0x23 0x0 0x410fc241 0x101f6470 0x16e3600 0x1 0x200 0x100 0x9b 0x400 0x81c0000 0x1 0x1 0x1fc99 0x64 0x64 0x64 0x23 0x23 0x23 0xf19d4a20 0xf935ba77 0xb664e480 0x94817b1e 0x474f3130 0x0 0x0 0x0
0:0x464d3450 0x1 0x52554e21 0x0 0x64 0x400 0x27 0x0 0x410fc241 0x101f6470 0x16e3600 0x1 0x200 0x100 0x9b 0x400 0x81c0000 0x1 0x1 0x1fc99 0x64 0x64 0x64 0x27 0x27 0x27 0xf19d4a20 0xf935ba77 0xb664e480 0xbc11010f 0x474f3130 0x0 0x0 0x0
0:0x464d3450 0x1 0x52554e21 0x0 0x64 0x400 0x2a 0x1 0x410fc241 0x101f6470 0x16e3600 0x1 0x200 0x100 0x9b 0x400 0x81c0000 0x1 0x1 0x1fc99 0x64 0x64 0x64 0x2b 0x2a 0x2a 0xf19d4a20 0xf935ba77 0xb664e480 0x1ad19a6f 0x474f3130 0x0 0x0 0x0
0:0x464d3450 0x1 0x52554e21 0x0 0x64 0x400 0x2f 0x0 0x410fc241 0x101f6470 0x16e3600 0x1 0x200 0x100 0x9b 0x400 0x81c0000 0x1 0x1 0x1fc99 0x64 0x64 0x64 0x2f 0x2f 0x2f 0xf19d4a20 0xf935ba77 0xb664e480 0x61f09502 0x474f3130 0x0 0x0 0x0
0:0x464d3450 0x1 0x52554e21 0x0 0x64 0x400 0x34 0x0 0x410fc241 0x101f6470 0x16e3600 0x1 0x200 0x100 0x9b 0x400 0x81c0000 0x1 0x1 0x1fc99 0x64 0x64 0x64 0x34 0x34 0x34 0xf19d4a20 0xf935ba77 0xb664e480 0x73f59115 0x474f3130 0x0 0x0 0x0
0:0x464d3450 0x1 0x52554e21 0x0 0x64 0x400 0x39 0x0 0x410fc241 0x101f6470 0x16e3600 0x1 0x200 0x100 0x9b 0x400 0x81c0000 0x1 0x1 0x1fc99 0x64 0x64 0x64 0x39 0x39 0x39 0xf19d4a20 0xf935ba77 0xb664e480 0x5d8b3c6e 0x474f3130 0x0 0x0 0x0
0:0x464d3450 0x1 0x52554e21 0x0 0x64 0x400 0x3d 0x0 0x410fc241 0x101f6470 0x16e3600 0x1 0x200 0x100 0x9b 0x400 0x81c0000 0x1 0x1 0x1fc99 0x64 0x64 0x64 0x3d 0x3d 0x3d 0xf19d4a20 0xf935ba77 0xb664e480 0x798136b0 0x474f3130 0x0 0x0 0x0
0:0x464d3450 0x1 0x52554e21 0x0 0x64 0x400 0x41 0x0 0x410fc241 0x101f6470 0x16e3600 0x1 0x200 0x100 0x9b 0x400 0x81c0000 0x1 0x1 0x1fc99 0x64 0x64 0x64 0x41 0x41 0x41 0xf19d4a20 0xf935ba77 0xb664e480 0xc349764e 0x474f3130 0x0 0x0 0x0
0:0x464d3450 0x1 0x52554e21 0x0 0x64 0x400 0x44 0x0 0x410fc241 0x101f6470 0x16e3600 0x1 0x200 0x100 0x9b 0x400 0x81c0000 0x1 0x1 0x1fc99 0x64 0x64 0x64 0x44 0x44 0x44 0xf19d4a20 0xf935ba77 0xb664e480 0x2da759dc 0x474f3130 0x0 0x0 0x0
0:0x464d3450 0x1 0x52554e21 0x0 0x64 0x400 0x48 0x0 0x410fc241 0x101f6470 0x16e3600 0x1 0x200 0x100 0x9b 0x400 0x81c0000 0x1 0x1 0x1fc99 0x64 0x64 0x64 0x48 0x48 0x48 0xf19d4a20 0xf935ba77 0xb664e480 0x81927311 0x474f3130 0x0 0x0 0x0
0:0x464d3450 0x1 0x52554e21 0x0 0x64 0x400 0x4b 0x1 0x410fc241 0x101f6470 0x16e3600 0x1 0x200 0x100 0x9b 0x400 0x81c0000 0x1 0x1 0x1fc99 0x64 0x64 0x64 0x4c 0x4b 0x4b 0xf19d4a20 0xf935ba77 0xb664e480 0x2038e73d 0x474f3130 0x0 0x0 0x0
0:0x464d3450 0x1 0x52554e21 0x0 0x64 0x400 0x4f 0x0 0x410fc241 0x101f6470 0x16e3600 0x1 0x200 0x100 0x9b 0x400 0x81c0000 0x1 0x1 0x1fc99 0x64 0x64 0x64 0x4f 0x4f 0x4f 0xf19d4a20 0xf935ba77 0xb664e480 0xa227a6f 0x474f3130 0x0 0x0 0x0
0:0x464d3450 0x1 0x52554e21 0x0 0x64 0x400 0x54 0x0 0x410fc241 0x101f6470 0x16e3600 0x1 0x200 0x100 0x9b 0x400 0x81c0000 0x1 0x1 0x1fc99 0x64 0x64 0x64 0x54 0x54 0x54 0xf19d4a20 0xf935ba77 0xb664e480 0x14edae3f 0x474f3130 0x0 0x0 0x0
0:0x464d3450 0x1 0x52554e21 0x0 0x64 0x400 0x59 0x0 0x410fc241 0x101f6470 0x16e3600 0x1 0x200 0x100 0x9b 0x400 0x81c0000 0x1 0x1 0x1fc99 0x64 0x64 0x64 0x59 0x59 0x59 0xf19d4a20 0xf935ba77 0xb664e480 0x6e6ae58c 0x474f3130 0x0 0x0 0x0
0:0x464d3450 0x1 0x52554e21 0x0 0x64 0x400 0x5e 0x0 0x410fc241 0x101f6470 0x16e3600 0x1 0x200 0x100 0x9b 0x400 0x81c0000 0x1 0x1 0x1fc99 0x64 0x64 0x64 0x5e 0x5e 0x5e 0xf19d4a20 0xf935ba77 0xb664e480 0x72b96263 0x474f3130 0x0 0x0 0x0
0:0x464d3450 0x1 0x52554e21 0x0 0x64 0x400 0x61 0x0 0x410fc241 0x101f6470 0x16e3600 0x1 0x200 0x100 0x9b 0x400 0x81c0000 0x1 0x1 0x1fc99 0x64 0x64 0x64 0x61 0x61 0x61 0xf19d4a20 0xf935ba77 0xb664e480 0x81d09ec8 0x474f3130 0x0 0x0 0x0
0:0x464d3450 0x1 0x600d0000 0x0 0x64 0x400 0x63 0x2 0x410fc241 0x101f6470 0x16e3600 0x1 0x200 0x100 0x9b 0x400 0x81c0000 0x1 0x1 0x1fc99 0x64 0x64 0x64 0x64 0x64 0x64 0xf19d4a20 0xf935ba77 0xb664e480 0x5e2be8d8 0x474f3130 0x0 0x0 0x0
[stm32l4x.cpu] halted due to debug-request, current mode: Thread 
xPSR: 0x210f0000 pc: 0x081ccb20 msp: 0x2009ff28
0:
0:0x464d3450 0x1 0x600d0000 0x0 0x64 0x400 0x63 0x2 0x410fc241 0x101f6470 0x16e3600 0x1 0x200 0x100 0x9b 0x400 0x81c0000 0x1 0x1 0x1fc99 0x64 0x64 0x64 0x64 0x64 0x64 0xf19d4a20 0xf935ba77 0xb664e480 0x5e2be8d8 0x474f3130 0x0 0x0 0x0 0x3a229d0 0x53bbd6e 0x55bdb5c 0x373fdea 0x383f128 0x3548f6f 0x532e99d 0x35c1037 0x3c80469 0x389a03b 0x33811c2 0x35c0ee9 0x3c7ffd8 0x36b09f3 0x3c7ff31 0x338145e 0x8292d1f 0x39507a7 0x44d1f20 0x35ff4a8 0x338111b 0x39c8a64 0x39c87c8 0x33811c2 0x4d425ef 0x3d6f846 0x41ba878 0x85774f5 0x39c8bb2 0x6b0b5a7 0x3638bc7 0x9365b34 0x33f8df9 0x5c988d0 0x871c18f 0x600af9c 0x62dfa92 0x4fdfe43 0x71076b8 0x33f913c 0x3c9be15 0x3710c75 0x4f9f99d 0x3381269 0x33f91e3 0x33813b7 0x3549016 0x4493fe7 0x3788e8b 0x33f8df9 0x3c7fc95 0x39c8da7 0x44aad37 0x3800ac2 0x35ff744 0x4dadfd5 0x48059e4 0x4238483 0x4870084 0x33f8d52 0x39c867a 0x87e76f3 0x69b3418 0x34e8903 0x539e3e5 0x61653e5 0x3d138fe 0x3b2ffb0 0x33f913c 0x3bd3837 0x42cb9bf 0x402ba16 0x3788b48 0x35d84b4 0x3b904ce 0x354901d 0x452c65f 0x3470ad7 0x5d456e1 0x3b34ff6 0x34e8d94 0x3d6f994 0x4014835 0x3381269 0x338111b 0x33f928a 0x3381310 0x68ba723 0x3710fb8 0x3ab8036 0x3c4b084 0x542af1f 0x5d0b319 0x80d2ebb 0x33811c2 0x400fdce 0x4f02d4f 0x847a955 0x33f8ea0 0x33f8fee 0x14cc1a5 0x1500fe8 0x14f9c4e 0x1505b8f 0x15045d4 0x1505fb8 0x14eb1e5 0x150bce1 0x15025ec 0x14f8e8e 0x1513662 0x151835a 0x150ed94 0x14fed36 0x1501898 0x1510b92 0x14f20d0 0x14e6b0d 0x14eb846 0x14edc97 0x14f533f 0x14eb845 0x14f5815 0x14e480d 0x1510ae3 0x1518a7c 0x150ea5e 0x1504ea9 0x14edfe7 0x150e085 0x14d19c6 0x1505699 0x1521fb1 0x1504daf 0x151269d 0x14fa9d1 0x14db898 0x14fd664 0x14f26c4 0x14edf74 0x151fb27 0x14e78b6 0x14fa9e0 0x15209e0 0x14f533d 0x150e98b 0x1509deb 0x1502180 0x14e00d9 0x14ef87a 0x14de719 0x1500f40 0x14e191e 0x1507f9b 0x15098e6 0x150554b 0x14ee109 0x14fe0fa 0x150b380 0x1522e94 0x1500fd7 0x14fb988 0x14db1c0 0x14f8c25 0x1504578 0x1501398 0x14e2eae 0x151ad93 0x1509807 0x14deb80 0x15121f8 0x1512977 0x15135f1 0x14dec09 0x1510b47 0x14e1868 0x14eb8f3 0x151aad9 0x14fbd3e 0x1501531 0x152e058 0x152788a 0x14db966 0x14fb82c 0x14f6db1 0x15081a4 0x14e41a2 0x1518e83 0x1512012 0x14fd73a 0x14cb8ca 0x1521d84 0x150d21a 0x14f0d75 0x14ed8ed 0x15021c9 0x151443a 0x14e9544 0x14f457f 0x151f779 0x6d0fe 0x6d23c 0x6d059 0x68be3 0x68c59 0x68b71 0x6cf31 0x68cdb 0x6d18c 0x6d088 0x68b44 0x6d225 0x68c1b 0x68b14 0x6d1a6 0x6d110 0x6d0e0 0x68c97 0x6d208 0x68ca2 0x68c0f 0x6d147 0x68cff 0x6d311 0x6d1ea 0x6d139 0x68c53 0x68cae 0x68b2f 0x68bd2 0x6d165 0x68b14 0x6d099 0x68c17 0x6d258 0x6d034 0x6d1bf 0x68b83 0x6d1bc 0x68b0f 0x6d043 0x68c04 0x6d0ea 0x6d039 0x68c84 0x68c1f 0x6d1db 0x6d1c5 0x68c7d 0x68c87 0x68ce6 0x6d0de 0x6d179 0x6cfba 0x6d261 0x68cce 0x68c37 0x68c84 0x6d068 0x68ca1 0x6d18e 0x6d2f2 0x6d2ad 0x6d293 0x68c32 0x6d123 0x6d12f 0x6d040 0x6d16b 0x68d15 0x6d1fa 0x6d03e 0x68b9c 0x68db4 0x6d1fe 0x6d105 0x6d198 0x6d229 0x6d187 0x6d20a 0x68d45 0x6d1e3 0x6d1ff 0x6d17d 0x68c2a 0x6d299 0x6d0ef 0x6d131 0x6d0ae 0x68baa 0x6d0e1 0x6d1f7 0x68b56 0x6d302 0x68cc4 0x6d1ef 0x68b8c 0x6d209 0x68c77 0x6d0d4 0x1a51eb7a 0xf57c271 0x1331dca9 0xd19d9d4 0xe4451b8 0x208e1e1c 0x2015fd66 0xf0b0a1f 0x122983df 0xc4e6519 0xaa86dc4 0x154ebe7b 0xab6b651 0xac4fcaa 0xb16b0c2 0xded678f 0x1ae967f7 0xb39a685 0xb90c91e 0xd206707 0x110d5966 0xc30a828 0x1767b717 0x19ff07e7 0xbb672bd 0x2d6e917a 0xb46f857 0x106a4a35 0xbbe242d 0xaa86e51 0x108fa838 0xab6b427 0x11a87217 0xf0778bc 0x11fe69ac 0x10d5a483 0xb407b8e 0xda4e9a4 0x21c73158 0x122a1fcc 0x10ffa4f2 0x10156856 0x280d47c5 0x13dbba5b 0xbb65a10 0x175aaec8 0xaf8d515 0xbe8df1c 0xb39a2aa 0xdd54ca7 0xaf10837 0x12ec89f0 0x16ad05df 0xaa86dc4 0xbad5e9a 0xb90c53d 0x1245f2fd 0xae2bf23 0x19e199cd 0x15886a6b 0x14f0301b 0xefa2543 0xce617e2 0xcae438f 0x22b7b4a3 0x13e3ba9b 0x1e1f0da6 0x12f699d4 0xae2c037 0x12f9a23e 0xcdf86d4 0x24d3d9b6 0xaa86e55 0xaa86ede 0x16aa2966 0x241a4392 0x20521625 0x16fa94a3 0xaa86d37 0x1099e214 0x1049b630 0xc13be41 0xaa86dc4 0x1621e2bb 0x1133a806 0xc401f4d 0xca76b38 0xbcb1696 0xb7bc288 0xb73f985 0x110b2d9c 0xb4fb3ad 0xb9f1232 0x11232969 0x235ba90d 0x20d96297 0xc21fb3d 0xb2b602c 0xaa86d37 0x15f97a5d 0x2d17136 0x2d0ad7e 0x2d34728 0x2cf4f48 0x2cfb0e0 0x2cde26c 0x2cf8524 0x2ce3027 0x2d12b21 0x2d11846 0x2d0854f 0x2d33b50 0x2cf43c4 0x2cdd966 0x2ce0026 0x2d11a35 0x2d03a02 0x2d0384e 0x2d0492b 0x2d0ad2f 0x2d32e14 0x2cf5c47 0x2d12736 0x2d0891d 0x2cf2a1e 0x2d1b03e 0x2d1aa5e 0x2d2a560 0x2cf2854 0x2d32c69 0x2d44c3f 0x2d2f6ca 0x2d0fe85 0x2d08382 0x2cfc156 0x2cfa4df 0x2d391d6 0x2cdcdbb 0x2d0026b 0x2ce7380 0x2cede7c 0x2d2242c 0x2cec7d1 0x2d03dbf 0x2d1a4d5 0x2d2ae30 0x2d1ca0f 0x2d26a26 0x2d0c54a 0x2d0ece0 0x2cf0988 0x2d5041f 0x2d11a42 0x2d1f1e3 0x2cfc50e 0x2cdbccf 0x2ceb2c8 0x2d3b7df 0x2d34da7 0x2cfd385 0x2cdd804 0x2ce97d3 0x2d0d6a8 0x2d17525 0x2d215c7 0x2d3b74c 0x2d0207f 0x2cfb3a4 0x2d1ebc9 0x2d0b84e 0x2cf907d 0x2cf6aa0 0x2cf83ae 0x2d12aa3 0x2cf7ec9 0x2d348ad 0x2ce464e 0x2d40d61 0x2d25c6e 0x2cfafc7 0x2d33f4a 0x2ce54b9 0x2d0a103 0x2d07136 0x2cf60fc 0x2d0c6b7 0x2cf8e6a 0x2d14035 0x2d0a68f 0x2cf41d2 0x2cfaec7 0x2d252e1 0x2d19cec 0x2d2272b 0x2d03b5b 0x2d2cb38 0x2d33eda 0x2d0c5ec 0x2d32b87 0x2d2a8a7 0xd091c 0xd4d79 0xd0769 0xd4e0e 0xd4fc7 0xd51e0 0xd0965 0xd4efe 0xd4dec 0xd4e44 0xd09ab 0xd4e5d 0xd4d66 0xd4f68 0xd086c 0xd500c 0xd4d6c 0xd4f6f 0xd4d8f 0xd4dcd 0xd4e20 0xd09bf 0xd5027 0xd08c2 0xd4e1d 0xd4f4f 0xd4eba 0xd4e4e 0xd5095 0xd4d51 0xd0778 0xd09be 0xd084a 0xd0882 0xd4efc 0xd4e43 0xd4ddd 0xd4d64 0xd072a 0xd0907 0xd0744 0xd4d84 0xd5097 0xd4fbd 0xd4c83 0xd4dec 0xd4f1e 0xd06a2 0xd4f18 0xd0819 0xd09f5 0xd4e61 0xd4ca6 0xd093b 0xd4e13 0xd4e6b 0xd4d95 0xd4f4d 0xd0919 0xd4ee7 0xd4ebe 0xd0936 0xd08c8 0xd073c 0xd4dff 0xd4eb5 0xd5091 0xd4ddc 0xd0790 0xd4f45 0xd0783 0xd0a87 0xd0822 0xd4f28 0xd08a5 0xd08fc 0xd4e93 0xd4dc5 0xd09f5 0xd4fe3 0xd4d0f 0xd4f2e 0xd4e4e 0xd0825 0xd0923 0xd4fb3 0xd09de 0xd4daa 0xd4f6a 0xd4f2b 0xd4eb2 0xd09c1 0xd4f1d 0xd4edb 0xd4e3d 0xd0b86 0xd4cdb 0xd4ea1 0xd4d6c 0xd5224
0:0x410fc241
0:0x101f6470
0:0x2f000a 0x564b5015 0x20393131
0:0xffff0800
0:0xffeff8aa
0:0xffffffff 0xffff0000 0xff00ffff 0xff00ffff
0:0xffffffff 0xffff0000 0xff00ffff 0xff00ffff
0:
0:erased address 0x081c0000 (length 106496) in 0.645142s (161.205 KiB/s)
0:verified 2097152 bytes in 10.081970s (203.135 KiB/s)
Info : Unable to match requested speed 500 kHz, using 480 kHz
Info : Unable to match requested speed 500 kHz, using 480 kHz
[stm32l4x.cpu] halted due to debug-request, current mode: Thread 
xPSR: 0x01000000 pc: 0x0800b798 msp: 0x200a0000
0:
Info : dropped 'tcl' connection
shutdown command invoked
