2026-09-09T02:15:51.041688+00:00 OpenOCD: halt
2026-09-09T02:15:51.044297+00:00 OpenOCD: reset halt
2026-09-09T02:15:51.171650+00:00 OpenOCD: load_image {/Users/seungwon/FALCON/fn-dsa_m55/measurement_controlled/build/firmware.bin} 0x34180400 bin
2026-09-09T02:15:51.981265+00:00 111180 bytes written at address 0x34180400
downloaded 111180 bytes in 0.810000s (134.042 KiB/s)
2026-09-09T02:15:51.981592+00:00 OpenOCD: verify_image {/Users/seungwon/FALCON/fn-dsa_m55/measurement_controlled/build/firmware.bin} 0x34180400 bin
2026-09-09T02:15:52.803552+00:00 verified 111180 bytes in 0.821000s (132.246 KiB/s)
2026-09-09T02:15:52.803698+00:00 OpenOCD: reg sp 0x341fe000
2026-09-09T02:15:52.804098+00:00 sp (/32): 0x341fe000
2026-09-09T02:15:52.804165+00:00 OpenOCD: reg msp 0x341fe000
2026-09-09T02:15:52.804277+00:00 msp (/32): 0x341fe000
2026-09-09T02:15:52.804331+00:00 OpenOCD: reg psp 0x341fe000
2026-09-09T02:15:52.804428+00:00 psp (/32): 0x341fe000
2026-09-09T02:15:52.804478+00:00 OpenOCD: reg xpsr 0x01000000
2026-09-09T02:15:52.804578+00:00 xpsr (/32): 0x01000000
2026-09-09T02:15:52.804664+00:00 OpenOCD: reg primask 0x00000000
2026-09-09T02:15:52.804779+00:00 primask (/1): 0x00
2026-09-09T02:15:52.804833+00:00 OpenOCD: reg basepri 0x00000000
2026-09-09T02:15:52.804935+00:00 basepri (/8): 0x00
2026-09-09T02:15:52.804985+00:00 OpenOCD: reg faultmask 0x00000000
2026-09-09T02:15:52.805080+00:00 faultmask (/1): 0x00
2026-09-09T02:15:52.805128+00:00 OpenOCD: reg control 0x00000000
2026-09-09T02:15:52.805220+00:00 control (/3): 0x00
2026-09-09T02:15:52.805269+00:00 OpenOCD: resume 0x3418e008
2026-09-09T02:17:51.455936+00:00 READY: both warmups, output SHAKE256 digests, tampered-signature rejection, clocks and cache settings passed.
2026-09-09T02:17:51.458087+00:00 clock probe: {"elapsed_seconds": 3.011584583500003, "observed_cycles": 72305455, "inferred_hz": 24009106.500328824, "read_time_uncertainty_seconds": 0.0017647084999978802}
2026-09-09T02:17:51.458579+00:00 TIM2 probe: {"inferred_hz": 999710.0423843632, "timer_cnt_address": 1342177316}
2026-09-09T02:17:51.792960+00:00 OpenOCD: write_memory 0x341fe088 32 {0x474f3130}
2026-09-09T02:17:51.797536+00:00 counts=[[0, 0, 0], [0, 0, 0]] degree=512 index=0 op=0 state=0x52554e21
2026-09-09T02:18:51.872946+00:00 counts=[[3, 3, 3], [0, 0, 0]] degree=512 index=3 op=0 state=0x52554e21
2026-09-09T02:19:51.892415+00:00 counts=[[7, 7, 7], [0, 0, 0]] degree=512 index=7 op=0 state=0x52554e21
2026-09-09T02:20:51.911813+00:00 counts=[[11, 11, 11], [0, 0, 0]] degree=512 index=11 op=0 state=0x52554e21
2026-09-09T02:21:51.936637+00:00 counts=[[15, 15, 15], [0, 0, 0]] degree=512 index=15 op=0 state=0x52554e21
2026-09-09T02:22:51.953660+00:00 counts=[[18, 18, 18], [0, 0, 0]] degree=512 index=18 op=0 state=0x52554e21
2026-09-09T02:23:51.973008+00:00 counts=[[22, 22, 22], [0, 0, 0]] degree=512 index=22 op=0 state=0x52554e21
2026-09-09T02:24:51.989914+00:00 counts=[[26, 26, 26], [0, 0, 0]] degree=512 index=26 op=0 state=0x52554e21
2026-09-09T02:25:52.008083+00:00 counts=[[29, 28, 28], [0, 0, 0]] degree=512 index=28 op=1 state=0x52554e21
2026-09-09T02:26:52.026251+00:00 counts=[[31, 31, 31], [0, 0, 0]] degree=512 index=31 op=0 state=0x52554e21
2026-09-09T02:27:52.043047+00:00 counts=[[34, 34, 34], [0, 0, 0]] degree=512 index=34 op=0 state=0x52554e21
2026-09-09T02:28:52.064273+00:00 counts=[[36, 36, 36], [0, 0, 0]] degree=512 index=36 op=0 state=0x52554e21
2026-09-09T02:29:52.080211+00:00 counts=[[39, 39, 39], [0, 0, 0]] degree=512 index=39 op=0 state=0x52554e21
2026-09-09T02:30:52.095664+00:00 counts=[[43, 43, 43], [0, 0, 0]] degree=512 index=43 op=0 state=0x52554e21
2026-09-09T02:31:52.113557+00:00 counts=[[47, 47, 47], [0, 0, 0]] degree=512 index=47 op=0 state=0x52554e21
2026-09-09T02:32:52.134547+00:00 counts=[[51, 51, 51], [0, 0, 0]] degree=512 index=51 op=0 state=0x52554e21
2026-09-09T02:33:52.158640+00:00 counts=[[55, 55, 55], [0, 0, 0]] degree=512 index=55 op=0 state=0x52554e21
2026-09-09T02:34:52.183934+00:00 counts=[[58, 58, 58], [0, 0, 0]] degree=512 index=58 op=0 state=0x52554e21
2026-09-09T02:35:52.199435+00:00 counts=[[61, 61, 61], [0, 0, 0]] degree=512 index=61 op=0 state=0x52554e21
2026-09-09T02:36:52.217163+00:00 counts=[[65, 64, 64], [0, 0, 0]] degree=512 index=64 op=1 state=0x52554e21
2026-09-09T02:37:52.233694+00:00 counts=[[68, 68, 68], [0, 0, 0]] degree=512 index=68 op=0 state=0x52554e21
2026-09-09T02:38:52.250771+00:00 counts=[[72, 72, 72], [0, 0, 0]] degree=512 index=72 op=0 state=0x52554e21
2026-09-09T02:39:52.268285+00:00 counts=[[76, 76, 76], [0, 0, 0]] degree=512 index=76 op=0 state=0x52554e21
2026-09-09T02:40:52.286445+00:00 counts=[[79, 79, 79], [0, 0, 0]] degree=512 index=79 op=0 state=0x52554e21
2026-09-09T02:41:52.304072+00:00 counts=[[83, 83, 83], [0, 0, 0]] degree=512 index=83 op=0 state=0x52554e21
2026-09-09T02:42:52.326249+00:00 counts=[[87, 87, 87], [0, 0, 0]] degree=512 index=87 op=0 state=0x52554e21
2026-09-09T02:43:52.349782+00:00 counts=[[91, 91, 91], [0, 0, 0]] degree=512 index=91 op=0 state=0x52554e21
2026-09-09T02:44:52.364071+00:00 counts=[[93, 93, 93], [0, 0, 0]] degree=512 index=93 op=0 state=0x52554e21
2026-09-09T02:45:52.380848+00:00 counts=[[97, 97, 97], [0, 0, 0]] degree=512 index=97 op=0 state=0x52554e21
2026-09-09T02:46:52.397650+00:00 counts=[[100, 100, 100], [0, 0, 0]] degree=1024 index=0 op=0 state=0x52554e21
2026-09-09T02:47:52.417793+00:00 counts=[[100, 100, 100], [0, 0, 0]] degree=1024 index=0 op=0 state=0x52554e21
2026-09-09T02:48:52.441631+00:00 counts=[[100, 100, 100], [1, 1, 1]] degree=1024 index=1 op=0 state=0x52554e21
2026-09-09T02:49:52.459583+00:00 counts=[[100, 100, 100], [2, 2, 2]] degree=1024 index=2 op=0 state=0x52554e21
2026-09-09T02:50:52.479068+00:00 counts=[[100, 100, 100], [3, 3, 3]] degree=1024 index=3 op=0 state=0x52554e21
2026-09-09T02:51:52.499964+00:00 counts=[[100, 100, 100], [4, 4, 4]] degree=1024 index=4 op=0 state=0x52554e21
2026-09-09T02:52:52.523333+00:00 counts=[[100, 100, 100], [5, 5, 5]] degree=1024 index=5 op=0 state=0x52554e21
2026-09-09T02:53:52.539136+00:00 counts=[[100, 100, 100], [5, 5, 5]] degree=1024 index=5 op=0 state=0x52554e21
2026-09-09T02:54:52.560048+00:00 counts=[[100, 100, 100], [6, 6, 6]] degree=1024 index=6 op=0 state=0x52554e21
2026-09-09T02:55:52.575312+00:00 counts=[[100, 100, 100], [6, 6, 6]] degree=1024 index=6 op=0 state=0x52554e21
2026-09-09T02:56:52.594524+00:00 counts=[[100, 100, 100], [8, 7, 7]] degree=1024 index=7 op=1 state=0x52554e21
2026-09-09T02:57:52.609923+00:00 counts=[[100, 100, 100], [8, 8, 8]] degree=1024 index=8 op=0 state=0x52554e21
2026-09-09T02:58:52.626321+00:00 counts=[[100, 100, 100], [10, 9, 9]] degree=1024 index=9 op=1 state=0x52554e21
2026-09-09T02:59:52.650968+00:00 counts=[[100, 100, 100], [11, 11, 11]] degree=1024 index=11 op=0 state=0x52554e21
2026-09-09T03:00:52.675398+00:00 counts=[[100, 100, 100], [11, 11, 11]] degree=1024 index=11 op=0 state=0x52554e21
2026-09-09T03:01:52.690077+00:00 counts=[[100, 100, 100], [13, 13, 13]] degree=1024 index=13 op=0 state=0x52554e21
2026-09-09T03:02:52.710058+00:00 counts=[[100, 100, 100], [14, 14, 14]] degree=1024 index=14 op=0 state=0x52554e21
2026-09-09T03:03:52.733497+00:00 counts=[[100, 100, 100], [15, 15, 15]] degree=1024 index=15 op=0 state=0x52554e21
2026-09-09T03:04:52.751345+00:00 counts=[[100, 100, 100], [16, 16, 16]] degree=1024 index=16 op=0 state=0x52554e21
2026-09-09T03:05:52.772477+00:00 counts=[[100, 100, 100], [17, 17, 17]] degree=1024 index=17 op=0 state=0x52554e21
2026-09-09T03:06:52.796483+00:00 counts=[[100, 100, 100], [18, 18, 18]] degree=1024 index=18 op=0 state=0x52554e21
2026-09-09T03:07:52.821275+00:00 counts=[[100, 100, 100], [19, 19, 19]] degree=1024 index=19 op=0 state=0x52554e21
2026-09-09T03:08:52.842828+00:00 counts=[[100, 100, 100], [20, 20, 20]] degree=1024 index=20 op=0 state=0x52554e21
2026-09-09T03:09:52.867018+00:00 counts=[[100, 100, 100], [22, 21, 21]] degree=1024 index=21 op=1 state=0x52554e21
2026-09-09T03:10:52.882927+00:00 counts=[[100, 100, 100], [22, 22, 22]] degree=1024 index=22 op=0 state=0x52554e21
2026-09-09T03:11:52.820700+00:00 counts=[[100, 100, 100], [23, 23, 23]] degree=1024 index=23 op=0 state=0x52554e21
2026-09-09T03:12:52.839726+00:00 counts=[[100, 100, 100], [24, 23, 23]] degree=1024 index=23 op=0 state=0x52554e21
2026-09-09T03:13:52.852555+00:00 counts=[[100, 100, 100], [25, 25, 25]] degree=1024 index=25 op=0 state=0x52554e21
2026-09-09T03:14:52.869692+00:00 counts=[[100, 100, 100], [25, 25, 25]] degree=1024 index=25 op=0 state=0x52554e21
2026-09-09T03:15:52.893263+00:00 counts=[[100, 100, 100], [25, 25, 25]] degree=1024 index=25 op=0 state=0x52554e21
2026-09-09T03:16:52.913878+00:00 counts=[[100, 100, 100], [26, 26, 26]] degree=1024 index=26 op=0 state=0x52554e21
2026-09-09T03:17:52.935330+00:00 counts=[[100, 100, 100], [27, 27, 27]] degree=1024 index=27 op=0 state=0x52554e21
2026-09-09T03:18:52.958728+00:00 counts=[[100, 100, 100], [28, 28, 28]] degree=1024 index=28 op=0 state=0x52554e21
2026-09-09T03:19:52.977030+00:00 counts=[[100, 100, 100], [30, 30, 30]] degree=1024 index=30 op=0 state=0x52554e21
2026-09-09T03:20:52.995620+00:00 counts=[[100, 100, 100], [31, 31, 31]] degree=1024 index=31 op=0 state=0x52554e21
2026-09-09T03:21:53.017623+00:00 counts=[[100, 100, 100], [32, 32, 32]] degree=1024 index=32 op=0 state=0x52554e21
2026-09-09T03:22:53.039560+00:00 counts=[[100, 100, 100], [33, 33, 33]] degree=1024 index=33 op=0 state=0x52554e21
2026-09-09T03:23:53.059355+00:00 counts=[[100, 100, 100], [34, 34, 34]] degree=1024 index=34 op=0 state=0x52554e21
2026-09-09T03:24:53.073830+00:00 counts=[[100, 100, 100], [35, 35, 35]] degree=1024 index=35 op=0 state=0x52554e21
2026-09-09T03:25:53.093024+00:00 counts=[[100, 100, 100], [36, 36, 36]] degree=1024 index=36 op=0 state=0x52554e21
2026-09-09T03:26:53.106208+00:00 counts=[[100, 100, 100], [37, 37, 37]] degree=1024 index=37 op=0 state=0x52554e21
2026-09-09T03:27:53.131167+00:00 counts=[[100, 100, 100], [38, 38, 38]] degree=1024 index=38 op=0 state=0x52554e21
2026-09-09T03:28:53.154453+00:00 counts=[[100, 100, 100], [38, 38, 38]] degree=1024 index=38 op=0 state=0x52554e21
2026-09-09T03:29:53.177735+00:00 counts=[[100, 100, 100], [39, 39, 39]] degree=1024 index=39 op=0 state=0x52554e21
2026-09-09T03:30:53.200768+00:00 counts=[[100, 100, 100], [40, 40, 40]] degree=1024 index=40 op=0 state=0x52554e21
2026-09-09T03:31:53.223880+00:00 counts=[[100, 100, 100], [41, 41, 41]] degree=1024 index=41 op=0 state=0x52554e21
2026-09-09T03:32:53.245375+00:00 counts=[[100, 100, 100], [42, 42, 42]] degree=1024 index=42 op=0 state=0x52554e21
2026-09-09T03:33:53.264942+00:00 counts=[[100, 100, 100], [42, 42, 42]] degree=1024 index=42 op=0 state=0x52554e21
2026-09-09T03:34:53.278339+00:00 counts=[[100, 100, 100], [43, 42, 42]] degree=1024 index=42 op=1 state=0x52554e21
2026-09-09T03:35:53.301030+00:00 counts=[[100, 100, 100], [43, 43, 43]] degree=1024 index=43 op=0 state=0x52554e21
2026-09-09T03:36:53.318681+00:00 counts=[[100, 100, 100], [45, 44, 44]] degree=1024 index=44 op=1 state=0x52554e21
2026-09-09T03:37:53.337057+00:00 counts=[[100, 100, 100], [45, 45, 45]] degree=1024 index=45 op=0 state=0x52554e21
2026-09-09T03:38:53.351494+00:00 counts=[[100, 100, 100], [46, 46, 46]] degree=1024 index=46 op=0 state=0x52554e21
2026-09-09T03:39:53.366596+00:00 counts=[[100, 100, 100], [48, 47, 47]] degree=1024 index=47 op=1 state=0x52554e21
2026-09-09T03:40:53.388232+00:00 counts=[[100, 100, 100], [49, 49, 49]] degree=1024 index=49 op=0 state=0x52554e21
2026-09-09T03:41:53.404712+00:00 counts=[[100, 100, 100], [50, 50, 50]] degree=1024 index=50 op=0 state=0x52554e21
2026-09-09T03:42:53.417513+00:00 counts=[[100, 100, 100], [51, 51, 51]] degree=1024 index=51 op=0 state=0x52554e21
2026-09-09T03:43:53.424998+00:00 counts=[[100, 100, 100], [52, 52, 52]] degree=1024 index=52 op=0 state=0x52554e21
2026-09-09T03:44:53.441587+00:00 counts=[[100, 100, 100], [53, 52, 52]] degree=1024 index=52 op=1 state=0x52554e21
2026-09-09T03:45:53.459733+00:00 counts=[[100, 100, 100], [54, 54, 54]] degree=1024 index=54 op=0 state=0x52554e21
2026-09-09T03:46:53.474337+00:00 counts=[[100, 100, 100], [55, 55, 55]] degree=1024 index=55 op=0 state=0x52554e21
2026-09-09T03:47:53.491831+00:00 counts=[[100, 100, 100], [56, 56, 56]] degree=1024 index=56 op=0 state=0x52554e21
2026-09-09T03:48:53.512300+00:00 counts=[[100, 100, 100], [58, 57, 57]] degree=1024 index=57 op=1 state=0x52554e21
2026-09-09T03:49:53.533298+00:00 counts=[[100, 100, 100], [58, 58, 58]] degree=1024 index=58 op=0 state=0x52554e21
2026-09-09T03:50:53.548178+00:00 counts=[[100, 100, 100], [59, 59, 59]] degree=1024 index=59 op=0 state=0x52554e21
2026-09-09T03:51:53.572120+00:00 counts=[[100, 100, 100], [60, 60, 60]] degree=1024 index=60 op=0 state=0x52554e21
2026-09-09T03:52:53.590168+00:00 counts=[[100, 100, 100], [60, 60, 60]] degree=1024 index=60 op=0 state=0x52554e21
2026-09-09T03:53:53.612753+00:00 counts=[[100, 100, 100], [61, 61, 61]] degree=1024 index=61 op=0 state=0x52554e21
2026-09-09T03:54:53.627777+00:00 counts=[[100, 100, 100], [63, 63, 62]] degree=1024 index=62 op=2 state=0x52554e21
2026-09-09T03:55:53.642141+00:00 counts=[[100, 100, 100], [64, 64, 64]] degree=1024 index=64 op=0 state=0x52554e21
2026-09-09T03:56:53.665056+00:00 counts=[[100, 100, 100], [64, 64, 64]] degree=1024 index=64 op=0 state=0x52554e21
2026-09-09T03:57:53.685740+00:00 counts=[[100, 100, 100], [65, 65, 65]] degree=1024 index=65 op=0 state=0x52554e21
2026-09-09T03:58:53.709380+00:00 counts=[[100, 100, 100], [65, 65, 65]] degree=1024 index=65 op=0 state=0x52554e21
2026-09-09T03:59:53.730361+00:00 counts=[[100, 100, 100], [66, 66, 66]] degree=1024 index=66 op=0 state=0x52554e21
2026-09-09T04:00:53.754127+00:00 counts=[[100, 100, 100], [67, 67, 67]] degree=1024 index=67 op=0 state=0x52554e21
2026-09-09T04:01:53.774186+00:00 counts=[[100, 100, 100], [68, 67, 67]] degree=1024 index=67 op=1 state=0x52554e21
2026-09-09T04:02:53.794404+00:00 counts=[[100, 100, 100], [69, 69, 69]] degree=1024 index=69 op=0 state=0x52554e21
2026-09-09T04:03:53.808772+00:00 counts=[[100, 100, 100], [70, 69, 69]] degree=1024 index=69 op=1 state=0x52554e21
2026-09-09T04:04:53.824088+00:00 counts=[[100, 100, 100], [71, 71, 71]] degree=1024 index=71 op=0 state=0x52554e21
2026-09-09T04:05:53.843231+00:00 counts=[[100, 100, 100], [71, 71, 71]] degree=1024 index=71 op=0 state=0x52554e21
2026-09-09T04:06:53.861238+00:00 counts=[[100, 100, 100], [72, 71, 71]] degree=1024 index=71 op=1 state=0x52554e21
2026-09-09T04:07:53.884857+00:00 counts=[[100, 100, 100], [73, 73, 73]] degree=1024 index=73 op=0 state=0x52554e21
2026-09-09T04:08:53.902845+00:00 counts=[[100, 100, 100], [74, 74, 74]] degree=1024 index=74 op=0 state=0x52554e21
2026-09-09T04:09:53.925541+00:00 counts=[[100, 100, 100], [75, 75, 75]] degree=1024 index=75 op=0 state=0x52554e21
2026-09-09T04:10:53.942770+00:00 counts=[[100, 100, 100], [75, 75, 75]] degree=1024 index=75 op=0 state=0x52554e21
2026-09-09T04:11:53.966660+00:00 counts=[[100, 100, 100], [76, 76, 76]] degree=1024 index=76 op=0 state=0x52554e21
2026-09-09T04:12:53.987159+00:00 counts=[[100, 100, 100], [76, 76, 76]] degree=1024 index=76 op=0 state=0x52554e21
2026-09-09T04:13:54.003259+00:00 counts=[[100, 100, 100], [77, 77, 77]] degree=1024 index=77 op=0 state=0x52554e21
2026-09-09T04:14:54.018186+00:00 counts=[[100, 100, 100], [77, 77, 77]] degree=1024 index=77 op=0 state=0x52554e21
2026-09-09T04:15:54.033189+00:00 counts=[[100, 100, 100], [79, 79, 79]] degree=1024 index=79 op=0 state=0x52554e21
2026-09-09T04:16:54.056523+00:00 counts=[[100, 100, 100], [80, 79, 79]] degree=1024 index=79 op=1 state=0x52554e21
2026-09-09T04:17:54.071195+00:00 counts=[[100, 100, 100], [80, 80, 80]] degree=1024 index=80 op=0 state=0x52554e21
2026-09-09T04:18:54.093411+00:00 counts=[[100, 100, 100], [82, 82, 82]] degree=1024 index=82 op=0 state=0x52554e21
2026-09-09T04:19:54.115065+00:00 counts=[[100, 100, 100], [83, 83, 83]] degree=1024 index=83 op=0 state=0x52554e21
2026-09-09T04:20:54.126389+00:00 counts=[[100, 100, 100], [84, 83, 83]] degree=1024 index=83 op=1 state=0x52554e21
2026-09-09T04:21:54.146127+00:00 counts=[[100, 100, 100], [85, 84, 84]] degree=1024 index=84 op=1 state=0x52554e21
2026-09-09T04:22:54.162749+00:00 counts=[[100, 100, 100], [86, 86, 86]] degree=1024 index=86 op=0 state=0x52554e21
2026-09-09T04:23:54.217257+00:00 counts=[[100, 100, 100], [87, 87, 87]] degree=1024 index=87 op=0 state=0x52554e21
2026-09-09T04:24:54.237077+00:00 counts=[[100, 100, 100], [88, 88, 88]] degree=1024 index=88 op=0 state=0x52554e21
2026-09-09T04:25:54.252127+00:00 counts=[[100, 100, 100], [90, 89, 89]] degree=1024 index=89 op=1 state=0x52554e21
2026-09-09T04:26:54.272599+00:00 counts=[[100, 100, 100], [91, 90, 90]] degree=1024 index=90 op=1 state=0x52554e21
2026-09-09T04:27:54.290012+00:00 counts=[[100, 100, 100], [92, 92, 92]] degree=1024 index=92 op=0 state=0x52554e21
2026-09-09T04:28:54.305326+00:00 counts=[[100, 100, 100], [93, 93, 93]] degree=1024 index=93 op=0 state=0x52554e21
2026-09-09T04:29:54.329590+00:00 counts=[[100, 100, 100], [94, 94, 94]] degree=1024 index=94 op=0 state=0x52554e21
2026-09-09T04:30:54.342686+00:00 counts=[[100, 100, 100], [94, 94, 94]] degree=1024 index=94 op=0 state=0x52554e21
2026-09-09T04:31:54.357298+00:00 counts=[[100, 100, 100], [95, 95, 95]] degree=1024 index=95 op=0 state=0x52554e21
2026-09-09T04:32:54.374867+00:00 counts=[[100, 100, 100], [95, 95, 95]] degree=1024 index=95 op=0 state=0x52554e21
2026-09-09T04:33:54.397166+00:00 counts=[[100, 100, 100], [96, 96, 96]] degree=1024 index=96 op=0 state=0x52554e21
2026-09-09T04:34:54.412616+00:00 counts=[[100, 100, 100], [97, 97, 97]] degree=1024 index=97 op=0 state=0x52554e21
2026-09-09T04:35:54.436978+00:00 counts=[[100, 100, 100], [99, 99, 99]] degree=1024 index=99 op=0 state=0x52554e21
2026-09-09T04:36:54.451851+00:00 counts=[[100, 100, 100], [99, 99, 99]] degree=1024 index=99 op=0 state=0x52554e21
2026-09-09T04:37:54.469076+00:00 counts=[[100, 100, 100], [100, 100, 100]] degree=1024 index=99 op=2 state=0x600d0000
2026-09-09T04:37:54.477884+00:00 OpenOCD: halt
2026-09-09T04:37:54.915703+00:00 DONE: 600 samples validated; output digests match host; SRAM-only experiment complete.
2026-09-09T04:37:54.917329+00:00 OpenOCD: halt
2026-09-09T04:37:54.918078+00:00 OpenOCD: shutdown
