{
  "m55_source_head": "a5f15894bf1a68017074650d5298cecf9bb29a79",
  "m4_source_head": "a5f15894bf1a68017074650d5298cecf9bb29a79",
  "source_differences": [
    "inner.h"
  ],
  "crypto_translation_units": 23,
  "crypto_final_optimization": "-O3",
  "all_5_m4_assembly_files_enabled": true,
  "upstream_opt1_config_differences": [
    "CONFIG_FIPS202_MVE_BACKEND absent"
  ],
  "artifact_only_change": "build.sh discards the generated gap-filled flat BIN; sparse ELF/HEX retained",
  "memory_layout_deviation": "Local linker: vectors/text ITCM; global rodata, Zephyr tables, data LMA/VMA, BSS and stack DTCM. Inline text literal pools remain ITCM.",
  "linker_generator_sha256": "7c637a878cd75b223ce1acf13cb24efbff7b204027782638821bb5e94c373087",
  "startup_adapter_sha256": "9970b18f9ff120116e6d917f7e3ca8be344181515d3d975f9394ac47be1ed0f6",
  "startup_deviation": "Wrapped early DTCM scrub preserves direct-loaded constant/data prefix; aligned STRD still initializes BSS/noinit/stack/remainder. ECC remains enabled.",
  "generated_linker_sha256": "4de97733aab7bc8680c0aa9caef321c6743a916092bf20dce05051ad77de58e8",
  "load_segments": [
    {
      "vaddr": "0x10000000",
      "paddr": "0x10000000",
      "memory_bytes": 95484,
      "file_bytes": 95484
    },
    {
      "vaddr": "0x30000000",
      "paddr": "0x30000000",
      "memory_bytes": 52928,
      "file_bytes": 52920
    },
    {
      "vaddr": "0x3000cec0",
      "paddr": "0x3000cec0",
      "memory_bytes": 160224,
      "file_bytes": 144
    }
  ],
  "sections": [
    {
      "name": "rom_start",
      "address": "0x10000000",
      "bytes": 812,
      "code": true
    },
    {
      "name": "text",
      "address": "0x10000330",
      "bytes": 94668,
      "code": true
    },
    {
      "name": ".ARM.exidx",
      "address": "0x30000000",
      "bytes": 8,
      "code": false
    },
    {
      "name": "initlevel",
      "address": "0x30000008",
      "bytes": 200,
      "code": false
    },
    {
      "name": "device_area",
      "address": "0x300000d0",
      "bytes": 616,
      "code": false
    },
    {
      "name": "sw_isr_table",
      "address": "0x30000338",
      "bytes": 1496,
      "code": false
    },
    {
      "name": "gpio_driver_api_area",
      "address": "0x30000910",
      "bytes": 36,
      "code": false
    },
    {
      "name": "reset_driver_api_area",
      "address": "0x30000934",
      "bytes": 16,
      "code": false
    },
    {
      "name": "clock_control_driver_api_area",
      "address": "0x30000944",
      "bytes": 28,
      "code": false
    },
    {
      "name": "otp_driver_api_area",
      "address": "0x30000960",
      "bytes": 4,
      "code": false
    },
    {
      "name": "uart_driver_api_area",
      "address": "0x30000964",
      "bytes": 20,
      "code": false
    },
    {
      "name": "rodata",
      "address": "0x30000980",
      "bytes": 50488,
      "code": false
    },
    {
      "name": ".ramfunc",
      "address": "0x3000ceb8",
      "bytes": 8,
      "code": false
    },
    {
      "name": "datas",
      "address": "0x3000cec0",
      "bytes": 76,
      "code": false
    },
    {
      "name": "device_states",
      "address": "0x3000cf0c",
      "bytes": 44,
      "code": false
    },
    {
      "name": "k_mutex_area",
      "address": "0x3000cf38",
      "bytes": 20,
      "code": false
    },
    {
      "name": ".last_section",
      "address": "0x3000cf4c",
      "bytes": 4,
      "code": false
    },
    {
      "name": "bss",
      "address": "0x3000cf60",
      "bytes": 92155,
      "code": false
    },
    {
      "name": "noinit",
      "address": "0x30023760",
      "bytes": 67904,
      "code": false
    }
  ],
  "all_executable_in_itcm": true,
  "all_global_rodata_in_dtcm": true,
  "all_data_and_stacks_in_dtcm": true,
  "bootargs_handoff_outside_elf": "0x340b0000, 64 KiB AXISRAM; upstream runner",
  "mve_static_instruction_sites_present": true,
  "mve_note": "Compiler-generated MVE is present; this baseline is not nomve. Static counts are NOT runtime operation proportions.",
  "elf_sha256": "c415762b0c572db02f144fb77ac78a02e8af571544faab2dfa4334a5dfe1b65f",
  "config_sha256": "29add21e434a3054715e66a9711d44653b8362c0370b249dfbfd5744d14eb0ca",
  "benchmark_sha256": "f5f000443bbac71a16d2f601ecf39fada02f5b236cc8fbc2d54ffdb798e5acac"
}
