2026-09-09T02:01:50.715137+00:00 OpenOCD: halt
2026-09-09T02:01:50.717980+00:00 OpenOCD: reset halt
2026-09-09T02:01:50.852221+00:00 OpenOCD: load_image {/Users/seungwon/FALCON/fn-dsa_m55/measurement_controlled/build/firmware.bin} 0x34180400 bin
2026-09-09T02:01:51.663875+00:00 110316 bytes written at address 0x34180400
downloaded 110316 bytes in 0.810000s (133.001 KiB/s)
2026-09-09T02:01:51.664747+00:00 OpenOCD: verify_image {/Users/seungwon/FALCON/fn-dsa_m55/measurement_controlled/build/firmware.bin} 0x34180400 bin
2026-09-09T02:01:52.481593+00:00 verified 110316 bytes in 0.817000s (131.861 KiB/s)
2026-09-09T02:01:52.481742+00:00 OpenOCD: reg sp 0x341ff000
2026-09-09T02:01:52.482085+00:00 sp (/32): 0x341ff000
2026-09-09T02:01:52.482159+00:00 OpenOCD: reg msp 0x341ff000
2026-09-09T02:01:52.482281+00:00 msp (/32): 0x341ff000
2026-09-09T02:01:52.482331+00:00 OpenOCD: reg psp 0x341ff000
2026-09-09T02:01:52.482439+00:00 psp (/32): 0x341ff000
2026-09-09T02:01:52.482522+00:00 OpenOCD: reg xpsr 0x01000000
2026-09-09T02:01:52.482628+00:00 xpsr (/32): 0x01000000
2026-09-09T02:01:52.482678+00:00 OpenOCD: reg primask 0x00000000
2026-09-09T02:01:52.482774+00:00 primask (/1): 0x00
2026-09-09T02:01:52.482834+00:00 OpenOCD: reg basepri 0x00000000
2026-09-09T02:01:52.482930+00:00 basepri (/8): 0x00
2026-09-09T02:01:52.482979+00:00 OpenOCD: reg faultmask 0x00000000
2026-09-09T02:01:52.483080+00:00 faultmask (/1): 0x00
2026-09-09T02:01:52.483179+00:00 OpenOCD: reg control 0x00000000
2026-09-09T02:01:52.483296+00:00 control (/3): 0x00
2026-09-09T02:01:52.483346+00:00 OpenOCD: resume 0x3418dcbc
2026-09-09T02:03:48.115466+00:00 READY: both warmups, output SHAKE256 digests, tampered-signature rejection, clocks and cache settings passed.
2026-09-09T02:03:48.116515+00:00 clock probe: {"elapsed_seconds": 3.0114639789999913, "observed_cycles": 72281420, "inferred_hz": 24002086.860093307, "read_time_uncertainty_seconds": 0.0014084379999985686}
2026-09-09T02:03:48.441303+00:00 OpenOCD: write_memory 0x341ff088 32 {0x474f3130}
2026-09-09T02:03:48.445695+00:00 counts=[[0, 0, 0], [0, 0, 0]] degree=512 index=0 op=0 state=0x52554e21
2026-09-09T02:04:48.463202+00:00 counts=[[3, 3, 3], [0, 0, 0]] degree=512 index=3 op=0 state=0x52554e21
2026-09-09T02:05:48.480678+00:00 counts=[[7, 7, 7], [0, 0, 0]] degree=512 index=7 op=0 state=0x52554e21
2026-09-09T02:06:48.501831+00:00 counts=[[11, 11, 11], [0, 0, 0]] degree=512 index=11 op=0 state=0x52554e21
2026-09-09T02:07:48.522327+00:00 counts=[[15, 15, 15], [0, 0, 0]] degree=512 index=15 op=0 state=0x52554e21
2026-09-09T02:08:48.540887+00:00 counts=[[18, 18, 18], [0, 0, 0]] degree=512 index=18 op=0 state=0x52554e21
2026-09-09T02:09:07.702870+00:00 OpenOCD: halt
2026-09-09T02:09:07.732164+00:00 OpenOCD: dump_image {/Users/seungwon/FALCON/fn-dsa_m55/measurement_controlled/logs/pilot_mailbox.bin} 0x341ff000 2768
2026-09-09T02:09:07.755065+00:00 dumped 2768 bytes in 0.023000s (117.527 KiB/s)
2026-09-09T02:09:13.111427+00:00 OpenOCD: halt
2026-09-09T02:09:13.112266+00:00 OpenOCD: shutdown
2026-09-09T02:09:13.112449+00:00 cleanup: ValueError('not enough values to unpack (expected 2, got 1)')
