-- Found Python3: /Users/seungwon/FALCON/fn-dsa_m55/measurement_mlkem_native/env/build-venv/bin/python3.12 (found version "3.12.14") found components: Interpreter
Loading Zephyr default modules (Zephyr base).
-- Application: /Users/seungwon/FALCON/fn-dsa_m55/function_compare/midcheck_ntt_fft
-- CMake version: 3.31.6
-- Found Python3: /Users/seungwon/FALCON/fn-dsa_m55/measurement_mlkem_native/env/build-venv/bin/python3.12 (found suitable version "3.12.14", minimum required is "3.12") found components: Interpreter
-- Cache files will be written to: /Users/seungwon/FALCON/fn-dsa_m55/measurement_mlkem_native/env/zephyr-4.4.1/.cache
-- Zephyr version: 4.4.1 (/Users/seungwon/FALCON/fn-dsa_m55/measurement_mlkem_native/env/zephyr-4.4.1)
-- Board: nucleo_n657x0_q, qualifiers: stm32n657xx
-- Found toolchain: gnuarmemb (/Users/seungwon/FALCON/fn-dsa_m55/measurement_mlkem_native/env/arm-gnu-toolchain-15.2.rel1-darwin-arm64-arm-none-eabi)
-- Could NOT find Dtc (missing: DTC) (Required is at least version "1.4.6")
Hint: The project() command has not yet been called.  It sets up system-specific search paths.
-- Found BOARD.dts: /Users/seungwon/FALCON/fn-dsa_m55/measurement_mlkem_native/env/zephyr-4.4.1/boards/st/nucleo_n657x0_q/nucleo_n657x0_q.dts
-- Found devicetree overlay: /Users/seungwon/FALCON/fn-dsa_m55/measurement_mlkem_native/env/mlkem-native-637d076aa113d8faaec2277ed4a46b657acaf35f/test/zephyr/app/nucleo_n657x0_q.overlay
-- Generated zephyr.dts: /Users/seungwon/FALCON/fn-dsa_m55/function_compare/midcheck_ntt_fft/build/full_profile/zephyr/zephyr.dts
-- Generated pickled edt: /Users/seungwon/FALCON/fn-dsa_m55/function_compare/midcheck_ntt_fft/build/full_profile/zephyr/edt.pickle
-- Generated devicetree_generated.h: /Users/seungwon/FALCON/fn-dsa_m55/function_compare/midcheck_ntt_fft/build/full_profile/zephyr/include/generated/zephyr/devicetree_generated.h
Parsing /Users/seungwon/FALCON/fn-dsa_m55/measurement_mlkem_native/env/zephyr-4.4.1/Kconfig
Loaded configuration '/Users/seungwon/FALCON/fn-dsa_m55/function_compare/midcheck_ntt_fft/build/full_profile/zephyr/.config'
No change to configuration in '/Users/seungwon/FALCON/fn-dsa_m55/function_compare/midcheck_ntt_fft/build/full_profile/zephyr/.config'
No change to Kconfig header in '/Users/seungwon/FALCON/fn-dsa_m55/function_compare/midcheck_ntt_fft/build/full_profile/zephyr/include/generated/zephyr/autoconf.h'
-- Found GnuLd: /Users/seungwon/FALCON/fn-dsa_m55/measurement_mlkem_native/env/arm-gnu-toolchain-15.2.rel1-darwin-arm64-arm-none-eabi/arm-none-eabi/bin/ld.bfd (found version "2.45.1")
-- The C compiler identification is GNU 15.2.1
-- The CXX compiler identification is GNU 15.2.1
-- The ASM compiler identification is GNU
-- Found assembler: /Users/seungwon/FALCON/fn-dsa_m55/measurement_mlkem_native/env/arm-gnu-toolchain-15.2.rel1-darwin-arm64-arm-none-eabi/bin/arm-none-eabi-gcc
CMake Warning at /Users/seungwon/FALCON/fn-dsa_m55/measurement_mlkem_native/env/zephyr-4.4.1/CMakeLists.txt:688 (message):
  
  ZEPHYR_BASE=/Users/seungwon/FALCON/fn-dsa_m55/measurement_mlkem_native/env/zephyr-4.4.1
  doesn't appear to be a git repository, please specify
  '-DBUILD_VERSION=<version>'


CMake Warning at /Users/seungwon/FALCON/fn-dsa_m55/measurement_mlkem_native/env/zephyr-4.4.1/soc/st/stm32/stm32n6x/CMakeLists.txt:31 (message):
  

        Signing Image tool (STM32_SigningTool_CLI) is not available.
        Signed image will not be generated.
        You won't be able to run application on the board.
        Refer to board documentation for more information.
      


-- Found gen_kobject_list: /Users/seungwon/FALCON/fn-dsa_m55/measurement_mlkem_native/env/zephyr-4.4.1/scripts/build/gen_kobject_list.py
CMake Warning at /Users/seungwon/FALCON/fn-dsa_m55/measurement_mlkem_native/env/zephyr-4.4.1/CMakeLists.txt:1081 (message):
  No SOURCES given to Zephyr library: drivers__console

  Excluding target from build.


-- Configuring done (5.8s)
-- Generating done (0.3s)
-- Build files have been written to: /Users/seungwon/FALCON/fn-dsa_m55/function_compare/midcheck_ntt_fft/build/full_profile
[1/219] Preparing syscall dependency handling

[2/219] Generating include/generated/zephyr/version.h
-- Zephyr version: 4.4.1 (/Users/seungwon/FALCON/fn-dsa_m55/measurement_mlkem_native/env/zephyr-4.4.1), build: 83a4252f796e
[3/219] Generating misc/generated/syscalls_subdirs.trigger
[4/219] Generating misc/generated/syscalls.json, misc/generated/struct_tags.json
[5/219] Generating include/generated/device-api-sections.ld, include/generated/device-api-sections.cmake
[6/219] Generating include/generated/zephyr/syscall_dispatch.c, include/generated/zephyr/syscall_exports_llext.c, syscall_weakdefs_llext.c, include/generated/zephyr/syscall_list.h
[7/219] Generating include/generated/zephyr/driver-validation.h
[8/219] Generating include/generated/zephyr/kobj-types-enum.h, include/generated/zephyr/otype-to-str.h, include/generated/zephyr/otype-to-size.h
[9/219] Building C object zephyr/lib/heap/CMakeFiles/heap_constants.dir/heap_constants.c.obj
[10/219] Generating ../../include/generated/zephyr/heap_constants.h
[11/219] Building C object zephyr/CMakeFiles/offsets.dir/arch/arm/core/offsets/offsets.c.obj
[12/219] Generating include/generated/zephyr/offsets.h
[13/219] Generating ../../../include/generated/libc/minimal/strerror_table.h
[14/219] Building C object CMakeFiles/app.dir/variants/full/sha3.c.obj
In file included from /Users/seungwon/FALCON/fn-dsa_m55/function_compare/midcheck_ntt_fft/variants/full/inner.h:6,
                 from /Users/seungwon/FALCON/fn-dsa_m55/function_compare/midcheck_ntt_fft/variants/full/sha3.c:5:
/Users/seungwon/FALCON/fn-dsa_m55/function_compare/midcheck_ntt_fft/variants/full/fndsa.h:201:1: warning: 'fndsa_hashed_vrfykey_from_signkey' defined but not used [-Wunused-function]
  201 | fndsa_hashed_vrfykey_from_signkey(const void *sign_key, size_t sign_key_len)
      | ^~~~~~~~~~~~~~~~~~~~~~~~~~~~~~~~~
[15/219] Building C object CMakeFiles/app.dir/variants/full/codec.c.obj
In file included from /Users/seungwon/FALCON/fn-dsa_m55/function_compare/midcheck_ntt_fft/variants/full/inner.h:6,
                 from /Users/seungwon/FALCON/fn-dsa_m55/function_compare/midcheck_ntt_fft/variants/full/codec.c:5:
/Users/seungwon/FALCON/fn-dsa_m55/function_compare/midcheck_ntt_fft/variants/full/fndsa.h:201:1: warning: 'fndsa_hashed_vrfykey_from_signkey' defined but not used [-Wunused-function]
  201 | fndsa_hashed_vrfykey_from_signkey(const void *sign_key, size_t sign_key_len)
      | ^~~~~~~~~~~~~~~~~~~~~~~~~~~~~~~~~
[16/219] Building C object CMakeFiles/app.dir/variants/full/sysrng.c.obj
In file included from /Users/seungwon/FALCON/fn-dsa_m55/function_compare/midcheck_ntt_fft/variants/full/inner.h:6,
                 from /Users/seungwon/FALCON/fn-dsa_m55/function_compare/midcheck_ntt_fft/variants/full/sysrng.c:5:
/Users/seungwon/FALCON/fn-dsa_m55/function_compare/midcheck_ntt_fft/variants/full/fndsa.h:201:1: warning: 'fndsa_hashed_vrfykey_from_signkey' defined but not used [-Wunused-function]
  201 | fndsa_hashed_vrfykey_from_signkey(const void *sign_key, size_t sign_key_len)
      | ^~~~~~~~~~~~~~~~~~~~~~~~~~~~~~~~~
[17/219] Building C object CMakeFiles/app.dir/variants/full/mq.c.obj
In file included from /Users/seungwon/FALCON/fn-dsa_m55/function_compare/midcheck_ntt_fft/variants/full/inner.h:6,
                 from /Users/seungwon/FALCON/fn-dsa_m55/function_compare/midcheck_ntt_fft/variants/full/mq.c:5:
/Users/seungwon/FALCON/fn-dsa_m55/function_compare/midcheck_ntt_fft/variants/full/fndsa.h:201:1: warning: 'fndsa_hashed_vrfykey_from_signkey' defined but not used [-Wunused-function]
  201 | fndsa_hashed_vrfykey_from_signkey(const void *sign_key, size_t sign_key_len)
      | ^~~~~~~~~~~~~~~~~~~~~~~~~~~~~~~~~
[18/219] Building C object CMakeFiles/app.dir/variants/full/util.c.obj
In file included from /Users/seungwon/FALCON/fn-dsa_m55/function_compare/midcheck_ntt_fft/variants/full/inner.h:6,
                 from /Users/seungwon/FALCON/fn-dsa_m55/function_compare/midcheck_ntt_fft/variants/full/util.c:5:
/Users/seungwon/FALCON/fn-dsa_m55/function_compare/midcheck_ntt_fft/variants/full/fndsa.h:201:1: warning: 'fndsa_hashed_vrfykey_from_signkey' defined but not used [-Wunused-function]
  201 | fndsa_hashed_vrfykey_from_signkey(const void *sign_key, size_t sign_key_len)
      | ^~~~~~~~~~~~~~~~~~~~~~~~~~~~~~~~~
[19/219] Building C object zephyr/arch/common/CMakeFiles/isr_tables.dir/isr_tables.c.obj
[20/219] Building C object CMakeFiles/app.dir/variants/full/kgen_gauss.c.obj
In file included from /Users/seungwon/FALCON/fn-dsa_m55/function_compare/midcheck_ntt_fft/variants/full/inner.h:6,
                 from /Users/seungwon/FALCON/fn-dsa_m55/function_compare/midcheck_ntt_fft/variants/full/kgen_inner.h:10,
                 from /Users/seungwon/FALCON/fn-dsa_m55/function_compare/midcheck_ntt_fft/variants/full/kgen_gauss.c:5:
/Users/seungwon/FALCON/fn-dsa_m55/function_compare/midcheck_ntt_fft/variants/full/fndsa.h:201:1: warning: 'fndsa_hashed_vrfykey_from_signkey' defined but not used [-Wunused-function]
  201 | fndsa_hashed_vrfykey_from_signkey(const void *sign_key, size_t sign_key_len)
      | ^~~~~~~~~~~~~~~~~~~~~~~~~~~~~~~~~
[21/219] Building C object CMakeFiles/app.dir/variants/full/kgen.c.obj
In file included from /Users/seungwon/FALCON/fn-dsa_m55/function_compare/midcheck_ntt_fft/variants/full/inner.h:6,
                 from /Users/seungwon/FALCON/fn-dsa_m55/function_compare/midcheck_ntt_fft/variants/full/kgen_inner.h:10,
                 from /Users/seungwon/FALCON/fn-dsa_m55/function_compare/midcheck_ntt_fft/variants/full/kgen.c:5:
/Users/seungwon/FALCON/fn-dsa_m55/function_compare/midcheck_ntt_fft/variants/full/fndsa.h:201:1: warning: 'fndsa_hashed_vrfykey_from_signkey' defined but not used [-Wunused-function]
  201 | fndsa_hashed_vrfykey_from_signkey(const void *sign_key, size_t sign_key_len)
      | ^~~~~~~~~~~~~~~~~~~~~~~~~~~~~~~~~
[22/219] Building C object CMakeFiles/app.dir/variants/full/kgen_mp31.c.obj
In file included from /Users/seungwon/FALCON/fn-dsa_m55/function_compare/midcheck_ntt_fft/variants/full/inner.h:6,
                 from /Users/seungwon/FALCON/fn-dsa_m55/function_compare/midcheck_ntt_fft/variants/full/kgen_inner.h:10,
                 from /Users/seungwon/FALCON/fn-dsa_m55/function_compare/midcheck_ntt_fft/variants/full/kgen_mp31.c:5:
/Users/seungwon/FALCON/fn-dsa_m55/function_compare/midcheck_ntt_fft/variants/full/fndsa.h:201:1: warning: 'fndsa_hashed_vrfykey_from_signkey' defined but not used [-Wunused-function]
  201 | fndsa_hashed_vrfykey_from_signkey(const void *sign_key, size_t sign_key_len)
      | ^~~~~~~~~~~~~~~~~~~~~~~~~~~~~~~~~
[23/219] Building C object CMakeFiles/app.dir/instrumented/kgen_fxp.c.obj
In file included from /Users/seungwon/FALCON/fn-dsa_m55/function_compare/midcheck_ntt_fft/variants/full/inner.h:6,
                 from /Users/seungwon/FALCON/fn-dsa_m55/function_compare/midcheck_ntt_fft/variants/full/kgen_inner.h:10,
                 from /Users/seungwon/FALCON/fn-dsa_m55/function_compare/midcheck_ntt_fft/build/full_profile/instrumented/kgen_fxp.c:6:
/Users/seungwon/FALCON/fn-dsa_m55/function_compare/midcheck_ntt_fft/variants/full/fndsa.h:201:1: warning: 'fndsa_hashed_vrfykey_from_signkey' defined but not used [-Wunused-function]
  201 | fndsa_hashed_vrfykey_from_signkey(const void *sign_key, size_t sign_key_len)
      | ^~~~~~~~~~~~~~~~~~~~~~~~~~~~~~~~~
[24/219] Building C object CMakeFiles/app.dir/variants/full/kgen_zint31.c.obj
In file included from /Users/seungwon/FALCON/fn-dsa_m55/function_compare/midcheck_ntt_fft/variants/full/inner.h:6,
                 from /Users/seungwon/FALCON/fn-dsa_m55/function_compare/midcheck_ntt_fft/variants/full/kgen_inner.h:10,
                 from /Users/seungwon/FALCON/fn-dsa_m55/function_compare/midcheck_ntt_fft/variants/full/kgen_zint31.c:5:
/Users/seungwon/FALCON/fn-dsa_m55/function_compare/midcheck_ntt_fft/variants/full/fndsa.h:201:1: warning: 'fndsa_hashed_vrfykey_from_signkey' defined but not used [-Wunused-function]
  201 | fndsa_hashed_vrfykey_from_signkey(const void *sign_key, size_t sign_key_len)
      | ^~~~~~~~~~~~~~~~~~~~~~~~~~~~~~~~~
[25/219] Building C object CMakeFiles/app.dir/instrumented/kgen_ntru.c.obj
In file included from /Users/seungwon/FALCON/fn-dsa_m55/function_compare/midcheck_ntt_fft/variants/full/inner.h:6,
                 from /Users/seungwon/FALCON/fn-dsa_m55/function_compare/midcheck_ntt_fft/variants/full/kgen_inner.h:10,
                 from /Users/seungwon/FALCON/fn-dsa_m55/function_compare/midcheck_ntt_fft/build/full_profile/instrumented/kgen_ntru.c:6:
/Users/seungwon/FALCON/fn-dsa_m55/function_compare/midcheck_ntt_fft/variants/full/fndsa.h:201:1: warning: 'fndsa_hashed_vrfykey_from_signkey' defined but not used [-Wunused-function]
  201 | fndsa_hashed_vrfykey_from_signkey(const void *sign_key, size_t sign_key_len)
      | ^~~~~~~~~~~~~~~~~~~~~~~~~~~~~~~~~
[26/219] Building C object CMakeFiles/app.dir/instrumented/sign.c.obj
[27/219] Building C object CMakeFiles/app.dir/variants/full/sign_fpr.c.obj
In file included from /Users/seungwon/FALCON/fn-dsa_m55/function_compare/midcheck_ntt_fft/variants/full/inner.h:6,
                 from /Users/seungwon/FALCON/fn-dsa_m55/function_compare/midcheck_ntt_fft/variants/full/sign_inner.h:10,
                 from /Users/seungwon/FALCON/fn-dsa_m55/function_compare/midcheck_ntt_fft/variants/full/sign_fpr.c:5:
/Users/seungwon/FALCON/fn-dsa_m55/function_compare/midcheck_ntt_fft/variants/full/fndsa.h:201:1: warning: 'fndsa_hashed_vrfykey_from_signkey' defined but not used [-Wunused-function]
  201 | fndsa_hashed_vrfykey_from_signkey(const void *sign_key, size_t sign_key_len)
      | ^~~~~~~~~~~~~~~~~~~~~~~~~~~~~~~~~
[28/219] Building C object CMakeFiles/app.dir/instrumented/sign_core.c.obj
In file included from /Users/seungwon/FALCON/fn-dsa_m55/function_compare/midcheck_ntt_fft/variants/full/inner.h:6,
                 from /Users/seungwon/FALCON/fn-dsa_m55/function_compare/midcheck_ntt_fft/variants/full/sign_inner.h:10,
                 from /Users/seungwon/FALCON/fn-dsa_m55/function_compare/midcheck_ntt_fft/build/full_profile/instrumented/sign_probes.h:1,
                 from /Users/seungwon/FALCON/fn-dsa_m55/function_compare/midcheck_ntt_fft/build/full_profile/instrumented/sign_core.c:2:
/Users/seungwon/FALCON/fn-dsa_m55/function_compare/midcheck_ntt_fft/variants/full/fndsa.h:201:1: warning: 'fndsa_hashed_vrfykey_from_signkey' defined but not used [-Wunused-function]
  201 | fndsa_hashed_vrfykey_from_signkey(const void *sign_key, size_t sign_key_len)
      | ^~~~~~~~~~~~~~~~~~~~~~~~~~~~~~~~~
[29/219] Building C object CMakeFiles/app.dir/instrumented/kgen_poly.c.obj
In file included from /Users/seungwon/FALCON/fn-dsa_m55/function_compare/midcheck_ntt_fft/variants/full/inner.h:6,
                 from /Users/seungwon/FALCON/fn-dsa_m55/function_compare/midcheck_ntt_fft/variants/full/kgen_inner.h:10,
                 from /Users/seungwon/FALCON/fn-dsa_m55/function_compare/midcheck_ntt_fft/build/full_profile/instrumented/kgen_poly.c:6:
/Users/seungwon/FALCON/fn-dsa_m55/function_compare/midcheck_ntt_fft/variants/full/fndsa.h:201:1: warning: 'fndsa_hashed_vrfykey_from_signkey' defined but not used [-Wunused-function]
  201 | fndsa_hashed_vrfykey_from_signkey(const void *sign_key, size_t sign_key_len)
      | ^~~~~~~~~~~~~~~~~~~~~~~~~~~~~~~~~
[30/219] Building C object CMakeFiles/app.dir/instrumented/sign_fpoly.c.obj
In file included from /Users/seungwon/FALCON/fn-dsa_m55/function_compare/midcheck_ntt_fft/variants/full/inner.h:6,
                 from /Users/seungwon/FALCON/fn-dsa_m55/function_compare/midcheck_ntt_fft/variants/full/sign_inner.h:10,
                 from /Users/seungwon/FALCON/fn-dsa_m55/function_compare/midcheck_ntt_fft/build/full_profile/instrumented/sign_probes.h:1,
                 from /Users/seungwon/FALCON/fn-dsa_m55/function_compare/midcheck_ntt_fft/build/full_profile/instrumented/sign_fpoly.c:2:
/Users/seungwon/FALCON/fn-dsa_m55/function_compare/midcheck_ntt_fft/variants/full/fndsa.h:201:1: warning: 'fndsa_hashed_vrfykey_from_signkey' defined but not used [-Wunused-function]
  201 | fndsa_hashed_vrfykey_from_signkey(const void *sign_key, size_t sign_key_len)
      | ^~~~~~~~~~~~~~~~~~~~~~~~~~~~~~~~~
[31/219] Building C object CMakeFiles/app.dir/variants/full/vrfy.c.obj
In file included from /Users/seungwon/FALCON/fn-dsa_m55/function_compare/midcheck_ntt_fft/variants/full/inner.h:6,
                 from /Users/seungwon/FALCON/fn-dsa_m55/function_compare/midcheck_ntt_fft/variants/full/vrfy.c:5:
/Users/seungwon/FALCON/fn-dsa_m55/function_compare/midcheck_ntt_fft/variants/full/fndsa.h:201:1: warning: 'fndsa_hashed_vrfykey_from_signkey' defined but not used [-Wunused-function]
  201 | fndsa_hashed_vrfykey_from_signkey(const void *sign_key, size_t sign_key_len)
      | ^~~~~~~~~~~~~~~~~~~~~~~~~~~~~~~~~
[32/219] Building C object CMakeFiles/app.dir/instrumented/sign_sampler.c.obj
In file included from /Users/seungwon/FALCON/fn-dsa_m55/function_compare/midcheck_ntt_fft/variants/full/inner.h:6,
                 from /Users/seungwon/FALCON/fn-dsa_m55/function_compare/midcheck_ntt_fft/variants/full/sign_inner.h:10,
                 from /Users/seungwon/FALCON/fn-dsa_m55/function_compare/midcheck_ntt_fft/build/full_profile/instrumented/sign_probes.h:1,
                 from /Users/seungwon/FALCON/fn-dsa_m55/function_compare/midcheck_ntt_fft/build/full_profile/instrumented/sign_sampler.c:2:
/Users/seungwon/FALCON/fn-dsa_m55/function_compare/midcheck_ntt_fft/variants/full/fndsa.h:201:1: warning: 'fndsa_hashed_vrfykey_from_signkey' defined but not used [-Wunused-function]
  201 | fndsa_hashed_vrfykey_from_signkey(const void *sign_key, size_t sign_key_len)
      | ^~~~~~~~~~~~~~~~~~~~~~~~~~~~~~~~~
[33/219] Building C object CMakeFiles/app.dir/variants/full/kgen_fft_bridge.c.obj
In file included from /Users/seungwon/FALCON/fn-dsa_m55/function_compare/midcheck_ntt_fft/variants/full/inner.h:6,
                 from /Users/seungwon/FALCON/fn-dsa_m55/function_compare/midcheck_ntt_fft/variants/full/kgen_inner.h:10,
                 from /Users/seungwon/FALCON/fn-dsa_m55/function_compare/midcheck_ntt_fft/variants/full/kgen_ds.h:7,
                 from /Users/seungwon/FALCON/fn-dsa_m55/function_compare/midcheck_ntt_fft/variants/full/kgen_fft_bridge.c:5:
/Users/seungwon/FALCON/fn-dsa_m55/function_compare/midcheck_ntt_fft/variants/full/fndsa.h:201:1: warning: 'fndsa_hashed_vrfykey_from_signkey' defined but not used [-Wunused-function]
  201 | fndsa_hashed_vrfykey_from_signkey(const void *sign_key, size_t sign_key_len)
      | ^~~~~~~~~~~~~~~~~~~~~~~~~~~~~~~~~
[34/219] Building ASM object CMakeFiles/app.dir/variants/full/codec_cm4.s.obj
[35/219] Building ASM object CMakeFiles/app.dir/variants/full/kgen_fft_cm55.s.obj
[36/219] Building ASM object CMakeFiles/app.dir/variants/full/kgen_mp31_cm55.s.obj
[37/219] Building ASM object CMakeFiles/app.dir/variants/full/mq_cm55.s.obj
[38/219] Building ASM object CMakeFiles/app.dir/variants/full/sha3_cm4.s.obj
[39/219] Building ASM object CMakeFiles/app.dir/variants/full/sign_fft_cm55.s.obj
[40/219] Building ASM object CMakeFiles/app.dir/variants/full/sign_fpr_cm4.s.obj
[41/219] Building ASM object CMakeFiles/app.dir/variants/full/sign_ldl_cm55.s.obj
[42/219] Building ASM object CMakeFiles/app.dir/instrumented/sign_sampler_cm4.s.obj
[43/219] Building ASM object CMakeFiles/app.dir/variants/full/sign_split_merge_cm55.s.obj
[44/219] Building C object CMakeFiles/app.dir/variants/full/kgen_fft_mve.c.obj
In file included from /Users/seungwon/FALCON/fn-dsa_m55/function_compare/midcheck_ntt_fft/variants/full/inner.h:6,
                 from /Users/seungwon/FALCON/fn-dsa_m55/function_compare/midcheck_ntt_fft/variants/full/kgen_inner.h:10,
                 from /Users/seungwon/FALCON/fn-dsa_m55/function_compare/midcheck_ntt_fft/variants/full/kgen_ds.h:7,
                 from /Users/seungwon/FALCON/fn-dsa_m55/function_compare/midcheck_ntt_fft/variants/full/kgen_fft_mve.c:6:
/Users/seungwon/FALCON/fn-dsa_m55/function_compare/midcheck_ntt_fft/variants/full/fndsa.h:201:1: warning: 'fndsa_hashed_vrfykey_from_signkey' defined but not used [-Wunused-function]
  201 | fndsa_hashed_vrfykey_from_signkey(const void *sign_key, size_t sign_key_len)
      | ^~~~~~~~~~~~~~~~~~~~~~~~~~~~~~~~~
[45/219] Building C object CMakeFiles/app.dir/instrumented/sign_probes.c.obj
In file included from /Users/seungwon/FALCON/fn-dsa_m55/function_compare/midcheck_ntt_fft/variants/full/inner.h:6,
                 from /Users/seungwon/FALCON/fn-dsa_m55/function_compare/midcheck_ntt_fft/variants/full/sign_inner.h:10,
                 from /Users/seungwon/FALCON/fn-dsa_m55/function_compare/midcheck_ntt_fft/build/full_profile/instrumented/sign_probes.h:1,
                 from /Users/seungwon/FALCON/fn-dsa_m55/function_compare/midcheck_ntt_fft/build/full_profile/instrumented/sign_probes.c:2:
/Users/seungwon/FALCON/fn-dsa_m55/function_compare/midcheck_ntt_fft/variants/full/fndsa.h:201:1: warning: 'fndsa_hashed_vrfykey_from_signkey' defined but not used [-Wunused-function]
  201 | fndsa_hashed_vrfykey_from_signkey(const void *sign_key, size_t sign_key_len)
      | ^~~~~~~~~~~~~~~~~~~~~~~~~~~~~~~~~
[46/219] Building ASM object CMakeFiles/app.dir/Users/seungwon/FALCON/fn-dsa_m55/measurement_mlkem_native/app/dtcm_startup.s.obj
[47/219] Building C object CMakeFiles/app.dir/instrumented/probe.c.obj
In file included from /Users/seungwon/FALCON/fn-dsa_m55/measurement_mlkem_native/env/zephyr-4.4.1/include/zephyr/irq_multilevel.h:15,
                 from /Users/seungwon/FALCON/fn-dsa_m55/measurement_mlkem_native/env/zephyr-4.4.1/include/zephyr/devicetree.h:21,
                 from /Users/seungwon/FALCON/fn-dsa_m55/measurement_mlkem_native/env/zephyr-4.4.1/include/zephyr/arch/arm/cortex_m/nvic.h:10,
                 from /Users/seungwon/FALCON/fn-dsa_m55/measurement_mlkem_native/env/zephyr-4.4.1/modules/cmsis_6/./cmsis_core_m.h:22,
                 from /Users/seungwon/FALCON/fn-dsa_m55/measurement_mlkem_native/env/zephyr-4.4.1/modules/cmsis_6/./cmsis_core.h:10,
                 from /Users/seungwon/FALCON/fn-dsa_m55/function_compare/midcheck_ntt_fft/build/full_profile/instrumented/probe.c:2:
/Users/seungwon/FALCON/fn-dsa_m55/measurement_mlkem_native/env/zephyr-4.4.1/include/zephyr/sys/__assert.h:35:1: warning: '__wrap_printf' is an unrecognized format function type [-Wformat=]
   35 | void __printf_like(1, 2) assert_print(const char *fmt, ...);
      | ^~~~
[48/219] Building C object CMakeFiles/app.dir/Users/seungwon/FALCON/fn-dsa_m55/measurement_mlkem_native/env/mlkem-native-637d076aa113d8faaec2277ed4a46b657acaf35f/test/zephyr/app/shim_nucleo_n657x0_q.c.obj
In file included from /Users/seungwon/FALCON/fn-dsa_m55/measurement_mlkem_native/env/zephyr-4.4.1/include/zephyr/irq_multilevel.h:15,
                 from /Users/seungwon/FALCON/fn-dsa_m55/measurement_mlkem_native/env/zephyr-4.4.1/include/zephyr/devicetree.h:21,
                 from /Users/seungwon/FALCON/fn-dsa_m55/measurement_mlkem_native/env/zephyr-4.4.1/include/zephyr/arch/arm/cortex_m/nvic.h:10,
                 from /Users/seungwon/FALCON/fn-dsa_m55/measurement_mlkem_native/env/zephyr-4.4.1/modules/cmsis_6/./cmsis_core_m.h:22,
                 from /Users/seungwon/FALCON/fn-dsa_m55/measurement_mlkem_native/env/zephyr-4.4.1/modules/cmsis_6/./cmsis_core.h:10,
                 from /Users/seungwon/FALCON/fn-dsa_m55/measurement_mlkem_native/env/mlkem-native-637d076aa113d8faaec2277ed4a46b657acaf35f/test/zephyr/app/shim_nucleo_n657x0_q.c:17:
/Users/seungwon/FALCON/fn-dsa_m55/measurement_mlkem_native/env/zephyr-4.4.1/include/zephyr/sys/__assert.h:35:1: warning: '__wrap_printf' is an unrecognized format function type [-Wformat=]
   35 | void __printf_like(1, 2) assert_print(const char *fmt, ...);
      | ^~~~
[49/219] Building C object zephyr/CMakeFiles/zephyr.dir/lib/libc/validate_libc.c.obj
[50/219] Building C object CMakeFiles/app.dir/instrumented/benchmark.c.obj
In file included from /Users/seungwon/FALCON/fn-dsa_m55/measurement_mlkem_native/env/zephyr-4.4.1/include/zephyr/irq_multilevel.h:15,
                 from /Users/seungwon/FALCON/fn-dsa_m55/measurement_mlkem_native/env/zephyr-4.4.1/include/zephyr/devicetree.h:21,
                 from /Users/seungwon/FALCON/fn-dsa_m55/measurement_mlkem_native/env/zephyr-4.4.1/include/zephyr/arch/arm/cortex_m/nvic.h:10,
                 from /Users/seungwon/FALCON/fn-dsa_m55/measurement_mlkem_native/env/zephyr-4.4.1/modules/cmsis_6/./cmsis_core_m.h:22,
                 from /Users/seungwon/FALCON/fn-dsa_m55/measurement_mlkem_native/env/zephyr-4.4.1/modules/cmsis_6/./cmsis_core.h:10,
                 from /Users/seungwon/FALCON/fn-dsa_m55/function_compare/midcheck_ntt_fft/build/full_profile/instrumented/benchmark.c:10:
/Users/seungwon/FALCON/fn-dsa_m55/measurement_mlkem_native/env/zephyr-4.4.1/include/zephyr/sys/__assert.h:35:1: warning: '__wrap_printf' is an unrecognized format function type [-Wformat=]
   35 | void __printf_like(1, 2) assert_print(const char *fmt, ...);
      | ^~~~
In file included from /Users/seungwon/FALCON/fn-dsa_m55/measurement_mlkem_native/env/zephyr-4.4.1/include/zephyr/kernel_includes.h:35,
                 from /Users/seungwon/FALCON/fn-dsa_m55/measurement_mlkem_native/env/zephyr-4.4.1/include/zephyr/kernel.h:17,
                 from /Users/seungwon/FALCON/fn-dsa_m55/function_compare/midcheck_ntt_fft/build/full_profile/instrumented/benchmark.c:12:
/Users/seungwon/FALCON/fn-dsa_m55/measurement_mlkem_native/env/zephyr-4.4.1/include/zephyr/sys/printk.h:47:1: warning: '__wrap_printf' is an unrecognized format function type [-Wformat=]
   47 | __printf_like(1, 2) void printk(const char *fmt, ...);
      | ^~~~~~~~~~~~~
/Users/seungwon/FALCON/fn-dsa_m55/measurement_mlkem_native/env/zephyr-4.4.1/include/zephyr/sys/printk.h:48:1: warning: '__wrap_printf' is an unrecognized format function type [-Wformat=]
   48 | __printf_like(1, 0) void vprintk(const char *fmt, va_list ap);
      | ^~~~~~~~~~~~~
/Users/seungwon/FALCON/fn-dsa_m55/measurement_mlkem_native/env/zephyr-4.4.1/include/zephyr/sys/printk.h:73:41: warning: '__wrap_printf' is an unrecognized format function type [-Wformat=]
   73 |                                         const char *fmt, ...);
      |                                         ^~~~~
/Users/seungwon/FALCON/fn-dsa_m55/measurement_mlkem_native/env/zephyr-4.4.1/include/zephyr/sys/printk.h:75:43: warning: '__wrap_printf' is an unrecognized format function type [-Wformat=]
   75 |                                           const char *fmt, va_list ap);
      |                                           ^~~~~
In file included from /Users/seungwon/FALCON/fn-dsa_m55/function_compare/midcheck_ntt_fft/variants/full/inner.h:6,
                 from /Users/seungwon/FALCON/fn-dsa_m55/function_compare/midcheck_ntt_fft/build/full_profile/instrumented/benchmark.c:7:
/Users/seungwon/FALCON/fn-dsa_m55/function_compare/midcheck_ntt_fft/variants/full/fndsa.h:201:1: warning: 'fndsa_hashed_vrfykey_from_signkey' defined but not used [-Wunused-function]
  201 | fndsa_hashed_vrfykey_from_signkey(const void *sign_key, size_t sign_key_len)
      | ^~~~~~~~~~~~~~~~~~~~~~~~~~~~~~~~~
[51/219] Building C object zephyr/CMakeFiles/zephyr.dir/lib/os/printk.c.obj
[52/219] Building C object zephyr/CMakeFiles/zephyr.dir/lib/os/clock.c.obj
[53/219] Building C object zephyr/CMakeFiles/zephyr.dir/lib/heap/heap.c.obj
[54/219] Building C object zephyr/CMakeFiles/zephyr.dir/lib/os/cbprintf_packaged.c.obj
[55/219] Building C object zephyr/CMakeFiles/zephyr.dir/lib/os/sem.c.obj
[56/219] Building C object zephyr/CMakeFiles/zephyr.dir/lib/os/thread_entry.c.obj
[57/219] Building C object zephyr/CMakeFiles/zephyr.dir/lib/utils/dec.c.obj
[58/219] Building C object zephyr/CMakeFiles/zephyr.dir/lib/os/cbprintf.c.obj
[59/219] Building C object zephyr/CMakeFiles/zephyr.dir/lib/utils/hex.c.obj
[60/219] Building C object zephyr/CMakeFiles/zephyr.dir/lib/utils/set.c.obj
[61/219] Building C object zephyr/CMakeFiles/zephyr.dir/lib/os/assert.c.obj
[62/219] Building C object zephyr/CMakeFiles/zephyr.dir/lib/utils/timeutil.c.obj
[63/219] Building C object zephyr/CMakeFiles/zephyr.dir/lib/utils/bitmask.c.obj
[64/219] Building C object zephyr/CMakeFiles/zephyr.dir/lib/utils/rb.c.obj
[65/219] Building C object zephyr/CMakeFiles/zephyr.dir/lib/os/cbprintf_complete.c.obj
[66/219] Building C object zephyr/CMakeFiles/zephyr.dir/lib/utils/bitarray.c.obj
[67/219] Building C object zephyr/CMakeFiles/zephyr.dir/lib/utils/getopt/getopt.c.obj
[68/219] Building C object zephyr/CMakeFiles/zephyr.dir/lib/utils/last_section_id.c.obj
[69/219] Building C object zephyr/CMakeFiles/zephyr.dir/misc/generated/configs.c.obj
[70/219] Building C object zephyr/CMakeFiles/zephyr.dir/lib/utils/getopt/getopt_common.c.obj
[71/219] Building C object zephyr/CMakeFiles/zephyr.dir/lib/utils/ring_buffer.c.obj
[72/219] Building C object zephyr/CMakeFiles/zephyr.dir/soc/st/stm32/common/stm32cube_hal.c.obj
[73/219] Building C object zephyr/CMakeFiles/zephyr.dir/soc/st/stm32/common/soc_config.c.obj
[74/219] Building C object zephyr/CMakeFiles/zephyr.dir/soc/st/stm32/common/stm32_iocell.c.obj
[75/219] Building C object zephyr/CMakeFiles/zephyr.dir/soc/st/stm32/common/stm32_cache.c.obj
[76/219] Building C object zephyr/CMakeFiles/zephyr.dir/soc/st/stm32/common/stm32_xspim.c.obj
[77/219] Building C object zephyr/CMakeFiles/zephyr.dir/soc/st/stm32/common/gpioport_mgr.c.obj
[78/219] Building C object zephyr/CMakeFiles/zephyr.dir/soc/st/stm32/common/stm32_backup_domain.c.obj
[79/219] Building C object zephyr/CMakeFiles/zephyr.dir/subsys/mem_mgmt/mem_attr.c.obj
[80/219] Building C object zephyr/CMakeFiles/zephyr.dir/soc/st/stm32/stm32n6x/soc.c.obj
[81/219] Generating linker_zephyr_pre0.cmd
[82/219] Building C object zephyr/arch/common/CMakeFiles/arch__common.dir/init.c.obj
[83/219] Linking C static library zephyr/arch/common/libisr_tables.a
[84/219] Building C object zephyr/CMakeFiles/zephyr.dir/subsys/tracing/tracing_none.c.obj
[85/219] Building C object zephyr/arch/common/CMakeFiles/arch__common.dir/sw_isr_common.c.obj
[86/219] Building ASM object zephyr/arch/arch/arm/core/CMakeFiles/arch__arm__core.dir/nmi_on_reset.S.obj
[87/219] Building C object zephyr/arch/common/CMakeFiles/arch__common.dir/xip.c.obj
[88/219] Building ASM object zephyr/arch/arch/arm/core/cortex_m/CMakeFiles/arch__arm__core__cortex_m.dir/fault_s.S.obj
[89/219] Building C object zephyr/arch/arch/arm/core/CMakeFiles/arch__arm__core.dir/nmi.c.obj
[90/219] Building C object zephyr/arch/arch/arm/core/CMakeFiles/arch__arm__core.dir/fatal.c.obj
[91/219] Building ASM object zephyr/arch/arch/arm/core/cortex_m/CMakeFiles/arch__arm__core__cortex_m.dir/reset.S.obj
[92/219] Building ASM object zephyr/arch/arch/arm/core/cortex_m/CMakeFiles/arch__arm__core__cortex_m.dir/vector_table.S.obj
[93/219] Building C object zephyr/arch/arch/arm/core/cortex_m/CMakeFiles/arch__arm__core__cortex_m.dir/fault.c.obj
[94/219] Building C object zephyr/arch/arch/arm/core/cortex_m/CMakeFiles/arch__arm__core__cortex_m.dir/fpu.c.obj
[95/219] Building ASM object zephyr/arch/arch/arm/core/cortex_m/CMakeFiles/arch__arm__core__cortex_m.dir/svc.S.obj
[96/219] Building C object zephyr/arch/arch/arm/core/cortex_m/CMakeFiles/arch__arm__core__cortex_m.dir/scb.c.obj
[97/219] Building C object zephyr/arch/arch/arm/core/cortex_m/CMakeFiles/arch__arm__core__cortex_m.dir/prep_c.c.obj
[98/219] Building C object zephyr/arch/arch/arm/core/cortex_m/CMakeFiles/arch__arm__core__cortex_m.dir/irq_manage.c.obj
[99/219] Building C object zephyr/arch/arch/arm/core/cortex_m/CMakeFiles/arch__arm__core__cortex_m.dir/thread.c.obj
[100/219] Building C object zephyr/arch/arch/arm/core/cortex_m/CMakeFiles/arch__arm__core__cortex_m.dir/cpu_idle.c.obj
[101/219] Building ASM object zephyr/arch/arch/arm/core/cortex_m/CMakeFiles/arch__arm__core__cortex_m.dir/swap_helper.S.obj
[102/219] Building C object zephyr/arch/arch/arm/core/cortex_m/CMakeFiles/arch__arm__core__cortex_m.dir/exc_exit.c.obj
[103/219] Building C object zephyr/arch/arch/arm/core/cortex_m/CMakeFiles/arch__arm__core__cortex_m.dir/thread_abort.c.obj
[104/219] Building C object zephyr/arch/arch/arm/core/cortex_m/CMakeFiles/arch__arm__core__cortex_m.dir/irq_init.c.obj
[105/219] Building C object zephyr/arch/arch/arm/core/cortex_m/CMakeFiles/arch__arm__core__cortex_m.dir/isr_wrapper.c.obj
[106/219] Building C object zephyr/arch/arch/arm/core/cortex_m/cmse/CMakeFiles/arch__arm__core__cortex_m__cmse.dir/arm_core_cmse.c.obj
[107/219] Building C object zephyr/arch/arch/arm/core/mpu/CMakeFiles/arch__arm__core__mpu.dir/arm_core_mpu.c.obj
[108/219] Building C object zephyr/lib/libc/minimal/CMakeFiles/lib__libc__minimal.dir/source/stdlib/atoi.c.obj
[109/219] Building C object zephyr/lib/libc/minimal/CMakeFiles/lib__libc__minimal.dir/source/stdlib/strtol.c.obj
[110/219] Building C object zephyr/lib/libc/minimal/CMakeFiles/lib__libc__minimal.dir/source/stdlib/strtoul.c.obj
[111/219] Building C object zephyr/arch/arch/arm/core/mpu/CMakeFiles/arch__arm__core__mpu.dir/arm_mpu_regions.c.obj
[112/219] Building C object zephyr/lib/libc/minimal/CMakeFiles/lib__libc__minimal.dir/source/stdlib/strtoll.c.obj
[113/219] Building C object zephyr/lib/libc/minimal/CMakeFiles/lib__libc__minimal.dir/source/stdlib/bsearch.c.obj
[114/219] Building C object zephyr/lib/libc/minimal/CMakeFiles/lib__libc__minimal.dir/source/stdlib/strtoull.c.obj
[115/219] Building C object zephyr/lib/libc/minimal/CMakeFiles/lib__libc__minimal.dir/source/string/strerror.c.obj
[116/219] Building C object zephyr/arch/arch/arm/core/mpu/CMakeFiles/arch__arm__core__mpu.dir/arm_mpu.c.obj
In file included from /Users/seungwon/FALCON/fn-dsa_m55/measurement_mlkem_native/env/zephyr-4.4.1/arch/arm/core/mpu/arm_mpu.c:77:
In function 'mpu_region_get_access_attr',
    inlined from 'mpu_region_get_conf' at /Users/seungwon/FALCON/fn-dsa_m55/measurement_mlkem_native/env/zephyr-4.4.1/arch/arm/core/mpu/arm_mpu_v8_internal.h:304:2,
    inlined from 'mpu_mark_areas_for_dynamic_regions' at /Users/seungwon/FALCON/fn-dsa_m55/measurement_mlkem_native/env/zephyr-4.4.1/arch/arm/core/mpu/arm_mpu_v8_internal.h:724:3,
    inlined from 'arm_core_mpu_mark_areas_for_dynamic_regions' at /Users/seungwon/FALCON/fn-dsa_m55/measurement_mlkem_native/env/zephyr-4.4.1/arch/arm/core/mpu/arm_mpu.c:406:6:
/Users/seungwon/FALCON/fn-dsa_m55/measurement_mlkem_native/env/zephyr-4.4.1/arch/arm/core/mpu/arm_mpu_v8_internal.h:290:19: warning: writing 1 byte into a region of size 0 [-Wstringop-overflow=]
  290 |         attr->pxn = (mpu_get_rlar() & MPU_RLAR_PXN_Msk) >> MPU_RLAR_PXN_Pos;
/Users/seungwon/FALCON/fn-dsa_m55/measurement_mlkem_native/env/zephyr-4.4.1/arch/arm/core/mpu/arm_mpu_v8_internal.h: In function 'arm_core_mpu_mark_areas_for_dynamic_regions':
/Users/seungwon/FALCON/fn-dsa_m55/measurement_mlkem_native/env/zephyr-4.4.1/arch/arm/core/mpu/arm_mpu_v8_internal.h:33:35: note: at offset 44 into destination object 'dyn_reg_info' of size 24
   33 | static struct dynamic_region_info dyn_reg_info[MPU_DYNAMIC_REGION_AREAS_NUM];
      |                                   ^~~~~~~~~~~~
[117/219] Building C object zephyr/lib/libc/minimal/CMakeFiles/lib__libc__minimal.dir/source/string/strncasecmp.c.obj
[118/219] Building C object zephyr/lib/libc/minimal/CMakeFiles/lib__libc__minimal.dir/source/string/strstr.c.obj
[119/219] Building C object zephyr/lib/libc/minimal/CMakeFiles/lib__libc__minimal.dir/source/stdlib/qsort.c.obj
[120/219] Building C object zephyr/lib/libc/minimal/CMakeFiles/lib__libc__minimal.dir/source/string/strspn.c.obj
[121/219] Building C object zephyr/lib/libc/minimal/CMakeFiles/lib__libc__minimal.dir/source/stdlib/exit.c.obj
[122/219] Building C object zephyr/lib/libc/minimal/CMakeFiles/lib__libc__minimal.dir/source/string/string.c.obj
[123/219] Building C object zephyr/lib/libc/minimal/CMakeFiles/lib__libc__minimal.dir/source/math/sqrtf.c.obj
[124/219] Building C object zephyr/lib/libc/minimal/CMakeFiles/lib__libc__minimal.dir/source/stdout/sprintf.c.obj
[125/219] Building C object zephyr/lib/libc/minimal/CMakeFiles/lib__libc__minimal.dir/source/math/sqrt.c.obj
[126/219] Building C object zephyr/lib/libc/minimal/CMakeFiles/lib__libc__minimal.dir/source/stdout/stdout_console.c.obj
[127/219] Building C object zephyr/lib/libc/minimal/CMakeFiles/lib__libc__minimal.dir/source/stdout/fprintf.c.obj
[128/219] Building C object zephyr/lib/libc/common/CMakeFiles/lib__libc__common.dir/source/time/asctime.c.obj
[129/219] Building C object zephyr/lib/libc/common/CMakeFiles/lib__libc__common.dir/source/time/gmtime_r.c.obj
[130/219] Building C object zephyr/lib/libc/common/CMakeFiles/lib__libc__common.dir/source/time/localtime_r_utc.c.obj
[131/219] Building C object zephyr/lib/libc/common/CMakeFiles/lib__libc__common.dir/source/time/ctime.c.obj
[132/219] Building C object zephyr/lib/libc/common/CMakeFiles/lib__libc__common.dir/source/time/time.c.obj
[133/219] Building C object zephyr/lib/libc/common/CMakeFiles/lib__libc__common.dir/source/string/strnlen.c.obj
[134/219] Building C object zephyr/lib/libc/minimal/CMakeFiles/lib__libc__minimal.dir/source/time/gmtime.c.obj
[135/219] Building C object zephyr/lib/libc/common/CMakeFiles/lib__libc__common.dir/source/stdlib/abort.c.obj
[136/219] Building C object zephyr/lib/posix/c_lib_ext/CMakeFiles/lib__posix__c_lib_ext.dir/fnmatch.c.obj
[137/219] Building C object zephyr/lib/libc/common/CMakeFiles/lib__libc__common.dir/source/stdlib/malloc.c.obj
[138/219] Building C object zephyr/lib/posix/c_lib_ext/CMakeFiles/lib__posix__c_lib_ext.dir/getopt_shim.c.obj
[139/219] Building C object zephyr/lib/posix/c_lib_ext/CMakeFiles/lib__posix__c_lib_ext.dir/getentropy.c.obj
[140/219] Building C object zephyr/subsys/nvmem/CMakeFiles/subsys__nvmem.dir/nvmem.c.obj
[141/219] Building C object zephyr/drivers/clock_control/CMakeFiles/drivers__clock_control.dir/clock_stm32_mux.c.obj
[142/219] Building C object zephyr/drivers/interrupt_controller/CMakeFiles/drivers__interrupt_controller.dir/intc_gpio_stm32.c.obj
[143/219] Building C object zephyr/drivers/interrupt_controller/CMakeFiles/drivers__interrupt_controller.dir/intc_exti_stm32.c.obj
[144/219] Building C object zephyr/drivers/clock_control/CMakeFiles/drivers__clock_control.dir/clock_stm32_ll_n6.c.obj
[145/219] Building C object zephyr/drivers/pinctrl/CMakeFiles/drivers__pinctrl.dir/common.c.obj
[146/219] Building C object zephyr/drivers/otp/CMakeFiles/drivers__otp.dir/otp_bsec_stm32.c.obj
[147/219] Building C object zephyr/drivers/gpio/CMakeFiles/drivers__gpio.dir/gpio_stm32.c.obj
[148/219] Building C object zephyr/drivers/pinctrl/CMakeFiles/drivers__pinctrl.dir/pinctrl_stm32.c.obj
[149/219] Building C object zephyr/drivers/reset/CMakeFiles/drivers__reset.dir/reset_stm32.c.obj
[150/219] Building C object zephyr/drivers/timer/CMakeFiles/drivers__timer.dir/sys_clock_init.c.obj
[151/219] Building C object zephyr/drivers/timer/CMakeFiles/drivers__timer.dir/cortex_m_systick.c.obj
[152/219] Building C object modules/hal_stm32/stm32cube/CMakeFiles/..__modules__hal__hal_stm32-fc11896dd39cfca37bf9b4aeaaa2df8861b81875__stm32cube.dir/stm32n6xx/soc/system_stm32n6xx_fsbl.c.obj
[153/219] Building C object zephyr/drivers/serial/CMakeFiles/drivers__serial.dir/uart_stm32.c.obj
[154/219] Building C object modules/hal_stm32/stm32cube/CMakeFiles/..__modules__hal__hal_stm32-fc11896dd39cfca37bf9b4aeaaa2df8861b81875__stm32cube.dir/stm32n6xx/drivers/src/stm32n6xx_hal.c.obj
[155/219] Building C object modules/hal_stm32/stm32cube/CMakeFiles/..__modules__hal__hal_stm32-fc11896dd39cfca37bf9b4aeaaa2df8861b81875__stm32cube.dir/stm32n6xx/drivers/src/stm32n6xx_hal_bsec.c.obj
[156/219] Building C object modules/hal_stm32/stm32cube/CMakeFiles/..__modules__hal__hal_stm32-fc11896dd39cfca37bf9b4aeaaa2df8861b81875__stm32cube.dir/stm32n6xx/drivers/src/stm32n6xx_hal_rif.c.obj
[157/219] Building C object modules/hal_stm32/stm32cube/CMakeFiles/..__modules__hal__hal_stm32-fc11896dd39cfca37bf9b4aeaaa2df8861b81875__stm32cube.dir/stm32n6xx/drivers/src/stm32n6xx_hal_rcc.c.obj
[158/219] Building C object modules/hal_stm32/stm32cube/CMakeFiles/..__modules__hal__hal_stm32-fc11896dd39cfca37bf9b4aeaaa2df8861b81875__stm32cube.dir/stm32n6xx/drivers/src/stm32n6xx_ll_utils.c.obj
[159/219] Building C object modules/hal_stm32/stm32cube/CMakeFiles/..__modules__hal__hal_stm32-fc11896dd39cfca37bf9b4aeaaa2df8861b81875__stm32cube.dir/stm32n6xx/drivers/src/stm32n6xx_hal_xspi.c.obj
[160/219] Building C object zephyr/kernel/CMakeFiles/kernel.dir/main_weak.c.obj
[161/219] Building C object modules/hal_stm32/stm32cube/CMakeFiles/..__modules__hal__hal_stm32-fc11896dd39cfca37bf9b4aeaaa2df8861b81875__stm32cube.dir/stm32n6xx/drivers/src/stm32n6xx_hal_rcc_ex.c.obj
[162/219] Building C object modules/hal_stm32/stm32cube/CMakeFiles/..__modules__hal__hal_stm32-fc11896dd39cfca37bf9b4aeaaa2df8861b81875__stm32cube.dir/stm32n6xx/drivers/src/stm32n6xx_ll_rcc.c.obj
[163/219] Building C object zephyr/kernel/CMakeFiles/kernel.dir/banner.c.obj
[164/219] Building C object zephyr/kernel/CMakeFiles/kernel.dir/busy_wait.c.obj
[165/219] Building C object zephyr/kernel/CMakeFiles/kernel.dir/errno.c.obj
[166/219] Building C object zephyr/kernel/CMakeFiles/kernel.dir/device.c.obj
[167/219] Building C object zephyr/kernel/CMakeFiles/kernel.dir/fatal.c.obj
[168/219] Building C object zephyr/kernel/CMakeFiles/kernel.dir/init.c.obj
[169/219] Building C object zephyr/kernel/CMakeFiles/kernel.dir/version.c.obj
[170/219] Building C object zephyr/kernel/CMakeFiles/kernel.dir/kheap.c.obj
[171/219] Building C object zephyr/kernel/CMakeFiles/kernel.dir/mem_slab.c.obj
[172/219] Building C object zephyr/kernel/CMakeFiles/kernel.dir/float.c.obj
[173/219] Building C object zephyr/kernel/CMakeFiles/kernel.dir/idle.c.obj
[174/219] Building C object zephyr/kernel/CMakeFiles/kernel.dir/mutex.c.obj
[175/219] Building C object zephyr/kernel/CMakeFiles/kernel.dir/mailbox.c.obj
[176/219] Building C object zephyr/kernel/CMakeFiles/kernel.dir/msg_q.c.obj
[177/219] Building C object zephyr/kernel/CMakeFiles/kernel.dir/system_work_q.c.obj
[178/219] Building C object zephyr/kernel/CMakeFiles/kernel.dir/sem.c.obj
[179/219] Building C object zephyr/kernel/CMakeFiles/kernel.dir/stack.c.obj
[180/219] Building C object zephyr/kernel/CMakeFiles/kernel.dir/queue.c.obj
[181/219] Building C object zephyr/kernel/CMakeFiles/kernel.dir/condvar.c.obj
[182/219] Building C object zephyr/kernel/CMakeFiles/kernel.dir/thread.c.obj
[183/219] Building C object zephyr/kernel/CMakeFiles/kernel.dir/work.c.obj
[184/219] Building C object zephyr/kernel/CMakeFiles/kernel.dir/pipe.c.obj
[185/219] Building C object zephyr/kernel/CMakeFiles/kernel.dir/timeslicing.c.obj
[186/219] Building C object zephyr/kernel/CMakeFiles/kernel.dir/sched.c.obj
[187/219] Building C object zephyr/kernel/CMakeFiles/kernel.dir/boot_args.c.obj
[188/219] Building C object zephyr/kernel/CMakeFiles/kernel.dir/timer.c.obj
[189/219] Linking C static library app/libapp.a
[190/219] Building C object zephyr/kernel/CMakeFiles/kernel.dir/timeout.c.obj
[191/219] Building C object zephyr/CMakeFiles/zephyr_pre0.dir/misc/empty_file.c.obj
[192/219] Building C object zephyr/kernel/CMakeFiles/kernel.dir/mempool.c.obj
[193/219] Linking C static library zephyr/libzephyr.a
[194/219] Linking C static library zephyr/arch/common/libarch__common.a
[195/219] Linking C static library zephyr/arch/arch/arm/core/libarch__arm__core.a
[196/219] Building C object zephyr/kernel/CMakeFiles/kernel.dir/dynamic_disabled.c.obj
[197/219] Linking C static library zephyr/arch/arch/arm/core/cortex_m/cmse/libarch__arm__core__cortex_m__cmse.a
[198/219] Linking C static library zephyr/arch/arch/arm/core/cortex_m/libarch__arm__core__cortex_m.a
[199/219] Linking C static library zephyr/arch/arch/arm/core/mpu/libarch__arm__core__mpu.a
[200/219] Linking C static library zephyr/lib/libc/minimal/liblib__libc__minimal.a
[201/219] Linking C static library zephyr/lib/posix/c_lib_ext/liblib__posix__c_lib_ext.a
[202/219] Linking C static library zephyr/subsys/nvmem/libsubsys__nvmem.a
[203/219] Linking C static library zephyr/lib/libc/common/liblib__libc__common.a
[204/219] Linking C static library zephyr/drivers/interrupt_controller/libdrivers__interrupt_controller.a
[205/219] Linking C static library zephyr/drivers/gpio/libdrivers__gpio.a
[206/219] Linking C static library zephyr/drivers/clock_control/libdrivers__clock_control.a
[207/219] Linking C static library zephyr/drivers/otp/libdrivers__otp.a
[208/219] Linking C static library zephyr/drivers/pinctrl/libdrivers__pinctrl.a
[209/219] Linking C static library zephyr/drivers/reset/libdrivers__reset.a
[210/219] Linking C static library zephyr/drivers/serial/libdrivers__serial.a
[211/219] Linking C static library zephyr/drivers/timer/libdrivers__timer.a
[212/219] Linking C static library modules/hal_stm32/stm32cube/lib..__modules__hal__hal_stm32-fc11896dd39cfca37bf9b4aeaaa2df8861b81875__stm32cube.a
[213/219] Linking C static library zephyr/kernel/libkernel.a
[214/219] Linking C executable zephyr/zephyr_pre0.elf
[215/219] Generating linker.cmd
[216/219] Generating isr_tables.c, isr_tables_vt.ld, isr_tables_swi.ld
[217/219] Building C object zephyr/CMakeFiles/zephyr_final.dir/misc/empty_file.c.obj
[218/219] Building C object zephyr/CMakeFiles/zephyr_final.dir/isr_tables.c.obj
[219/219] Linking C executable zephyr/zephyr.elf
Memory region         Used Size  Region Size  %age Used
           FLASH:      128888 B       256 KB     49.17%
             RAM:      250480 B       256 KB     95.55%
        AXISRAM1:           0 B         2 MB      0.00%
        AXISRAM2:           0 B       511 KB      0.00%
            ITCM:           0 B       256 KB      0.00%
            DTCM:           0 B       256 KB      0.00%
  NUCLEO_AXISRAM:           0 B       192 KB      0.00%
        IDT_LIST:           0 B        32 KB      0.00%
Generating files from /Users/seungwon/FALCON/fn-dsa_m55/function_compare/midcheck_ntt_fft/build/full_profile/zephyr/zephyr.elf for board: nucleo_n657x0_q/stm32n657xx
