-- Found Python3: /Users/seungwon/FALCON/fn-dsa_m55/measurement_mlkem_native/env/build-venv/bin/python3.12 (found version "3.12.14") found components: Interpreter
Loading Zephyr default modules (Zephyr base).
-- Application: /Users/seungwon/FALCON/fn-dsa_m55/function_compare/midcheck_ntt_fft
-- CMake version: 3.31.6
-- Found Python3: /Users/seungwon/FALCON/fn-dsa_m55/measurement_mlkem_native/env/build-venv/bin/python3.12 (found suitable version "3.12.14", minimum required is "3.12") found components: Interpreter
-- Cache files will be written to: /Users/seungwon/FALCON/fn-dsa_m55/measurement_mlkem_native/env/zephyr-4.4.1/.cache
-- Zephyr version: 4.4.1 (/Users/seungwon/FALCON/fn-dsa_m55/measurement_mlkem_native/env/zephyr-4.4.1)
-- Board: nucleo_n657x0_q, qualifiers: stm32n657xx
-- Found toolchain: gnuarmemb (/Users/seungwon/FALCON/fn-dsa_m55/measurement_mlkem_native/env/arm-gnu-toolchain-15.2.rel1-darwin-arm64-arm-none-eabi)
-- Could NOT find Dtc (missing: DTC) (Required is at least version "1.4.6")
Hint: The project() command has not yet been called.  It sets up system-specific search paths.
-- Found BOARD.dts: /Users/seungwon/FALCON/fn-dsa_m55/measurement_mlkem_native/env/zephyr-4.4.1/boards/st/nucleo_n657x0_q/nucleo_n657x0_q.dts
-- Found devicetree overlay: /Users/seungwon/FALCON/fn-dsa_m55/measurement_mlkem_native/env/mlkem-native-637d076aa113d8faaec2277ed4a46b657acaf35f/test/zephyr/app/nucleo_n657x0_q.overlay
-- Generated zephyr.dts: /Users/seungwon/FALCON/fn-dsa_m55/function_compare/midcheck_ntt_fft/build/full_perf/zephyr/zephyr.dts
-- Generated pickled edt: /Users/seungwon/FALCON/fn-dsa_m55/function_compare/midcheck_ntt_fft/build/full_perf/zephyr/edt.pickle
-- Generated devicetree_generated.h: /Users/seungwon/FALCON/fn-dsa_m55/function_compare/midcheck_ntt_fft/build/full_perf/zephyr/include/generated/zephyr/devicetree_generated.h
Parsing /Users/seungwon/FALCON/fn-dsa_m55/measurement_mlkem_native/env/zephyr-4.4.1/Kconfig
Loaded configuration '/Users/seungwon/FALCON/fn-dsa_m55/measurement_mlkem_native/env/zephyr-4.4.1/boards/st/nucleo_n657x0_q/nucleo_n657x0_q_defconfig'
Merged configuration '/Users/seungwon/FALCON/fn-dsa_m55/measurement_mlkem_native/env/mlkem-native-637d076aa113d8faaec2277ed4a46b657acaf35f/test/zephyr/app/prj.conf'
Merged configuration '/Users/seungwon/FALCON/fn-dsa_m55/measurement_mlkem_native/env/mlkem-native-637d076aa113d8faaec2277ed4a46b657acaf35f/test/zephyr/app/nucleo_n657x0_q.conf'
Merged configuration '/Users/seungwon/FALCON/fn-dsa_m55/measurement_mlkem_native/app/fndsa.conf'
Configuration saved to '/Users/seungwon/FALCON/fn-dsa_m55/function_compare/midcheck_ntt_fft/build/full_perf/zephyr/.config'
Kconfig header saved to '/Users/seungwon/FALCON/fn-dsa_m55/function_compare/midcheck_ntt_fft/build/full_perf/zephyr/include/generated/zephyr/autoconf.h'
-- Found GnuLd: /Users/seungwon/FALCON/fn-dsa_m55/measurement_mlkem_native/env/arm-gnu-toolchain-15.2.rel1-darwin-arm64-arm-none-eabi/arm-none-eabi/bin/ld.bfd (found version "2.45.1")
-- The C compiler identification is GNU 15.2.1
-- The CXX compiler identification is GNU 15.2.1
-- The ASM compiler identification is GNU
-- Found assembler: /Users/seungwon/FALCON/fn-dsa_m55/measurement_mlkem_native/env/arm-gnu-toolchain-15.2.rel1-darwin-arm64-arm-none-eabi/bin/arm-none-eabi-gcc
CMake Warning at /Users/seungwon/FALCON/fn-dsa_m55/measurement_mlkem_native/env/zephyr-4.4.1/CMakeLists.txt:688 (message):
  
  ZEPHYR_BASE=/Users/seungwon/FALCON/fn-dsa_m55/measurement_mlkem_native/env/zephyr-4.4.1
  doesn't appear to be a git repository, please specify
  '-DBUILD_VERSION=<version>'


CMake Warning at /Users/seungwon/FALCON/fn-dsa_m55/measurement_mlkem_native/env/zephyr-4.4.1/soc/st/stm32/stm32n6x/CMakeLists.txt:31 (message):
  

        Signing Image tool (STM32_SigningTool_CLI) is not available.
        Signed image will not be generated.
        You won't be able to run application on the board.
        Refer to board documentation for more information.
      


-- Found gen_kobject_list: /Users/seungwon/FALCON/fn-dsa_m55/measurement_mlkem_native/env/zephyr-4.4.1/scripts/build/gen_kobject_list.py
CMake Warning at /Users/seungwon/FALCON/fn-dsa_m55/measurement_mlkem_native/env/zephyr-4.4.1/CMakeLists.txt:1081 (message):
  No SOURCES given to Zephyr library: drivers__console

  Excluding target from build.


-- Configuring done (4.3s)
-- Generating done (0.3s)
-- Build files have been written to: /Users/seungwon/FALCON/fn-dsa_m55/function_compare/midcheck_ntt_fft/build/full_perf
[1/217] Preparing syscall dependency handling

[2/217] Generating include/generated/zephyr/version.h
-- Zephyr version: 4.4.1 (/Users/seungwon/FALCON/fn-dsa_m55/measurement_mlkem_native/env/zephyr-4.4.1), build: 83a4252f796e
[3/217] Generating misc/generated/syscalls_subdirs.trigger
[4/217] Generating misc/generated/syscalls.json, misc/generated/struct_tags.json
[5/217] Generating include/generated/device-api-sections.ld, include/generated/device-api-sections.cmake
[6/217] Generating include/generated/zephyr/syscall_dispatch.c, include/generated/zephyr/syscall_exports_llext.c, syscall_weakdefs_llext.c, include/generated/zephyr/syscall_list.h
[7/217] Generating include/generated/zephyr/driver-validation.h
[8/217] Generating include/generated/zephyr/kobj-types-enum.h, include/generated/zephyr/otype-to-str.h, include/generated/zephyr/otype-to-size.h
[9/217] Building C object zephyr/lib/heap/CMakeFiles/heap_constants.dir/heap_constants.c.obj
[10/217] Generating ../../include/generated/zephyr/heap_constants.h
[11/217] Building C object zephyr/CMakeFiles/offsets.dir/arch/arm/core/offsets/offsets.c.obj
[12/217] Generating include/generated/zephyr/offsets.h
[13/217] Generating ../../../include/generated/libc/minimal/strerror_table.h
[14/217] Building C object CMakeFiles/app.dir/variants/full/codec.c.obj
In file included from /Users/seungwon/FALCON/fn-dsa_m55/function_compare/midcheck_ntt_fft/variants/full/inner.h:6,
                 from /Users/seungwon/FALCON/fn-dsa_m55/function_compare/midcheck_ntt_fft/variants/full/codec.c:5:
/Users/seungwon/FALCON/fn-dsa_m55/function_compare/midcheck_ntt_fft/variants/full/fndsa.h:201:1: warning: 'fndsa_hashed_vrfykey_from_signkey' defined but not used [-Wunused-function]
  201 | fndsa_hashed_vrfykey_from_signkey(const void *sign_key, size_t sign_key_len)
      | ^~~~~~~~~~~~~~~~~~~~~~~~~~~~~~~~~
[15/217] Building C object CMakeFiles/app.dir/variants/full/sha3.c.obj
In file included from /Users/seungwon/FALCON/fn-dsa_m55/function_compare/midcheck_ntt_fft/variants/full/inner.h:6,
                 from /Users/seungwon/FALCON/fn-dsa_m55/function_compare/midcheck_ntt_fft/variants/full/sha3.c:5:
/Users/seungwon/FALCON/fn-dsa_m55/function_compare/midcheck_ntt_fft/variants/full/fndsa.h:201:1: warning: 'fndsa_hashed_vrfykey_from_signkey' defined but not used [-Wunused-function]
  201 | fndsa_hashed_vrfykey_from_signkey(const void *sign_key, size_t sign_key_len)
      | ^~~~~~~~~~~~~~~~~~~~~~~~~~~~~~~~~
[16/217] Building C object CMakeFiles/app.dir/variants/full/sysrng.c.obj
In file included from /Users/seungwon/FALCON/fn-dsa_m55/function_compare/midcheck_ntt_fft/variants/full/inner.h:6,
                 from /Users/seungwon/FALCON/fn-dsa_m55/function_compare/midcheck_ntt_fft/variants/full/sysrng.c:5:
/Users/seungwon/FALCON/fn-dsa_m55/function_compare/midcheck_ntt_fft/variants/full/fndsa.h:201:1: warning: 'fndsa_hashed_vrfykey_from_signkey' defined but not used [-Wunused-function]
  201 | fndsa_hashed_vrfykey_from_signkey(const void *sign_key, size_t sign_key_len)
      | ^~~~~~~~~~~~~~~~~~~~~~~~~~~~~~~~~
[17/217] Building C object CMakeFiles/app.dir/variants/full/mq.c.obj
In file included from /Users/seungwon/FALCON/fn-dsa_m55/function_compare/midcheck_ntt_fft/variants/full/inner.h:6,
                 from /Users/seungwon/FALCON/fn-dsa_m55/function_compare/midcheck_ntt_fft/variants/full/mq.c:5:
/Users/seungwon/FALCON/fn-dsa_m55/function_compare/midcheck_ntt_fft/variants/full/fndsa.h:201:1: warning: 'fndsa_hashed_vrfykey_from_signkey' defined but not used [-Wunused-function]
  201 | fndsa_hashed_vrfykey_from_signkey(const void *sign_key, size_t sign_key_len)
      | ^~~~~~~~~~~~~~~~~~~~~~~~~~~~~~~~~
[18/217] Building C object CMakeFiles/app.dir/variants/full/util.c.obj
In file included from /Users/seungwon/FALCON/fn-dsa_m55/function_compare/midcheck_ntt_fft/variants/full/inner.h:6,
                 from /Users/seungwon/FALCON/fn-dsa_m55/function_compare/midcheck_ntt_fft/variants/full/util.c:5:
/Users/seungwon/FALCON/fn-dsa_m55/function_compare/midcheck_ntt_fft/variants/full/fndsa.h:201:1: warning: 'fndsa_hashed_vrfykey_from_signkey' defined but not used [-Wunused-function]
  201 | fndsa_hashed_vrfykey_from_signkey(const void *sign_key, size_t sign_key_len)
      | ^~~~~~~~~~~~~~~~~~~~~~~~~~~~~~~~~
[19/217] Building C object zephyr/arch/common/CMakeFiles/isr_tables.dir/isr_tables.c.obj
[20/217] Building C object CMakeFiles/app.dir/variants/full/kgen_gauss.c.obj
In file included from /Users/seungwon/FALCON/fn-dsa_m55/function_compare/midcheck_ntt_fft/variants/full/inner.h:6,
                 from /Users/seungwon/FALCON/fn-dsa_m55/function_compare/midcheck_ntt_fft/variants/full/kgen_inner.h:10,
                 from /Users/seungwon/FALCON/fn-dsa_m55/function_compare/midcheck_ntt_fft/variants/full/kgen_gauss.c:5:
/Users/seungwon/FALCON/fn-dsa_m55/function_compare/midcheck_ntt_fft/variants/full/fndsa.h:201:1: warning: 'fndsa_hashed_vrfykey_from_signkey' defined but not used [-Wunused-function]
  201 | fndsa_hashed_vrfykey_from_signkey(const void *sign_key, size_t sign_key_len)
      | ^~~~~~~~~~~~~~~~~~~~~~~~~~~~~~~~~
[21/217] Building C object CMakeFiles/app.dir/variants/full/kgen.c.obj
In file included from /Users/seungwon/FALCON/fn-dsa_m55/function_compare/midcheck_ntt_fft/variants/full/inner.h:6,
                 from /Users/seungwon/FALCON/fn-dsa_m55/function_compare/midcheck_ntt_fft/variants/full/kgen_inner.h:10,
                 from /Users/seungwon/FALCON/fn-dsa_m55/function_compare/midcheck_ntt_fft/variants/full/kgen.c:5:
/Users/seungwon/FALCON/fn-dsa_m55/function_compare/midcheck_ntt_fft/variants/full/fndsa.h:201:1: warning: 'fndsa_hashed_vrfykey_from_signkey' defined but not used [-Wunused-function]
  201 | fndsa_hashed_vrfykey_from_signkey(const void *sign_key, size_t sign_key_len)
      | ^~~~~~~~~~~~~~~~~~~~~~~~~~~~~~~~~
[22/217] Building C object CMakeFiles/app.dir/variants/full/kgen_mp31.c.obj
In file included from /Users/seungwon/FALCON/fn-dsa_m55/function_compare/midcheck_ntt_fft/variants/full/inner.h:6,
                 from /Users/seungwon/FALCON/fn-dsa_m55/function_compare/midcheck_ntt_fft/variants/full/kgen_inner.h:10,
                 from /Users/seungwon/FALCON/fn-dsa_m55/function_compare/midcheck_ntt_fft/variants/full/kgen_mp31.c:5:
/Users/seungwon/FALCON/fn-dsa_m55/function_compare/midcheck_ntt_fft/variants/full/fndsa.h:201:1: warning: 'fndsa_hashed_vrfykey_from_signkey' defined but not used [-Wunused-function]
  201 | fndsa_hashed_vrfykey_from_signkey(const void *sign_key, size_t sign_key_len)
      | ^~~~~~~~~~~~~~~~~~~~~~~~~~~~~~~~~
[23/217] Building C object CMakeFiles/app.dir/variants/full/kgen_fxp.c.obj
In file included from /Users/seungwon/FALCON/fn-dsa_m55/function_compare/midcheck_ntt_fft/variants/full/inner.h:6,
                 from /Users/seungwon/FALCON/fn-dsa_m55/function_compare/midcheck_ntt_fft/variants/full/kgen_inner.h:10,
                 from /Users/seungwon/FALCON/fn-dsa_m55/function_compare/midcheck_ntt_fft/variants/full/kgen_fxp.c:5:
/Users/seungwon/FALCON/fn-dsa_m55/function_compare/midcheck_ntt_fft/variants/full/fndsa.h:201:1: warning: 'fndsa_hashed_vrfykey_from_signkey' defined but not used [-Wunused-function]
  201 | fndsa_hashed_vrfykey_from_signkey(const void *sign_key, size_t sign_key_len)
      | ^~~~~~~~~~~~~~~~~~~~~~~~~~~~~~~~~
[24/217] Building C object CMakeFiles/app.dir/variants/full/kgen_zint31.c.obj
In file included from /Users/seungwon/FALCON/fn-dsa_m55/function_compare/midcheck_ntt_fft/variants/full/inner.h:6,
                 from /Users/seungwon/FALCON/fn-dsa_m55/function_compare/midcheck_ntt_fft/variants/full/kgen_inner.h:10,
                 from /Users/seungwon/FALCON/fn-dsa_m55/function_compare/midcheck_ntt_fft/variants/full/kgen_zint31.c:5:
/Users/seungwon/FALCON/fn-dsa_m55/function_compare/midcheck_ntt_fft/variants/full/fndsa.h:201:1: warning: 'fndsa_hashed_vrfykey_from_signkey' defined but not used [-Wunused-function]
  201 | fndsa_hashed_vrfykey_from_signkey(const void *sign_key, size_t sign_key_len)
      | ^~~~~~~~~~~~~~~~~~~~~~~~~~~~~~~~~
[25/217] Building C object CMakeFiles/app.dir/variants/full/kgen_ntru.c.obj
In file included from /Users/seungwon/FALCON/fn-dsa_m55/function_compare/midcheck_ntt_fft/variants/full/inner.h:6,
                 from /Users/seungwon/FALCON/fn-dsa_m55/function_compare/midcheck_ntt_fft/variants/full/kgen_inner.h:10,
                 from /Users/seungwon/FALCON/fn-dsa_m55/function_compare/midcheck_ntt_fft/variants/full/kgen_ntru.c:5:
/Users/seungwon/FALCON/fn-dsa_m55/function_compare/midcheck_ntt_fft/variants/full/fndsa.h:201:1: warning: 'fndsa_hashed_vrfykey_from_signkey' defined but not used [-Wunused-function]
  201 | fndsa_hashed_vrfykey_from_signkey(const void *sign_key, size_t sign_key_len)
      | ^~~~~~~~~~~~~~~~~~~~~~~~~~~~~~~~~
[26/217] Building C object CMakeFiles/app.dir/variants/full/sign.c.obj
[27/217] Building C object CMakeFiles/app.dir/variants/full/sign_fpr.c.obj
In file included from /Users/seungwon/FALCON/fn-dsa_m55/function_compare/midcheck_ntt_fft/variants/full/inner.h:6,
                 from /Users/seungwon/FALCON/fn-dsa_m55/function_compare/midcheck_ntt_fft/variants/full/sign_inner.h:10,
                 from /Users/seungwon/FALCON/fn-dsa_m55/function_compare/midcheck_ntt_fft/variants/full/sign_fpr.c:5:
/Users/seungwon/FALCON/fn-dsa_m55/function_compare/midcheck_ntt_fft/variants/full/fndsa.h:201:1: warning: 'fndsa_hashed_vrfykey_from_signkey' defined but not used [-Wunused-function]
  201 | fndsa_hashed_vrfykey_from_signkey(const void *sign_key, size_t sign_key_len)
      | ^~~~~~~~~~~~~~~~~~~~~~~~~~~~~~~~~
[28/217] Building C object CMakeFiles/app.dir/variants/full/sign_core.c.obj
In file included from /Users/seungwon/FALCON/fn-dsa_m55/function_compare/midcheck_ntt_fft/variants/full/inner.h:6,
                 from /Users/seungwon/FALCON/fn-dsa_m55/function_compare/midcheck_ntt_fft/variants/full/sign_inner.h:10,
                 from /Users/seungwon/FALCON/fn-dsa_m55/function_compare/midcheck_ntt_fft/variants/full/sign_core.c:5:
/Users/seungwon/FALCON/fn-dsa_m55/function_compare/midcheck_ntt_fft/variants/full/fndsa.h:201:1: warning: 'fndsa_hashed_vrfykey_from_signkey' defined but not used [-Wunused-function]
  201 | fndsa_hashed_vrfykey_from_signkey(const void *sign_key, size_t sign_key_len)
      | ^~~~~~~~~~~~~~~~~~~~~~~~~~~~~~~~~
[29/217] Building C object CMakeFiles/app.dir/variants/full/kgen_poly.c.obj
In file included from /Users/seungwon/FALCON/fn-dsa_m55/function_compare/midcheck_ntt_fft/variants/full/inner.h:6,
                 from /Users/seungwon/FALCON/fn-dsa_m55/function_compare/midcheck_ntt_fft/variants/full/kgen_inner.h:10,
                 from /Users/seungwon/FALCON/fn-dsa_m55/function_compare/midcheck_ntt_fft/variants/full/kgen_poly.c:5:
/Users/seungwon/FALCON/fn-dsa_m55/function_compare/midcheck_ntt_fft/variants/full/fndsa.h:201:1: warning: 'fndsa_hashed_vrfykey_from_signkey' defined but not used [-Wunused-function]
  201 | fndsa_hashed_vrfykey_from_signkey(const void *sign_key, size_t sign_key_len)
      | ^~~~~~~~~~~~~~~~~~~~~~~~~~~~~~~~~
[30/217] Building C object CMakeFiles/app.dir/variants/full/sign_fpoly.c.obj
In file included from /Users/seungwon/FALCON/fn-dsa_m55/function_compare/midcheck_ntt_fft/variants/full/inner.h:6,
                 from /Users/seungwon/FALCON/fn-dsa_m55/function_compare/midcheck_ntt_fft/variants/full/sign_inner.h:10,
                 from /Users/seungwon/FALCON/fn-dsa_m55/function_compare/midcheck_ntt_fft/variants/full/sign_fpoly.c:5:
/Users/seungwon/FALCON/fn-dsa_m55/function_compare/midcheck_ntt_fft/variants/full/fndsa.h:201:1: warning: 'fndsa_hashed_vrfykey_from_signkey' defined but not used [-Wunused-function]
  201 | fndsa_hashed_vrfykey_from_signkey(const void *sign_key, size_t sign_key_len)
      | ^~~~~~~~~~~~~~~~~~~~~~~~~~~~~~~~~
[31/217] Building C object CMakeFiles/app.dir/variants/full/sign_sampler.c.obj
In file included from /Users/seungwon/FALCON/fn-dsa_m55/function_compare/midcheck_ntt_fft/variants/full/inner.h:6,
                 from /Users/seungwon/FALCON/fn-dsa_m55/function_compare/midcheck_ntt_fft/variants/full/sign_inner.h:10,
                 from /Users/seungwon/FALCON/fn-dsa_m55/function_compare/midcheck_ntt_fft/variants/full/sign_sampler.c:5:
/Users/seungwon/FALCON/fn-dsa_m55/function_compare/midcheck_ntt_fft/variants/full/fndsa.h:201:1: warning: 'fndsa_hashed_vrfykey_from_signkey' defined but not used [-Wunused-function]
  201 | fndsa_hashed_vrfykey_from_signkey(const void *sign_key, size_t sign_key_len)
      | ^~~~~~~~~~~~~~~~~~~~~~~~~~~~~~~~~
[32/217] Building C object CMakeFiles/app.dir/variants/full/vrfy.c.obj
In file included from /Users/seungwon/FALCON/fn-dsa_m55/function_compare/midcheck_ntt_fft/variants/full/inner.h:6,
                 from /Users/seungwon/FALCON/fn-dsa_m55/function_compare/midcheck_ntt_fft/variants/full/vrfy.c:5:
/Users/seungwon/FALCON/fn-dsa_m55/function_compare/midcheck_ntt_fft/variants/full/fndsa.h:201:1: warning: 'fndsa_hashed_vrfykey_from_signkey' defined but not used [-Wunused-function]
  201 | fndsa_hashed_vrfykey_from_signkey(const void *sign_key, size_t sign_key_len)
      | ^~~~~~~~~~~~~~~~~~~~~~~~~~~~~~~~~
[33/217] Building ASM object CMakeFiles/app.dir/variants/full/codec_cm4.s.obj
[34/217] Building C object CMakeFiles/app.dir/variants/full/kgen_fft_bridge.c.obj
In file included from /Users/seungwon/FALCON/fn-dsa_m55/function_compare/midcheck_ntt_fft/variants/full/inner.h:6,
                 from /Users/seungwon/FALCON/fn-dsa_m55/function_compare/midcheck_ntt_fft/variants/full/kgen_inner.h:10,
                 from /Users/seungwon/FALCON/fn-dsa_m55/function_compare/midcheck_ntt_fft/variants/full/kgen_ds.h:7,
                 from /Users/seungwon/FALCON/fn-dsa_m55/function_compare/midcheck_ntt_fft/variants/full/kgen_fft_bridge.c:5:
/Users/seungwon/FALCON/fn-dsa_m55/function_compare/midcheck_ntt_fft/variants/full/fndsa.h:201:1: warning: 'fndsa_hashed_vrfykey_from_signkey' defined but not used [-Wunused-function]
  201 | fndsa_hashed_vrfykey_from_signkey(const void *sign_key, size_t sign_key_len)
      | ^~~~~~~~~~~~~~~~~~~~~~~~~~~~~~~~~
[35/217] Building ASM object CMakeFiles/app.dir/variants/full/kgen_fft_cm55.s.obj
[36/217] Building ASM object CMakeFiles/app.dir/variants/full/kgen_mp31_cm55.s.obj
[37/217] Building ASM object CMakeFiles/app.dir/variants/full/mq_cm55.s.obj
[38/217] Building ASM object CMakeFiles/app.dir/variants/full/sha3_cm4.s.obj
[39/217] Building ASM object CMakeFiles/app.dir/variants/full/sign_fft_cm55.s.obj
[40/217] Building ASM object CMakeFiles/app.dir/variants/full/sign_fpr_cm4.s.obj
[41/217] Building ASM object CMakeFiles/app.dir/variants/full/sign_ldl_cm55.s.obj
[42/217] Building ASM object CMakeFiles/app.dir/variants/full/sign_sampler_cm4.s.obj
[43/217] Building C object CMakeFiles/app.dir/variants/full/kgen_fft_mve.c.obj
In file included from /Users/seungwon/FALCON/fn-dsa_m55/function_compare/midcheck_ntt_fft/variants/full/inner.h:6,
                 from /Users/seungwon/FALCON/fn-dsa_m55/function_compare/midcheck_ntt_fft/variants/full/kgen_inner.h:10,
                 from /Users/seungwon/FALCON/fn-dsa_m55/function_compare/midcheck_ntt_fft/variants/full/kgen_ds.h:7,
                 from /Users/seungwon/FALCON/fn-dsa_m55/function_compare/midcheck_ntt_fft/variants/full/kgen_fft_mve.c:6:
/Users/seungwon/FALCON/fn-dsa_m55/function_compare/midcheck_ntt_fft/variants/full/fndsa.h:201:1: warning: 'fndsa_hashed_vrfykey_from_signkey' defined but not used [-Wunused-function]
  201 | fndsa_hashed_vrfykey_from_signkey(const void *sign_key, size_t sign_key_len)
      | ^~~~~~~~~~~~~~~~~~~~~~~~~~~~~~~~~
[44/217] Building ASM object CMakeFiles/app.dir/variants/full/sign_split_merge_cm55.s.obj
[45/217] Building ASM object CMakeFiles/app.dir/Users/seungwon/FALCON/fn-dsa_m55/measurement_mlkem_native/app/dtcm_startup.s.obj
[46/217] Building C object zephyr/CMakeFiles/zephyr.dir/lib/libc/validate_libc.c.obj
[47/217] Building C object CMakeFiles/app.dir/Users/seungwon/FALCON/fn-dsa_m55/measurement_mlkem_native/env/mlkem-native-637d076aa113d8faaec2277ed4a46b657acaf35f/test/zephyr/app/shim_nucleo_n657x0_q.c.obj
In file included from /Users/seungwon/FALCON/fn-dsa_m55/measurement_mlkem_native/env/zephyr-4.4.1/include/zephyr/irq_multilevel.h:15,
                 from /Users/seungwon/FALCON/fn-dsa_m55/measurement_mlkem_native/env/zephyr-4.4.1/include/zephyr/devicetree.h:21,
                 from /Users/seungwon/FALCON/fn-dsa_m55/measurement_mlkem_native/env/zephyr-4.4.1/include/zephyr/arch/arm/cortex_m/nvic.h:10,
                 from /Users/seungwon/FALCON/fn-dsa_m55/measurement_mlkem_native/env/zephyr-4.4.1/modules/cmsis_6/./cmsis_core_m.h:22,
                 from /Users/seungwon/FALCON/fn-dsa_m55/measurement_mlkem_native/env/zephyr-4.4.1/modules/cmsis_6/./cmsis_core.h:10,
                 from /Users/seungwon/FALCON/fn-dsa_m55/measurement_mlkem_native/env/mlkem-native-637d076aa113d8faaec2277ed4a46b657acaf35f/test/zephyr/app/shim_nucleo_n657x0_q.c:17:
/Users/seungwon/FALCON/fn-dsa_m55/measurement_mlkem_native/env/zephyr-4.4.1/include/zephyr/sys/__assert.h:35:1: warning: '__wrap_printf' is an unrecognized format function type [-Wformat=]
   35 | void __printf_like(1, 2) assert_print(const char *fmt, ...);
      | ^~~~
[48/217] Building C object CMakeFiles/app.dir/benchmark.c.obj
In file included from /Users/seungwon/FALCON/fn-dsa_m55/measurement_mlkem_native/env/zephyr-4.4.1/include/zephyr/irq_multilevel.h:15,
                 from /Users/seungwon/FALCON/fn-dsa_m55/measurement_mlkem_native/env/zephyr-4.4.1/include/zephyr/devicetree.h:21,
                 from /Users/seungwon/FALCON/fn-dsa_m55/measurement_mlkem_native/env/zephyr-4.4.1/include/zephyr/arch/arm/cortex_m/nvic.h:10,
                 from /Users/seungwon/FALCON/fn-dsa_m55/measurement_mlkem_native/env/zephyr-4.4.1/modules/cmsis_6/./cmsis_core_m.h:22,
                 from /Users/seungwon/FALCON/fn-dsa_m55/measurement_mlkem_native/env/zephyr-4.4.1/modules/cmsis_6/./cmsis_core.h:10,
                 from /Users/seungwon/FALCON/fn-dsa_m55/function_compare/midcheck_ntt_fft/benchmark.c:10:
/Users/seungwon/FALCON/fn-dsa_m55/measurement_mlkem_native/env/zephyr-4.4.1/include/zephyr/sys/__assert.h:35:1: warning: '__wrap_printf' is an unrecognized format function type [-Wformat=]
   35 | void __printf_like(1, 2) assert_print(const char *fmt, ...);
      | ^~~~
In file included from /Users/seungwon/FALCON/fn-dsa_m55/measurement_mlkem_native/env/zephyr-4.4.1/include/zephyr/kernel_includes.h:35,
                 from /Users/seungwon/FALCON/fn-dsa_m55/measurement_mlkem_native/env/zephyr-4.4.1/include/zephyr/kernel.h:17,
                 from /Users/seungwon/FALCON/fn-dsa_m55/function_compare/midcheck_ntt_fft/benchmark.c:12:
/Users/seungwon/FALCON/fn-dsa_m55/measurement_mlkem_native/env/zephyr-4.4.1/include/zephyr/sys/printk.h:47:1: warning: '__wrap_printf' is an unrecognized format function type [-Wformat=]
   47 | __printf_like(1, 2) void printk(const char *fmt, ...);
      | ^~~~~~~~~~~~~
/Users/seungwon/FALCON/fn-dsa_m55/measurement_mlkem_native/env/zephyr-4.4.1/include/zephyr/sys/printk.h:48:1: warning: '__wrap_printf' is an unrecognized format function type [-Wformat=]
   48 | __printf_like(1, 0) void vprintk(const char *fmt, va_list ap);
      | ^~~~~~~~~~~~~
/Users/seungwon/FALCON/fn-dsa_m55/measurement_mlkem_native/env/zephyr-4.4.1/include/zephyr/sys/printk.h:73:41: warning: '__wrap_printf' is an unrecognized format function type [-Wformat=]
   73 |                                         const char *fmt, ...);
      |                                         ^~~~~
/Users/seungwon/FALCON/fn-dsa_m55/measurement_mlkem_native/env/zephyr-4.4.1/include/zephyr/sys/printk.h:75:43: warning: '__wrap_printf' is an unrecognized format function type [-Wformat=]
   75 |                                           const char *fmt, va_list ap);
      |                                           ^~~~~
In file included from /Users/seungwon/FALCON/fn-dsa_m55/function_compare/midcheck_ntt_fft/variants/full/inner.h:6,
                 from /Users/seungwon/FALCON/fn-dsa_m55/function_compare/midcheck_ntt_fft/benchmark.c:7:
/Users/seungwon/FALCON/fn-dsa_m55/function_compare/midcheck_ntt_fft/variants/full/fndsa.h:201:1: warning: 'fndsa_hashed_vrfykey_from_signkey' defined but not used [-Wunused-function]
  201 | fndsa_hashed_vrfykey_from_signkey(const void *sign_key, size_t sign_key_len)
      | ^~~~~~~~~~~~~~~~~~~~~~~~~~~~~~~~~
[49/217] Building C object zephyr/CMakeFiles/zephyr.dir/lib/heap/heap.c.obj
[50/217] Building C object zephyr/CMakeFiles/zephyr.dir/lib/os/clock.c.obj
[51/217] Building C object zephyr/CMakeFiles/zephyr.dir/lib/os/printk.c.obj
[52/217] Building C object zephyr/CMakeFiles/zephyr.dir/lib/os/cbprintf_packaged.c.obj
[53/217] Building C object zephyr/CMakeFiles/zephyr.dir/lib/os/sem.c.obj
[54/217] Building C object zephyr/CMakeFiles/zephyr.dir/lib/os/thread_entry.c.obj
[55/217] Building C object zephyr/CMakeFiles/zephyr.dir/lib/utils/dec.c.obj
[56/217] Building C object zephyr/CMakeFiles/zephyr.dir/lib/os/cbprintf.c.obj
[57/217] Building C object zephyr/CMakeFiles/zephyr.dir/lib/utils/hex.c.obj
[58/217] Building C object zephyr/CMakeFiles/zephyr.dir/lib/os/assert.c.obj
[59/217] Building C object zephyr/CMakeFiles/zephyr.dir/lib/utils/set.c.obj
[60/217] Building C object zephyr/CMakeFiles/zephyr.dir/lib/utils/timeutil.c.obj
[61/217] Building C object zephyr/CMakeFiles/zephyr.dir/lib/utils/bitmask.c.obj
[62/217] Building C object zephyr/CMakeFiles/zephyr.dir/lib/utils/rb.c.obj
[63/217] Building C object zephyr/CMakeFiles/zephyr.dir/lib/os/cbprintf_complete.c.obj
[64/217] Building C object zephyr/CMakeFiles/zephyr.dir/lib/utils/bitarray.c.obj
[65/217] Building C object zephyr/CMakeFiles/zephyr.dir/lib/utils/getopt/getopt.c.obj
[66/217] Building C object zephyr/CMakeFiles/zephyr.dir/lib/utils/last_section_id.c.obj
[67/217] Building C object zephyr/CMakeFiles/zephyr.dir/misc/generated/configs.c.obj
[68/217] Building C object zephyr/CMakeFiles/zephyr.dir/lib/utils/ring_buffer.c.obj
[69/217] Building C object zephyr/CMakeFiles/zephyr.dir/lib/utils/getopt/getopt_common.c.obj
[70/217] Building C object zephyr/CMakeFiles/zephyr.dir/soc/st/stm32/common/stm32cube_hal.c.obj
[71/217] Building C object zephyr/CMakeFiles/zephyr.dir/soc/st/stm32/common/soc_config.c.obj
[72/217] Building C object zephyr/CMakeFiles/zephyr.dir/soc/st/stm32/common/stm32_iocell.c.obj
[73/217] Building C object zephyr/CMakeFiles/zephyr.dir/soc/st/stm32/common/stm32_cache.c.obj
[74/217] Building C object zephyr/CMakeFiles/zephyr.dir/soc/st/stm32/common/stm32_xspim.c.obj
[75/217] Building C object zephyr/CMakeFiles/zephyr.dir/soc/st/stm32/common/gpioport_mgr.c.obj
[76/217] Building C object zephyr/CMakeFiles/zephyr.dir/soc/st/stm32/common/stm32_backup_domain.c.obj
[77/217] Building C object zephyr/CMakeFiles/zephyr.dir/subsys/mem_mgmt/mem_attr.c.obj
[78/217] Building C object zephyr/CMakeFiles/zephyr.dir/soc/st/stm32/stm32n6x/soc.c.obj
[79/217] Generating linker_zephyr_pre0.cmd
[80/217] Building C object zephyr/arch/common/CMakeFiles/arch__common.dir/init.c.obj
[81/217] Linking C static library zephyr/arch/common/libisr_tables.a
[82/217] Building C object zephyr/CMakeFiles/zephyr.dir/subsys/tracing/tracing_none.c.obj
[83/217] Building C object zephyr/arch/common/CMakeFiles/arch__common.dir/sw_isr_common.c.obj
[84/217] Building ASM object zephyr/arch/arch/arm/core/CMakeFiles/arch__arm__core.dir/nmi_on_reset.S.obj
[85/217] Building C object zephyr/arch/common/CMakeFiles/arch__common.dir/xip.c.obj
[86/217] Building ASM object zephyr/arch/arch/arm/core/cortex_m/CMakeFiles/arch__arm__core__cortex_m.dir/fault_s.S.obj
[87/217] Building C object zephyr/arch/arch/arm/core/CMakeFiles/arch__arm__core.dir/fatal.c.obj
[88/217] Building C object zephyr/arch/arch/arm/core/CMakeFiles/arch__arm__core.dir/nmi.c.obj
[89/217] Building ASM object zephyr/arch/arch/arm/core/cortex_m/CMakeFiles/arch__arm__core__cortex_m.dir/reset.S.obj
[90/217] Building ASM object zephyr/arch/arch/arm/core/cortex_m/CMakeFiles/arch__arm__core__cortex_m.dir/vector_table.S.obj
[91/217] Building C object zephyr/arch/arch/arm/core/cortex_m/CMakeFiles/arch__arm__core__cortex_m.dir/fault.c.obj
[92/217] Building C object zephyr/arch/arch/arm/core/cortex_m/CMakeFiles/arch__arm__core__cortex_m.dir/fpu.c.obj
[93/217] Building ASM object zephyr/arch/arch/arm/core/cortex_m/CMakeFiles/arch__arm__core__cortex_m.dir/svc.S.obj
[94/217] Building C object zephyr/arch/arch/arm/core/cortex_m/CMakeFiles/arch__arm__core__cortex_m.dir/scb.c.obj
[95/217] Building C object zephyr/arch/arch/arm/core/cortex_m/CMakeFiles/arch__arm__core__cortex_m.dir/prep_c.c.obj
[96/217] Building C object zephyr/arch/arch/arm/core/cortex_m/CMakeFiles/arch__arm__core__cortex_m.dir/irq_manage.c.obj
[97/217] Building C object zephyr/arch/arch/arm/core/cortex_m/CMakeFiles/arch__arm__core__cortex_m.dir/thread.c.obj
[98/217] Building ASM object zephyr/arch/arch/arm/core/cortex_m/CMakeFiles/arch__arm__core__cortex_m.dir/swap_helper.S.obj
[99/217] Building C object zephyr/arch/arch/arm/core/cortex_m/CMakeFiles/arch__arm__core__cortex_m.dir/cpu_idle.c.obj
[100/217] Building C object zephyr/arch/arch/arm/core/cortex_m/CMakeFiles/arch__arm__core__cortex_m.dir/exc_exit.c.obj
[101/217] Building C object zephyr/arch/arch/arm/core/cortex_m/CMakeFiles/arch__arm__core__cortex_m.dir/thread_abort.c.obj
[102/217] Building C object zephyr/arch/arch/arm/core/cortex_m/CMakeFiles/arch__arm__core__cortex_m.dir/irq_init.c.obj
[103/217] Building C object zephyr/arch/arch/arm/core/cortex_m/CMakeFiles/arch__arm__core__cortex_m.dir/isr_wrapper.c.obj
[104/217] Building C object zephyr/arch/arch/arm/core/mpu/CMakeFiles/arch__arm__core__mpu.dir/arm_core_mpu.c.obj
[105/217] Building C object zephyr/arch/arch/arm/core/cortex_m/cmse/CMakeFiles/arch__arm__core__cortex_m__cmse.dir/arm_core_cmse.c.obj
[106/217] Building C object zephyr/lib/libc/minimal/CMakeFiles/lib__libc__minimal.dir/source/stdlib/atoi.c.obj
[107/217] Building C object zephyr/arch/arch/arm/core/mpu/CMakeFiles/arch__arm__core__mpu.dir/arm_mpu_regions.c.obj
[108/217] Building C object zephyr/lib/libc/minimal/CMakeFiles/lib__libc__minimal.dir/source/stdlib/strtol.c.obj
[109/217] Building C object zephyr/lib/libc/minimal/CMakeFiles/lib__libc__minimal.dir/source/stdlib/strtoul.c.obj
[110/217] Building C object zephyr/lib/libc/minimal/CMakeFiles/lib__libc__minimal.dir/source/stdlib/strtoull.c.obj
[111/217] Building C object zephyr/lib/libc/minimal/CMakeFiles/lib__libc__minimal.dir/source/stdlib/strtoll.c.obj
[112/217] Building C object zephyr/lib/libc/minimal/CMakeFiles/lib__libc__minimal.dir/source/stdlib/bsearch.c.obj
[113/217] Building C object zephyr/lib/libc/minimal/CMakeFiles/lib__libc__minimal.dir/source/string/strerror.c.obj
[114/217] Building C object zephyr/arch/arch/arm/core/mpu/CMakeFiles/arch__arm__core__mpu.dir/arm_mpu.c.obj
In file included from /Users/seungwon/FALCON/fn-dsa_m55/measurement_mlkem_native/env/zephyr-4.4.1/arch/arm/core/mpu/arm_mpu.c:77:
In function 'mpu_region_get_access_attr',
    inlined from 'mpu_region_get_conf' at /Users/seungwon/FALCON/fn-dsa_m55/measurement_mlkem_native/env/zephyr-4.4.1/arch/arm/core/mpu/arm_mpu_v8_internal.h:304:2,
    inlined from 'mpu_mark_areas_for_dynamic_regions' at /Users/seungwon/FALCON/fn-dsa_m55/measurement_mlkem_native/env/zephyr-4.4.1/arch/arm/core/mpu/arm_mpu_v8_internal.h:724:3,
    inlined from 'arm_core_mpu_mark_areas_for_dynamic_regions' at /Users/seungwon/FALCON/fn-dsa_m55/measurement_mlkem_native/env/zephyr-4.4.1/arch/arm/core/mpu/arm_mpu.c:406:6:
/Users/seungwon/FALCON/fn-dsa_m55/measurement_mlkem_native/env/zephyr-4.4.1/arch/arm/core/mpu/arm_mpu_v8_internal.h:290:19: warning: writing 1 byte into a region of size 0 [-Wstringop-overflow=]
  290 |         attr->pxn = (mpu_get_rlar() & MPU_RLAR_PXN_Msk) >> MPU_RLAR_PXN_Pos;
/Users/seungwon/FALCON/fn-dsa_m55/measurement_mlkem_native/env/zephyr-4.4.1/arch/arm/core/mpu/arm_mpu_v8_internal.h: In function 'arm_core_mpu_mark_areas_for_dynamic_regions':
/Users/seungwon/FALCON/fn-dsa_m55/measurement_mlkem_native/env/zephyr-4.4.1/arch/arm/core/mpu/arm_mpu_v8_internal.h:33:35: note: at offset 44 into destination object 'dyn_reg_info' of size 24
   33 | static struct dynamic_region_info dyn_reg_info[MPU_DYNAMIC_REGION_AREAS_NUM];
      |                                   ^~~~~~~~~~~~
[115/217] Building C object zephyr/lib/libc/minimal/CMakeFiles/lib__libc__minimal.dir/source/string/strncasecmp.c.obj
[116/217] Building C object zephyr/lib/libc/minimal/CMakeFiles/lib__libc__minimal.dir/source/stdlib/qsort.c.obj
[117/217] Building C object zephyr/lib/libc/minimal/CMakeFiles/lib__libc__minimal.dir/source/string/strstr.c.obj
[118/217] Building C object zephyr/lib/libc/minimal/CMakeFiles/lib__libc__minimal.dir/source/string/strspn.c.obj
[119/217] Building C object zephyr/lib/libc/minimal/CMakeFiles/lib__libc__minimal.dir/source/stdlib/exit.c.obj
[120/217] Building C object zephyr/lib/libc/minimal/CMakeFiles/lib__libc__minimal.dir/source/string/string.c.obj
[121/217] Building C object zephyr/lib/libc/minimal/CMakeFiles/lib__libc__minimal.dir/source/math/sqrtf.c.obj
[122/217] Building C object zephyr/lib/libc/minimal/CMakeFiles/lib__libc__minimal.dir/source/math/sqrt.c.obj
[123/217] Building C object zephyr/lib/libc/minimal/CMakeFiles/lib__libc__minimal.dir/source/stdout/stdout_console.c.obj
[124/217] Building C object zephyr/lib/libc/minimal/CMakeFiles/lib__libc__minimal.dir/source/stdout/sprintf.c.obj
[125/217] Building C object zephyr/lib/libc/minimal/CMakeFiles/lib__libc__minimal.dir/source/stdout/fprintf.c.obj
[126/217] Building C object zephyr/lib/libc/common/CMakeFiles/lib__libc__common.dir/source/time/asctime.c.obj
[127/217] Building C object zephyr/lib/libc/common/CMakeFiles/lib__libc__common.dir/source/time/gmtime_r.c.obj
[128/217] Building C object zephyr/lib/libc/common/CMakeFiles/lib__libc__common.dir/source/time/localtime_r_utc.c.obj
[129/217] Building C object zephyr/lib/libc/common/CMakeFiles/lib__libc__common.dir/source/time/ctime.c.obj
[130/217] Building C object zephyr/lib/libc/common/CMakeFiles/lib__libc__common.dir/source/time/time.c.obj
[131/217] Building C object zephyr/lib/libc/minimal/CMakeFiles/lib__libc__minimal.dir/source/time/gmtime.c.obj
[132/217] Building C object zephyr/lib/libc/common/CMakeFiles/lib__libc__common.dir/source/string/strnlen.c.obj
[133/217] Building C object zephyr/lib/libc/common/CMakeFiles/lib__libc__common.dir/source/stdlib/abort.c.obj
[134/217] Building C object zephyr/lib/posix/c_lib_ext/CMakeFiles/lib__posix__c_lib_ext.dir/fnmatch.c.obj
[135/217] Building C object zephyr/lib/libc/common/CMakeFiles/lib__libc__common.dir/source/stdlib/malloc.c.obj
[136/217] Building C object zephyr/lib/posix/c_lib_ext/CMakeFiles/lib__posix__c_lib_ext.dir/getopt_shim.c.obj
[137/217] Building C object zephyr/lib/posix/c_lib_ext/CMakeFiles/lib__posix__c_lib_ext.dir/getentropy.c.obj
[138/217] Building C object zephyr/subsys/nvmem/CMakeFiles/subsys__nvmem.dir/nvmem.c.obj
[139/217] Building C object zephyr/drivers/clock_control/CMakeFiles/drivers__clock_control.dir/clock_stm32_mux.c.obj
[140/217] Building C object zephyr/drivers/interrupt_controller/CMakeFiles/drivers__interrupt_controller.dir/intc_gpio_stm32.c.obj
[141/217] Building C object zephyr/drivers/interrupt_controller/CMakeFiles/drivers__interrupt_controller.dir/intc_exti_stm32.c.obj
[142/217] Building C object zephyr/drivers/clock_control/CMakeFiles/drivers__clock_control.dir/clock_stm32_ll_n6.c.obj
[143/217] Building C object zephyr/drivers/pinctrl/CMakeFiles/drivers__pinctrl.dir/common.c.obj
[144/217] Building C object zephyr/drivers/otp/CMakeFiles/drivers__otp.dir/otp_bsec_stm32.c.obj
[145/217] Building C object zephyr/drivers/gpio/CMakeFiles/drivers__gpio.dir/gpio_stm32.c.obj
[146/217] Building C object zephyr/drivers/pinctrl/CMakeFiles/drivers__pinctrl.dir/pinctrl_stm32.c.obj
[147/217] Building C object zephyr/drivers/reset/CMakeFiles/drivers__reset.dir/reset_stm32.c.obj
[148/217] Building C object zephyr/drivers/timer/CMakeFiles/drivers__timer.dir/sys_clock_init.c.obj
[149/217] Building C object zephyr/drivers/timer/CMakeFiles/drivers__timer.dir/cortex_m_systick.c.obj
[150/217] Building C object modules/hal_stm32/stm32cube/CMakeFiles/..__modules__hal__hal_stm32-fc11896dd39cfca37bf9b4aeaaa2df8861b81875__stm32cube.dir/stm32n6xx/soc/system_stm32n6xx_fsbl.c.obj
[151/217] Building C object zephyr/drivers/serial/CMakeFiles/drivers__serial.dir/uart_stm32.c.obj
[152/217] Building C object modules/hal_stm32/stm32cube/CMakeFiles/..__modules__hal__hal_stm32-fc11896dd39cfca37bf9b4aeaaa2df8861b81875__stm32cube.dir/stm32n6xx/drivers/src/stm32n6xx_hal.c.obj
[153/217] Building C object modules/hal_stm32/stm32cube/CMakeFiles/..__modules__hal__hal_stm32-fc11896dd39cfca37bf9b4aeaaa2df8861b81875__stm32cube.dir/stm32n6xx/drivers/src/stm32n6xx_hal_bsec.c.obj
[154/217] Building C object modules/hal_stm32/stm32cube/CMakeFiles/..__modules__hal__hal_stm32-fc11896dd39cfca37bf9b4aeaaa2df8861b81875__stm32cube.dir/stm32n6xx/drivers/src/stm32n6xx_hal_rif.c.obj
[155/217] Building C object modules/hal_stm32/stm32cube/CMakeFiles/..__modules__hal__hal_stm32-fc11896dd39cfca37bf9b4aeaaa2df8861b81875__stm32cube.dir/stm32n6xx/drivers/src/stm32n6xx_hal_rcc.c.obj
[156/217] Building C object modules/hal_stm32/stm32cube/CMakeFiles/..__modules__hal__hal_stm32-fc11896dd39cfca37bf9b4aeaaa2df8861b81875__stm32cube.dir/stm32n6xx/drivers/src/stm32n6xx_ll_utils.c.obj
[157/217] Building C object modules/hal_stm32/stm32cube/CMakeFiles/..__modules__hal__hal_stm32-fc11896dd39cfca37bf9b4aeaaa2df8861b81875__stm32cube.dir/stm32n6xx/drivers/src/stm32n6xx_hal_xspi.c.obj
[158/217] Building C object zephyr/kernel/CMakeFiles/kernel.dir/main_weak.c.obj
[159/217] Building C object modules/hal_stm32/stm32cube/CMakeFiles/..__modules__hal__hal_stm32-fc11896dd39cfca37bf9b4aeaaa2df8861b81875__stm32cube.dir/stm32n6xx/drivers/src/stm32n6xx_ll_rcc.c.obj
[160/217] Building C object modules/hal_stm32/stm32cube/CMakeFiles/..__modules__hal__hal_stm32-fc11896dd39cfca37bf9b4aeaaa2df8861b81875__stm32cube.dir/stm32n6xx/drivers/src/stm32n6xx_hal_rcc_ex.c.obj
[161/217] Building C object zephyr/kernel/CMakeFiles/kernel.dir/banner.c.obj
[162/217] Building C object zephyr/kernel/CMakeFiles/kernel.dir/busy_wait.c.obj
[163/217] Building C object zephyr/kernel/CMakeFiles/kernel.dir/errno.c.obj
[164/217] Building C object zephyr/kernel/CMakeFiles/kernel.dir/device.c.obj
[165/217] Building C object zephyr/kernel/CMakeFiles/kernel.dir/fatal.c.obj
[166/217] Building C object zephyr/kernel/CMakeFiles/kernel.dir/init.c.obj
[167/217] Building C object zephyr/kernel/CMakeFiles/kernel.dir/kheap.c.obj
[168/217] Building C object zephyr/kernel/CMakeFiles/kernel.dir/mem_slab.c.obj
[169/217] Building C object zephyr/kernel/CMakeFiles/kernel.dir/version.c.obj
[170/217] Building C object zephyr/kernel/CMakeFiles/kernel.dir/float.c.obj
[171/217] Building C object zephyr/kernel/CMakeFiles/kernel.dir/idle.c.obj
[172/217] Building C object zephyr/kernel/CMakeFiles/kernel.dir/mailbox.c.obj
[173/217] Building C object zephyr/kernel/CMakeFiles/kernel.dir/mutex.c.obj
[174/217] Building C object zephyr/kernel/CMakeFiles/kernel.dir/msg_q.c.obj
[175/217] Building C object zephyr/kernel/CMakeFiles/kernel.dir/system_work_q.c.obj
[176/217] Building C object zephyr/kernel/CMakeFiles/kernel.dir/sem.c.obj
[177/217] Building C object zephyr/kernel/CMakeFiles/kernel.dir/stack.c.obj
[178/217] Building C object zephyr/kernel/CMakeFiles/kernel.dir/queue.c.obj
[179/217] Building C object zephyr/kernel/CMakeFiles/kernel.dir/condvar.c.obj
[180/217] Building C object zephyr/kernel/CMakeFiles/kernel.dir/thread.c.obj
[181/217] Building C object zephyr/kernel/CMakeFiles/kernel.dir/work.c.obj
[182/217] Building C object zephyr/kernel/CMakeFiles/kernel.dir/pipe.c.obj
[183/217] Building C object zephyr/kernel/CMakeFiles/kernel.dir/timeslicing.c.obj
[184/217] Building C object zephyr/kernel/CMakeFiles/kernel.dir/sched.c.obj
[185/217] Building C object zephyr/kernel/CMakeFiles/kernel.dir/boot_args.c.obj
[186/217] Building C object zephyr/kernel/CMakeFiles/kernel.dir/timer.c.obj
[187/217] Building C object zephyr/kernel/CMakeFiles/kernel.dir/timeout.c.obj
[188/217] Linking C static library app/libapp.a
[189/217] Building C object zephyr/CMakeFiles/zephyr_pre0.dir/misc/empty_file.c.obj
[190/217] Linking C static library zephyr/libzephyr.a
[191/217] Building C object zephyr/kernel/CMakeFiles/kernel.dir/mempool.c.obj
[192/217] Building C object zephyr/kernel/CMakeFiles/kernel.dir/dynamic_disabled.c.obj
[193/217] Linking C static library zephyr/arch/common/libarch__common.a
[194/217] Linking C static library zephyr/arch/arch/arm/core/libarch__arm__core.a
[195/217] Linking C static library zephyr/arch/arch/arm/core/cortex_m/cmse/libarch__arm__core__cortex_m__cmse.a
[196/217] Linking C static library zephyr/arch/arch/arm/core/cortex_m/libarch__arm__core__cortex_m.a
[197/217] Linking C static library zephyr/arch/arch/arm/core/mpu/libarch__arm__core__mpu.a
[198/217] Linking C static library zephyr/lib/libc/common/liblib__libc__common.a
[199/217] Linking C static library zephyr/lib/posix/c_lib_ext/liblib__posix__c_lib_ext.a
[200/217] Linking C static library zephyr/lib/libc/minimal/liblib__libc__minimal.a
[201/217] Linking C static library zephyr/subsys/nvmem/libsubsys__nvmem.a
[202/217] Linking C static library zephyr/drivers/interrupt_controller/libdrivers__interrupt_controller.a
[203/217] Linking C static library zephyr/drivers/clock_control/libdrivers__clock_control.a
[204/217] Linking C static library zephyr/drivers/gpio/libdrivers__gpio.a
[205/217] Linking C static library zephyr/drivers/otp/libdrivers__otp.a
[206/217] Linking C static library zephyr/drivers/pinctrl/libdrivers__pinctrl.a
[207/217] Linking C static library zephyr/drivers/reset/libdrivers__reset.a
[208/217] Linking C static library zephyr/drivers/serial/libdrivers__serial.a
[209/217] Linking C static library zephyr/drivers/timer/libdrivers__timer.a
[210/217] Linking C static library modules/hal_stm32/stm32cube/lib..__modules__hal__hal_stm32-fc11896dd39cfca37bf9b4aeaaa2df8861b81875__stm32cube.a
[211/217] Linking C static library zephyr/kernel/libkernel.a
[212/217] Linking C executable zephyr/zephyr_pre0.elf
[213/217] Generating linker.cmd
[214/217] Generating isr_tables.c, isr_tables_vt.ld, isr_tables_swi.ld
[215/217] Building C object zephyr/CMakeFiles/zephyr_final.dir/misc/empty_file.c.obj
[216/217] Building C object zephyr/CMakeFiles/zephyr_final.dir/isr_tables.c.obj
[217/217] Linking C executable zephyr/zephyr.elf
Memory region         Used Size  Region Size  %age Used
           FLASH:      127704 B       256 KB     48.72%
             RAM:      246088 B       256 KB     93.88%
        AXISRAM1:           0 B         2 MB      0.00%
        AXISRAM2:           0 B       511 KB      0.00%
            ITCM:           0 B       256 KB      0.00%
            DTCM:           0 B       256 KB      0.00%
  NUCLEO_AXISRAM:           0 B       192 KB      0.00%
        IDT_LIST:           0 B        32 KB      0.00%
Generating files from /Users/seungwon/FALCON/fn-dsa_m55/function_compare/midcheck_ntt_fft/build/full_perf/zephyr/zephyr.elf for board: nucleo_n657x0_q/stm32n657xx
