[exec_wrapper] configuring FLEXMEM...
[exec_wrapper] starting OpenOCD on port 3359...
[exec_wrapper] SWO redirect port 49418
[exec_wrapper] /Users/seungwon/FALCON/fn-dsa_m55/measurement_mlkem_native/env/openocd-4e9b167/bin/openocd -f interface/stlink.cfg -c transport select swd -f target/stm32n6x.cfg -c if {[lsearch -exact [target names] stm32n6x.cpu] >= 0} { stm32n6x.cpu configure -defer-examine } -c adapter speed 8000 -c adapter serial 003C00223335510735383531 -c reset_config srst_only srst_nogate -c gdb_port 3359 -c tcl_port disabled -c telnet_port disabled -c init -c stm32n6x.cpu arp_examine -c stm32n6x.swo configure -protocol uart -traceclk 100000000 -pin-freq 1000000 -output :49418 -formatter 0 -c stm32n6x.swo enable -c stm32n6x.cpu itm port 0 on
============ GDB SCRIPT ============
set pagination off
set confirm off
target remote localhost:3359
load
compare-sections
tbreak *0x10012c24
hbreak *0x10015eb4
set $early_fault_bp = $bpnum
jump *0x10015ec9
if $pc != 0x10012c24
echo [[STARTUP-FAULT]]\n
info registers
x/8wx $psp
x/8wx $msp
x/8i *(unsigned int*)($psp+24)
x/6wx 0xE000ED28
x/6wx 0xE001E000
monitor reset_config none
monitor reset run
quit 1
end
delete $early_fault_bp
echo TCM_CONTROL_START=
output/x *(unsigned int*)0x56008008
echo \n
echo TCM_MSCR_START=
output/x *(unsigned int*)0xE001E000
echo \n
restore /var/folders/cl/qszfy4ys3t51fgwf6m125j080000gt/T/tmphtqu6xpl/argv.bin binary 0x340b0000
set $nucleo_exit_code = -1
break *0x10012bd4
commands
  set $nucleo_exit_code = $r0
  echo [[NUCLEO-DONE]]\n
end
break *0x10015eb4
commands
  echo [[NUCLEO-HARDFAULT]]\n
end
continue
if $nucleo_exit_code != -1
  echo NUCLEO_EXIT_CODE=
  output/d $nucleo_exit_code
  echo \n
end
info registers
x/4wx $sp
echo CFSR=
output/x *(unsigned int *)0xE000ED28
echo \n
echo HFSR=
output/x *(unsigned int *)0xE000ED2C
echo \n
echo DFSR=
output/x *(unsigned int *)0xE000ED30
echo \n
echo MMFAR=
output/x *(unsigned int *)0xE000ED34
echo \n
echo BFAR=
output/x *(unsigned int *)0xE000ED38
echo \n
echo AFSR=
output/x *(unsigned int *)0xE000ED3C
echo \n
echo SHCSR=
output/x *(unsigned int *)0xE000ED24
echo \n
echo CCR=
output/x *(unsigned int *)0xE000ED14
echo \n
echo MSP=
output/x $msp
echo \n
echo PSP=
output/x $psp
echo \n
echo LR=
output/x $lr
echo \n
echo PC=
output/x $pc
echo \n
echo STACKED_R0_R1_R2_R3_R12_LR_PC_XPSR:\n
if ($lr & 4)
  x/8wx $psp
else
  x/8wx $msp
end
x/4wx 0xE000ED28
x/wx 0xE000ED38
if *(unsigned int*)0xe000ed28 != 0
echo [[EXTENDED-FAULT-DIAGNOSTIC]]\n
echo VTOR_FPCCR_FPCAR:\n
x/wx 0xe000ed08
x/3wx 0xe000ef34
echo VECTOR_WORDS:\n
x/16wx 0x10000000
echo MEMSYSCTL:\n
x/24wx 0xe001e000
echo PSP_EXTENDED:\n
x/96wx $psp
echo MSP_EXTENDED:\n
x/48wx $msp
end
echo TCM_CONTROL_END=
output/x *(unsigned int*)0x56008008
echo \n
echo TCM_MSCR_END=
output/x *(unsigned int*)0xE001E000
echo \n
monitor reset_config none
monitor reset run
====================================
[exec_wrapper] running gdb batch
Open On-Chip Debugger 0.12.0+dev-g4e9b167 (2026-09-09-11:52)
Licensed under GNU GPL v2
For bug reports, read
	http://openocd.org/doc/doxygen/bugs.html
adapter speed: 8000 kHz
srst_only separate srst_nogate srst_open_drain connect_deassert_srst
DEPRECATED! use 'gdb port', not 'gdb_port'
DEPRECATED! use 'tcl port' not 'tcl_port'
DEPRECATED! use 'telnet port', not 'telnet_port'
Info : STLINK V3J15M6 (API v3) VID:PID 0483:3754
Info : Target voltage: 3.277659
Info : clock speed 8000 kHz
Info : SWD DPIDR 0x6ba02477
Info : [stm32n6x.ap0] Examination succeed
Info : [stm32n6x.ap0] gdb port disabled
Info : [stm32n6x.cpu] starting gdb server on 3359
Info : Listening on port 3359 for gdb connections
Info : [stm32n6x.cpu] Cortex-M55 r1p1 processor detected
Info : [stm32n6x.cpu] target has 8 breakpoints, 8 watchpoints
Info : starting trace server for stm32n6x.swo on 49418
Info : Listening on port 49418 for tpiu_swo_trace connections
Info : tcl server disabled
Info : telnet server disabled
Info : accepting 'tpiu_swo_trace' connection on tcp/49418
Info : accepting 'gdb' connection on tcp/3359
stm32n6x.cpu in Secure state
[stm32n6x.cpu] halted due to debug-request, current mode: Thread
xPSR: 0x21000000 pc: 0x18003514 msp: 0x341037a8
Info : New GDB Connection: 1, Target stm32n6x.cpu, state: halted
Warn : Prefer GDB command "target extended-remote :3359" instead of "target remote :3359"
Error: Failed to read memory at 0x34000000
Error: Failed to read memory at 0x34000000
Error: Failed to read memory at 0x34000000
Error: Failed to read memory at 0x34000000
Error: Failed to read memory at 0x34000000
Error: Failed to read memory at 0x34000000
Error: Failed to read memory at 0x34000000
Error: Failed to read memory at 0x34000000
Error: Failed to read memory at 0x34000000
Error: Failed to read memory at 0x34000000
Error: Failed to read memory at 0x34000000
Error: Failed to read memory at 0x34000000
Error: Failed to read memory at 0x34000000
Error: Failed to read memory at 0x34000000
Error: Failed to read memory at 0x34000000
Error: Failed to read memory at 0x34000000
SIGN_HW cpu=800000000 fpscr=00040000 ccr=00000611 tcm=00000099 calls=100 warmups=3
SIGN_SAMPLE degree=512 index=0 cycles=11064564
SIGN_SAMPLE degree=512 index=1 cycles=11140690
SIGN_SAMPLE degree=512 index=2 cycles=11184681
SIGN_SAMPLE degree=512 index=3 cycles=11223052
SIGN_SAMPLE degree=512 index=4 cycles=11123215
SIGN_SAMPLE degree=512 index=5 cycles=11163316
SIGN_SAMPLE degree=512 index=6 cycles=11193791
SIGN_SAMPLE degree=512 index=7 cycles=11120445
SIGN_SAMPLE degree=512 index=8 cycles=11328929
SIGN_SAMPLE degree=512 index=9 cycles=11160905
SIGN_SAMPLE degree=512 index=10 cycles=11089802
SIGN_SAMPLE degree=512 index=11 cycles=11082684
SIGN_SAMPLE degree=512 index=12 cycles=11223984
SIGN_SAMPLE degree=512 index=13 cycles=11268342
SIGN_SAMPLE degree=512 index=14 cycles=11209563
SIGN_SAMPLE degree=512 index=15 cycles=11215024
SIGN_SAMPLE degree=512 index=16 cycles=11121260
SIGN_SAMPLE degree=512 index=17 cycles=11268414
SIGN_SAMPLE degree=512 index=18 cycles=11169362
SIGN_SAMPLE degree=512 index=19 cycles=11156945
SIGN_SAMPLE degree=512 index=20 cycles=11237946
SIGN_SAMPLE degree=512 index=21 cycles=11215106
SIGN_SAMPLE degree=512 index=22 cycles=11180227
SIGN_SAMPLE degree=512 index=23 cycles=11113853
SIGN_SAMPLE degree=512 index=24 cycles=11302475
SIGN_SAMPLE degree=512 index=25 cycles=11145111
SIGN_SAMPLE degree=512 index=26 cycles=11013752
SIGN_SAMPLE degree=512 index=27 cycles=11144318
SIGN_SAMPLE degree=512 index=28 cycles=11160733
SIGN_SAMPLE degree=512 index=29 cycles=11081787
SIGN_SAMPLE degree=512 index=30 cycles=11106808
SIGN_SAMPLE degree=512 index=31 cycles=11104519
SIGN_SAMPLE degree=512 index=32 cycles=11116599
SIGN_SAMPLE degree=512 index=33 cycles=11132304
SIGN_SAMPLE degree=512 index=34 cycles=11138701
SIGN_SAMPLE degree=512 index=35 cycles=11237789
SIGN_SAMPLE degree=512 index=36 cycles=11154205
SIGN_SAMPLE degree=512 index=37 cycles=11279464
SIGN_SAMPLE degree=512 index=38 cycles=11286777
SIGN_SAMPLE degree=512 index=39 cycles=11273806
SIGN_SAMPLE degree=512 index=40 cycles=11253428
SIGN_SAMPLE degree=512 index=41 cycles=11139665
SIGN_SAMPLE degree=512 index=42 cycles=11042242
SIGN_SAMPLE degree=512 index=43 cycles=11231750
SIGN_SAMPLE degree=512 index=44 cycles=11304152
SIGN_SAMPLE degree=512 index=45 cycles=11104466
SIGN_SAMPLE degree=512 index=46 cycles=11164661
SIGN_SAMPLE degree=512 index=47 cycles=11135007
SIGN_SAMPLE degree=512 index=48 cycles=11216992
SIGN_SAMPLE degree=512 index=49 cycles=11164646
SIGN_SAMPLE degree=512 index=50 cycles=11209736
SIGN_SAMPLE degree=512 index=51 cycles=11032219
SIGN_SAMPLE degree=512 index=52 cycles=11234219
SIGN_SAMPLE degree=512 index=53 cycles=11265572
SIGN_SAMPLE degree=512 index=54 cycles=11293468
SIGN_SAMPLE degree=512 index=55 cycles=11211400
SIGN_SAMPLE degree=512 index=56 cycles=11284939
SIGN_SAMPLE degree=512 index=57 cycles=11091657
SIGN_SAMPLE degree=512 index=58 cycles=11192208
SIGN_SAMPLE degree=512 index=59 cycles=11215833
SIGN_SAMPLE degree=512 index=60 cycles=11058186
SIGN_SAMPLE degree=512 index=61 cycles=11318128
SIGN_SAMPLE degree=512 index=62 cycles=11144062
SIGN_SAMPLE degree=512 index=63 cycles=11167313
SIGN_SAMPLE degree=512 index=64 cycles=11253430
SIGN_SAMPLE degree=512 index=65 cycles=11158022
SIGN_SAMPLE degree=512 index=66 cycles=11102958
SIGN_SAMPLE degree=512 index=67 cycles=11236912
SIGN_SAMPLE degree=512 index=68 cycles=11241687
SIGN_SAMPLE degree=512 index=69 cycles=11104645
SIGN_SAMPLE degree=512 index=70 cycles=11109551
SIGN_SAMPLE degree=512 index=71 cycles=11130636
SIGN_SAMPLE degree=512 index=72 cycles=11154255
SIGN_SAMPLE degree=512 index=73 cycles=11249970
SIGN_SAMPLE degree=512 index=74 cycles=11284635
SIGN_SAMPLE degree=512 index=75 cycles=11249067
SIGN_SAMPLE degree=512 index=76 cycles=11184659
SIGN_SAMPLE degree=512 index=77 cycles=11233550
SIGN_SAMPLE degree=512 index=78 cycles=11159833
SIGN_SAMPLE degree=512 index=79 cycles=11164709
SIGN_SAMPLE degree=512 index=80 cycles=11208465
SIGN_SAMPLE degree=512 index=81 cycles=11286929
SIGN_SAMPLE degree=512 index=82 cycles=11241377
SIGN_SAMPLE degree=512 index=83 cycles=11122996
SIGN_SAMPLE degree=512 index=84 cycles=11189869
SIGN_SAMPLE degree=512 index=85 cycles=11108507
SIGN_SAMPLE degree=512 index=86 cycles=11088321
SIGN_SAMPLE degree=512 index=87 cycles=11208421
SIGN_SAMPLE degree=512 index=88 cycles=11082735
SIGN_SAMPLE degree=512 index=89 cycles=11180035
SIGN_SAMPLE degree=512 index=90 cycles=11095465
SIGN_SAMPLE degree=512 index=91 cycles=11165217
SIGN_SAMPLE degree=512 index=92 cycles=11044562
SIGN_SAMPLE degree=512 index=93 cycles=11234594
SIGN_SAMPLE degree=512 index=94 cycles=11077676
SIGN_SAMPLE degree=512 index=95 cycles=11159969
SIGN_SAMPLE degree=512 index=96 cycles=11195084
SIGN_SAMPLE degree=512 index=97 cycles=11127314
SIGN_SAMPLE degree=512 index=98 cycles=11182691
SIGN_SAMPLE degree=512 index=99 cycles=11102907
SIGN_SUMMARY degree=512 calls=100 total=1117532850 median_lo=11164709 median_hi=11165217 min=11013752 max=11328929 fingerprint=9895079d
SIGN_SAMPLE degree=1024 index=0 cycles=23430110
SIGN_SAMPLE degree=1024 index=1 cycles=23515973
SIGN_SAMPLE degree=1024 index=2 cycles=23280292
SIGN_SAMPLE degree=1024 index=3 cycles=23344726
SIGN_SAMPLE degree=1024 index=4 cycles=23294093
SIGN_SAMPLE degree=1024 index=5 cycles=23351567
SIGN_SAMPLE degree=1024 index=6 cycles=22971001
SIGN_SAMPLE degree=1024 index=7 cycles=23253077
SIGN_SAMPLE degree=1024 index=8 cycles=23353446
SIGN_SAMPLE degree=1024 index=9 cycles=23234275
SIGN_SAMPLE degree=1024 index=10 cycles=23231195
SIGN_SAMPLE degree=1024 index=11 cycles=23281429
SIGN_SAMPLE degree=1024 index=12 cycles=23344097
SIGN_SAMPLE degree=1024 index=13 cycles=23203415
SIGN_SAMPLE degree=1024 index=14 cycles=23492669
SIGN_SAMPLE degree=1024 index=15 cycles=23389633
SIGN_SAMPLE degree=1024 index=16 cycles=23353142
SIGN_SAMPLE degree=1024 index=17 cycles=23256695
SIGN_SAMPLE degree=1024 index=18 cycles=23495242
SIGN_SAMPLE degree=1024 index=19 cycles=23204426
SIGN_SAMPLE degree=1024 index=20 cycles=23628840
SIGN_SAMPLE degree=1024 index=21 cycles=23330533
SIGN_SAMPLE degree=1024 index=22 cycles=23277707
SIGN_SAMPLE degree=1024 index=23 cycles=23455939
SIGN_SAMPLE degree=1024 index=24 cycles=23346585
SIGN_SAMPLE degree=1024 index=25 cycles=23287910
SIGN_SAMPLE degree=1024 index=26 cycles=23346438
SIGN_SAMPLE degree=1024 index=27 cycles=23375708
SIGN_SAMPLE degree=1024 index=28 cycles=23361640
SIGN_SAMPLE degree=1024 index=29 cycles=23333083
SIGN_SAMPLE degree=1024 index=30 cycles=23357928
SIGN_SAMPLE degree=1024 index=31 cycles=23356965
SIGN_SAMPLE degree=1024 index=32 cycles=23332776
SIGN_SAMPLE degree=1024 index=33 cycles=23250351
SIGN_SAMPLE degree=1024 index=34 cycles=23344384
SIGN_SAMPLE degree=1024 index=35 cycles=23441045
SIGN_SAMPLE degree=1024 index=36 cycles=23305535
SIGN_SAMPLE degree=1024 index=37 cycles=23131573
SIGN_SAMPLE degree=1024 index=38 cycles=23179265
SIGN_SAMPLE degree=1024 index=39 cycles=23197687
SIGN_SAMPLE degree=1024 index=40 cycles=23372094
SIGN_SAMPLE degree=1024 index=41 cycles=23361631
SIGN_SAMPLE degree=1024 index=42 cycles=23411232
SIGN_SAMPLE degree=1024 index=43 cycles=23436064
SIGN_SAMPLE degree=1024 index=44 cycles=23313746
SIGN_SAMPLE degree=1024 index=45 cycles=23279393
SIGN_SAMPLE degree=1024 index=46 cycles=23126499
SIGN_SAMPLE degree=1024 index=47 cycles=23566286
SIGN_SAMPLE degree=1024 index=48 cycles=23308621
SIGN_SAMPLE degree=1024 index=49 cycles=23286115
SIGN_SAMPLE degree=1024 index=50 cycles=23291035
SIGN_SAMPLE degree=1024 index=51 cycles=23345009
SIGN_SAMPLE degree=1024 index=52 cycles=23368511
SIGN_SAMPLE degree=1024 index=53 cycles=23268467
SIGN_SAMPLE degree=1024 index=54 cycles=23309086
SIGN_SAMPLE degree=1024 index=55 cycles=23311814
SIGN_SAMPLE degree=1024 index=56 cycles=23387927
SIGN_SAMPLE degree=1024 index=57 cycles=23385091
SIGN_SAMPLE degree=1024 index=58 cycles=23407198
SIGN_SAMPLE degree=1024 index=59 cycles=23278234
SIGN_SAMPLE degree=1024 index=60 cycles=23300139
SIGN_SAMPLE degree=1024 index=61 cycles=23298431
SIGN_SAMPLE degree=1024 index=62 cycles=23207008
SIGN_SAMPLE degree=1024 index=63 cycles=23255157
SIGN_SAMPLE degree=1024 index=64 cycles=23304655
SIGN_SAMPLE degree=1024 index=65 cycles=23239568
SIGN_SAMPLE degree=1024 index=66 cycles=23354881
SIGN_SAMPLE degree=1024 index=67 cycles=23208018
SIGN_SAMPLE degree=1024 index=68 cycles=23346328
SIGN_SAMPLE degree=1024 index=69 cycles=23552376
SIGN_SAMPLE degree=1024 index=70 cycles=23446275
SIGN_SAMPLE degree=1024 index=71 cycles=23342929
SIGN_SAMPLE degree=1024 index=72 cycles=23291893
SIGN_SAMPLE degree=1024 index=73 cycles=23280762
SIGN_SAMPLE degree=1024 index=74 cycles=23305268
SIGN_SAMPLE degree=1024 index=75 cycles=23386906
SIGN_SAMPLE degree=1024 index=76 cycles=23386813
SIGN_SAMPLE degree=1024 index=77 cycles=23326981
SIGN_SAMPLE degree=1024 index=78 cycles=23265224
SIGN_SAMPLE degree=1024 index=79 cycles=23149012
SIGN_SAMPLE degree=1024 index=80 cycles=23362463
SIGN_SAMPLE degree=1024 index=81 cycles=23388890
SIGN_SAMPLE degree=1024 index=82 cycles=23346428
SIGN_SAMPLE degree=1024 index=83 cycles=23045102
SIGN_SAMPLE degree=1024 index=84 cycles=23366880
SIGN_SAMPLE degree=1024 index=85 cycles=23250686
SIGN_SAMPLE degree=1024 index=86 cycles=23279048
SIGN_SAMPLE degree=1024 index=87 cycles=23432844
SIGN_SAMPLE degree=1024 index=88 cycles=23431652
SIGN_SAMPLE degree=1024 index=89 cycles=23466883
SIGN_SAMPLE degree=1024 index=90 cycles=23386216
SIGN_SAMPLE degree=1024 index=91 cycles=23482838
SIGN_SAMPLE degree=1024 index=92 cycles=23212033
SIGN_SAMPLE degree=1024 index=93 cycles=23281917
SIGN_SAMPLE degree=1024 index=94 cycles=23333402
SIGN_SAMPLE degree=1024 index=95 cycles=23291553
SIGN_SAMPLE degree=1024 index=96 cycles=23383711
SIGN_SAMPLE degree=1024 index=97 cycles=23142547
SIGN_SAMPLE degree=1024 index=98 cycles=23518563
SIGN_SAMPLE degree=1024 index=99 cycles=23560631
SIGN_SUMMARY degree=1024 calls=100 total=2332949359 median_lo=23333083 Info : Deferring arp_examine of stm32n6x.cpu
median_hi=23333402 min=22971001 max=23628840 fingerprint=a020dd02
SIGN_DONE verify=PASS tamper=PASS fingerprints=PASS
Info : Use arp_examine command to examine it manually!
Info : dropped 'gdb' connection
0x18003514 in ?? ()
Loading section rom_start, size 0x32c lma 0x10000000
Loading section text, size 0x1a9c8 lma 0x10000330
Loading section .ARM.exidx, size 0x8 lma 0x30000000
Loading section initlevel, size 0xc8 lma 0x30000008
Loading section device_area, size 0x268 lma 0x300000d0
Loading section sw_isr_table, size 0x5d8 lma 0x30000338
Loading section gpio_driver_api_area, size 0x24 lma 0x30000910
Loading section reset_driver_api_area, size 0x10 lma 0x30000934
Loading section clock_control_driver_api_area, size 0x1c lma 0x30000944
Loading section otp_driver_api_area, size 0x4 lma 0x30000960
Loading section uart_driver_api_area, size 0x14 lma 0x30000964
Loading section rodata, size 0xed14 lma 0x30000980
Loading section datas, size 0x4c lma 0x3000f6a0
Loading section device_states, size 0x2c lma 0x3000f6ec
Loading section k_mutex_area, size 0x14 lma 0x3000f718
Loading section .last_section, size 0x4 lma 0x3000f72c
Start address 0x10015ec8, load size 173072
Transfer rate: 550 KB/sec, 6922 bytes/write.
Section rom_start, range 0x10000000 -- 0x1000032c: matched.
Section text, range 0x10000330 -- 0x1001acf8: matched.
Section .ARM.exidx, range 0x30000000 -- 0x30000008: matched.
Section initlevel, range 0x30000008 -- 0x300000d0: matched.
Section device_area, range 0x300000d0 -- 0x30000338: matched.
Section sw_isr_table, range 0x30000338 -- 0x30000910: matched.
Section gpio_driver_api_area, range 0x30000910 -- 0x30000934: matched.
Section reset_driver_api_area, range 0x30000934 -- 0x30000944: matched.
Section clock_control_driver_api_area, range 0x30000944 -- 0x30000960: matched.
Section otp_driver_api_area, range 0x30000960 -- 0x30000964: matched.
Section uart_driver_api_area, range 0x30000964 -- 0x30000978: matched.
Section rodata, range 0x30000980 -- 0x3000f694: matched.
Section datas, range 0x3000f6a0 -- 0x3000f6ec: matched.
Section device_states, range 0x3000f6ec -- 0x3000f718: matched.
Section k_mutex_area, range 0x3000f718 -- 0x3000f72c: matched.
Section .last_section, range 0x3000f72c -- 0x3000f730: matched.
Temporary breakpoint 1 at 0x10012c24: file /Users/seungwon/FALCON/fn-dsa_m55/measurement_mlkem_native/env/mlkem-native-637d076aa113d8faaec2277ed4a46b657acaf35f/test/zephyr/app/shim_nucleo_n657x0_q.c, line 254.
Hardware assisted breakpoint 2 at 0x10015eb4: file /Users/seungwon/FALCON/fn-dsa_m55/measurement_mlkem_native/env/zephyr-4.4.1/arch/arm/core/cortex_m/fault_s.S, line 80.

Temporary breakpoint 1, get_bootargs () at /Users/seungwon/FALCON/fn-dsa_m55/measurement_mlkem_native/env/mlkem-native-637d076aa113d8faaec2277ed4a46b657acaf35f/test/zephyr/app/shim_nucleo_n657x0_q.c:254
254	  return mlk_bootargs_block;
TCM_CONTROL_START=0x99
TCM_MSCR_START=0x1300a
Restoring binary file /var/folders/cl/qszfy4ys3t51fgwf6m125j080000gt/T/tmphtqu6xpl/argv.bin into memory (0x340b0000 to 0x340c0000)
Breakpoint 3 at 0x10012bd4: file /Users/seungwon/FALCON/fn-dsa_m55/measurement_mlkem_native/env/mlkem-native-637d076aa113d8faaec2277ed4a46b657acaf35f/test/zephyr/app/shim_nucleo_n657x0_q.c, line 148.
Breakpoint 4 at 0x10015eb4: file /Users/seungwon/FALCON/fn-dsa_m55/measurement_mlkem_native/env/zephyr-4.4.1/arch/arm/core/cortex_m/fault_s.S, line 80.

Breakpoint 3, nucleo_test_breakpoint (rc=rc@entry=0) at /Users/seungwon/FALCON/fn-dsa_m55/measurement_mlkem_native/env/mlkem-native-637d076aa113d8faaec2277ed4a46b657acaf35f/test/zephyr/app/shim_nucleo_n657x0_q.c:148
148	  __asm__ volatile("bkpt 0" ::: "memory");
[[NUCLEO-DONE]]
NUCLEO_EXIT_CODE=0
r0             0x0                 0
r1             0xe0000000          -536870912
r2             0x1000900           16779520
r3             0x985e4b            9985611
r4             0x0                 0
r5             0x300000d0          805306576
r6             0x30000910          805308688
r7             0x30026658          805463640
r8             0x300000d0          805306576
r9             0x30036798          805529496
r10            0x34102040          873472064
r11            0x56021800          1442977792
r12            0xa                 10
sp             0x30036748          0x30036748 <z_main_stack+65456>
lr             0x10012c1b          268512283
pc             0x10012bd4          0x10012bd4 <nucleo_test_breakpoint>
xpsr           0x90c0000           151781376
fpscr          0x40010             262160
msp            0x30026658          0x30026658 <z_idle_stacks>
psp            0x30036748          0x30036748 <z_main_stack+65456>
vpr            0xf330              [ P0=62256 MASK01=0 MASK23=0 ]
msp_ns         0x241077f0          0x241077f0
psp_ns         0x241077f0          0x241077f0
msp_s          0x30026658          0x30026658 <z_idle_stacks>
psp_s          0x30036748          0x30036748 <z_main_stack+65456>
primask        0x0                 0
basepri        0x0                 0
faultmask      0x0                 0
control        0x6                 6
msplim_s       0x30025e58          0x30025e58 <z_interrupt_stacks>
psplim_s       0x30026798          0x30026798 <z_main_stack>
msplim_ns      0x24106ff0          0x24106ff0
psplim_ns      0x24106ff0          0x24106ff0
primask_s      0x0                 0
basepri_s      0x0                 0
faultmask_s    0x0                 0
control_s      0x6                 6
primask_ns     0x0                 0
basepri_ns     0x0                 0
faultmask_ns   0x0                 0
control_ns     0x4                 4
p0             0xf330              -3280
0x30036748 <z_main_stack+65456>:	0x00000000	0x10012c37	0x00000000	0x100195bb
CFSR=0x0
HFSR=0x0
DFSR=0x0
MMFAR=0x0
BFAR=0x30040000
AFSR=0x0
SHCSR=0xf0000
CCR=0x611
MSP=0x30026658
PSP=0x30036748
LR=0x10012c1b
PC=0x10012bd4
STACKED_R0_R1_R2_R3_R12_LR_PC_XPSR:
0x30026658 <z_idle_stacks>:	0x00000000	0x00000000	0x00000000	0x00000000
0x30026668 <z_idle_stacks+16>:	0x00000000	0x00000000	0x00000000	0x00000000
0xe000ed28:	0x00000000	0x00000000	0x00000000	0x00000000
0xe000ed38:	0x30040000
TCM_CONTROL_END=0x99
TCM_MSCR_END=0x1300a
[Inferior 1 (Remote target) detached]
none separate
Deferring arp_examine of stm32n6x.cpu
Use arp_examine command to examine it manually!
