[exec_wrapper] configuring FLEXMEM...
[exec_wrapper] starting OpenOCD on port 3359...
[exec_wrapper] SWO redirect port 62193
[exec_wrapper] /Users/seungwon/FALCON/fn-dsa_m55/measurement_mlkem_native/env/openocd-4e9b167/bin/openocd -f interface/stlink.cfg -c transport select swd -f target/stm32n6x.cfg -c if {[lsearch -exact [target names] stm32n6x.cpu] >= 0} { stm32n6x.cpu configure -defer-examine } -c adapter speed 8000 -c adapter serial 003C00223335510735383531 -c reset_config srst_only srst_nogate -c gdb_port 3359 -c tcl_port disabled -c telnet_port disabled -c init -c stm32n6x.cpu arp_examine -c stm32n6x.swo configure -protocol uart -traceclk 100000000 -pin-freq 1000000 -output :62193 -formatter 0 -c stm32n6x.swo enable -c stm32n6x.cpu itm port 0 on
============ GDB SCRIPT ============
set pagination off
set confirm off
target remote localhost:3359
load
tbreak *0x10007d64
hbreak *0x1000afd0
set $early_fault_bp = $bpnum
jump *0x1000afe5
if $pc != 0x10007d64
echo [[STARTUP-FAULT]]\n
info registers
x/8wx $psp
x/8wx $msp
x/8i *(unsigned int*)($psp+24)
x/6wx 0xE000ED28
x/6wx 0xE001E000
monitor reset_config none
monitor reset run
quit 1
end
delete $early_fault_bp
echo TCM_CONTROL_START=
output/x *(unsigned int*)0x56008008
echo \n
echo TCM_MSCR_START=
output/x *(unsigned int*)0xE001E000
echo \n
restore /var/folders/cl/qszfy4ys3t51fgwf6m125j080000gt/T/tmp8pd6t910/argv.bin binary 0x340b0000
set $nucleo_exit_code = -1
break *0x10007d14
commands
  set $nucleo_exit_code = $r0
  echo [[NUCLEO-DONE]]\n
end
break *0x1000afd0
commands
  echo [[NUCLEO-HARDFAULT]]\n
end
continue
if $nucleo_exit_code != -1
  echo NUCLEO_EXIT_CODE=
  output/d $nucleo_exit_code
  echo \n
end
info registers
x/4wx $sp
echo CFSR=
output/x *(unsigned int *)0xE000ED28
echo \n
echo HFSR=
output/x *(unsigned int *)0xE000ED2C
echo \n
echo DFSR=
output/x *(unsigned int *)0xE000ED30
echo \n
echo MMFAR=
output/x *(unsigned int *)0xE000ED34
echo \n
echo BFAR=
output/x *(unsigned int *)0xE000ED38
echo \n
echo AFSR=
output/x *(unsigned int *)0xE000ED3C
echo \n
echo SHCSR=
output/x *(unsigned int *)0xE000ED24
echo \n
echo CCR=
output/x *(unsigned int *)0xE000ED14
echo \n
echo MSP=
output/x $msp
echo \n
echo PSP=
output/x $psp
echo \n
echo LR=
output/x $lr
echo \n
echo PC=
output/x $pc
echo \n
echo STACKED_R0_R1_R2_R3_R12_LR_PC_XPSR:\n
if ($lr & 4)
  x/8wx $psp
else
  x/8wx $msp
end
x/4wx 0xE000ED28
x/wx 0xE000ED38
echo TCM_CONTROL_END=
output/x *(unsigned int*)0x56008008
echo \n
echo TCM_MSCR_END=
output/x *(unsigned int*)0xE001E000
echo \n
monitor reset_config none
monitor reset run
====================================
[exec_wrapper] running gdb batch
Open On-Chip Debugger 0.12.0+dev-g4e9b167 (2026-09-09-11:52)
Licensed under GNU GPL v2
For bug reports, read
	http://openocd.org/doc/doxygen/bugs.html
adapter speed: 8000 kHz
srst_only separate srst_nogate srst_open_drain connect_deassert_srst
DEPRECATED! use 'gdb port', not 'gdb_port'
DEPRECATED! use 'tcl port' not 'tcl_port'
DEPRECATED! use 'telnet port', not 'telnet_port'
Info : STLINK V3J15M6 (API v3) VID:PID 0483:3754
Info : Target voltage: 3.277659
Info : clock speed 8000 kHz
Info : SWD DPIDR 0x6ba02477
Info : [stm32n6x.ap0] Examination succeed
Info : [stm32n6x.ap0] gdb port disabled
Info : [stm32n6x.cpu] starting gdb server on 3359
Info : Listening on port 3359 for gdb connections
Info : [stm32n6x.cpu] Cortex-M55 r1p1 processor detected
Info : [stm32n6x.cpu] target has 8 breakpoints, 8 watchpoints
Info : starting trace server for stm32n6x.swo on 62193
Info : Listening on port 62193 for tpiu_swo_trace connections
Info : tcl server disabled
Info : telnet server disabled
Info : accepting 'tpiu_swo_trace' connection on tcp/62193
Info : accepting 'gdb' connection on tcp/3359
stm32n6x.cpu in Secure state
[stm32n6x.cpu] halted due to debug-request, current mode: Thread
xPSR: 0x21000000 pc: 0x18003514 msp: 0x341037a8
Info : New GDB Connection: 1, Target stm32n6x.cpu, state: halted
Warn : Prefer GDB command "target extended-remote :3359" instead of "target remote :3359"
PERFCT_HW cpu=800000000 fpscr=00040000 ccr=00000611 tcm=00000099
COUNTEREXAMPLE_BOARD fixed=00000000ffffffff trial=3ff0000000000000 fixed_k=0 trial_k=1
Info : Deferring arp_examine of stm32n6x.cpu
Info : Use arp_examine command to examine it manually!
Info : dropped 'gdb' connection
0x18003514 in ?? ()
Loading section rom_start, size 0x32c lma 0x10000000
Loading section text, size 0xfae4 lma 0x10000330
Loading section .ARM.exidx, size 0x8 lma 0x30000000
Loading section initlevel, size 0xc8 lma 0x30000008
Loading section device_area, size 0x268 lma 0x300000d0
Loading section sw_isr_table, size 0x5d8 lma 0x30000338
Loading section gpio_driver_api_area, size 0x24 lma 0x30000910
Loading section reset_driver_api_area, size 0x10 lma 0x30000934
Loading section clock_control_driver_api_area, size 0x1c lma 0x30000944
Loading section otp_driver_api_area, size 0x4 lma 0x30000960
Loading section uart_driver_api_area, size 0x14 lma 0x30000964
Loading section rodata, size 0x15040 lma 0x30000980
Loading section datas, size 0x4c lma 0x300159c0
Loading section device_states, size 0x2c lma 0x30015a0c
Loading section k_mutex_area, size 0x14 lma 0x30015a38
Loading section .last_section, size 0x4 lma 0x30015a4c
Start address 0x1000afe4, load size 153688
Transfer rate: 541 KB/sec, 6403 bytes/write.
Temporary breakpoint 1 at 0x10007d64: file /Users/seungwon/FALCON/fn-dsa_m55/measurement_mlkem_native/env/mlkem-native-637d076aa113d8faaec2277ed4a46b657acaf35f/test/zephyr/app/shim_nucleo_n657x0_q.c, line 254.
Hardware assisted breakpoint 2 at 0x1000afd0: file /Users/seungwon/FALCON/fn-dsa_m55/measurement_mlkem_native/env/zephyr-4.4.1/arch/arm/core/cortex_m/fault_s.S, line 80.

Temporary breakpoint 1, get_bootargs () at /Users/seungwon/FALCON/fn-dsa_m55/measurement_mlkem_native/env/mlkem-native-637d076aa113d8faaec2277ed4a46b657acaf35f/test/zephyr/app/shim_nucleo_n657x0_q.c:254
254	  return mlk_bootargs_block;
TCM_CONTROL_START=0x99
TCM_MSCR_START=0x1300a
Restoring binary file /var/folders/cl/qszfy4ys3t51fgwf6m125j080000gt/T/tmp8pd6t910/argv.bin into memory (0x340b0000 to 0x340c0000)
Breakpoint 3 at 0x10007d14: file /Users/seungwon/FALCON/fn-dsa_m55/measurement_mlkem_native/env/mlkem-native-637d076aa113d8faaec2277ed4a46b657acaf35f/test/zephyr/app/shim_nucleo_n657x0_q.c, line 148.
Breakpoint 4 at 0x1000afd0: file /Users/seungwon/FALCON/fn-dsa_m55/measurement_mlkem_native/env/zephyr-4.4.1/arch/arm/core/cortex_m/fault_s.S, line 80.

Breakpoint 4, z_arm_usage_fault () at /Users/seungwon/FALCON/fn-dsa_m55/measurement_mlkem_native/env/zephyr-4.4.1/arch/arm/core/cortex_m/fault_s.S:80
80		mrs r0, MSP
[[NUCLEO-HARDFAULT]]
r0             0x0                 0
r1             0x0                 0
r2             0x0                 0
r3             0x0                 0
r4             0x30016a60          805399136
r5             0x4                 4
r6             0x3                 3
r7             0xe0001000          -536866816
r8             0x0                 0
r9             0x0                 0
r10            0x0                 0
r11            0x30015574          805393780
r12            0x0                 0
sp             0x30023690          0x30023690 <z_idle_stacks>
lr             0xffffffed          -19
pc             0x1000afd0          0x1000afd0 <z_arm_usage_fault>
xpsr           0x1000003           16777219
fpscr          0x0                 0
msp            0x30023690          0x30023690 <z_idle_stacks>
psp            0x30033648          0x30033648 <z_main_stack+65144>
vpr            0x0                 [ P0=0 MASK01=0 MASK23=0 ]
msp_ns         0x241077f0          0x241077f0
psp_ns         0x241077f0          0x241077f0
msp_s          0x30023690          0x30023690 <z_idle_stacks>
psp_s          0x30033648          0x30033648 <z_main_stack+65144>
primask        0x1                 1
basepri        0x0                 0
faultmask      0x0                 0
control        0x0                 0
msplim_s       0x30022e90          0x30022e90 <z_interrupt_stacks>
psplim_s       0x300237d0          0x300237d0 <z_main_stack>
msplim_ns      0x24106ff0          0x24106ff0
psplim_ns      0x24106ff0          0x24106ff0
primask_s      0x1                 1
basepri_s      0x0                 0
faultmask_s    0x0                 0
control_s      0x0                 0
primask_ns     0x0                 0
basepri_ns     0x0                 0
faultmask_ns   0x0                 0
control_ns     0x0                 0
p0             0x0                 0
0x30023690 <z_idle_stacks>:	0x00000000	0x00000000	0x00000000	0x00000000
CFSR=0x20000
HFSR=0x40000000
DFSR=0x0
MMFAR=0x0
BFAR=0xf30379ad
AFSR=0x0
SHCSR=0xf0004
CCR=0x611
MSP=0x30023690
PSP=0x30033648
LR=0xffffffed
PC=0x1000afd0
STACKED_R0_R1_R2_R3_R12_LR_PC_XPSR:
0x30033648 <z_main_stack+65144>:	0x30019a78	0x30016a70	0x00000010	0x30016a60
0x30033658 <z_main_stack+65160>:	0x30019a88	0x00000001	0x1000bc42	0x01100000
0xe000ed28:	0x00020000	0x40000000	0x00000000	0x00000000
0xe000ed38:	0xf30379ad
TCM_CONTROL_END=0x99
TCM_MSCR_END=0x1300a
[Inferior 1 (Remote target) detached]
none separate
Deferring arp_examine of stm32n6x.cpu
Use arp_examine command to examine it manually!
FAIL!
Target entered HardFault_Handler
Fault registers:
  CFSR=0x00020000
  HFSR=0x40000000
  DFSR=0x00000000
  MMFAR=0x00000000
  BFAR=0xf30379ad
  AFSR=0x00000000
  SHCSR=0x000f0004
  CCR=0x00000611
  MSP=0x30023690
  PSP=0x30033648
  LR=0xffffffed
  PC=0x1000afd0
  CFSR bits: INVSTATE
  HFSR bits: FORCED
