[exec_wrapper] configuring FLEXMEM...
[exec_wrapper] starting OpenOCD on port 3351...
[exec_wrapper] SWO redirect port 51141
[exec_wrapper] /Users/seungwon/FALCON/fn-dsa_m55/measurement_mlkem_native/env/openocd-4e9b167/bin/openocd -f interface/stlink.cfg -c transport select swd -f target/stm32n6x.cfg -c if {[lsearch -exact [target names] stm32n6x.cpu] >= 0} { stm32n6x.cpu configure -defer-examine } -c adapter speed 8000 -c adapter serial 003C00223335510735383531 -c reset_config srst_only srst_nogate -c gdb_port 3351 -c tcl_port disabled -c telnet_port disabled -c init -c stm32n6x.cpu arp_examine -c stm32n6x.swo configure -protocol uart -traceclk 100000000 -pin-freq 1000000 -output :51141 -formatter 0 -c stm32n6x.swo enable -c stm32n6x.cpu itm port 0 on
============ GDB SCRIPT ============
set pagination off
set confirm off
target remote localhost:3351
load
tbreak *0x1000520c
hbreak *0x10008478
set $early_fault_bp = $bpnum
jump *0x1000848d
if $pc != 0x1000520c
echo [[STARTUP-FAULT]]\n
info registers
x/8wx $psp
x/8wx $msp
x/8i *(unsigned int*)($psp+24)
x/6wx 0xE000ED28
x/6wx 0xE001E000
monitor reset_config none
monitor reset run
quit 1
end
delete $early_fault_bp
echo TCM_CONTROL_START=
output/x *(unsigned int*)0x56008008
echo \n
echo TCM_MSCR_START=
output/x *(unsigned int*)0xE001E000
echo \n
restore /var/folders/cl/qszfy4ys3t51fgwf6m125j080000gt/T/tmpa7wsm0rl/argv.bin binary 0x340b0000
set $nucleo_exit_code = -1
break *0x100051bc
commands
  set $nucleo_exit_code = $r0
  echo [[NUCLEO-DONE]]\n
end
break *0x10008478
commands
  echo [[NUCLEO-HARDFAULT]]\n
end
continue
if $nucleo_exit_code != -1
  echo NUCLEO_EXIT_CODE=
  output/d $nucleo_exit_code
  echo \n
end
info registers
x/4wx $sp
echo CFSR=
output/x *(unsigned int *)0xE000ED28
echo \n
echo HFSR=
output/x *(unsigned int *)0xE000ED2C
echo \n
echo DFSR=
output/x *(unsigned int *)0xE000ED30
echo \n
echo MMFAR=
output/x *(unsigned int *)0xE000ED34
echo \n
echo BFAR=
output/x *(unsigned int *)0xE000ED38
echo \n
echo AFSR=
output/x *(unsigned int *)0xE000ED3C
echo \n
echo SHCSR=
output/x *(unsigned int *)0xE000ED24
echo \n
echo CCR=
output/x *(unsigned int *)0xE000ED14
echo \n
echo MSP=
output/x $msp
echo \n
echo PSP=
output/x $psp
echo \n
echo LR=
output/x $lr
echo \n
echo PC=
output/x $pc
echo \n
echo STACKED_R0_R1_R2_R3_R12_LR_PC_XPSR:\n
if ($lr & 4)
  x/8wx $psp
else
  x/8wx $msp
end
x/4wx 0xE000ED28
x/wx 0xE000ED38
echo TCM_CONTROL_END=
output/x *(unsigned int*)0x56008008
echo \n
echo TCM_MSCR_END=
output/x *(unsigned int*)0xE001E000
echo \n
monitor reset_config none
monitor reset run
====================================
[exec_wrapper] running gdb batch
Open On-Chip Debugger 0.12.0+dev-g4e9b167 (2026-09-09-11:52)
Licensed under GNU GPL v2
For bug reports, read
	http://openocd.org/doc/doxygen/bugs.html
adapter speed: 8000 kHz
srst_only separate srst_nogate srst_open_drain connect_deassert_srst
DEPRECATED! use 'gdb port', not 'gdb_port'
DEPRECATED! use 'tcl port' not 'tcl_port'
DEPRECATED! use 'telnet port', not 'telnet_port'
Info : STLINK V3J15M6 (API v3) VID:PID 0483:3754
Info : Target voltage: 3.277659
Info : clock speed 8000 kHz
Info : SWD DPIDR 0x6ba02477
Info : [stm32n6x.ap0] Examination succeed
Info : [stm32n6x.ap0] gdb port disabled
Info : [stm32n6x.cpu] starting gdb server on 3351
Info : Listening on port 3351 for gdb connections
Info : [stm32n6x.cpu] Cortex-M55 r1p1 processor detected
Info : [stm32n6x.cpu] target has 8 breakpoints, 8 watchpoints
Info : starting trace server for stm32n6x.swo on 51141
Info : Listening on port 51141 for tpiu_swo_trace connections
Info : tcl server disabled
Info : telnet server disabled
Info : accepting 'tpiu_swo_trace' connection on tcp/51141
Info : accepting 'gdb' connection on tcp/3351
stm32n6x.cpu in Secure state
[stm32n6x.cpu] halted due to debug-request, current mode: Thread
xPSR: 0x21000000 pc: 0x1800350e msp: 0x341037a8
Info : New GDB Connection: 1, Target stm32n6x.cpu, state: halted
Warn : Prefer GDB command "target extended-remote :3351" instead of "target remote :3351"
TW_COMPARE_BEGIN batches=10 calls=10 status=mve_four_lane_prototype
HW cpu=800000000 sysclk=400000000 hclk=200000000 ccr=00000611 itcmcr=00000049 dtcmcr=00000049 fpscr=00040000
TWIDDLE_MUL lane=0 scalar_q32=51629008500 mve_q32=51629008500
TWIDDLE_CMUL lane=0 scalar=121480020000,-18222003000 mve=121480020000,-18222003000
TWIDDLE_MUL lane=1 scalar_q32=145776024000 mve_q32=145776024000
TWIDDLE_CMUL lane=1 scalar=127554021000,163998027000 mve=127554021000,163998027000
TWIDDLE_MUL lane=2 scalar_q32=239923039500 mve_q32=239923039500
TWIDDLE_CMUL lane=2 scalar=133628022000,346218057000 mve=133628022000,346218057000
TWIDDLE_MUL lane=3 scalar_q32=334070055000 mve_q32=334070055000
TWIDDLE_CMUL lane=3 scalar=139702023000,528438087000 mve=139702023000,528438087000
PRIMITIVE_CHECK cases=8000 mismatches=0 add4_max_q32_lsb=0 mul4_max_q32_lsb=0
TRANSFORM_LOGN logn=2 mve_vs_q32_lsb=0 mve_vs_tw_scalar_lsb=0
TRANSFORM_LOGN logn=3 mve_vs_q32_lsb=2 mve_vs_tw_scalar_lsb=0
LOGN4_FFT_INPUT,-3521873182720,1404454305792,2993592205312,-3719441678336,-2933462663168,2830383448064,2727304232960,2740189134848,927712935936,2280627634176,-257698037760,3852585664512,-871878361088,-300647710720,3629247365120,4329327034368
LOGN4_FFT_SCALAR,-10614135838374,1764953238214,-5562780108182,-5506570982537,2847744498361,-973895981720,-4047423163475,-6082877124045,12419192259437,-6313192080527,5120397350499,-18278675557664,9010166952433,8574080908502,-5183333411977,2073067066785
LOGN4_FFT_MVE,-10614135838374,1764953238214,-5562780108182,-5506570982537,2847744498361,-973895981720,-4047423163475,-6082877124045,12419192259437,-6313192080527,5120397350499,-18278675557664,9010166952433,8574080908502,-5183333411977,2073067066785
TRANSFORM_LOGN logn=4 mve_vs_q32_lsb=3 mve_vs_tw_scalar_lsb=0
LOGN4_SAMPLE scalar=20080171615312,4616995135757 mve=3921305141248,3809635991612
TRANSFORM_LOGN logn=5 mve_vs_q32_lsb=5 mve_vs_tw_scalar_lsb=1
TRANSFORM_LOGN logn=6 mve_vs_q32_lsb=10 mve_vs_tw_scalar_lsb=1
TRANSFORM_LOGN logn=7 mve_vs_q32_lsb=20 mve_vs_tw_scalar_lsb=1
TRANSFORM_LOGN logn=8 mve_vs_q32_lsb=42 mve_vs_tw_scalar_lsb=1
TRANSFORM_LOGN logn=9 mve_vs_q32_lsb=78 mve_vs_tw_scalar_lsb=1
TRANSFORM_LOGN logn=10 mve_vs_q32_lsb=141 mve_vs_tw_scalar_lsb=1
TRANSFORM_ERROR max_fft_q32_lsb=141 max_roundtrip_q32_lsb=3992
BENCH logn=9 dir=fft calls=10 q32=1154190,1154190,1154190,1154190,1154190,1154190,1154190,1154190,1154190,1154190 fp64=2306600,2306600,2306600,2306600,2306600,2306600,2306600,2306600,2306600,2306600 tw_scalar=18905980,18905980,18905980,18905981,18905980,18905980,18905980,18905980,18905981,18905980 tw_mve=12865790,12865790,12865791,12865790,12865790,12865790,12865790,12865790,12865791,12865790
BENCH logn=9 dir=ifft calls=10 q32=1402730,1402730,1402730,1402730,1402730,1402730,1402730,1402730,1402730,1402730 fp64=3194530,3194530,3194530,3194530,3194530,3194530,3194530,3194530,3194529,3194530 tw_scalar=19231830,19231830,19231829,19231830,19231830,19231830,19231831,19231830,19231830,19231830 tw_mve=13186551,13186550,13186550,13186550,13186550,13186551,13186550,13186550,13186550,13186550
BENCH logn=10 dir=fft calls=10 q32=2565030,2565030,2565030,2565030,2565030,2565031,2565030,2565030,2565030,2565030 fp64=5081080,5081080,5081080,5081080,5081080,5081080,5081080,5081080,5081080,5081080 tw_scalar=42363331,42363330,42363331,42363330,42363331,42363330,42363331,42363330,42363331,42363330 tw_mve=28222020,28222021,28222020,28222020,28222021,28222020,28222020,28222021,28222020,28222021
Info : Deferring arp_examine of stm32n6x.cpu
BENCH logn=10 dir=ifft calls=10 q32=3123360,3123360,3123360,3123360,3123360,3123360,3123360,3123360,3123360,3123360 fp64=7077440,7077440,7077440,7077441,7077440,7077440,7077440,7077440,7077440,7077440 tw_scalar=43088520,43088521,43088520,43088519,43088520,43088521,43088521,43088520,43088521,43088520 tw_mve=28944720,28944720,28944721,28944720,28944720,28944721,28944720,28944721,28944720,28944720
TW_COMPARE_DONE primitive_status=PASS transform_status=NUMERIC_NOT_Q32_IDENTICAL sink=00000000
Info : Use arp_examine command to examine it manually!
Info : dropped 'gdb' connection
0x1800350e in ?? ()
Loading section rom_start, size 0x32c lma 0x10000000
Loading section text, size 0xd78c lma 0x10000330
Loading section .ARM.exidx, size 0x8 lma 0x30000000
Loading section initlevel, size 0xc8 lma 0x30000008
Loading section device_area, size 0x268 lma 0x300000d0
Loading section sw_isr_table, size 0x5d8 lma 0x30000338
Loading section gpio_driver_api_area, size 0x24 lma 0x30000910
Loading section reset_driver_api_area, size 0x10 lma 0x30000934
Loading section clock_control_driver_api_area, size 0x1c lma 0x30000944
Loading section otp_driver_api_area, size 0x4 lma 0x30000960
Loading section uart_driver_api_area, size 0x14 lma 0x30000964
Loading section rodata, size 0x4d28 lma 0x30000978
Loading section datas, size 0x54 lma 0x300056a0
Loading section device_states, size 0x2c lma 0x300056f4
Loading section k_mutex_area, size 0x14 lma 0x30005720
Loading section .last_section, size 0x4 lma 0x30005734
Start address 0x1000848c, load size 78320
Transfer rate: 542 KB/sec, 3916 bytes/write.
Temporary breakpoint 1 at 0x1000520c: file /Users/seungwon/FALCON/fn-dsa_m55/measurement_mlkem_native/env/mlkem-native-637d076aa113d8faaec2277ed4a46b657acaf35f/test/zephyr/app/shim_nucleo_n657x0_q.c, line 254.
Hardware assisted breakpoint 2 at 0x10008478: file /Users/seungwon/FALCON/fn-dsa_m55/measurement_mlkem_native/env/zephyr-4.4.1/arch/arm/core/cortex_m/fault_s.S, line 80.

Temporary breakpoint 1, get_bootargs () at /Users/seungwon/FALCON/fn-dsa_m55/measurement_mlkem_native/env/mlkem-native-637d076aa113d8faaec2277ed4a46b657acaf35f/test/zephyr/app/shim_nucleo_n657x0_q.c:254
254	  return mlk_bootargs_block;
TCM_CONTROL_START=0x99
TCM_MSCR_START=0x1300a
Restoring binary file /var/folders/cl/qszfy4ys3t51fgwf6m125j080000gt/T/tmpa7wsm0rl/argv.bin into memory (0x340b0000 to 0x340c0000)
Breakpoint 3 at 0x100051bc: file /Users/seungwon/FALCON/fn-dsa_m55/measurement_mlkem_native/env/mlkem-native-637d076aa113d8faaec2277ed4a46b657acaf35f/test/zephyr/app/shim_nucleo_n657x0_q.c, line 148.
Breakpoint 4 at 0x10008478: file /Users/seungwon/FALCON/fn-dsa_m55/measurement_mlkem_native/env/zephyr-4.4.1/arch/arm/core/cortex_m/fault_s.S, line 80.

Breakpoint 3, nucleo_test_breakpoint (rc=rc@entry=0) at /Users/seungwon/FALCON/fn-dsa_m55/measurement_mlkem_native/env/mlkem-native-637d076aa113d8faaec2277ed4a46b657acaf35f/test/zephyr/app/shim_nucleo_n657x0_q.c:148
148	  __asm__ volatile("bkpt 0" ::: "memory");
[[NUCLEO-DONE]]
NUCLEO_EXIT_CODE=0
r0             0x0                 0
r1             0xe0000000          -536870912
r2             0x1000900           16779520
r3             0x984631            9979441
r4             0x0                 0
r5             0x300000d0          805306576
r6             0x30000910          805308688
r7             0x3001c360          805421920
r8             0x300000d0          805306576
r9             0x3002c4a0          805487776
r10            0x34102040          873472064
r11            0x56021800          1442977792
r12            0xa                 10
sp             0x3002c450          0x3002c450 <z_main_stack+65456>
lr             0x10005203          268456451
pc             0x100051bc          0x100051bc <nucleo_test_breakpoint>
xpsr           0x1000000           16777216
fpscr          0x60040010          1610874896
msp            0x3001c360          0x3001c360 <z_idle_stacks>
psp            0x3002c450          0x3002c450 <z_main_stack+65456>
vpr            0x0                 [ P0=0 MASK01=0 MASK23=0 ]
msp_ns         0x241077f0          0x241077f0
psp_ns         0x241077f0          0x241077f0
msp_s          0x3001c360          0x3001c360 <z_idle_stacks>
psp_s          0x3002c450          0x3002c450 <z_main_stack+65456>
primask        0x0                 0
basepri        0x0                 0
faultmask      0x0                 0
control        0x6                 6
msplim_s       0x3001bb60          0x3001bb60 <z_interrupt_stacks>
psplim_s       0x3001c4a0          0x3001c4a0 <z_main_stack>
msplim_ns      0x24106ff0          0x24106ff0
psplim_ns      0x24106ff0          0x24106ff0
primask_s      0x0                 0
basepri_s      0x0                 0
faultmask_s    0x0                 0
control_s      0x6                 6
primask_ns     0x0                 0
basepri_ns     0x0                 0
faultmask_ns   0x0                 0
control_ns     0x4                 4
p0             0x0                 0
0x3002c450 <z_main_stack+65456>:	0x00000000	0x1000521f	0x00000000	0x1000c2d3
CFSR=0x0
HFSR=0x0
DFSR=0x0
MMFAR=0x0
BFAR=0xf30379ad
AFSR=0x0
SHCSR=0xf0000
CCR=0x611
MSP=0x3001c360
PSP=0x3002c450
LR=0x10005203
PC=0x100051bc
STACKED_R0_R1_R2_R3_R12_LR_PC_XPSR:
0x3001c360 <z_idle_stacks>:	0x00000000	0x00000000	0x00000000	0x00000000
0x3001c370 <z_idle_stacks+16>:	0x00000000	0x00000000	0x00000000	0x00000000
0xe000ed28:	0x00000000	0x00000000	0x00000000	0x00000000
0xe000ed38:	0xf30379ad
TCM_CONTROL_END=0x99
TCM_MSCR_END=0x1300a
[Inferior 1 (Remote target) detached]
none separate
Deferring arp_examine of stm32n6x.cpu
Use arp_examine command to examine it manually!
