xPack Open On-Chip Debugger 0.12.0+dev-02228-ge5888bda3-dirty (2025-10-04-22:45)
Licensed under GNU GPL v2
For bug reports, read
	http://openocd.org/doc/doxygen/bugs.html
Info : Listening on port 6668 for tcl connections
Info : telnet server disabled
Info : STLINK V2J35M26 (API v2) VID:PID 0483:374B
Info : Target voltage: 3.223484
Info : Unable to match requested speed 1000 kHz, using 950 kHz
Info : Unable to match requested speed 1000 kHz, using 950 kHz
Info : clock speed 950 kHz
Info : SWD DPIDR 0x2ba01477
Info : [stm32l4x.cpu] Cortex-M4 r0p1 processor detected
Error: timeout waiting for ITM_TCR_BUSY_BIT
Info : [stm32l4x.cpu] target has 6 breakpoints, 4 watchpoints
Info : [stm32l4x.cpu] Examination succeed
Info : [stm32l4x.cpu] starting gdb server on 3338
Info : Listening on port 3338 for gdb connections
Info : accepting 'tcl' connection on tcp/6668
Warn : [stm32l4x.cpu] target was in unknown state when halt was requested
0:
0:0x410fc241
0:0x101f6470
0:0x2f000a 0x564b5015 0x20393131
0:0xffff0800
0:0xffeff8aa
0:dumped 2097152 bytes in 32.486416s (63.042 KiB/s)
Info : Unable to match requested speed 500 kHz, using 480 kHz
Info : Unable to match requested speed 500 kHz, using 480 kHz
[stm32l4x.cpu] halted due to debug-request, current mode: Thread 
xPSR: 0x01000000 pc: 0x0800b7ac msp: 0x200a0000
0:
0:103340 bytes written at address 0x20000400
downloaded 103340 bytes in 3.075043s (32.818 KiB/s)
0:verified 103340 bytes in 3.044997s (33.142 KiB/s)
0:0x0
0:
0:0x0
0:
0:verified 103340 bytes in 3.107021s (32.481 KiB/s)
0:sp (/32): 0x200a0000
0:msp (/32): 0x200a0000
0:psp (/32): 0x200a0000
0:xpsr (/32): 0x01000000
0:primask (/1): 0x00
0:basepri (/8): 0x00
0:faultmask (/1): 0x00
0:control (/3): 0x00
0:
0:0x46434d50 0x1 0x0 0x0 0x64 0x200 0x0 0x0 0x410fc241 0x16e3600 0x16e3600 0x200 0x20000400 0x1 0x1 0x0 0x1fc99 0x0 0x0 0x0 0x0 0xf00000 0x0 0x0 0x0 0x0 0x0 0x0 0x0 0x0 0x0 0x0 0x0 0x0 0x0 0x0 0x0 0x0 0x0 0x0 0x101f6470 0x1 0x16e3600 0x16e3600 0x0 0x0 0x9b 0x0 0x1000 0x1 0x200 0x100 0x0 0x0 0x0 0x0 0x0 0x0 0x3 0x40000001 0x0 0x0 0x0 0x0 0x0 0x0 0x0 0x0 0x0 0x0 0x0 0x0 0x0 0x0 0x0 0x0 0x0 0x0 0x0 0x0 0x0 0x0 0x0 0x0 0x0 0x0 0x0 0x0 0x0 0x0 0x0 0x0
0:0x46434d50 0x1 0x0 0x0 0x64 0x400 0x0 0x0 0x410fc241 0x16e3600 0x16e3600 0x200 0x20000400 0x1 0x1 0x0 0x1fc99 0x0 0x0 0x0 0x0 0xf00000 0x0 0x0 0x0 0x0 0x0 0x0 0x0 0x0 0xf19d4a20 0x0 0x0 0x0 0x0 0x0 0x0 0x0 0x0 0x0 0x101f6470 0x1 0x16e3600 0x16e3600 0x0 0x0 0x9b 0x0 0x1000 0x1 0x200 0x100 0x0 0x0 0x0 0x0 0x0 0x0 0x3 0x40000001 0x0 0x0 0x0 0x0 0x0 0x0 0x0 0x0 0x0 0x0 0x0 0x0 0x0 0x0 0x0 0x0 0x2a5e4f4c 0xbc6fcd90 0xb5691fc5 0x33882de8 0x8ca5f293 0xc0326ccc 0x80ad9f2f 0x21e64370 0x0 0x0 0x0 0x0 0x0 0x0 0x0 0x0
0:0x46434d50 0x1 0x0 0x0 0x64 0x400 0x0 0x0 0x410fc241 0x16e3600 0x16e3600 0x200 0x20000400 0x1 0x1 0x0 0x1fc99 0x0 0x0 0x0 0x0 0xf00000 0x0 0x0 0x0 0x0 0x0 0x0 0x0 0x0 0xf19d4a20 0x0 0x0 0x0 0x0 0x0 0x0 0x0 0x0 0x0 0x101f6470 0x1 0x16e3600 0x16e3600 0x0 0x0 0x9b 0x0 0x1000 0x1 0x200 0x100 0x0 0x0 0x0 0x0 0x0 0x0 0x3 0x40000001 0x0 0x0 0x0 0x0 0x0 0x0 0x0 0x0 0x0 0x0 0x0 0x0 0x0 0x0 0x0 0x0 0x2a5e4f4c 0xbc6fcd90 0xb5691fc5 0x33882de8 0x8ca5f293 0xc0326ccc 0x80ad9f2f 0x21e64370 0x0 0x0 0x0 0x0 0x0 0x0 0x0 0x0
0:0x46434d50 0x1 0x0 0x0 0x64 0x400 0x0 0x0 0x410fc241 0x16e3600 0x16e3600 0x200 0x20000400 0x1 0x1 0x0 0x1fc99 0x0 0x0 0x0 0x0 0xf00000 0x0 0x0 0x0 0x0 0x0 0x0 0x0 0x0 0xf19d4a20 0x0 0x0 0x0 0x0 0x0 0x0 0x0 0x0 0x0 0x101f6470 0x1 0x16e3600 0x16e3600 0x0 0x0 0x9b 0x0 0x1000 0x1 0x200 0x100 0x0 0x0 0x0 0x0 0x0 0x0 0x3 0x40000001 0x0 0x0 0x0 0x0 0x0 0x0 0x0 0x0 0x0 0x0 0x0 0x0 0x0 0x0 0x0 0x0 0x2a5e4f4c 0xbc6fcd90 0xb5691fc5 0x33882de8 0x8ca5f293 0xc0326ccc 0x80ad9f2f 0x21e64370 0x0 0x0 0x0 0x0 0x0 0x0 0x0 0x0
0:0x46434d50 0x1 0x0 0x0 0x64 0x400 0x0 0x0 0x410fc241 0x16e3600 0x16e3600 0x200 0x20000400 0x1 0x1 0x0 0x1fc99 0x0 0x0 0x0 0x0 0xf00000 0x0 0x0 0x0 0x0 0x0 0x0 0x0 0x0 0xf19d4a20 0x0 0x0 0x0 0x0 0x0 0x0 0x0 0x0 0x0 0x101f6470 0x1 0x16e3600 0x16e3600 0x0 0x0 0x9b 0x0 0x1000 0x1 0x200 0x100 0x0 0x0 0x0 0x0 0x0 0x0 0x3 0x40000001 0x0 0x0 0x0 0x0 0x0 0x0 0x0 0x0 0x0 0x0 0x0 0x0 0x0 0x0 0x0 0x0 0x2a5e4f4c 0xbc6fcd90 0xb5691fc5 0x33882de8 0x8ca5f293 0xc0326ccc 0x80ad9f2f 0x21e64370 0x0 0x0 0x0 0x0 0x0 0x0 0x0 0x0
0:0x46434d50 0x1 0x0 0x0 0x64 0x400 0x0 0x0 0x410fc241 0x16e3600 0x16e3600 0x200 0x20000400 0x1 0x1 0x0 0x1fc99 0x0 0x0 0x0 0x0 0xf00000 0x0 0x0 0x0 0x0 0x0 0x0 0x0 0x0 0xf19d4a20 0x0 0x0 0x0 0x0 0x0 0x0 0x0 0x0 0x0 0x101f6470 0x1 0x16e3600 0x16e3600 0x0 0x0 0x9b 0x0 0x1000 0x1 0x200 0x100 0x0 0x0 0x0 0x0 0x0 0x0 0x3 0x40000001 0x0 0x0 0x0 0x0 0x0 0x0 0x0 0x0 0x0 0x0 0x0 0x0 0x0 0x0 0x0 0x0 0x2a5e4f4c 0xbc6fcd90 0xb5691fc5 0x33882de8 0x8ca5f293 0xc0326ccc 0x80ad9f2f 0x21e64370 0x0 0x0 0x0 0x0 0x0 0x0 0x0 0x0
0:0x46434d50 0x1 0x0 0x0 0x64 0x400 0x0 0x0 0x410fc241 0x16e3600 0x16e3600 0x200 0x20000400 0x1 0x1 0x0 0x1fc99 0x0 0x0 0x0 0x0 0xf00000 0x0 0x0 0x0 0x0 0x0 0x0 0x0 0x0 0xf19d4a20 0x0 0x0 0x0 0x0 0x0 0x0 0x0 0x0 0x0 0x101f6470 0x1 0x16e3600 0x16e3600 0x0 0x0 0x9b 0x0 0x1000 0x1 0x200 0x100 0x0 0x0 0x0 0x0 0x0 0x0 0x3 0x40000001 0x0 0x0 0x0 0x0 0x0 0x0 0x0 0x0 0x0 0x0 0x0 0x0 0x0 0x0 0x0 0x0 0x2a5e4f4c 0xbc6fcd90 0xb5691fc5 0x33882de8 0x8ca5f293 0xc0326ccc 0x80ad9f2f 0x21e64370 0x0 0x0 0x0 0x0 0x0 0x0 0x0 0x0
0:0x46434d50 0x1 0x0 0x0 0x64 0x400 0x0 0x0 0x410fc241 0x16e3600 0x16e3600 0x200 0x20000400 0x1 0x1 0x0 0x1fc99 0x0 0x0 0x0 0x0 0xf00000 0x0 0x0 0x0 0x0 0x0 0x0 0x0 0x0 0xf19d4a20 0x0 0x0 0x0 0x0 0x0 0x0 0x0 0x0 0x0 0x101f6470 0x1 0x16e3600 0x16e3600 0x0 0x0 0x9b 0x0 0x1000 0x1 0x200 0x100 0x0 0x0 0x0 0x0 0x0 0x0 0x3 0x40000001 0x0 0x0 0x0 0x0 0x0 0x0 0x0 0x0 0x0 0x0 0x0 0x0 0x0 0x0 0x0 0x0 0x2a5e4f4c 0xbc6fcd90 0xb5691fc5 0x33882de8 0x8ca5f293 0xc0326ccc 0x80ad9f2f 0x21e64370 0x0 0x0 0x0 0x0 0x0 0x0 0x0 0x0
0:0x46434d50 0x1 0x0 0x0 0x64 0x400 0x0 0x0 0x410fc241 0x16e3600 0x16e3600 0x200 0x20000400 0x1 0x1 0x0 0x1fc99 0x0 0x0 0x0 0x0 0xf00000 0x0 0x0 0x0 0x0 0x0 0x0 0x0 0x0 0xf19d4a20 0x0 0x0 0x0 0x0 0x0 0x0 0x0 0x0 0x0 0x101f6470 0x1 0x16e3600 0x16e3600 0x0 0x0 0x9b 0x0 0x1000 0x1 0x200 0x100 0x0 0x0 0x0 0x0 0x0 0x0 0x3 0x40000001 0x0 0x0 0x0 0x0 0x0 0x0 0x0 0x0 0x0 0x0 0x0 0x0 0x0 0x0 0x0 0x0 0x2a5e4f4c 0xbc6fcd90 0xb5691fc5 0x33882de8 0x8ca5f293 0xc0326ccc 0x80ad9f2f 0x21e64370 0x0 0x0 0x0 0x0 0x0 0x0 0x0 0x0
0:0x46434d50 0x1 0x52454144 0x0 0x64 0x400 0x0 0x2 0x410fc241 0x16e3600 0x16e3600 0x200 0x20000400 0x1 0x1 0x0 0x1fc99 0x0 0x0 0x0 0x0 0xf00000 0x0 0x0 0x0 0x0 0x0 0x0 0x0 0x0 0xf19d4a20 0xf935ba77 0x0 0x0 0x0 0x0 0x0 0x0 0x0 0x0 0x101f6470 0x1 0x16e3600 0x16e3600 0x0 0x0 0x9b 0x0 0x1000 0x1 0x200 0x100 0x0 0x0 0x0 0x0 0x0 0x0 0x3 0x40000001 0x0 0x0 0x0 0x0 0x0 0x0 0x0 0x0 0x0 0x0 0x0 0x0 0x0 0x0 0x0 0x0 0x2a5e4f4c 0xbc6fcd90 0xb5691fc5 0x33882de8 0x8ca5f293 0xc0326ccc 0x80ad9f2f 0x21e64370 0xf90d0b95 0x7d21a367 0xe2036127 0x9673da1 0xba81ff02 0x8501d5ad 0xbeb279a9 0x202aa04a
0:0x1cdd956b
0:0x212c8934
0:
0:0x46434d50 0x1 0x52554e21 0x0 0x64 0x200 0x0 0x0 0x410fc241 0x16e3600 0x16e3600 0x200 0x20000400 0x1 0x1 0x0 0x1fc99 0x0 0x0 0x0 0x0 0xf00000 0x0 0x0 0x0 0x0 0x0 0x0 0x0 0x0 0xf19d4a20 0xf935ba77 0x0 0x0 0x474f3130 0x0 0x0 0x0 0x0 0x0 0x101f6470 0x1 0x16e3600 0x16e3600 0x0 0x0 0x9b 0x0 0x1000 0x1 0x200 0x100 0x0 0x0 0x0 0x0 0x0 0x0 0x3 0x40000001 0x0 0x0 0x0 0x0 0x0 0x0 0x0 0x0 0x0 0x0 0x0 0x0 0x0 0x0 0x0 0x0 0x2a5e4f4c 0xbc6fcd90 0xb5691fc5 0x33882de8 0x8ca5f293 0xc0326ccc 0x80ad9f2f 0x21e64370 0xf90d0b95 0x7d21a367 0xe2036127 0x9673da1 0xba81ff02 0x8501d5ad 0xbeb279a9 0x202aa04a
0:0x46434d50 0x1 0x52554e21 0x0 0x64 0x200 0x13 0x0 0x410fc241 0x16e3600 0x16e3600 0x200 0x20000400 0x1 0x1 0x0 0x1fc99 0x0 0x0 0x0 0x0 0xf00000 0x0 0x0 0x13 0x13 0x13 0x0 0x0 0x0 0xf19d4a20 0xf935ba77 0x35320ce 0x0 0x474f3130 0x0 0x0 0x0 0x0 0x0 0x101f6470 0x1 0x16e3600 0x16e3600 0x0 0x0 0x9b 0x0 0x1000 0x1 0x200 0x100 0x0 0x0 0x0 0x0 0x0 0x0 0x3 0x40000001 0x0 0x0 0x0 0x0 0x0 0x0 0x0 0x0 0x0 0x0 0x0 0x0 0x0 0x0 0x0 0x0 0x2a5e4f4c 0xbc6fcd90 0xb5691fc5 0x33882de8 0x8ca5f293 0xc0326ccc 0x80ad9f2f 0x21e64370 0xf90d0b95 0x7d21a367 0xe2036127 0x9673da1 0xba81ff02 0x8501d5ad 0xbeb279a9 0x202aa04a
0:0x46434d50 0x1 0x52554e21 0x0 0x64 0x200 0x23 0x0 0x410fc241 0x16e3600 0x16e3600 0x200 0x20000400 0x1 0x1 0x0 0x1fc99 0x0 0x0 0x0 0x0 0xf00000 0x0 0x0 0x23 0x23 0x23 0x0 0x0 0x0 0xf19d4a20 0xf935ba77 0x8cf51126 0x0 0x474f3130 0x0 0x0 0x0 0x0 0x0 0x101f6470 0x1 0x16e3600 0x16e3600 0x0 0x0 0x9b 0x0 0x1000 0x1 0x200 0x100 0x0 0x0 0x0 0x0 0x0 0x0 0x3 0x40000001 0x0 0x0 0x0 0x0 0x0 0x0 0x0 0x0 0x0 0x0 0x0 0x0 0x0 0x0 0x0 0x0 0x2a5e4f4c 0xbc6fcd90 0xb5691fc5 0x33882de8 0x8ca5f293 0xc0326ccc 0x80ad9f2f 0x21e64370 0xf90d0b95 0x7d21a367 0xe2036127 0x9673da1 0xba81ff02 0x8501d5ad 0xbeb279a9 0x202aa04a
0:0x46434d50 0x1 0x52554e21 0x0 0x64 0x200 0x36 0x0 0x410fc241 0x16e3600 0x16e3600 0x200 0x20000400 0x1 0x1 0x0 0x1fc99 0x0 0x0 0x0 0x0 0xf00000 0x0 0x0 0x36 0x36 0x36 0x0 0x0 0x0 0xf19d4a20 0xf935ba77 0x575d2240 0x0 0x474f3130 0x0 0x0 0x0 0x0 0x0 0x101f6470 0x1 0x16e3600 0x16e3600 0x0 0x0 0x9b 0x0 0x1000 0x1 0x200 0x100 0x0 0x0 0x0 0x0 0x0 0x0 0x3 0x40000001 0x0 0x0 0x0 0x0 0x0 0x0 0x0 0x0 0x0 0x0 0x0 0x0 0x0 0x0 0x0 0x0 0x2a5e4f4c 0xbc6fcd90 0xb5691fc5 0x33882de8 0x8ca5f293 0xc0326ccc 0x80ad9f2f 0x21e64370 0xf90d0b95 0x7d21a367 0xe2036127 0x9673da1 0xba81ff02 0x8501d5ad 0xbeb279a9 0x202aa04a
0:0x46434d50 0x1 0x52554e21 0x0 0x64 0x200 0x48 0x0 0x410fc241 0x16e3600 0x16e3600 0x200 0x20000400 0x1 0x1 0x0 0x1fc99 0x0 0x0 0x0 0x0 0xf00000 0x0 0x0 0x48 0x48 0x48 0x0 0x0 0x0 0xf19d4a20 0xf935ba77 0x43194554 0x0 0x474f3130 0x0 0x0 0x0 0x0 0x0 0x101f6470 0x1 0x16e3600 0x16e3600 0x0 0x0 0x9b 0x0 0x1000 0x1 0x200 0x100 0x0 0x0 0x0 0x0 0x0 0x0 0x3 0x40000001 0x0 0x0 0x0 0x0 0x0 0x0 0x0 0x0 0x0 0x0 0x0 0x0 0x0 0x0 0x0 0x0 0x2a5e4f4c 0xbc6fcd90 0xb5691fc5 0x33882de8 0x8ca5f293 0xc0326ccc 0x80ad9f2f 0x21e64370 0xf90d0b95 0x7d21a367 0xe2036127 0x9673da1 0xba81ff02 0x8501d5ad 0xbeb279a9 0x202aa04a
Info : accepting 'tcl' connection on tcp/6668
[stm32l4x.cpu] halted due to debug-request, current mode: Thread 
xPSR: 0x01060000 pc: 0x00002b5e msp: 0x2009fb60
0:
0:dumped 2768 bytes in 0.072971s (37.044 KiB/s)
Info : dropped 'tcl' connection
0:
shutdown command invoked
