INFO:ntt_two_inner_A_0:Setting timeout of 5 seconds...
INFO:ntt_two_inner_A_0:Objective: minimize cycles
INFO:ntt_two_inner_A_0:Invoking external constraint solver (OR-Tools CP-SAT v9.15.6755) ...
INFO:ntt_two_inner_A_0:[0.3557s]: Found 1 solutions so far... objective (minimize cycles): currently  (Cycles ~ 82.0, IPC ~ 0.59), bound  (Cycles ~ 78.0, IPC ~ 0.62)
INFO:ntt_two_inner_A_0:OPTIMAL, wall time: 0.432170 s
INFO:ntt_two_inner_A_0:Booleans in result: 551
INFO:ntt_two_inner_A_0.selfcheck:OK!
WARNING:ntt_two_inner_A_0:LLVM (llvm-mc, llvm-nm, llvm-readobj) not found, disabling selftest. Consider installing LLVM.
INFO:ntt_two_inner_A_48:Setting timeout of 5 seconds...
INFO:ntt_two_inner_A_48:Objective: minimize cycles
INFO:ntt_two_inner_A_48:Invoking external constraint solver (OR-Tools CP-SAT v9.15.6755) ...
INFO:ntt_two_inner_A_48:[0.0084s]: Found 1 solutions so far... objective (minimize cycles): currently  (Cycles ~ 31.0, IPC ~ 0.48), bound  (Cycles ~ 26.0, IPC ~ 0.58)
INFO:ntt_two_inner_A_48:[0.0095s]: Found 2 solutions so far... objective (minimize cycles): currently  (Cycles ~ 29.0, IPC ~ 0.52), bound  (Cycles ~ 29.0, IPC ~ 0.52)
INFO:ntt_two_inner_A_48:Closer than 0 stalls to theoretical optimum... stop
INFO:ntt_two_inner_A_48:OPTIMAL, wall time: 0.011643 s
INFO:ntt_two_inner_A_48:Booleans in result: 38
INFO:ntt_two_inner_A_48.selfcheck:OK!
WARNING:ntt_two_inner_A_48:LLVM (llvm-mc, llvm-nm, llvm-readobj) not found, disabling selftest. Consider installing LLVM.
INFO:ntt_two_inner_B_0:Setting timeout of 5 seconds...
INFO:ntt_two_inner_B_0:Objective: minimize cycles
INFO:ntt_two_inner_B_0:Invoking external constraint solver (OR-Tools CP-SAT v9.15.6755) ...
INFO:ntt_two_inner_B_0:[0.5792s]: Found 1 solutions so far... objective (minimize cycles): currently  (Cycles ~ 88.0, IPC ~ 0.55), bound  (Cycles ~ 77.0, IPC ~ 0.62)
INFO:ntt_two_inner_B_0:[0.5907s]: Found 2 solutions so far... objective (minimize cycles): currently  (Cycles ~ 87.0, IPC ~ 0.55), bound  (Cycles ~ 77.0, IPC ~ 0.62)
INFO:ntt_two_inner_B_0:[0.6009s]: Found 3 solutions so far... objective (minimize cycles): currently  (Cycles ~ 86.0, IPC ~ 0.56), bound  (Cycles ~ 77.0, IPC ~ 0.62)
INFO:ntt_two_inner_B_0:[0.6178s]: Found 4 solutions so far... objective (minimize cycles): currently  (Cycles ~ 85.0, IPC ~ 0.56), bound  (Cycles ~ 77.0, IPC ~ 0.62)
INFO:ntt_two_inner_B_0:[0.6311s]: Found 5 solutions so far... objective (minimize cycles): currently  (Cycles ~ 84.0, IPC ~ 0.57), bound  (Cycles ~ 77.0, IPC ~ 0.62)
INFO:ntt_two_inner_B_0:[0.6358s]: Found 6 solutions so far... objective (minimize cycles): currently  (Cycles ~ 83.0, IPC ~ 0.58), bound  (Cycles ~ 77.0, IPC ~ 0.62)
INFO:ntt_two_inner_B_0:[0.6576s]: Found 7 solutions so far... objective (minimize cycles): currently  (Cycles ~ 82.0, IPC ~ 0.59), bound  (Cycles ~ 77.0, IPC ~ 0.62)
INFO:ntt_two_inner_B_0:[0.6830s]: Found 8 solutions so far... objective (minimize cycles): currently  (Cycles ~ 80.0, IPC ~ 0.60), bound  (Cycles ~ 77.0, IPC ~ 0.62)
INFO:ntt_two_inner_B_0:[0.6991s]: Found 9 solutions so far... objective (minimize cycles): currently  (Cycles ~ 79.0, IPC ~ 0.61), bound  (Cycles ~ 79.0, IPC ~ 0.61)
INFO:ntt_two_inner_B_0:Closer than 0 stalls to theoretical optimum... stop
INFO:ntt_two_inner_B_0:OPTIMAL, wall time: 0.709843 s
INFO:ntt_two_inner_B_0:Booleans in result: 574
INFO:ntt_two_inner_B_0.selfcheck:OK!
WARNING:ntt_two_inner_B_0:LLVM (llvm-mc, llvm-nm, llvm-readobj) not found, disabling selftest. Consider installing LLVM.
INFO:ntt_two_inner_B_48:Setting timeout of 5 seconds...
INFO:ntt_two_inner_B_48:Objective: minimize cycles
INFO:ntt_two_inner_B_48:Invoking external constraint solver (OR-Tools CP-SAT v9.15.6755) ...
INFO:ntt_two_inner_B_48:[0.0099s]: Found 1 solutions so far... objective (minimize cycles): currently  (Cycles ~ 30.0, IPC ~ 0.50), bound  (Cycles ~ 25.0, IPC ~ 0.60)
INFO:ntt_two_inner_B_48:[0.0104s]: Found 2 solutions so far... objective (minimize cycles): currently  (Cycles ~ 25.0, IPC ~ 0.60), bound  (Cycles ~ 25.0, IPC ~ 0.60)
INFO:ntt_two_inner_B_48:Closer than 0 stalls to theoretical optimum... stop
INFO:ntt_two_inner_B_48:OPTIMAL, wall time: 0.012396 s
INFO:ntt_two_inner_B_48:Booleans in result: 67
INFO:ntt_two_inner_B_48.selfcheck:OK!
WARNING:ntt_two_inner_B_48:LLVM (llvm-mc, llvm-nm, llvm-readobj) not found, disabling selftest. Consider installing LLVM.
INFO:ntt_two_inner_A_0:Setting timeout of 8 seconds...
INFO:ntt_two_inner_A_0:Objective: minimize cycles
INFO:ntt_two_inner_A_0:Invoking external constraint solver (OR-Tools CP-SAT v9.15.6755) ...
INFO:ntt_two_inner_A_0:[0.2739s]: Found 1 solutions so far... objective (minimize cycles): currently  (Cycles ~ 97.0, IPC ~ 0.49), bound  (Cycles ~ 78.0, IPC ~ 0.62)
INFO:ntt_two_inner_A_0:[0.3280s]: Found 2 solutions so far... objective (minimize cycles): currently  (Cycles ~ 95.0, IPC ~ 0.51), bound  (Cycles ~ 78.0, IPC ~ 0.62)
INFO:ntt_two_inner_A_0:[0.3363s]: Found 3 solutions so far... objective (minimize cycles): currently  (Cycles ~ 86.0, IPC ~ 0.56), bound  (Cycles ~ 78.0, IPC ~ 0.62)
INFO:ntt_two_inner_A_0:[0.3651s]: Found 4 solutions so far... objective (minimize cycles): currently  (Cycles ~ 82.0, IPC ~ 0.59), bound  (Cycles ~ 78.0, IPC ~ 0.62)
INFO:ntt_two_inner_A_0:OPTIMAL, wall time: 0.459027 s
INFO:ntt_two_inner_A_0:Booleans in result: 552
INFO:ntt_two_inner_A_0.selfcheck:OK!
WARNING:ntt_two_inner_A_0:LLVM (llvm-mc, llvm-nm, llvm-readobj) not found, disabling selftest. Consider installing LLVM.
INFO:ntt_two_inner_A_48:Setting timeout of 8 seconds...
INFO:ntt_two_inner_A_48:Objective: minimize cycles
INFO:ntt_two_inner_A_48:Invoking external constraint solver (OR-Tools CP-SAT v9.15.6755) ...
INFO:ntt_two_inner_A_48:[0.0084s]: Found 1 solutions so far... objective (minimize cycles): currently  (Cycles ~ 31.0, IPC ~ 0.48), bound  (Cycles ~ 26.0, IPC ~ 0.58)
INFO:ntt_two_inner_A_48:[0.0100s]: Found 2 solutions so far... objective (minimize cycles): currently  (Cycles ~ 29.0, IPC ~ 0.52), bound  (Cycles ~ 29.0, IPC ~ 0.52)
INFO:ntt_two_inner_A_48:Closer than 0 stalls to theoretical optimum... stop
INFO:ntt_two_inner_A_48:OPTIMAL, wall time: 0.012292 s
INFO:ntt_two_inner_A_48:Booleans in result: 38
INFO:ntt_two_inner_A_48.selfcheck:OK!
WARNING:ntt_two_inner_A_48:LLVM (llvm-mc, llvm-nm, llvm-readobj) not found, disabling selftest. Consider installing LLVM.
INFO:ntt_two_inner_B_0:Setting timeout of 8 seconds...
INFO:ntt_two_inner_B_0:Objective: minimize cycles
INFO:ntt_two_inner_B_0:Invoking external constraint solver (OR-Tools CP-SAT v9.15.6755) ...
INFO:ntt_two_inner_B_0:[0.5126s]: Found 1 solutions so far... objective (minimize cycles): currently  (Cycles ~ 82.0, IPC ~ 0.59), bound  (Cycles ~ 73.0, IPC ~ 0.66)
INFO:ntt_two_inner_B_0:[0.5682s]: Found 2 solutions so far... objective (minimize cycles): currently  (Cycles ~ 81.0, IPC ~ 0.59), bound  (Cycles ~ 73.0, IPC ~ 0.66)
INFO:ntt_two_inner_B_0:[0.5744s]: Found 3 solutions so far... objective (minimize cycles): currently  (Cycles ~ 80.0, IPC ~ 0.60), bound  (Cycles ~ 79.0, IPC ~ 0.61)
INFO:ntt_two_inner_B_0:[0.5971s]: Found 4 solutions so far... objective (minimize cycles): currently  (Cycles ~ 79.0, IPC ~ 0.61), bound  (Cycles ~ 79.0, IPC ~ 0.61)
INFO:ntt_two_inner_B_0:Closer than 0 stalls to theoretical optimum... stop
INFO:ntt_two_inner_B_0:OPTIMAL, wall time: 0.602053 s
INFO:ntt_two_inner_B_0:Booleans in result: 672
INFO:ntt_two_inner_B_0.selfcheck:OK!
WARNING:ntt_two_inner_B_0:LLVM (llvm-mc, llvm-nm, llvm-readobj) not found, disabling selftest. Consider installing LLVM.
INFO:ntt_two_inner_B_48:Setting timeout of 8 seconds...
INFO:ntt_two_inner_B_48:Objective: minimize cycles
INFO:ntt_two_inner_B_48:Invoking external constraint solver (OR-Tools CP-SAT v9.15.6755) ...
INFO:ntt_two_inner_B_48:[0.0097s]: Found 1 solutions so far... objective (minimize cycles): currently  (Cycles ~ 30.0, IPC ~ 0.50), bound  (Cycles ~ 25.0, IPC ~ 0.60)
INFO:ntt_two_inner_B_48:[0.0101s]: Found 2 solutions so far... objective (minimize cycles): currently  (Cycles ~ 29.0, IPC ~ 0.52), bound  (Cycles ~ 25.0, IPC ~ 0.60)
INFO:ntt_two_inner_B_48:[0.0106s]: Found 3 solutions so far... objective (minimize cycles): currently  (Cycles ~ 26.0, IPC ~ 0.58), bound  (Cycles ~ 25.0, IPC ~ 0.60)
INFO:ntt_two_inner_B_48:[0.0125s]: Found 4 solutions so far... objective (minimize cycles): currently  (Cycles ~ 25.0, IPC ~ 0.60), bound  (Cycles ~ 25.0, IPC ~ 0.60)
INFO:ntt_two_inner_B_48:Closer than 0 stalls to theoretical optimum... stop
INFO:ntt_two_inner_B_48:OPTIMAL, wall time: 0.014677 s
INFO:ntt_two_inner_B_48:Booleans in result: 40
INFO:ntt_two_inner_B_48.selfcheck:OK!
WARNING:ntt_two_inner_B_48:LLVM (llvm-mc, llvm-nm, llvm-readobj) not found, disabling selftest. Consider installing LLVM.
INFO:intt_two_inner_A_0:Setting timeout of 8 seconds...
INFO:intt_two_inner_A_0:Objective: minimize cycles
INFO:intt_two_inner_A_0:Invoking external constraint solver (OR-Tools CP-SAT v9.15.6755) ...
INFO:intt_two_inner_A_0:[0.1826s]: Found 1 solutions so far... objective (minimize cycles): currently  (Cycles ~ 68.0, IPC ~ 0.71), bound  (Cycles ~ 63.0, IPC ~ 0.76)
INFO:intt_two_inner_A_0:[0.2887s]: Found 2 solutions so far... objective (minimize cycles): currently  (Cycles ~ 64.0, IPC ~ 0.75), bound  (Cycles ~ 63.0, IPC ~ 0.76)
INFO:intt_two_inner_A_0:[0.3421s]: Found 3 solutions so far... objective (minimize cycles): currently  (Cycles ~ 63.0, IPC ~ 0.76), bound  (Cycles ~ 63.0, IPC ~ 0.76)
INFO:intt_two_inner_A_0:Closer than 0 stalls to theoretical optimum... stop
INFO:intt_two_inner_A_0:OPTIMAL, wall time: 0.345391 s
INFO:intt_two_inner_A_0:Booleans in result: 486
INFO:intt_two_inner_A_0.selfcheck:OK!
WARNING:intt_two_inner_A_0:LLVM (llvm-mc, llvm-nm, llvm-readobj) not found, disabling selftest. Consider installing LLVM.
INFO:intt_two_inner_A_48:Setting timeout of 8 seconds...
INFO:intt_two_inner_A_48:Objective: minimize cycles
INFO:intt_two_inner_A_48:Invoking external constraint solver (OR-Tools CP-SAT v9.15.6755) ...
INFO:intt_two_inner_A_48:[0.0068s]: Found 1 solutions so far... objective (minimize cycles): currently  (Cycles ~ 21.0, IPC ~ 0.62), bound  (Cycles ~ 16.0, IPC ~ 0.81)
INFO:intt_two_inner_A_48:[0.0073s]: Found 2 solutions so far... objective (minimize cycles): currently  (Cycles ~ 17.0, IPC ~ 0.76), bound  (Cycles ~ 17.0, IPC ~ 0.76)
INFO:intt_two_inner_A_48:Closer than 0 stalls to theoretical optimum... stop
INFO:intt_two_inner_A_48:OPTIMAL, wall time: 0.009432 s
INFO:intt_two_inner_A_48:Booleans in result: 21
INFO:intt_two_inner_A_48.selfcheck:OK!
WARNING:intt_two_inner_A_48:LLVM (llvm-mc, llvm-nm, llvm-readobj) not found, disabling selftest. Consider installing LLVM.
INFO:intt_two_inner_B_0:Setting timeout of 8 seconds...
INFO:intt_two_inner_B_0:Objective: minimize cycles
INFO:intt_two_inner_B_0:Invoking external constraint solver (OR-Tools CP-SAT v9.15.6755) ...
INFO:intt_two_inner_B_0:[0.2757s]: Found 1 solutions so far... objective (minimize cycles): currently  (Cycles ~ 80.0, IPC ~ 0.60), bound  (Cycles ~ 57.0, IPC ~ 0.84)
INFO:intt_two_inner_B_0:[0.2964s]: Found 2 solutions so far... objective (minimize cycles): currently  (Cycles ~ 76.0, IPC ~ 0.63), bound  (Cycles ~ 60.0, IPC ~ 0.80)
INFO:intt_two_inner_B_0:[0.3549s]: Found 3 solutions so far... objective (minimize cycles): currently  (Cycles ~ 70.0, IPC ~ 0.69), bound  (Cycles ~ 60.0, IPC ~ 0.80)
INFO:intt_two_inner_B_0:[0.3662s]: Found 4 solutions so far... objective (minimize cycles): currently  (Cycles ~ 67.0, IPC ~ 0.72), bound  (Cycles ~ 60.0, IPC ~ 0.80)
INFO:intt_two_inner_B_0:[0.3796s]: Found 5 solutions so far... objective (minimize cycles): currently  (Cycles ~ 66.0, IPC ~ 0.73), bound  (Cycles ~ 64.0, IPC ~ 0.75)
INFO:intt_two_inner_B_0:OPTIMAL, wall time: 0.384452 s
INFO:intt_two_inner_B_0:Booleans in result: 396
INFO:intt_two_inner_B_0.selfcheck:OK!
WARNING:intt_two_inner_B_0:LLVM (llvm-mc, llvm-nm, llvm-readobj) not found, disabling selftest. Consider installing LLVM.
INFO:intt_two_inner_B_48:Setting timeout of 8 seconds...
INFO:intt_two_inner_B_48:Objective: minimize cycles
INFO:intt_two_inner_B_48:Invoking external constraint solver (OR-Tools CP-SAT v9.15.6755) ...
INFO:intt_two_inner_B_48:[0.0078s]: Found 1 solutions so far... objective (minimize cycles): currently  (Cycles ~ 21.0, IPC ~ 0.62), bound  (Cycles ~ 15.0, IPC ~ 0.87)
INFO:intt_two_inner_B_48:[0.0081s]: Found 2 solutions so far... objective (minimize cycles): currently  (Cycles ~ 15.0, IPC ~ 0.87), bound  (Cycles ~ 15.0, IPC ~ 0.87)
INFO:intt_two_inner_B_48:Closer than 0 stalls to theoretical optimum... stop
INFO:intt_two_inner_B_48:OPTIMAL, wall time: 0.010350 s
INFO:intt_two_inner_B_48:Booleans in result: 47
INFO:intt_two_inner_B_48.selfcheck:OK!
WARNING:intt_two_inner_B_48:LLVM (llvm-mc, llvm-nm, llvm-readobj) not found, disabling selftest. Consider installing LLVM.
INFO:small_two_inner_A_0:Setting timeout of 8 seconds...
INFO:small_two_inner_A_0:Objective: minimize cycles
INFO:small_two_inner_A_0:Invoking external constraint solver (OR-Tools CP-SAT v9.15.6755) ...
INFO:small_two_inner_A_0:[0.3233s]: Found 1 solutions so far... objective (minimize cycles): currently  (Cycles ~ 86.0, IPC ~ 0.56), bound  (Cycles ~ 78.0, IPC ~ 0.62)
INFO:small_two_inner_A_0:[0.3951s]: Found 2 solutions so far... objective (minimize cycles): currently  (Cycles ~ 83.0, IPC ~ 0.58), bound  (Cycles ~ 78.0, IPC ~ 0.62)
INFO:small_two_inner_A_0:[0.4013s]: Found 3 solutions so far... objective (minimize cycles): currently  (Cycles ~ 82.0, IPC ~ 0.59), bound  (Cycles ~ 78.0, IPC ~ 0.62)
INFO:small_two_inner_A_0:OPTIMAL, wall time: 0.473545 s
INFO:small_two_inner_A_0:Booleans in result: 552
INFO:small_two_inner_A_0.selfcheck:OK!
WARNING:small_two_inner_A_0:LLVM (llvm-mc, llvm-nm, llvm-readobj) not found, disabling selftest. Consider installing LLVM.
INFO:small_two_inner_A_48:Setting timeout of 8 seconds...
INFO:small_two_inner_A_48:Objective: minimize cycles
INFO:small_two_inner_A_48:Invoking external constraint solver (OR-Tools CP-SAT v9.15.6755) ...
INFO:small_two_inner_A_48:[0.0084s]: Found 1 solutions so far... objective (minimize cycles): currently  (Cycles ~ 31.0, IPC ~ 0.48), bound  (Cycles ~ 25.0, IPC ~ 0.60)
INFO:small_two_inner_A_48:[0.0091s]: Found 2 solutions so far... objective (minimize cycles): currently  (Cycles ~ 29.0, IPC ~ 0.52), bound  (Cycles ~ 29.0, IPC ~ 0.52)
INFO:small_two_inner_A_48:Closer than 0 stalls to theoretical optimum... stop
INFO:small_two_inner_A_48:OPTIMAL, wall time: 0.011355 s
INFO:small_two_inner_A_48:Booleans in result: 38
INFO:small_two_inner_A_48.selfcheck:OK!
WARNING:small_two_inner_A_48:LLVM (llvm-mc, llvm-nm, llvm-readobj) not found, disabling selftest. Consider installing LLVM.
INFO:small_two_inner_B_0:Setting timeout of 8 seconds...
INFO:small_two_inner_B_0:Objective: minimize cycles
INFO:small_two_inner_B_0:Invoking external constraint solver (OR-Tools CP-SAT v9.15.6755) ...
INFO:small_two_inner_B_0:[0.4357s]: Found 1 solutions so far... objective (minimize cycles): currently  (Cycles ~ 84.0, IPC ~ 0.57), bound  (Cycles ~ 79.0, IPC ~ 0.61)
INFO:small_two_inner_B_0:[0.4517s]: Found 2 solutions so far... objective (minimize cycles): currently  (Cycles ~ 83.0, IPC ~ 0.58), bound  (Cycles ~ 79.0, IPC ~ 0.61)
INFO:small_two_inner_B_0:[0.4711s]: Found 3 solutions so far... objective (minimize cycles): currently  (Cycles ~ 82.0, IPC ~ 0.59), bound  (Cycles ~ 79.0, IPC ~ 0.61)
INFO:small_two_inner_B_0:[0.4823s]: Found 4 solutions so far... objective (minimize cycles): currently  (Cycles ~ 81.0, IPC ~ 0.59), bound  (Cycles ~ 79.0, IPC ~ 0.61)
INFO:small_two_inner_B_0:OPTIMAL, wall time: 0.490126 s
INFO:small_two_inner_B_0:Booleans in result: 855
INFO:small_two_inner_B_0.selfcheck:OK!
WARNING:small_two_inner_B_0:LLVM (llvm-mc, llvm-nm, llvm-readobj) not found, disabling selftest. Consider installing LLVM.
INFO:small_two_inner_B_48:Setting timeout of 8 seconds...
INFO:small_two_inner_B_48:Objective: minimize cycles
INFO:small_two_inner_B_48:Invoking external constraint solver (OR-Tools CP-SAT v9.15.6755) ...
INFO:small_two_inner_B_48:[0.0117s]: Found 1 solutions so far... objective (minimize cycles): currently  (Cycles ~ 31.0, IPC ~ 0.48), bound  (Cycles ~ 27.0, IPC ~ 0.56)
INFO:small_two_inner_B_48:[0.0120s]: Found 2 solutions so far... objective (minimize cycles): currently  (Cycles ~ 27.0, IPC ~ 0.56), bound  (Cycles ~ 27.0, IPC ~ 0.56)
INFO:small_two_inner_B_48:Closer than 0 stalls to theoretical optimum... stop
INFO:small_two_inner_B_48:OPTIMAL, wall time: 0.014177 s
INFO:small_two_inner_B_48:Booleans in result: 41
INFO:small_two_inner_B_48.selfcheck:OK!
WARNING:small_two_inner_B_48:LLVM (llvm-mc, llvm-nm, llvm-readobj) not found, disabling selftest. Consider installing LLVM.
INFO:ntt_odd_loop_A_0:Setting timeout of 8 seconds...
INFO:ntt_odd_loop_A_0:Objective: minimize cycles
INFO:ntt_odd_loop_A_0:Invoking external constraint solver (OR-Tools CP-SAT v9.15.6755) ...
INFO:ntt_odd_loop_A_0:[0.0090s]: Found 1 solutions so far... objective (minimize cycles): currently  (Cycles ~ 35.0, IPC ~ 0.43), bound  (Cycles ~ 28.0, IPC ~ 0.54)
INFO:ntt_odd_loop_A_0:[0.0098s]: Found 2 solutions so far... objective (minimize cycles): currently  (Cycles ~ 33.0, IPC ~ 0.45), bound  (Cycles ~ 33.0, IPC ~ 0.45)
INFO:ntt_odd_loop_A_0:Closer than 0 stalls to theoretical optimum... stop
INFO:ntt_odd_loop_A_0:OPTIMAL, wall time: 0.011953 s
INFO:ntt_odd_loop_A_0:Booleans in result: 67
INFO:ntt_odd_loop_A_0.selfcheck:OK!
WARNING:ntt_odd_loop_A_0:LLVM (llvm-mc, llvm-nm, llvm-readobj) not found, disabling selftest. Consider installing LLVM.
INFO:ntt_odd_loop_B_0:Setting timeout of 8 seconds...
INFO:ntt_odd_loop_B_0:Objective: minimize cycles
INFO:ntt_odd_loop_B_0:Invoking external constraint solver (OR-Tools CP-SAT v9.15.6755) ...
INFO:ntt_odd_loop_B_0:[0.0092s]: Found 1 solutions so far... objective (minimize cycles): currently  (Cycles ~ 34.0, IPC ~ 0.44), bound  (Cycles ~ 27.0, IPC ~ 0.56)
INFO:ntt_odd_loop_B_0:[0.0107s]: Found 2 solutions so far... objective (minimize cycles): currently  (Cycles ~ 32.0, IPC ~ 0.47), bound  (Cycles ~ 32.0, IPC ~ 0.47)
INFO:ntt_odd_loop_B_0:Closer than 0 stalls to theoretical optimum... stop
INFO:ntt_odd_loop_B_0:OPTIMAL, wall time: 0.012853 s
INFO:ntt_odd_loop_B_0:Booleans in result: 41
INFO:ntt_odd_loop_B_0.selfcheck:OK!
WARNING:ntt_odd_loop_B_0:LLVM (llvm-mc, llvm-nm, llvm-readobj) not found, disabling selftest. Consider installing LLVM.
INFO:ntt_two_inner_A_0:Setting timeout of 5 seconds...
INFO:ntt_two_inner_A_0:Objective: minimize cycles
INFO:ntt_two_inner_A_0:Invoking external constraint solver (OR-Tools CP-SAT v9.15.6755) ...
INFO:ntt_two_inner_A_0:[0.3244s]: Found 1 solutions so far... objective (minimize cycles): currently  (Cycles ~ 528.0, IPC ~ 0.09), bound  (Cycles ~ 78.0, IPC ~ 0.62)
INFO:ntt_two_inner_A_0:[0.3705s]: Found 2 solutions so far... objective (minimize cycles): currently  (Cycles ~ 84.0, IPC ~ 0.57), bound  (Cycles ~ 78.0, IPC ~ 0.62)
INFO:ntt_two_inner_A_0:[0.4304s]: Found 3 solutions so far... objective (minimize cycles): currently  (Cycles ~ 82.0, IPC ~ 0.59), bound  (Cycles ~ 78.0, IPC ~ 0.62)
INFO:ntt_two_inner_A_0:OPTIMAL, wall time: 0.486581 s
INFO:ntt_two_inner_A_0:Booleans in result: 723
INFO:ntt_two_inner_A_0.selfcheck:OK!
WARNING:ntt_two_inner_A_0:LLVM (llvm-mc, llvm-nm, llvm-readobj) not found, disabling selftest. Consider installing LLVM.
INFO:ntt_two_inner_A_48:Setting timeout of 5 seconds...
INFO:ntt_two_inner_A_48:Objective: minimize cycles
INFO:ntt_two_inner_A_48:Invoking external constraint solver (OR-Tools CP-SAT v9.15.6755) ...
INFO:ntt_two_inner_A_48:[0.0084s]: Found 1 solutions so far... objective (minimize cycles): currently  (Cycles ~ 31.0, IPC ~ 0.48), bound  (Cycles ~ 26.0, IPC ~ 0.58)
INFO:ntt_two_inner_A_48:[0.0092s]: Found 2 solutions so far... objective (minimize cycles): currently  (Cycles ~ 29.0, IPC ~ 0.52), bound  (Cycles ~ 29.0, IPC ~ 0.52)
INFO:ntt_two_inner_A_48:Closer than 0 stalls to theoretical optimum... stop
INFO:ntt_two_inner_A_48:OPTIMAL, wall time: 0.011338 s
INFO:ntt_two_inner_A_48:Booleans in result: 38
INFO:ntt_two_inner_A_48.selfcheck:OK!
WARNING:ntt_two_inner_A_48:LLVM (llvm-mc, llvm-nm, llvm-readobj) not found, disabling selftest. Consider installing LLVM.
INFO:ntt_two_inner_B_0:Setting timeout of 5 seconds...
INFO:ntt_two_inner_B_0:Objective: minimize cycles
INFO:ntt_two_inner_B_0:Invoking external constraint solver (OR-Tools CP-SAT v9.15.6755) ...
INFO:ntt_two_inner_B_0:[0.4612s]: Found 1 solutions so far... objective (minimize cycles): currently  (Cycles ~ 79.0, IPC ~ 0.61), bound  (Cycles ~ 69.0, IPC ~ 0.70)
INFO:ntt_two_inner_B_0:[0.5213s]: Found 2 solutions so far... objective (minimize cycles): currently  (Cycles ~ 78.0, IPC ~ 0.62), bound  (Cycles ~ 69.0, IPC ~ 0.70)
INFO:ntt_two_inner_B_0:[0.5383s]: Found 3 solutions so far... objective (minimize cycles): currently  (Cycles ~ 77.0, IPC ~ 0.62), bound  (Cycles ~ 69.0, IPC ~ 0.70)
INFO:ntt_two_inner_B_0:[0.5477s]: Found 4 solutions so far... objective (minimize cycles): currently  (Cycles ~ 76.0, IPC ~ 0.63), bound  (Cycles ~ 69.0, IPC ~ 0.70)
INFO:ntt_two_inner_B_0:[0.5566s]: Found 5 solutions so far... objective (minimize cycles): currently  (Cycles ~ 75.0, IPC ~ 0.64), bound  (Cycles ~ 69.0, IPC ~ 0.70)
INFO:ntt_two_inner_B_0:OPTIMAL, wall time: 0.562466 s
INFO:ntt_two_inner_B_0:Booleans in result: 489
INFO:ntt_two_inner_B_0.selfcheck:OK!
WARNING:ntt_two_inner_B_0:LLVM (llvm-mc, llvm-nm, llvm-readobj) not found, disabling selftest. Consider installing LLVM.
INFO:ntt_two_inner_B_48:Setting timeout of 5 seconds...
INFO:ntt_two_inner_B_48:Objective: minimize cycles
INFO:ntt_two_inner_B_48:Invoking external constraint solver (OR-Tools CP-SAT v9.15.6755) ...
INFO:ntt_two_inner_B_48:[0.0104s]: Found 1 solutions so far... objective (minimize cycles): currently  (Cycles ~ 34.0, IPC ~ 0.44), bound  (Cycles ~ 31.0, IPC ~ 0.48)
INFO:ntt_two_inner_B_48:[0.0146s]: Found 2 solutions so far... objective (minimize cycles): currently  (Cycles ~ 33.0, IPC ~ 0.45), bound  (Cycles ~ 31.0, IPC ~ 0.48)
INFO:ntt_two_inner_B_48:[0.0150s]: Found 3 solutions so far... objective (minimize cycles): currently  (Cycles ~ 32.0, IPC ~ 0.47), bound  (Cycles ~ 31.0, IPC ~ 0.48)
INFO:ntt_two_inner_B_48:[0.0155s]: Found 4 solutions so far... objective (minimize cycles): currently  (Cycles ~ 31.0, IPC ~ 0.48), bound  (Cycles ~ 31.0, IPC ~ 0.48)
INFO:ntt_two_inner_B_48:Closer than 0 stalls to theoretical optimum... stop
INFO:ntt_two_inner_B_48:OPTIMAL, wall time: 0.017649 s
INFO:ntt_two_inner_B_48:Booleans in result: 72
INFO:ntt_two_inner_B_48.selfcheck:OK!
WARNING:ntt_two_inner_B_48:LLVM (llvm-mc, llvm-nm, llvm-readobj) not found, disabling selftest. Consider installing LLVM.
INFO:intt_two_inner_A_0:Setting timeout of 5 seconds...
INFO:intt_two_inner_A_0:Objective: minimize cycles
INFO:intt_two_inner_A_0:Invoking external constraint solver (OR-Tools CP-SAT v9.15.6755) ...
INFO:intt_two_inner_A_0:[0.1810s]: Found 1 solutions so far... objective (minimize cycles): currently  (Cycles ~ 69.0, IPC ~ 0.70), bound  (Cycles ~ 63.0, IPC ~ 0.76)
INFO:intt_two_inner_A_0:[0.2073s]: Found 2 solutions so far... objective (minimize cycles): currently  (Cycles ~ 68.0, IPC ~ 0.71), bound  (Cycles ~ 63.0, IPC ~ 0.76)
INFO:intt_two_inner_A_0:[0.2454s]: Found 3 solutions so far... objective (minimize cycles): currently  (Cycles ~ 66.0, IPC ~ 0.73), bound  (Cycles ~ 63.0, IPC ~ 0.76)
INFO:intt_two_inner_A_0:[0.3232s]: Found 4 solutions so far... objective (minimize cycles): currently  (Cycles ~ 65.0, IPC ~ 0.74), bound  (Cycles ~ 63.0, IPC ~ 0.76)
INFO:intt_two_inner_A_0:[0.3325s]: Found 5 solutions so far... objective (minimize cycles): currently  (Cycles ~ 64.0, IPC ~ 0.75), bound  (Cycles ~ 63.0, IPC ~ 0.76)
INFO:intt_two_inner_A_0:[0.3497s]: Found 6 solutions so far... objective (minimize cycles): currently  (Cycles ~ 63.0, IPC ~ 0.76), bound  (Cycles ~ 63.0, IPC ~ 0.76)
INFO:intt_two_inner_A_0:Closer than 0 stalls to theoretical optimum... stop
INFO:intt_two_inner_A_0:OPTIMAL, wall time: 0.354224 s
INFO:intt_two_inner_A_0:Booleans in result: 505
INFO:intt_two_inner_A_0.selfcheck:OK!
WARNING:intt_two_inner_A_0:LLVM (llvm-mc, llvm-nm, llvm-readobj) not found, disabling selftest. Consider installing LLVM.
INFO:intt_two_inner_A_48:Setting timeout of 5 seconds...
INFO:intt_two_inner_A_48:Objective: minimize cycles
INFO:intt_two_inner_A_48:Invoking external constraint solver (OR-Tools CP-SAT v9.15.6755) ...
INFO:intt_two_inner_A_48:[0.0073s]: Found 1 solutions so far... objective (minimize cycles): currently  (Cycles ~ 21.0, IPC ~ 0.62), bound  (Cycles ~ 17.0, IPC ~ 0.76)
INFO:intt_two_inner_A_48:[0.0077s]: Found 2 solutions so far... objective (minimize cycles): currently  (Cycles ~ 19.0, IPC ~ 0.68), bound  (Cycles ~ 17.0, IPC ~ 0.76)
INFO:intt_two_inner_A_48:[0.0078s]: Found 3 solutions so far... objective (minimize cycles): currently  (Cycles ~ 17.0, IPC ~ 0.76), bound  (Cycles ~ 17.0, IPC ~ 0.76)
INFO:intt_two_inner_A_48:Closer than 0 stalls to theoretical optimum... stop
INFO:intt_two_inner_A_48:OPTIMAL, wall time: 0.009988 s
INFO:intt_two_inner_A_48:Booleans in result: 32
INFO:intt_two_inner_A_48.selfcheck:OK!
WARNING:intt_two_inner_A_48:LLVM (llvm-mc, llvm-nm, llvm-readobj) not found, disabling selftest. Consider installing LLVM.
INFO:intt_two_inner_B_0:Setting timeout of 5 seconds...
INFO:intt_two_inner_B_0:Objective: minimize cycles
INFO:intt_two_inner_B_0:Invoking external constraint solver (OR-Tools CP-SAT v9.15.6755) ...
INFO:intt_two_inner_B_0:[0.2514s]: Found 1 solutions so far... objective (minimize cycles): currently  (Cycles ~ 70.0, IPC ~ 0.69), bound  (Cycles ~ 57.0, IPC ~ 0.84)
INFO:intt_two_inner_B_0:[0.2721s]: Found 2 solutions so far... objective (minimize cycles): currently  (Cycles ~ 68.0, IPC ~ 0.71), bound  (Cycles ~ 60.0, IPC ~ 0.80)
INFO:intt_two_inner_B_0:[0.2857s]: Found 3 solutions so far... objective (minimize cycles): currently  (Cycles ~ 67.0, IPC ~ 0.72), bound  (Cycles ~ 60.0, IPC ~ 0.80)
INFO:intt_two_inner_B_0:[0.3224s]: Found 4 solutions so far... objective (minimize cycles): currently  (Cycles ~ 66.0, IPC ~ 0.73), bound  (Cycles ~ 60.0, IPC ~ 0.80)
INFO:intt_two_inner_B_0:OPTIMAL, wall time: 0.327268 s
INFO:intt_two_inner_B_0:Booleans in result: 371
INFO:intt_two_inner_B_0.selfcheck:OK!
WARNING:intt_two_inner_B_0:LLVM (llvm-mc, llvm-nm, llvm-readobj) not found, disabling selftest. Consider installing LLVM.
INFO:intt_two_inner_B_48:Setting timeout of 5 seconds...
INFO:intt_two_inner_B_48:Objective: minimize cycles
INFO:intt_two_inner_B_48:Invoking external constraint solver (OR-Tools CP-SAT v9.15.6755) ...
INFO:intt_two_inner_B_48:[0.0064s]: Found 1 solutions so far... objective (minimize cycles): currently  (Cycles ~ 21.0, IPC ~ 0.62), bound  (Cycles ~ 15.0, IPC ~ 0.87)
INFO:intt_two_inner_B_48:[0.0067s]: Found 2 solutions so far... objective (minimize cycles): currently  (Cycles ~ 15.0, IPC ~ 0.87), bound  (Cycles ~ 15.0, IPC ~ 0.87)
INFO:intt_two_inner_B_48:Closer than 0 stalls to theoretical optimum... stop
INFO:intt_two_inner_B_48:OPTIMAL, wall time: 0.008727 s
INFO:intt_two_inner_B_48:Booleans in result: 22
INFO:intt_two_inner_B_48.selfcheck:OK!
WARNING:intt_two_inner_B_48:LLVM (llvm-mc, llvm-nm, llvm-readobj) not found, disabling selftest. Consider installing LLVM.
INFO:small_two_inner_A_0:Setting timeout of 5 seconds...
INFO:small_two_inner_A_0:Objective: minimize cycles
INFO:small_two_inner_A_0:Invoking external constraint solver (OR-Tools CP-SAT v9.15.6755) ...
INFO:small_two_inner_A_0:[0.3380s]: Found 1 solutions so far... objective (minimize cycles): currently  (Cycles ~ 82.0, IPC ~ 0.59), bound  (Cycles ~ 78.0, IPC ~ 0.62)
INFO:small_two_inner_A_0:OPTIMAL, wall time: 0.494386 s
INFO:small_two_inner_A_0:Booleans in result: 576
INFO:small_two_inner_A_0.selfcheck:OK!
WARNING:small_two_inner_A_0:LLVM (llvm-mc, llvm-nm, llvm-readobj) not found, disabling selftest. Consider installing LLVM.
INFO:small_two_inner_A_48:Setting timeout of 5 seconds...
INFO:small_two_inner_A_48:Objective: minimize cycles
INFO:small_two_inner_A_48:Invoking external constraint solver (OR-Tools CP-SAT v9.15.6755) ...
INFO:small_two_inner_A_48:[0.0085s]: Found 1 solutions so far... objective (minimize cycles): currently  (Cycles ~ 31.0, IPC ~ 0.48), bound  (Cycles ~ 26.0, IPC ~ 0.58)
INFO:small_two_inner_A_48:[0.0096s]: Found 2 solutions so far... objective (minimize cycles): currently  (Cycles ~ 29.0, IPC ~ 0.52), bound  (Cycles ~ 29.0, IPC ~ 0.52)
INFO:small_two_inner_A_48:Closer than 0 stalls to theoretical optimum... stop
INFO:small_two_inner_A_48:OPTIMAL, wall time: 0.011924 s
INFO:small_two_inner_A_48:Booleans in result: 38
INFO:small_two_inner_A_48.selfcheck:OK!
WARNING:small_two_inner_A_48:LLVM (llvm-mc, llvm-nm, llvm-readobj) not found, disabling selftest. Consider installing LLVM.
INFO:small_two_inner_B_0:Setting timeout of 5 seconds...
INFO:small_two_inner_B_0:Objective: minimize cycles
INFO:small_two_inner_B_0:Invoking external constraint solver (OR-Tools CP-SAT v9.15.6755) ...
INFO:small_two_inner_B_0:[0.4387s]: Found 1 solutions so far... objective (minimize cycles): currently  (Cycles ~ 87.0, IPC ~ 0.55), bound  (Cycles ~ 81.0, IPC ~ 0.59)
INFO:small_two_inner_B_0:[0.4503s]: Found 2 solutions so far... objective (minimize cycles): currently  (Cycles ~ 84.0, IPC ~ 0.57), bound  (Cycles ~ 81.0, IPC ~ 0.59)
INFO:small_two_inner_B_0:[0.4551s]: Found 3 solutions so far... objective (minimize cycles): currently  (Cycles ~ 83.0, IPC ~ 0.58), bound  (Cycles ~ 81.0, IPC ~ 0.59)
INFO:small_two_inner_B_0:[0.4635s]: Found 4 solutions so far... objective (minimize cycles): currently  (Cycles ~ 82.0, IPC ~ 0.59), bound  (Cycles ~ 81.0, IPC ~ 0.59)
INFO:small_two_inner_B_0:[0.4811s]: Found 5 solutions so far... objective (minimize cycles): currently  (Cycles ~ 81.0, IPC ~ 0.59), bound  (Cycles ~ 81.0, IPC ~ 0.59)
INFO:small_two_inner_B_0:Closer than 0 stalls to theoretical optimum... stop
INFO:small_two_inner_B_0:OPTIMAL, wall time: 0.487498 s
INFO:small_two_inner_B_0:Booleans in result: 622
INFO:small_two_inner_B_0.selfcheck:OK!
WARNING:small_two_inner_B_0:LLVM (llvm-mc, llvm-nm, llvm-readobj) not found, disabling selftest. Consider installing LLVM.
INFO:small_two_inner_B_48:Setting timeout of 5 seconds...
INFO:small_two_inner_B_48:Objective: minimize cycles
INFO:small_two_inner_B_48:Invoking external constraint solver (OR-Tools CP-SAT v9.15.6755) ...
INFO:small_two_inner_B_48:[0.0074s]: Found 1 solutions so far... objective (minimize cycles): currently  (Cycles ~ 29.0, IPC ~ 0.52), bound  (Cycles ~ 25.0, IPC ~ 0.60)
INFO:small_two_inner_B_48:[0.0080s]: Found 2 solutions so far... objective (minimize cycles): currently  (Cycles ~ 25.0, IPC ~ 0.60), bound  (Cycles ~ 25.0, IPC ~ 0.60)
INFO:small_two_inner_B_48:Closer than 0 stalls to theoretical optimum... stop
INFO:small_two_inner_B_48:OPTIMAL, wall time: 0.010214 s
INFO:small_two_inner_B_48:Booleans in result: 54
INFO:small_two_inner_B_48.selfcheck:OK!
WARNING:small_two_inner_B_48:LLVM (llvm-mc, llvm-nm, llvm-readobj) not found, disabling selftest. Consider installing LLVM.
INFO:ntt_odd_loop_A_0:Setting timeout of 5 seconds...
INFO:ntt_odd_loop_A_0:Objective: minimize cycles
INFO:ntt_odd_loop_A_0:Invoking external constraint solver (OR-Tools CP-SAT v9.15.6755) ...
INFO:ntt_odd_loop_A_0:[0.0088s]: Found 1 solutions so far... objective (minimize cycles): currently  (Cycles ~ 35.0, IPC ~ 0.43), bound  (Cycles ~ 28.0, IPC ~ 0.54)
INFO:ntt_odd_loop_A_0:[0.0095s]: Found 2 solutions so far... objective (minimize cycles): currently  (Cycles ~ 33.0, IPC ~ 0.45), bound  (Cycles ~ 33.0, IPC ~ 0.45)
INFO:ntt_odd_loop_A_0:Closer than 0 stalls to theoretical optimum... stop
INFO:ntt_odd_loop_A_0:OPTIMAL, wall time: 0.011616 s
INFO:ntt_odd_loop_A_0:Booleans in result: 41
INFO:ntt_odd_loop_A_0.selfcheck:OK!
WARNING:ntt_odd_loop_A_0:LLVM (llvm-mc, llvm-nm, llvm-readobj) not found, disabling selftest. Consider installing LLVM.
INFO:ntt_odd_loop_B_0:Setting timeout of 5 seconds...
INFO:ntt_odd_loop_B_0:Objective: minimize cycles
INFO:ntt_odd_loop_B_0:Invoking external constraint solver (OR-Tools CP-SAT v9.15.6755) ...
INFO:ntt_odd_loop_B_0:[0.0091s]: Found 1 solutions so far... objective (minimize cycles): currently  (Cycles ~ 34.0, IPC ~ 0.44), bound  (Cycles ~ 27.0, IPC ~ 0.56)
INFO:ntt_odd_loop_B_0:[0.0101s]: Found 2 solutions so far... objective (minimize cycles): currently  (Cycles ~ 32.0, IPC ~ 0.47), bound  (Cycles ~ 30.0, IPC ~ 0.50)
INFO:ntt_odd_loop_B_0:OPTIMAL, wall time: 0.012347 s
INFO:ntt_odd_loop_B_0:Booleans in result: 41
INFO:ntt_odd_loop_B_0.selfcheck:OK!
WARNING:ntt_odd_loop_B_0:LLVM (llvm-mc, llvm-nm, llvm-readobj) not found, disabling selftest. Consider installing LLVM.
INFO:ntt_penultimate_A_0:Setting timeout of 5 seconds...
INFO:ntt_penultimate_A_0:Objective: minimize cycles
INFO:ntt_penultimate_A_0:Invoking external constraint solver (OR-Tools CP-SAT v9.15.6755) ...
INFO:ntt_penultimate_A_0:[0.4898s]: Found 1 solutions so far... objective (minimize cycles): currently  (Cycles ~ 528.0, IPC ~ 0.09), bound  (Cycles ~ 82.0, IPC ~ 0.59)
INFO:ntt_penultimate_A_0:[0.4914s]: Found 2 solutions so far... objective (minimize cycles): currently  (Cycles ~ 84.0, IPC ~ 0.57), bound  (Cycles ~ 82.0, IPC ~ 0.59)
INFO:ntt_penultimate_A_0:OPTIMAL, wall time: 0.517434 s
INFO:ntt_penultimate_A_0:Booleans in result: 805
INFO:ntt_penultimate_A_0.selfcheck:OK!
WARNING:ntt_penultimate_A_0:LLVM (llvm-mc, llvm-nm, llvm-readobj) not found, disabling selftest. Consider installing LLVM.
INFO:ntt_penultimate_A_48:Setting timeout of 5 seconds...
INFO:ntt_penultimate_A_48:Objective: minimize cycles
INFO:ntt_penultimate_A_48:Invoking external constraint solver (OR-Tools CP-SAT v9.15.6755) ...
INFO:ntt_penultimate_A_48:[0.0081s]: Found 1 solutions so far... objective (minimize cycles): currently  (Cycles ~ 33.0, IPC ~ 0.42), bound  (Cycles ~ 27.0, IPC ~ 0.52)
INFO:ntt_penultimate_A_48:OPTIMAL, wall time: 0.010819 s
INFO:ntt_penultimate_A_48:Booleans in result: 48
INFO:ntt_penultimate_A_48.selfcheck:OK!
WARNING:ntt_penultimate_A_48:LLVM (llvm-mc, llvm-nm, llvm-readobj) not found, disabling selftest. Consider installing LLVM.
INFO:ntt_penultimate_B_0:Setting timeout of 5 seconds...
INFO:ntt_penultimate_B_0:Objective: minimize cycles
INFO:ntt_penultimate_B_0:Invoking external constraint solver (OR-Tools CP-SAT v9.15.6755) ...
INFO:ntt_penultimate_B_0:[0.4590s]: Found 1 solutions so far... objective (minimize cycles): currently  (Cycles ~ 90.0, IPC ~ 0.53), bound  (Cycles ~ 89.0, IPC ~ 0.54)
INFO:ntt_penultimate_B_0:[0.4682s]: Found 2 solutions so far... objective (minimize cycles): currently  (Cycles ~ 89.0, IPC ~ 0.54), bound  (Cycles ~ 89.0, IPC ~ 0.54)
INFO:ntt_penultimate_B_0:Closer than 0 stalls to theoretical optimum... stop
INFO:ntt_penultimate_B_0:OPTIMAL, wall time: 0.473125 s
INFO:ntt_penultimate_B_0:Booleans in result: 705
INFO:ntt_penultimate_B_0.selfcheck:OK!
WARNING:ntt_penultimate_B_0:LLVM (llvm-mc, llvm-nm, llvm-readobj) not found, disabling selftest. Consider installing LLVM.
INFO:ntt_penultimate_B_48:Setting timeout of 5 seconds...
INFO:ntt_penultimate_B_48:Objective: minimize cycles
INFO:ntt_penultimate_B_48:Invoking external constraint solver (OR-Tools CP-SAT v9.15.6755) ...
INFO:ntt_penultimate_B_48:[0.0067s]: Found 1 solutions so far... objective (minimize cycles): currently  (Cycles ~ 30.0, IPC ~ 0.47), bound  (Cycles ~ 27.0, IPC ~ 0.52)
INFO:ntt_penultimate_B_48:[0.0070s]: Found 2 solutions so far... objective (minimize cycles): currently  (Cycles ~ 27.0, IPC ~ 0.52), bound  (Cycles ~ 27.0, IPC ~ 0.52)
INFO:ntt_penultimate_B_48:Closer than 0 stalls to theoretical optimum... stop
INFO:ntt_penultimate_B_48:OPTIMAL, wall time: 0.009186 s
INFO:ntt_penultimate_B_48:Booleans in result: 35
INFO:ntt_penultimate_B_48.selfcheck:OK!
WARNING:ntt_penultimate_B_48:LLVM (llvm-mc, llvm-nm, llvm-readobj) not found, disabling selftest. Consider installing LLVM.
INFO:ntt_last_loop_A_0:Setting timeout of 5 seconds...
INFO:ntt_last_loop_A_0:Objective: minimize cycles
INFO:ntt_last_loop_A_0:Invoking external constraint solver (OR-Tools CP-SAT v9.15.6755) ...
INFO:ntt_last_loop_A_0:[0.3327s]: Found 1 solutions so far... objective (minimize cycles): currently  (Cycles ~ 96.0, IPC ~ 0.50), bound  (Cycles ~ 81.0, IPC ~ 0.59)
INFO:ntt_last_loop_A_0:[0.4235s]: Found 2 solutions so far... objective (minimize cycles): currently  (Cycles ~ 81.0, IPC ~ 0.59), bound  (Cycles ~ 81.0, IPC ~ 0.59)
INFO:ntt_last_loop_A_0:Closer than 0 stalls to theoretical optimum... stop
INFO:ntt_last_loop_A_0:OPTIMAL, wall time: 0.428059 s
INFO:ntt_last_loop_A_0:Booleans in result: 561
INFO:ntt_last_loop_A_0.selfcheck:OK!
WARNING:ntt_last_loop_A_0:LLVM (llvm-mc, llvm-nm, llvm-readobj) not found, disabling selftest. Consider installing LLVM.
INFO:ntt_last_loop_A_48:Setting timeout of 5 seconds...
INFO:ntt_last_loop_A_48:Objective: minimize cycles
INFO:ntt_last_loop_A_48:Invoking external constraint solver (OR-Tools CP-SAT v9.15.6755) ...
INFO:ntt_last_loop_A_48:[0.0081s]: Found 1 solutions so far... objective (minimize cycles): currently  (Cycles ~ 33.0, IPC ~ 0.42), bound  (Cycles ~ 27.0, IPC ~ 0.52)
INFO:ntt_last_loop_A_48:OPTIMAL, wall time: 0.011152 s
INFO:ntt_last_loop_A_48:Booleans in result: 48
INFO:ntt_last_loop_A_48.selfcheck:OK!
WARNING:ntt_last_loop_A_48:LLVM (llvm-mc, llvm-nm, llvm-readobj) not found, disabling selftest. Consider installing LLVM.
INFO:ntt_last_loop_B_0:Setting timeout of 5 seconds...
INFO:ntt_last_loop_B_0:Objective: minimize cycles
INFO:ntt_last_loop_B_0:Invoking external constraint solver (OR-Tools CP-SAT v9.15.6755) ...
INFO:ntt_last_loop_B_0:[0.4048s]: Found 1 solutions so far... objective (minimize cycles): currently  (Cycles ~ 93.0, IPC ~ 0.52), bound  (Cycles ~ 89.0, IPC ~ 0.54)
INFO:ntt_last_loop_B_0:[0.4420s]: Found 2 solutions so far... objective (minimize cycles): currently  (Cycles ~ 92.0, IPC ~ 0.52), bound  (Cycles ~ 89.0, IPC ~ 0.54)
INFO:ntt_last_loop_B_0:[0.4487s]: Found 3 solutions so far... objective (minimize cycles): currently  (Cycles ~ 91.0, IPC ~ 0.53), bound  (Cycles ~ 89.0, IPC ~ 0.54)
INFO:ntt_last_loop_B_0:OPTIMAL, wall time: 0.460601 s
INFO:ntt_last_loop_B_0:Booleans in result: 641
INFO:ntt_last_loop_B_0.selfcheck:OK!
WARNING:ntt_last_loop_B_0:LLVM (llvm-mc, llvm-nm, llvm-readobj) not found, disabling selftest. Consider installing LLVM.
INFO:ntt_last_loop_B_48:Setting timeout of 5 seconds...
INFO:ntt_last_loop_B_48:Objective: minimize cycles
INFO:ntt_last_loop_B_48:Invoking external constraint solver (OR-Tools CP-SAT v9.15.6755) ...
INFO:ntt_last_loop_B_48:[0.0171s]: Found 1 solutions so far... objective (minimize cycles): currently  (Cycles ~ 23.0, IPC ~ 0.61), bound  (Cycles ~ 21.0, IPC ~ 0.67)
INFO:ntt_last_loop_B_48:OPTIMAL, wall time: 0.020261 s
INFO:ntt_last_loop_B_48:Booleans in result: 46
INFO:ntt_last_loop_B_48.selfcheck:OK!
WARNING:ntt_last_loop_B_48:LLVM (llvm-mc, llvm-nm, llvm-readobj) not found, disabling selftest. Consider installing LLVM.
INFO:intt_first_loop_A_0:Setting timeout of 5 seconds...
INFO:intt_first_loop_A_0:Objective: minimize cycles
INFO:intt_first_loop_A_0:Invoking external constraint solver (OR-Tools CP-SAT v9.15.6755) ...
INFO:intt_first_loop_A_0:[0.3767s]: Found 1 solutions so far... objective (minimize cycles): currently  (Cycles ~ 102.0, IPC ~ 0.47), bound  (Cycles ~ 69.0, IPC ~ 0.70)
INFO:intt_first_loop_A_0:[0.4726s]: Found 2 solutions so far... objective (minimize cycles): currently  (Cycles ~ 77.0, IPC ~ 0.62), bound  (Cycles ~ 69.0, IPC ~ 0.70)
INFO:intt_first_loop_A_0:[0.5340s]: Found 3 solutions so far... objective (minimize cycles): currently  (Cycles ~ 73.0, IPC ~ 0.66), bound  (Cycles ~ 69.0, IPC ~ 0.70)
INFO:intt_first_loop_A_0:[0.5676s]: Found 4 solutions so far... objective (minimize cycles): currently  (Cycles ~ 71.0, IPC ~ 0.68), bound  (Cycles ~ 69.0, IPC ~ 0.70)
INFO:intt_first_loop_A_0:[0.6132s]: Found 5 solutions so far... objective (minimize cycles): currently  (Cycles ~ 70.0, IPC ~ 0.69), bound  (Cycles ~ 69.0, IPC ~ 0.70)
INFO:intt_first_loop_A_0:[0.6436s]: Found 6 solutions so far... objective (minimize cycles): currently  (Cycles ~ 69.0, IPC ~ 0.70), bound  (Cycles ~ 69.0, IPC ~ 0.70)
INFO:intt_first_loop_A_0:Closer than 0 stalls to theoretical optimum... stop
INFO:intt_first_loop_A_0:OPTIMAL, wall time: 0.648672 s
INFO:intt_first_loop_A_0:Booleans in result: 489
INFO:intt_first_loop_A_0.selfcheck:OK!
WARNING:intt_first_loop_A_0:LLVM (llvm-mc, llvm-nm, llvm-readobj) not found, disabling selftest. Consider installing LLVM.
INFO:intt_first_loop_A_48:Setting timeout of 5 seconds...
INFO:intt_first_loop_A_48:Objective: minimize cycles
INFO:intt_first_loop_A_48:Invoking external constraint solver (OR-Tools CP-SAT v9.15.6755) ...
INFO:intt_first_loop_A_48:[0.0032s]: Found 1 solutions so far... objective (minimize cycles): currently  (Cycles ~ 13.0, IPC ~ 0.77), bound  (Cycles ~ 11.0, IPC ~ 0.91)
INFO:intt_first_loop_A_48:[0.0035s]: Found 2 solutions so far... objective (minimize cycles): currently  (Cycles ~ 12.0, IPC ~ 0.83), bound  (Cycles ~ 12.0, IPC ~ 0.83)
INFO:intt_first_loop_A_48:Closer than 0 stalls to theoretical optimum... stop
INFO:intt_first_loop_A_48:OPTIMAL, wall time: 0.005560 s
INFO:intt_first_loop_A_48:Booleans in result: 7
INFO:intt_first_loop_A_48.selfcheck:OK!
WARNING:intt_first_loop_A_48:LLVM (llvm-mc, llvm-nm, llvm-readobj) not found, disabling selftest. Consider installing LLVM.
INFO:intt_first_loop_B_0:Setting timeout of 5 seconds...
INFO:intt_first_loop_B_0:Objective: minimize cycles
INFO:intt_first_loop_B_0:Invoking external constraint solver (OR-Tools CP-SAT v9.15.6755) ...
INFO:intt_first_loop_B_0:[0.2890s]: Found 1 solutions so far... objective (minimize cycles): currently  (Cycles ~ 79.0, IPC ~ 0.61), bound  (Cycles ~ 68.0, IPC ~ 0.71)
INFO:intt_first_loop_B_0:[0.2917s]: Found 2 solutions so far... objective (minimize cycles): currently  (Cycles ~ 76.0, IPC ~ 0.63), bound  (Cycles ~ 68.0, IPC ~ 0.71)
INFO:intt_first_loop_B_0:[0.2961s]: Found 3 solutions so far... objective (minimize cycles): currently  (Cycles ~ 75.0, IPC ~ 0.64), bound  (Cycles ~ 68.0, IPC ~ 0.71)
INFO:intt_first_loop_B_0:[0.3012s]: Found 4 solutions so far... objective (minimize cycles): currently  (Cycles ~ 74.0, IPC ~ 0.65), bound  (Cycles ~ 68.0, IPC ~ 0.71)
INFO:intt_first_loop_B_0:[0.3045s]: Found 5 solutions so far... objective (minimize cycles): currently  (Cycles ~ 73.0, IPC ~ 0.66), bound  (Cycles ~ 68.0, IPC ~ 0.71)
INFO:intt_first_loop_B_0:[0.3086s]: Found 6 solutions so far... objective (minimize cycles): currently  (Cycles ~ 72.0, IPC ~ 0.67), bound  (Cycles ~ 68.0, IPC ~ 0.71)
INFO:intt_first_loop_B_0:[0.3122s]: Found 7 solutions so far... objective (minimize cycles): currently  (Cycles ~ 71.0, IPC ~ 0.68), bound  (Cycles ~ 68.0, IPC ~ 0.71)
INFO:intt_first_loop_B_0:[0.3160s]: Found 8 solutions so far... objective (minimize cycles): currently  (Cycles ~ 70.0, IPC ~ 0.69), bound  (Cycles ~ 68.0, IPC ~ 0.71)
INFO:intt_first_loop_B_0:[0.3246s]: Found 9 solutions so far... objective (minimize cycles): currently  (Cycles ~ 69.0, IPC ~ 0.70), bound  (Cycles ~ 68.0, IPC ~ 0.71)
INFO:intt_first_loop_B_0:OPTIMAL, wall time: 0.329397 s
INFO:intt_first_loop_B_0:Booleans in result: 502
INFO:intt_first_loop_B_0.selfcheck:OK!
WARNING:intt_first_loop_B_0:LLVM (llvm-mc, llvm-nm, llvm-readobj) not found, disabling selftest. Consider installing LLVM.
INFO:intt_first_loop_B_48:Setting timeout of 5 seconds...
INFO:intt_first_loop_B_48:Objective: minimize cycles
INFO:intt_first_loop_B_48:Invoking external constraint solver (OR-Tools CP-SAT v9.15.6755) ...
INFO:intt_first_loop_B_48:[0.0074s]: Found 1 solutions so far... objective (minimize cycles): currently  (Cycles ~ 14.0, IPC ~ 0.71), bound  (Cycles ~ 11.0, IPC ~ 0.91)
INFO:intt_first_loop_B_48:[0.0080s]: Found 2 solutions so far... objective (minimize cycles): currently  (Cycles ~ 13.0, IPC ~ 0.77), bound  (Cycles ~ 12.0, IPC ~ 0.83)
INFO:intt_first_loop_B_48:OPTIMAL, wall time: 0.011785 s
INFO:intt_first_loop_B_48:Booleans in result: 29
INFO:intt_first_loop_B_48.selfcheck:OK!
WARNING:intt_first_loop_B_48:LLVM (llvm-mc, llvm-nm, llvm-readobj) not found, disabling selftest. Consider installing LLVM.
INFO:intt_second_A_0:Setting timeout of 5 seconds...
INFO:intt_second_A_0:Objective: minimize cycles
INFO:intt_second_A_0:Invoking external constraint solver (OR-Tools CP-SAT v9.15.6755) ...
INFO:intt_second_A_0:[0.2405s]: Found 1 solutions so far... objective (minimize cycles): currently  (Cycles ~ 79.0, IPC ~ 0.61), bound  (Cycles ~ 75.0, IPC ~ 0.64)
INFO:intt_second_A_0:[0.2543s]: Found 2 solutions so far... objective (minimize cycles): currently  (Cycles ~ 78.0, IPC ~ 0.62), bound  (Cycles ~ 75.0, IPC ~ 0.64)
INFO:intt_second_A_0:[0.2695s]: Found 3 solutions so far... objective (minimize cycles): currently  (Cycles ~ 77.0, IPC ~ 0.62), bound  (Cycles ~ 75.0, IPC ~ 0.64)
INFO:intt_second_A_0:[0.2782s]: Found 4 solutions so far... objective (minimize cycles): currently  (Cycles ~ 76.0, IPC ~ 0.63), bound  (Cycles ~ 75.0, IPC ~ 0.64)
INFO:intt_second_A_0:[0.2951s]: Found 5 solutions so far... objective (minimize cycles): currently  (Cycles ~ 75.0, IPC ~ 0.64), bound  (Cycles ~ 75.0, IPC ~ 0.64)
INFO:intt_second_A_0:Closer than 0 stalls to theoretical optimum... stop
INFO:intt_second_A_0:OPTIMAL, wall time: 0.299667 s
INFO:intt_second_A_0:Booleans in result: 468
INFO:intt_second_A_0.selfcheck:OK!
WARNING:intt_second_A_0:LLVM (llvm-mc, llvm-nm, llvm-readobj) not found, disabling selftest. Consider installing LLVM.
INFO:intt_second_A_48:Setting timeout of 5 seconds...
INFO:intt_second_A_48:Objective: minimize cycles
INFO:intt_second_A_48:Invoking external constraint solver (OR-Tools CP-SAT v9.15.6755) ...
INFO:intt_second_A_48:[0.0038s]: Found 1 solutions so far... objective (minimize cycles): currently  (Cycles ~ 16.0, IPC ~ 0.75), bound  (Cycles ~ 15.0, IPC ~ 0.80)
INFO:intt_second_A_48:OPTIMAL, wall time: 0.005855 s
INFO:intt_second_A_48:Booleans in result: 26
INFO:intt_second_A_48.selfcheck:OK!
WARNING:intt_second_A_48:LLVM (llvm-mc, llvm-nm, llvm-readobj) not found, disabling selftest. Consider installing LLVM.
INFO:intt_second_B_0:Setting timeout of 5 seconds...
INFO:intt_second_B_0:Objective: minimize cycles
INFO:intt_second_B_0:Invoking external constraint solver (OR-Tools CP-SAT v9.15.6755) ...
INFO:intt_second_B_0:[0.3542s]: Found 1 solutions so far... objective (minimize cycles): currently  (Cycles ~ 78.0, IPC ~ 0.62), bound  (Cycles ~ 68.0, IPC ~ 0.71)
INFO:intt_second_B_0:[0.3591s]: Found 2 solutions so far... objective (minimize cycles): currently  (Cycles ~ 77.0, IPC ~ 0.62), bound  (Cycles ~ 68.0, IPC ~ 0.71)
INFO:intt_second_B_0:[0.3637s]: Found 3 solutions so far... objective (minimize cycles): currently  (Cycles ~ 76.0, IPC ~ 0.63), bound  (Cycles ~ 68.0, IPC ~ 0.71)
INFO:intt_second_B_0:[0.3681s]: Found 4 solutions so far... objective (minimize cycles): currently  (Cycles ~ 75.0, IPC ~ 0.64), bound  (Cycles ~ 68.0, IPC ~ 0.71)
INFO:intt_second_B_0:[0.3761s]: Found 5 solutions so far... objective (minimize cycles): currently  (Cycles ~ 71.0, IPC ~ 0.68), bound  (Cycles ~ 68.0, IPC ~ 0.71)
INFO:intt_second_B_0:[0.3805s]: Found 6 solutions so far... objective (minimize cycles): currently  (Cycles ~ 70.0, IPC ~ 0.69), bound  (Cycles ~ 68.0, IPC ~ 0.71)
INFO:intt_second_B_0:OPTIMAL, wall time: 0.398083 s
INFO:intt_second_B_0:Booleans in result: 491
INFO:intt_second_B_0.selfcheck:OK!
WARNING:intt_second_B_0:LLVM (llvm-mc, llvm-nm, llvm-readobj) not found, disabling selftest. Consider installing LLVM.
INFO:intt_second_B_48:Setting timeout of 5 seconds...
INFO:intt_second_B_48:Objective: minimize cycles
INFO:intt_second_B_48:Invoking external constraint solver (OR-Tools CP-SAT v9.15.6755) ...
INFO:intt_second_B_48:[0.0070s]: Found 1 solutions so far... objective (minimize cycles): currently  (Cycles ~ 19.0, IPC ~ 0.63), bound  (Cycles ~ 15.0, IPC ~ 0.80)
INFO:intt_second_B_48:[0.0077s]: Found 2 solutions so far... objective (minimize cycles): currently  (Cycles ~ 18.0, IPC ~ 0.67), bound  (Cycles ~ 15.0, IPC ~ 0.80)
INFO:intt_second_B_48:[0.0093s]: Found 3 solutions so far... objective (minimize cycles): currently  (Cycles ~ 17.0, IPC ~ 0.71), bound  (Cycles ~ 15.0, IPC ~ 0.80)
INFO:intt_second_B_48:[0.0098s]: Found 4 solutions so far... objective (minimize cycles): currently  (Cycles ~ 16.0, IPC ~ 0.75), bound  (Cycles ~ 15.0, IPC ~ 0.80)
INFO:intt_second_B_48:[0.0101s]: Found 5 solutions so far... objective (minimize cycles): currently  (Cycles ~ 15.0, IPC ~ 0.80), bound  (Cycles ~ 15.0, IPC ~ 0.80)
INFO:intt_second_B_48:Closer than 0 stalls to theoretical optimum... stop
INFO:intt_second_B_48:OPTIMAL, wall time: 0.012114 s
INFO:intt_second_B_48:Booleans in result: 25
INFO:intt_second_B_48.selfcheck:OK!
WARNING:intt_second_B_48:LLVM (llvm-mc, llvm-nm, llvm-readobj) not found, disabling selftest. Consider installing LLVM.
INFO:intt_odd_loop_A_0:Setting timeout of 5 seconds...
INFO:intt_odd_loop_A_0:Objective: minimize cycles
INFO:intt_odd_loop_A_0:Invoking external constraint solver (OR-Tools CP-SAT v9.15.6755) ...
INFO:intt_odd_loop_A_0:[0.0245s]: Found 1 solutions so far... objective (minimize cycles): currently  (Cycles ~ 41.0, IPC ~ 0.56), bound  (Cycles ~ 28.0, IPC ~ 0.82)
INFO:intt_odd_loop_A_0:[0.0255s]: Found 2 solutions so far... objective (minimize cycles): currently  (Cycles ~ 39.0, IPC ~ 0.59), bound  (Cycles ~ 29.0, IPC ~ 0.79)
INFO:intt_odd_loop_A_0:[0.0289s]: Found 3 solutions so far... objective (minimize cycles): currently  (Cycles ~ 38.0, IPC ~ 0.61), bound  (Cycles ~ 31.0, IPC ~ 0.74)
INFO:intt_odd_loop_A_0:[0.0363s]: Found 4 solutions so far... objective (minimize cycles): currently  (Cycles ~ 37.0, IPC ~ 0.62), bound  (Cycles ~ 32.0, IPC ~ 0.72)
INFO:intt_odd_loop_A_0:[0.0386s]: Found 5 solutions so far... objective (minimize cycles): currently  (Cycles ~ 36.0, IPC ~ 0.64), bound  (Cycles ~ 32.0, IPC ~ 0.72)
INFO:intt_odd_loop_A_0:[0.0407s]: Found 6 solutions so far... objective (minimize cycles): currently  (Cycles ~ 35.0, IPC ~ 0.66), bound  (Cycles ~ 32.0, IPC ~ 0.72)
INFO:intt_odd_loop_A_0:[0.0413s]: Found 7 solutions so far... objective (minimize cycles): currently  (Cycles ~ 33.0, IPC ~ 0.70), bound  (Cycles ~ 32.0, IPC ~ 0.72)
INFO:intt_odd_loop_A_0:OPTIMAL, wall time: 0.046855 s
INFO:intt_odd_loop_A_0:Booleans in result: 85
INFO:intt_odd_loop_A_0.selfcheck:OK!
WARNING:intt_odd_loop_A_0:LLVM (llvm-mc, llvm-nm, llvm-readobj) not found, disabling selftest. Consider installing LLVM.
INFO:intt_odd_loop_B_0:Setting timeout of 5 seconds...
INFO:intt_odd_loop_B_0:Objective: minimize cycles
INFO:intt_odd_loop_B_0:Invoking external constraint solver (OR-Tools CP-SAT v9.15.6755) ...
INFO:intt_odd_loop_B_0:[0.0433s]: Found 1 solutions so far... objective (minimize cycles): currently  (Cycles ~ 44.0, IPC ~ 0.52), bound  (Cycles ~ 32.0, IPC ~ 0.72)
INFO:intt_odd_loop_B_0:[0.0549s]: Found 2 solutions so far... objective (minimize cycles): currently  (Cycles ~ 35.0, IPC ~ 0.66), bound  (Cycles ~ 33.0, IPC ~ 0.70)
INFO:intt_odd_loop_B_0:OPTIMAL, wall time: 0.058044 s
INFO:intt_odd_loop_B_0:Booleans in result: 104
INFO:intt_odd_loop_B_0.selfcheck:OK!
WARNING:intt_odd_loop_B_0:LLVM (llvm-mc, llvm-nm, llvm-readobj) not found, disabling selftest. Consider installing LLVM.
INFO:small_penultimate_A_0:Setting timeout of 5 seconds...
INFO:small_penultimate_A_0:Objective: minimize cycles
INFO:small_penultimate_A_0:Invoking external constraint solver (OR-Tools CP-SAT v9.15.6755) ...
INFO:small_penultimate_A_0:[0.4028s]: Found 1 solutions so far... objective (minimize cycles): currently  (Cycles ~ 97.0, IPC ~ 0.49), bound  (Cycles ~ 82.0, IPC ~ 0.59)
INFO:small_penultimate_A_0:[0.4591s]: Found 2 solutions so far... objective (minimize cycles): currently  (Cycles ~ 85.0, IPC ~ 0.56), bound  (Cycles ~ 82.0, IPC ~ 0.59)
INFO:small_penultimate_A_0:[0.4757s]: Found 3 solutions so far... objective (minimize cycles): currently  (Cycles ~ 84.0, IPC ~ 0.57), bound  (Cycles ~ 82.0, IPC ~ 0.59)
INFO:small_penultimate_A_0:OPTIMAL, wall time: 0.513763 s
INFO:small_penultimate_A_0:Booleans in result: 694
INFO:small_penultimate_A_0.selfcheck:OK!
WARNING:small_penultimate_A_0:LLVM (llvm-mc, llvm-nm, llvm-readobj) not found, disabling selftest. Consider installing LLVM.
INFO:small_penultimate_A_48:Setting timeout of 5 seconds...
INFO:small_penultimate_A_48:Objective: minimize cycles
INFO:small_penultimate_A_48:Invoking external constraint solver (OR-Tools CP-SAT v9.15.6755) ...
INFO:small_penultimate_A_48:[0.0080s]: Found 1 solutions so far... objective (minimize cycles): currently  (Cycles ~ 33.0, IPC ~ 0.42), bound  (Cycles ~ 27.0, IPC ~ 0.52)
INFO:small_penultimate_A_48:OPTIMAL, wall time: 0.010927 s
INFO:small_penultimate_A_48:Booleans in result: 48
INFO:small_penultimate_A_48.selfcheck:OK!
WARNING:small_penultimate_A_48:LLVM (llvm-mc, llvm-nm, llvm-readobj) not found, disabling selftest. Consider installing LLVM.
INFO:small_penultimate_B_0:Setting timeout of 5 seconds...
INFO:small_penultimate_B_0:Objective: minimize cycles
INFO:small_penultimate_B_0:Invoking external constraint solver (OR-Tools CP-SAT v9.15.6755) ...
INFO:small_penultimate_B_0:[0.4227s]: Found 1 solutions so far... objective (minimize cycles): currently  (Cycles ~ 90.0, IPC ~ 0.53), bound  (Cycles ~ 89.0, IPC ~ 0.54)
INFO:small_penultimate_B_0:[0.4337s]: Found 2 solutions so far... objective (minimize cycles): currently  (Cycles ~ 89.0, IPC ~ 0.54), bound  (Cycles ~ 89.0, IPC ~ 0.54)
INFO:small_penultimate_B_0:Closer than 0 stalls to theoretical optimum... stop
INFO:small_penultimate_B_0:OPTIMAL, wall time: 0.438438 s
INFO:small_penultimate_B_0:Booleans in result: 627
INFO:small_penultimate_B_0.selfcheck:OK!
WARNING:small_penultimate_B_0:LLVM (llvm-mc, llvm-nm, llvm-readobj) not found, disabling selftest. Consider installing LLVM.
INFO:small_penultimate_B_48:Setting timeout of 5 seconds...
INFO:small_penultimate_B_48:Objective: minimize cycles
INFO:small_penultimate_B_48:Invoking external constraint solver (OR-Tools CP-SAT v9.15.6755) ...
INFO:small_penultimate_B_48:[0.0078s]: Found 1 solutions so far... objective (minimize cycles): currently  (Cycles ~ 30.0, IPC ~ 0.47), bound  (Cycles ~ 27.0, IPC ~ 0.52)
INFO:small_penultimate_B_48:[0.0087s]: Found 2 solutions so far... objective (minimize cycles): currently  (Cycles ~ 27.0, IPC ~ 0.52), bound  (Cycles ~ 27.0, IPC ~ 0.52)
INFO:small_penultimate_B_48:Closer than 0 stalls to theoretical optimum... stop
INFO:small_penultimate_B_48:OPTIMAL, wall time: 0.010755 s
INFO:small_penultimate_B_48:Booleans in result: 40
INFO:small_penultimate_B_48.selfcheck:OK!
WARNING:small_penultimate_B_48:LLVM (llvm-mc, llvm-nm, llvm-readobj) not found, disabling selftest. Consider installing LLVM.
INFO:small_last_loop_A_0:Setting timeout of 5 seconds...
INFO:small_last_loop_A_0:Objective: minimize cycles
INFO:small_last_loop_A_0:Invoking external constraint solver (OR-Tools CP-SAT v9.15.6755) ...
INFO:small_last_loop_A_0:[0.5835s]: Found 1 solutions so far... objective (minimize cycles): currently  (Cycles ~ 103.0, IPC ~ 0.47), bound  (Cycles ~ 81.0, IPC ~ 0.59)
INFO:small_last_loop_A_0:[0.6247s]: Found 2 solutions so far... objective (minimize cycles): currently  (Cycles ~ 102.0, IPC ~ 0.47), bound  (Cycles ~ 81.0, IPC ~ 0.59)
INFO:small_last_loop_A_0:[0.6986s]: Found 3 solutions so far... objective (minimize cycles): currently  (Cycles ~ 84.0, IPC ~ 0.57), bound  (Cycles ~ 81.0, IPC ~ 0.59)
INFO:small_last_loop_A_0:[0.7628s]: Found 4 solutions so far... objective (minimize cycles): currently  (Cycles ~ 83.0, IPC ~ 0.58), bound  (Cycles ~ 81.0, IPC ~ 0.59)
INFO:small_last_loop_A_0:[0.7656s]: Found 5 solutions so far... objective (minimize cycles): currently  (Cycles ~ 81.0, IPC ~ 0.59), bound  (Cycles ~ 81.0, IPC ~ 0.59)
INFO:small_last_loop_A_0:Closer than 0 stalls to theoretical optimum... stop
INFO:small_last_loop_A_0:OPTIMAL, wall time: 0.770488 s
INFO:small_last_loop_A_0:Booleans in result: 566
INFO:small_last_loop_A_0.selfcheck:OK!
WARNING:small_last_loop_A_0:LLVM (llvm-mc, llvm-nm, llvm-readobj) not found, disabling selftest. Consider installing LLVM.
INFO:small_last_loop_A_48:Setting timeout of 5 seconds...
INFO:small_last_loop_A_48:Objective: minimize cycles
INFO:small_last_loop_A_48:Invoking external constraint solver (OR-Tools CP-SAT v9.15.6755) ...
INFO:small_last_loop_A_48:[0.0081s]: Found 1 solutions so far... objective (minimize cycles): currently  (Cycles ~ 33.0, IPC ~ 0.42), bound  (Cycles ~ 27.0, IPC ~ 0.52)
INFO:small_last_loop_A_48:OPTIMAL, wall time: 0.011193 s
INFO:small_last_loop_A_48:Booleans in result: 48
INFO:small_last_loop_A_48.selfcheck:OK!
WARNING:small_last_loop_A_48:LLVM (llvm-mc, llvm-nm, llvm-readobj) not found, disabling selftest. Consider installing LLVM.
INFO:small_last_loop_B_0:Setting timeout of 5 seconds...
INFO:small_last_loop_B_0:Objective: minimize cycles
INFO:small_last_loop_B_0:Invoking external constraint solver (OR-Tools CP-SAT v9.15.6755) ...
INFO:small_last_loop_B_0:[0.2682s]: Found 1 solutions so far... objective (minimize cycles): currently  (Cycles ~ 155.0, IPC ~ 0.31), bound  (Cycles ~ 89.0, IPC ~ 0.54)
INFO:small_last_loop_B_0:[0.3224s]: Found 2 solutions so far... objective (minimize cycles): currently  (Cycles ~ 95.0, IPC ~ 0.51), bound  (Cycles ~ 89.0, IPC ~ 0.54)
INFO:small_last_loop_B_0:[0.3477s]: Found 3 solutions so far... objective (minimize cycles): currently  (Cycles ~ 93.0, IPC ~ 0.52), bound  (Cycles ~ 89.0, IPC ~ 0.54)
INFO:small_last_loop_B_0:[0.3664s]: Found 4 solutions so far... objective (minimize cycles): currently  (Cycles ~ 89.0, IPC ~ 0.54), bound  (Cycles ~ 89.0, IPC ~ 0.54)
INFO:small_last_loop_B_0:Closer than 0 stalls to theoretical optimum... stop
INFO:small_last_loop_B_0:OPTIMAL, wall time: 0.372800 s
INFO:small_last_loop_B_0:Booleans in result: 579
INFO:small_last_loop_B_0.selfcheck:OK!
WARNING:small_last_loop_B_0:LLVM (llvm-mc, llvm-nm, llvm-readobj) not found, disabling selftest. Consider installing LLVM.
INFO:small_last_loop_B_48:Setting timeout of 5 seconds...
INFO:small_last_loop_B_48:Objective: minimize cycles
INFO:small_last_loop_B_48:Invoking external constraint solver (OR-Tools CP-SAT v9.15.6755) ...
INFO:small_last_loop_B_48:[0.0103s]: Found 1 solutions so far... objective (minimize cycles): currently  (Cycles ~ 31.0, IPC ~ 0.45), bound  (Cycles ~ 21.0, IPC ~ 0.67)
INFO:small_last_loop_B_48:[0.0110s]: Found 2 solutions so far... objective (minimize cycles): currently  (Cycles ~ 30.0, IPC ~ 0.47), bound  (Cycles ~ 22.0, IPC ~ 0.64)
INFO:small_last_loop_B_48:[0.0111s]: Found 3 solutions so far... objective (minimize cycles): currently  (Cycles ~ 24.0, IPC ~ 0.58), bound  (Cycles ~ 22.0, IPC ~ 0.64)
INFO:small_last_loop_B_48:[0.0123s]: Found 4 solutions so far... objective (minimize cycles): currently  (Cycles ~ 23.0, IPC ~ 0.61), bound  (Cycles ~ 22.0, IPC ~ 0.64)
INFO:small_last_loop_B_48:[0.0134s]: Found 5 solutions so far... objective (minimize cycles): currently  (Cycles ~ 22.0, IPC ~ 0.64), bound  (Cycles ~ 22.0, IPC ~ 0.64)
INFO:small_last_loop_B_48:Closer than 0 stalls to theoretical optimum... stop
INFO:small_last_loop_B_48:OPTIMAL, wall time: 0.015539 s
INFO:small_last_loop_B_48:Booleans in result: 49
INFO:small_last_loop_B_48.selfcheck:OK!
WARNING:small_last_loop_B_48:LLVM (llvm-mc, llvm-nm, llvm-readobj) not found, disabling selftest. Consider installing LLVM.
INFO:intt_final_two_body_A_0:Setting timeout of 5 seconds...
INFO:intt_final_two_body_A_0:Objective: minimize cycles
INFO:intt_final_two_body_A_0:Invoking external constraint solver (OR-Tools CP-SAT v9.15.6755) ...
INFO:intt_final_two_body_A_0:[0.4356s]: Found 1 solutions so far... objective (minimize cycles): currently  (Cycles ~ 81.0, IPC ~ 0.59), bound  (Cycles ~ 75.0, IPC ~ 0.64)
INFO:intt_final_two_body_A_0:[0.5184s]: Found 2 solutions so far... objective (minimize cycles): currently  (Cycles ~ 78.0, IPC ~ 0.62), bound  (Cycles ~ 75.0, IPC ~ 0.64)
INFO:intt_final_two_body_A_0:[0.5454s]: Found 3 solutions so far... objective (minimize cycles): currently  (Cycles ~ 76.0, IPC ~ 0.63), bound  (Cycles ~ 75.0, IPC ~ 0.64)
INFO:intt_final_two_body_A_0:[0.6144s]: Found 4 solutions so far... objective (minimize cycles): currently  (Cycles ~ 75.0, IPC ~ 0.64), bound  (Cycles ~ 75.0, IPC ~ 0.64)
INFO:intt_final_two_body_A_0:Closer than 0 stalls to theoretical optimum... stop
INFO:intt_final_two_body_A_0:OPTIMAL, wall time: 0.620546 s
INFO:intt_final_two_body_A_0:Booleans in result: 494
INFO:intt_final_two_body_A_0.selfcheck:OK!
WARNING:intt_final_two_body_A_0:LLVM (llvm-mc, llvm-nm, llvm-readobj) not found, disabling selftest. Consider installing LLVM.
INFO:intt_final_two_body_A_48:Setting timeout of 5 seconds...
INFO:intt_final_two_body_A_48:Objective: minimize cycles
INFO:intt_final_two_body_A_48:Invoking external constraint solver (OR-Tools CP-SAT v9.15.6755) ...
INFO:intt_final_two_body_A_48:[0.0102s]: Found 1 solutions so far... objective (minimize cycles): currently  (Cycles ~ 28.0, IPC ~ 0.57), bound  (Cycles ~ 22.0, IPC ~ 0.73)
INFO:intt_final_two_body_A_48:[0.0111s]: Found 2 solutions so far... objective (minimize cycles): currently  (Cycles ~ 27.0, IPC ~ 0.59), bound  (Cycles ~ 25.0, IPC ~ 0.64)
INFO:intt_final_two_body_A_48:[0.0118s]: Found 3 solutions so far... objective (minimize cycles): currently  (Cycles ~ 26.0, IPC ~ 0.62), bound  (Cycles ~ 26.0, IPC ~ 0.62)
INFO:intt_final_two_body_A_48:Closer than 0 stalls to theoretical optimum... stop
INFO:intt_final_two_body_A_48:OPTIMAL, wall time: 0.014006 s
INFO:intt_final_two_body_A_48:Booleans in result: 31
INFO:intt_final_two_body_A_48.selfcheck:OK!
WARNING:intt_final_two_body_A_48:LLVM (llvm-mc, llvm-nm, llvm-readobj) not found, disabling selftest. Consider installing LLVM.
