[exec_wrapper] configuring FLEXMEM...
[exec_wrapper] starting OpenOCD on port 3349...
[exec_wrapper] SWO redirect port 60480
[exec_wrapper] /Users/seungwon/FALCON/fn-dsa_m55/measurement_mlkem_native/env/openocd-4e9b167/bin/openocd -f interface/stlink.cfg -c transport select swd -f target/stm32n6x.cfg -c if {[lsearch -exact [target names] stm32n6x.cpu] >= 0} { stm32n6x.cpu configure -defer-examine } -c adapter speed 8000 -c adapter serial 003C00223335510735383531 -c reset_config srst_only srst_nogate -c gdb_port 3349 -c tcl_port disabled -c telnet_port disabled -c init -c stm32n6x.cpu arp_examine -c stm32n6x.swo configure -protocol uart -traceclk 100000000 -pin-freq 1000000 -output :60480 -formatter 0 -c stm32n6x.swo enable -c stm32n6x.cpu itm port 0 on
============ GDB SCRIPT ============
set pagination off
set confirm off
target remote localhost:3349
load
tbreak *0x100128e4
hbreak *0x10015b50
set $early_fault_bp = $bpnum
jump *0x10015b65
if $pc != 0x100128e4
echo [[STARTUP-FAULT]]\n
info registers
x/8wx $psp
x/8wx $msp
x/8i *(unsigned int*)($psp+24)
x/6wx 0xE000ED28
x/6wx 0xE001E000
monitor reset_config none
monitor reset run
quit 1
end
delete $early_fault_bp
echo TCM_MSCR_START=
output/x *(unsigned int*)0xE001E000
echo \n
restore /var/folders/cl/qszfy4ys3t51fgwf6m125j080000gt/T/tmpkfgdj9zq/argv.bin binary 0x340b0000
set $nucleo_exit_code = -1
break *0x10012894
commands
  set $nucleo_exit_code = $r0
  echo [[NUCLEO-DONE]]\n
end
break *0x10015b50
commands
  echo [[NUCLEO-HARDFAULT]]\n
end
continue
if $nucleo_exit_code != -1
  echo NUCLEO_EXIT_CODE=
  output/d $nucleo_exit_code
  echo \n
end
info registers
x/4wx $sp
echo CFSR=
output/x *(unsigned int *)0xE000ED28
echo \n
echo HFSR=
output/x *(unsigned int *)0xE000ED2C
echo \n
echo DFSR=
output/x *(unsigned int *)0xE000ED30
echo \n
echo MMFAR=
output/x *(unsigned int *)0xE000ED34
echo \n
echo BFAR=
output/x *(unsigned int *)0xE000ED38
echo \n
echo AFSR=
output/x *(unsigned int *)0xE000ED3C
echo \n
echo SHCSR=
output/x *(unsigned int *)0xE000ED24
echo \n
echo CCR=
output/x *(unsigned int *)0xE000ED14
echo \n
echo MSP=
output/x $msp
echo \n
echo PSP=
output/x $psp
echo \n
echo LR=
output/x $lr
echo \n
echo PC=
output/x $pc
echo \n
echo STACKED_R0_R1_R2_R3_R12_LR_PC_XPSR:\n
if ($lr & 4)
  x/8wx $psp
else
  x/8wx $msp
end
x/4wx 0xE000ED28
x/wx 0xE000ED38
echo TCM_MSCR_END=
output/x *(unsigned int*)0xE001E000
echo \n
monitor reset_config none
monitor reset run
====================================
[exec_wrapper] running gdb batch
Open On-Chip Debugger 0.12.0+dev-g4e9b167 (2026-09-09-11:52)
Licensed under GNU GPL v2
For bug reports, read
	http://openocd.org/doc/doxygen/bugs.html
adapter speed: 8000 kHz
srst_only separate srst_nogate srst_open_drain connect_deassert_srst
DEPRECATED! use 'gdb port', not 'gdb_port'
DEPRECATED! use 'tcl port' not 'tcl_port'
DEPRECATED! use 'telnet port', not 'telnet_port'
Info : STLINK V3J15M6 (API v3) VID:PID 0483:3754
Info : Target voltage: 3.280851
Info : clock speed 8000 kHz
Info : SWD DPIDR 0x6ba02477
Info : [stm32n6x.ap0] Examination succeed
Info : [stm32n6x.ap0] gdb port disabled
Info : [stm32n6x.cpu] starting gdb server on 3349
Info : Listening on port 3349 for gdb connections
Info : [stm32n6x.cpu] Cortex-M55 r1p1 processor detected
Info : [stm32n6x.cpu] target has 8 breakpoints, 8 watchpoints
Info : starting trace server for stm32n6x.swo on 60480
Info : Listening on port 60480 for tpiu_swo_trace connections
Info : tcl server disabled
Info : telnet server disabled
Info : accepting 'tpiu_swo_trace' connection on tcp/60480
Info : accepting 'gdb' connection on tcp/3349
stm32n6x.cpu in Secure state
[stm32n6x.cpu] halted due to debug-request, current mode: Thread
xPSR: 0x21000000 pc: 0x1800350e msp: 0x341037a8
Info : New GDB Connection: 1, Target stm32n6x.cpu, state: halted
Warn : Prefer GDB command "target extended-remote :3349" instead of "target remote :3349"
FNDSA_BEGIN mode=full batches=10 warmups=10 iterations=10
BUILD gcc=15.2.1 20251203 asm_m4=1 m55_compat=1 mve_feature=3
CONFIG cycle_hz=800000000 stack=65536 fpu=1 cache_management=0 icache=1 dcache=1
CORE cpuid=411fd221 ccr=00000611 vtor=10000000 cpacr=00500000 primask=0 basepri=0 control=14
TCM itcmcr=00000049 dtcmcr=00000049 mpu=00000005
ADDR code=100106f9 sk=30025800 pk=300250e0 sig=30024be0 tmp=30015fc0 sp=3003cc48
CLOCK SystemCoreClock=800000000 CFGR1=33330000 CFGR2=01100000 HSECFGR=00000840
CLOCK IC1=00020000 IC2=00050000 IC6=20010000 IC11=00020000
CLOCK PLL1_1=20309600 PLL1_2=00000000 PLL1_3=49000005
CLOCK_DECODE cpu=800000000 sysclk=400000000 hclk=200000000 pclk1=200000000 pclk2=200000000 pclk4=200000000 pclk5=200000000
TIMER selfcheck_100ms_zephyr=80000248 dwt=80000654 error=406
STACK start=3002d100 size=65536 watermarked_end=3003bcc0
NTT_MUL_TABLE kind=barrett3 pairs=2048 mismatches=0 first=0 actual=0 expected=0
NTT_EXACT degree=512 forward_mismatches=0 roundtrip_mismatches=0 oracle_roundtrip_mismatches=0 max_mod_error=0 first_forward=4294967295 actual=0 expected=0 first_roundtrip=4294967295 first_oracle=4294967295
NTT_MUL_TABLE kind=barrett3 pairs=2048 mismatches=0 first=0 actual=0 expected=0
NTT_EXACT degree=1024 forward_mismatches=0 roundtrip_mismatches=0 oracle_roundtrip_mismatches=0 max_mod_error=0 first_forward=4294967295 actual=0 expected=0 first_roundtrip=4294967295 first_oracle=4294967295
PHASE degree=512 batch=0 op=0
BATCH degree=512 batch=0 op=0 total=467927462 per_call=46792746
PHASE degree=512 batch=0 op=1
BATCH degree=512 batch=0 op=1 total=170611052 per_call=17061105
PHASE degree=512 batch=0 op=2
BATCH degree=512 batch=0 op=2 total=3244763 per_call=324476
DIGEST degree=512 batch=0 shake256=9fd7c627fa100863e8f684339f3eb3835fc55a24066f4dd34aea05d555d8eadd
PHASE degree=512 batch=1 op=0
BATCH degree=512 batch=1 op=0 total=671193414 per_call=67119341
PHASE degree=512 batch=1 op=1
BATCH degree=512 batch=1 op=1 total=172375870 per_call=17237587
PHASE degree=512 batch=1 op=2
BATCH degree=512 batch=1 op=2 total=3247793 per_call=324779
DIGEST degree=512 batch=1 shake256=5b69a0ccfcb5334d1714c75887d4e3560e57c5260185b3e4d629c7ed15ef5a59
PHASE degree=512 batch=2 op=0
BATCH degree=512 batch=2 op=0 total=687244319 per_call=68724431
PHASE degree=512 batch=2 op=1
BATCH degree=512 batch=2 op=1 total=172136868 per_call=17213686
PHASE degree=512 batch=2 op=2
BATCH degree=512 batch=2 op=2 total=3245123 per_call=324512
DIGEST degree=512 batch=2 shake256=8e94da3992ad2b0b58b5f1fb24edb669aa510879992028b7e19e54913ca099ff
PHASE degree=512 batch=3 op=0
BATCH degree=512 batch=3 op=0 total=444863819 per_call=44486381
PHASE degree=512 batch=3 op=1
BATCH degree=512 batch=3 op=1 total=172531291 per_call=17253129
PHASE degree=512 batch=3 op=2
BATCH degree=512 batch=3 op=2 total=3099203 per_call=309920
DIGEST degree=512 batch=3 shake256=baed1ee121c159107fcae7fc39cd47321cf3e6e57b0d681dd0dd4bebea74b5af
PHASE degree=512 batch=4 op=0
BATCH degree=512 batch=4 op=0 total=453227620 per_call=45322762
PHASE degree=512 batch=4 op=1
BATCH degree=512 batch=4 op=1 total=172487095 per_call=17248709
PHASE degree=512 batch=4 op=2
BATCH degree=512 batch=4 op=2 total=3098643 per_call=309864
DIGEST degree=512 batch=4 shake256=1e8e5dd8133848e3117aa382c435644d8f91eb53750bb29b5e504a0d86705c6f
PHASE degree=512 batch=5 op=0
BATCH degree=512 batch=5 op=0 total=429943373 per_call=42994337
PHASE degree=512 batch=5 op=1
BATCH degree=512 batch=5 op=1 total=172539077 per_call=17253907
PHASE degree=512 batch=5 op=2
BATCH degree=512 batch=5 op=2 total=3098323 per_call=309832
DIGEST degree=512 batch=5 shake256=55be9bdeef8f2c0045c807dee826814bba467bf96e86e8a952161b909e7dd743
PHASE degree=512 batch=6 op=0
BATCH degree=512 batch=6 op=0 total=684402183 per_call=68440218
PHASE degree=512 batch=6 op=1
BATCH degree=512 batch=6 op=1 total=171647260 per_call=17164726
PHASE degree=512 batch=6 op=2
BATCH degree=512 batch=6 op=2 total=3243534 per_call=324353
DIGEST degree=512 batch=6 shake256=ee778ef0596faa884925468c99e6a3c7c1cb7f84dfd5c314c535a3b05c4b40a1
PHASE degree=512 batch=7 op=0
BATCH degree=512 batch=7 op=0 total=433588577 per_call=43358857
PHASE degree=512 batch=7 op=1
BATCH degree=512 batch=7 op=1 total=172735942 per_call=17273594
PHASE degree=512 batch=7 op=2
BATCH degree=512 batch=7 op=2 total=3100343 per_call=310034
DIGEST degree=512 batch=7 shake256=67faa3bc7b82a21816759c3144b355f9295aa2593ea7a49886815a206c8f73bc
PHASE degree=512 batch=8 op=0
BATCH degree=512 batch=8 op=0 total=487102237 per_call=48710223
PHASE degree=512 batch=8 op=1
BATCH degree=512 batch=8 op=1 total=172421699 per_call=17242169
PHASE degree=512 batch=8 op=2
BATCH degree=512 batch=8 op=2 total=3246403 per_call=324640
DIGEST degree=512 batch=8 shake256=52d3eecae1699a17991cd4b189e813c76dbfa438a5c07b1fe4f057e06a8d6da8
PHASE degree=512 batch=9 op=0
BATCH degree=512 batch=9 op=0 total=455558733 per_call=45555873
PHASE degree=512 batch=9 op=1
BATCH degree=512 batch=9 op=1 total=172107779 per_call=17210777
PHASE degree=512 batch=9 op=2
BATCH degree=512 batch=9 op=2 total=3245255 per_call=324525
DIGEST degree=512 batch=9 shake256=2405bd63d5a48ca7a926a63444d6c6badf4533539151b2778d705ebf28ceac97
AUDIT degree=512 shake256=c455025367f3309f0ecb04b2d8784afe9d1cba965d99ae9246eb0c1528b0419b
SUMMARY degree=512 op=0 upper_median=46792746 p1=42994337 p10=43358857 p20=44486381 p30=45322762 p40=45555873 p50=46792746 p60=48710223 p70=67119341 p80=68440218 p90=68724431 p99=68724431
SUMMARY degree=512 op=1 upper_median=17242169 p1=17061105 p10=17164726 p20=17210777 p30=17213686 p40=17237587 p50=17242169 p60=17248709 p70=17253129 p80=17253907 p90=17273594 p99=17273594
SUMMARY degree=512 op=2 upper_median=324476 p1=309832 p10=309864 p20=309920 p30=310034 p40=324353 p50=324476 p60=324512 p70=324525 p80=324640 p90=324779 p99=324779
PHASE degree=1024 batch=0 op=0
BATCH degree=1024 batch=0 op=0 total=3524036687 per_call=352403668
PHASE degree=1024 batch=0 op=1
BATCH degree=1024 batch=0 op=1 total=371652100 per_call=37165210
PHASE degree=1024 batch=0 op=2
BATCH degree=1024 batch=0 op=2 total=6129773 per_call=612977
DIGEST degree=1024 batch=0 shake256=c543754d19ef263221b2316acac8ad5c34502886750fdd5bfffd4f5487c018bb
PHASE degree=1024 batch=1 op=0
BATCH degree=1024 batch=1 op=0 total=2005368949 per_call=200536894
PHASE degree=1024 batch=1 op=1
BATCH degree=1024 batch=1 op=1 total=371247433 per_call=37124743
PHASE degree=1024 batch=1 op=2
BATCH degree=1024 batch=1 op=2 total=6275803 per_call=627580
DIGEST degree=1024 batch=1 shake256=400064f4596e3d533749bb9b14e07a4c3ee2f51e4c503631743aada416ca154d
PHASE degree=1024 batch=2 op=0
BATCH degree=1024 batch=2 op=0 total=2557935069 per_call=255793506
PHASE degree=1024 batch=2 op=1
BATCH degree=1024 batch=2 op=1 total=372636636 per_call=37263663
PHASE degree=1024 batch=2 op=2
BATCH degree=1024 batch=2 op=2 total=6128093 per_call=612809
DIGEST degree=1024 batch=2 shake256=c8f763cc6ba2ff8c0cea3130dbc5001b7c64353fd5473b15b8ed98a5d294cf42
PHASE degree=1024 batch=3 op=0
BATCH degree=1024 batch=3 op=0 total=1720267234 per_call=172026723
PHASE degree=1024 batch=3 op=1
BATCH degree=1024 batch=3 op=1 total=370516713 per_call=37051671
PHASE degree=1024 batch=3 op=2
BATCH degree=1024 batch=3 op=2 total=6276694 per_call=627669
DIGEST degree=1024 batch=3 shake256=78261ecd967b617c9dec3202e71ae67dd85cff87716a7c25ed3d2870828ccb2c
PHASE degree=1024 batch=4 op=0
BATCH degree=1024 batch=4 op=0 total=1868781226 per_call=186878122
PHASE degree=1024 batch=4 op=1
BATCH degree=1024 batch=4 op=1 total=370722347 per_call=37072234
PHASE degree=1024 batch=4 op=2
BATCH degree=1024 batch=4 op=2 total=6278563 per_call=627856
DIGEST degree=1024 batch=4 shake256=25c07b9897ace42311bcf8dcf9792e827783a5dc503c324873b92f7291d763d5
PHASE degree=1024 batch=5 op=0
BATCH degree=1024 batch=5 op=0 total=4363743701 per_call=436374370
PHASE degree=1024 batch=5 op=1
BATCH degree=1024 batch=5 op=1 total=369755556 per_call=36975555
PHASE degree=1024 batch=5 op=2
BATCH degree=1024 batch=5 op=2 total=6282843 per_call=628284
DIGEST degree=1024 batch=5 shake256=33ec81bdfbb949e6f7d07edb3d471128919d04debf0c4ad66cbb93328125f61a
PHASE degree=1024 batch=6 op=0
BATCH degree=1024 batch=6 op=0 total=4234678093 per_call=423467809
PHASE degree=1024 batch=6 op=1
BATCH degree=1024 batch=6 op=1 total=370625205 per_call=37062520
PHASE degree=1024 batch=6 op=2
BATCH degree=1024 batch=6 op=2 total=6129695 per_call=612969
DIGEST degree=1024 batch=6 shake256=781798734a83f7c0132cf1fd71aeec798c4833cc5135e9cf6c54321e256adb16
PHASE degree=1024 batch=7 op=0
BATCH degree=1024 batch=7 op=0 total=1966292805 per_call=196629280
PHASE degree=1024 batch=7 op=1
BATCH degree=1024 batch=7 op=1 total=369920728 per_call=36992072
PHASE degree=1024 batch=7 op=2
BATCH degree=1024 batch=7 op=2 total=6276303 per_call=627630
DIGEST degree=1024 batch=7 shake256=f53e2a643bf74aebb49ba53617743a599ea993201f4401afc68f3066f2fe3152
PHASE degree=1024 batch=8 op=0
BATCH degree=1024 batch=8 op=0 total=2447448054 per_call=244744805
PHASE degree=1024 batch=8 op=1
BATCH degree=1024 batch=8 op=1 total=371513924 per_call=37151392
PHASE degree=1024 batch=8 op=2
BATCH degree=1024 batch=8 op=2 total=6277244 per_call=627724
DIGEST degree=1024 batch=8 shake256=b1f3c6253c2a4465c931d57ba4be8ee58a6466341b82d24b37d1e489d4f06a26
PHASE degree=1024 batch=9 op=0
BATCH degree=1024 batch=9 op=0 total=1617384798 per_call=161738479
PHASE degree=1024 batch=9 op=1
BATCH degree=1024 batch=9 op=1 total=371473688 per_call=37147368
PHASE degree=1024 batch=9 op=2
BATCH degree=1024 batch=9 op=2 total=6276123 per_call=627612
DIGEST degree=1024 batch=9 shake256=72375b3e18c2473acd5cdb152cc86a758f8dfbe9eb888f344a6e24d5011d0927
AUDIT degree=1024 shake256=72e6bed093cb6e8ea32376824caac24cb4aa210613415aa9e14ccfede589dc67
SUMMARY degree=1024 op=0 upper_median=244744805 p1=161738479 p10=172026723 p20=186878122 p30=196629280 p40=200536894 p50=244744805 p60=255793506 p70=352403668 p80=423467809 p90=436374370 p99=436374370
SUMMARY degree=1024 op=1 upper_median=37124743 p1=36975555 p10=36992072 p20=37051671 p30=37062520 p40=37072234 p50=37124743 p60=37147368 p70=37151392 p80=37165210 p90=37263663 p99=37263663
SUMMARY degree=1024 op=2 upper_median=627630 p1=612809 p10=612969 p20=612977 p30=627580 p40=627612 p50=627630 p60=627669 p70=627724 p80=627856 p90=628284 p99=628284
STACK untouched_prefix=55912 used_upper_bound=9624
FNDSA_DONE correctness=PASS tamper_rejection=PASS
Info : Deferring arp_examine of stm32n6x.cpu
Info : Use arp_examine command to examine it manually!
Info : dropped 'gdb' connection
0x1800350e in ?? ()
Loading section rom_start, size 0x32c lma 0x10000000
Loading section text, size 0x1a928 lma 0x10000330
Loading section .ARM.exidx, size 0x8 lma 0x30000000
Loading section initlevel, size 0xc8 lma 0x30000008
Loading section device_area, size 0x268 lma 0x300000d0
Loading section sw_isr_table, size 0x5d8 lma 0x30000338
Loading section gpio_driver_api_area, size 0x24 lma 0x30000910
Loading section reset_driver_api_area, size 0x10 lma 0x30000934
Loading section clock_control_driver_api_area, size 0x1c lma 0x30000944
Loading section otp_driver_api_area, size 0x4 lma 0x30000960
Loading section uart_driver_api_area, size 0x14 lma 0x30000964
Loading section rodata, size 0xe65c lma 0x30000980
Loading section datas, size 0x4c lma 0x3000efe0
Loading section device_states, size 0x2c lma 0x3000f02c
Loading section k_mutex_area, size 0x14 lma 0x3000f058
Loading section .last_section, size 0x4 lma 0x3000f06c
Start address 0x10015b64, load size 171192
Transfer rate: 539 KB/sec, 6847 bytes/write.
Temporary breakpoint 1 at 0x100128e4: file /Users/seungwon/FALCON/fn-dsa_m55/measurement_mlkem_native/env/mlkem-native-637d076aa113d8faaec2277ed4a46b657acaf35f/test/zephyr/app/shim_nucleo_n657x0_q.c, line 254.
Hardware assisted breakpoint 2 at 0x10015b50: file /Users/seungwon/FALCON/fn-dsa_m55/measurement_mlkem_native/env/zephyr-4.4.1/arch/arm/core/cortex_m/fault_s.S, line 80.

Temporary breakpoint 1, get_bootargs () at /Users/seungwon/FALCON/fn-dsa_m55/measurement_mlkem_native/env/mlkem-native-637d076aa113d8faaec2277ed4a46b657acaf35f/test/zephyr/app/shim_nucleo_n657x0_q.c:254
254	  return mlk_bootargs_block;
TCM_MSCR_START=0x1300a
Restoring binary file /var/folders/cl/qszfy4ys3t51fgwf6m125j080000gt/T/tmpkfgdj9zq/argv.bin into memory (0x340b0000 to 0x340c0000)
Breakpoint 3 at 0x10012894: file /Users/seungwon/FALCON/fn-dsa_m55/measurement_mlkem_native/env/mlkem-native-637d076aa113d8faaec2277ed4a46b657acaf35f/test/zephyr/app/shim_nucleo_n657x0_q.c, line 148.
Breakpoint 4 at 0x10015b50: file /Users/seungwon/FALCON/fn-dsa_m55/measurement_mlkem_native/env/zephyr-4.4.1/arch/arm/core/cortex_m/fault_s.S, line 80.

Breakpoint 3, nucleo_test_breakpoint (rc=rc@entry=0) at /Users/seungwon/FALCON/fn-dsa_m55/measurement_mlkem_native/env/mlkem-native-637d076aa113d8faaec2277ed4a46b657acaf35f/test/zephyr/app/shim_nucleo_n657x0_q.c:148
148	  __asm__ volatile("bkpt 0" ::: "memory");
[[NUCLEO-DONE]]
NUCLEO_EXIT_CODE=0
r0             0x0                 0
r1             0xe0000000          -536870912
r2             0x1000900           16779520
r3             0x985e4b            9985611
r4             0x0                 0
r5             0x300000d0          805306576
r6             0x30000910          805308688
r7             0x3002cfc0          805490624
r8             0x300000d0          805306576
r9             0x3003d100          805556480
r10            0x34102040          873472064
r11            0x56021800          1442977792
r12            0xa                 10
sp             0x3003d0b0          0x3003d0b0 <z_main_stack+65456>
lr             0x100128db          268511451
pc             0x10012894          0x10012894 <nucleo_test_breakpoint>
xpsr           0x9060000           151388160
fpscr          0x40000             262144
msp            0x3002cfc0          0x3002cfc0 <z_idle_stacks>
psp            0x3003d0b0          0x3003d0b0 <z_main_stack+65456>
vpr            0xcfc0              [ P0=53184 MASK01=0 MASK23=0 ]
msp_ns         0x241077f0          0x241077f0
psp_ns         0x241077f0          0x241077f0
msp_s          0x3002cfc0          0x3002cfc0 <z_idle_stacks>
psp_s          0x3003d0b0          0x3003d0b0 <z_main_stack+65456>
primask        0x0                 0
basepri        0x0                 0
faultmask      0x0                 0
control        0x6                 6
msplim_s       0x3002c7c0          0x3002c7c0 <z_interrupt_stacks>
psplim_s       0x3002d100          0x3002d100 <z_main_stack>
msplim_ns      0x24106ff0          0x24106ff0
psplim_ns      0x24106ff0          0x24106ff0
primask_s      0x0                 0
basepri_s      0x0                 0
faultmask_s    0x0                 0
control_s      0x6                 6
primask_ns     0x0                 0
basepri_ns     0x0                 0
faultmask_ns   0x0                 0
control_ns     0x4                 4
p0             0xcfc0              -12352
0x3003d0b0 <z_main_stack+65456>:	0x00000000	0x100128f7	0x00000000	0x1001951b
CFSR=0x0
HFSR=0x0
DFSR=0x0
MMFAR=0x0
BFAR=0xf30379ad
AFSR=0x0
SHCSR=0xf0000
CCR=0x611
MSP=0x3002cfc0
PSP=0x3003d0b0
LR=0x100128db
PC=0x10012894
STACKED_R0_R1_R2_R3_R12_LR_PC_XPSR:
0x3002cfc0 <z_idle_stacks>:	0x00000000	0x00000000	0x00000000	0x00000000
0x3002cfd0 <z_idle_stacks+16>:	0x00000000	0x00000000	0x00000000	0x00000000
0xe000ed28:	0x00000000	0x00000000	0x00000000	0x00000000
0xe000ed38:	0xf30379ad
TCM_MSCR_END=0x1300a
[Inferior 1 (Remote target) detached]
none separate
Deferring arp_examine of stm32n6x.cpu
Use arp_examine command to examine it manually!
