[exec_wrapper] configuring FLEXMEM...
[exec_wrapper] starting OpenOCD on port 3351...
[exec_wrapper] SWO redirect port 51060
[exec_wrapper] /Users/seungwon/FALCON/fn-dsa_m55/measurement_mlkem_native/env/openocd-4e9b167/bin/openocd -f interface/stlink.cfg -c transport select swd -f target/stm32n6x.cfg -c if {[lsearch -exact [target names] stm32n6x.cpu] >= 0} { stm32n6x.cpu configure -defer-examine } -c adapter speed 8000 -c adapter serial 003C00223335510735383531 -c reset_config srst_only srst_nogate -c gdb_port 3351 -c tcl_port disabled -c telnet_port disabled -c init -c stm32n6x.cpu arp_examine -c stm32n6x.swo configure -protocol uart -traceclk 100000000 -pin-freq 1000000 -output :51060 -formatter 0 -c stm32n6x.swo enable -c stm32n6x.cpu itm port 0 on
============ GDB SCRIPT ============
set pagination off
set confirm off
target remote localhost:3351
load
tbreak *0x10004ab0
hbreak *0x10007d1c
set $early_fault_bp = $bpnum
jump *0x10007d31
if $pc != 0x10004ab0
echo [[STARTUP-FAULT]]\n
info registers
x/8wx $psp
x/8wx $msp
x/8i *(unsigned int*)($psp+24)
x/6wx 0xE000ED28
x/6wx 0xE001E000
monitor reset_config none
monitor reset run
quit 1
end
delete $early_fault_bp
echo TCM_CONTROL_START=
output/x *(unsigned int*)0x56008008
echo \n
echo TCM_MSCR_START=
output/x *(unsigned int*)0xE001E000
echo \n
restore /var/folders/cl/qszfy4ys3t51fgwf6m125j080000gt/T/tmpmltdk5lp/argv.bin binary 0x340b0000
set $nucleo_exit_code = -1
break *0x10004a60
commands
  set $nucleo_exit_code = $r0
  echo [[NUCLEO-DONE]]\n
end
break *0x10007d1c
commands
  echo [[NUCLEO-HARDFAULT]]\n
end
continue
if $nucleo_exit_code != -1
  echo NUCLEO_EXIT_CODE=
  output/d $nucleo_exit_code
  echo \n
end
info registers
x/4wx $sp
echo CFSR=
output/x *(unsigned int *)0xE000ED28
echo \n
echo HFSR=
output/x *(unsigned int *)0xE000ED2C
echo \n
echo DFSR=
output/x *(unsigned int *)0xE000ED30
echo \n
echo MMFAR=
output/x *(unsigned int *)0xE000ED34
echo \n
echo BFAR=
output/x *(unsigned int *)0xE000ED38
echo \n
echo AFSR=
output/x *(unsigned int *)0xE000ED3C
echo \n
echo SHCSR=
output/x *(unsigned int *)0xE000ED24
echo \n
echo CCR=
output/x *(unsigned int *)0xE000ED14
echo \n
echo MSP=
output/x $msp
echo \n
echo PSP=
output/x $psp
echo \n
echo LR=
output/x $lr
echo \n
echo PC=
output/x $pc
echo \n
echo STACKED_R0_R1_R2_R3_R12_LR_PC_XPSR:\n
if ($lr & 4)
  x/8wx $psp
else
  x/8wx $msp
end
x/4wx 0xE000ED28
x/wx 0xE000ED38
echo TCM_CONTROL_END=
output/x *(unsigned int*)0x56008008
echo \n
echo TCM_MSCR_END=
output/x *(unsigned int*)0xE001E000
echo \n
monitor reset_config none
monitor reset run
====================================
[exec_wrapper] running gdb batch
Open On-Chip Debugger 0.12.0+dev-g4e9b167 (2026-09-09-11:52)
Licensed under GNU GPL v2
For bug reports, read
	http://openocd.org/doc/doxygen/bugs.html
adapter speed: 8000 kHz
srst_only separate srst_nogate srst_open_drain connect_deassert_srst
DEPRECATED! use 'gdb port', not 'gdb_port'
DEPRECATED! use 'tcl port' not 'tcl_port'
DEPRECATED! use 'telnet port', not 'telnet_port'
Info : STLINK V3J15M6 (API v3) VID:PID 0483:3754
Info : Target voltage: 3.277659
Info : clock speed 8000 kHz
Info : SWD DPIDR 0x6ba02477
Info : [stm32n6x.ap0] Examination succeed
Info : [stm32n6x.ap0] gdb port disabled
Info : [stm32n6x.cpu] starting gdb server on 3351
Info : Listening on port 3351 for gdb connections
Info : [stm32n6x.cpu] Cortex-M55 r1p1 processor detected
Info : [stm32n6x.cpu] target has 8 breakpoints, 8 watchpoints
Info : starting trace server for stm32n6x.swo on 51060
Info : Listening on port 51060 for tpiu_swo_trace connections
Info : tcl server disabled
Info : telnet server disabled
Info : accepting 'tpiu_swo_trace' connection on tcp/51060
Info : accepting 'gdb' connection on tcp/3351
stm32n6x.cpu in Secure state
[stm32n6x.cpu] halted due to debug-request, current mode: Thread
xPSR: 0x21000000 pc: 0x1800350e msp: 0x341037a8
Info : New GDB Connection: 1, Target stm32n6x.cpu, state: halted
Warn : Prefer GDB command "target extended-remote :3351" instead of "target remote :3351"
TW_COMPARE_BEGIN batches=10 calls=10 status=mve_four_lane_prototype
HW cpu=800000000 sysclk=400000000 hclk=200000000 ccr=00000611 itcmcr=00000049 dtcmcr=00000049 fpscr=00040000
TWIDDLE_MUL lane=0 scalar_q32=51629008500 mve_q32=51629008500
TWIDDLE_MUL lane=1 scalar_q32=145776024000 mve_q32=145776024000
TWIDDLE_MUL lane=2 scalar_q32=239923039500 mve_q32=239923039500
TWIDDLE_MUL lane=3 scalar_q32=334070055000 mve_q32=334070055000
PRIMITIVE_CHECK cases=8000 mismatches=0 add4_max_q32_lsb=0 mul4_max_q32_lsb=0
TRANSFORM_LOGN logn=2 mve_vs_q32_lsb=0 mve_vs_tw_scalar_lsb=0
TRANSFORM_LOGN logn=3 mve_vs_q32_lsb=2 mve_vs_tw_scalar_lsb=0
TRANSFORM_LOGN logn=4 mve_vs_q32_lsb=18704956822158 mve_vs_tw_scalar_lsb=18704956822159
LOGN4_SAMPLE scalar=20080171615312,4616995135757 mve=0,0
TRANSFORM_LOGN logn=5 mve_vs_q32_lsb=26839341627195 mve_vs_tw_scalar_lsb=26839341627194
TRANSFORM_LOGN logn=6 mve_vs_q32_lsb=50253057676227 mve_vs_tw_scalar_lsb=50253057676222
TRANSFORM_LOGN logn=7 mve_vs_q32_lsb=65266214343182 mve_vs_tw_scalar_lsb=65266214343179
TRANSFORM_LOGN logn=8 mve_vs_q32_lsb=111130266009012 mve_vs_tw_scalar_lsb=111130266009007
TRANSFORM_LOGN logn=9 mve_vs_q32_lsb=154857160742815 mve_vs_tw_scalar_lsb=154857160742810
TRANSFORM_LOGN logn=10 mve_vs_q32_lsb=200831814174603 mve_vs_tw_scalar_lsb=200831814174597
TRANSFORM_ERROR max_fft_q32_lsb=200831814174603 max_roundtrip_q32_lsb=4419521347584
BENCH logn=9 dir=fft calls=10 q32=1154190,1154190,1154190,1154190,1154190,1154190,1154190,1154190,1154190,1154190 fp64=2306600,2306600,2306600,2306600,2306600,2306600,2306600,2306600,2306600,2306600 tw_scalar=18905981,18905980,18905980,18905980,18905980,18905981,18905980,18905980,18905980,18905981 tw_mve=32426881,32426880,32426880,32426881,32426880,32426881,32426880,32426880,32426881,32426880
BENCH logn=9 dir=ifft calls=10 q32=1402730,1402730,1402730,1402730,1402730,1402730,1402730,1402730,1402730,1402731 fp64=3194530,3194530,3194530,3194530,3194530,3194530,3194530,3194530,3194530,3194530 tw_scalar=19231831,19231830,19231830,19231830,19231831,19231830,19231830,19231830,19231830,19231831 tw_mve=32780131,32780130,32780130,32780131,32780130,32780131,32780130,32780130,32780131,32780130
BENCH logn=10 dir=fft calls=10 q32=2565030,2565030,2565031,2565030,2565030,2565030,2565030,2565030,2565030,2565030 fp64=5081080,5081080,5081080,5081080,5081080,5081080,5081080,5081080,5081081,5081080 tw_scalar=42363331,42363330,42363331,42363330,42363331,42363330,42363331,42363330,42363331,42363331 tw_mve=73869540,73869541,73869541,73869541,73869541,73869541,73869541,73869541,73869541,73869541
BENCH logn=10 dir=ifft calls=10 q32=3123360,3123360,3123360,3123360,3123360,3123360,3123360,3123360,3123360,3123360 fp64=7077440,7077440,7077440,7077440,7077440,7077440,7077440,7077440,7077440,7077441 tw_scalar=43088519,43088520,43088521,43088520,43088521,43088520,43088521,43088520,43088521,43088521 tw_mve=74670780,74670781,74670781,74670781,74670781,74670781,74670781,74670781,74670781,74670781
TW_COMPARE_DONE primitive_status=PASS transform_status=NUMERIC_NOT_Q32_IDENTICAL sink=00000000
Info : Deferring arp_examine of stm32n6x.cpu
Info : Use arp_examine command to examine it manually!
Info : dropped 'gdb' connection
0x1800350e in ?? ()
Loading section rom_start, size 0x32c lma 0x10000000
Loading section text, size 0xd030 lma 0x10000330
Loading section .ARM.exidx, size 0x8 lma 0x30000000
Loading section initlevel, size 0xc8 lma 0x30000008
Loading section device_area, size 0x268 lma 0x300000d0
Loading section sw_isr_table, size 0x5d8 lma 0x30000338
Loading section gpio_driver_api_area, size 0x24 lma 0x30000910
Loading section reset_driver_api_area, size 0x10 lma 0x30000934
Loading section clock_control_driver_api_area, size 0x1c lma 0x30000944
Loading section otp_driver_api_area, size 0x4 lma 0x30000960
Loading section uart_driver_api_area, size 0x14 lma 0x30000964
Loading section rodata, size 0x4cb4 lma 0x30000978
Loading section datas, size 0x54 lma 0x30005640
Loading section device_states, size 0x2c lma 0x30005694
Loading section k_mutex_area, size 0x14 lma 0x300056c0
Loading section .last_section, size 0x4 lma 0x300056d4
Start address 0x10007d30, load size 76320
Transfer rate: 540 KB/sec, 3816 bytes/write.
Temporary breakpoint 1 at 0x10004ab0: file /Users/seungwon/FALCON/fn-dsa_m55/measurement_mlkem_native/env/mlkem-native-637d076aa113d8faaec2277ed4a46b657acaf35f/test/zephyr/app/shim_nucleo_n657x0_q.c, line 254.
Hardware assisted breakpoint 2 at 0x10007d1c: file /Users/seungwon/FALCON/fn-dsa_m55/measurement_mlkem_native/env/zephyr-4.4.1/arch/arm/core/cortex_m/fault_s.S, line 80.

Temporary breakpoint 1, get_bootargs () at /Users/seungwon/FALCON/fn-dsa_m55/measurement_mlkem_native/env/mlkem-native-637d076aa113d8faaec2277ed4a46b657acaf35f/test/zephyr/app/shim_nucleo_n657x0_q.c:254
254	  return mlk_bootargs_block;
TCM_CONTROL_START=0x99
TCM_MSCR_START=0x1300a
Restoring binary file /var/folders/cl/qszfy4ys3t51fgwf6m125j080000gt/T/tmpmltdk5lp/argv.bin into memory (0x340b0000 to 0x340c0000)
Breakpoint 3 at 0x10004a60: file /Users/seungwon/FALCON/fn-dsa_m55/measurement_mlkem_native/env/mlkem-native-637d076aa113d8faaec2277ed4a46b657acaf35f/test/zephyr/app/shim_nucleo_n657x0_q.c, line 148.
Breakpoint 4 at 0x10007d1c: file /Users/seungwon/FALCON/fn-dsa_m55/measurement_mlkem_native/env/zephyr-4.4.1/arch/arm/core/cortex_m/fault_s.S, line 80.

Breakpoint 3, nucleo_test_breakpoint (rc=rc@entry=0) at /Users/seungwon/FALCON/fn-dsa_m55/measurement_mlkem_native/env/mlkem-native-637d076aa113d8faaec2277ed4a46b657acaf35f/test/zephyr/app/shim_nucleo_n657x0_q.c:148
148	  __asm__ volatile("bkpt 0" ::: "memory");
[[NUCLEO-DONE]]
NUCLEO_EXIT_CODE=0
r0             0x0                 0
r1             0xe0000000          -536870912
r2             0x1000900           16779520
r3             0x984631            9979441
r4             0x0                 0
r5             0x300000d0          805306576
r6             0x30000910          805308688
r7             0x3001c300          805421824
r8             0x300000d0          805306576
r9             0x3002c440          805487680
r10            0x34102040          873472064
r11            0x56021800          1442977792
r12            0xa                 10
sp             0x3002c3f0          0x3002c3f0 <z_main_stack+65456>
lr             0x10004aa7          268454567
pc             0x10004a60          0x10004a60 <nucleo_test_breakpoint>
xpsr           0x1000000           16777216
fpscr          0x60040010          1610874896
msp            0x3001c300          0x3001c300 <z_idle_stacks>
psp            0x3002c3f0          0x3002c3f0 <z_main_stack+65456>
vpr            0x0                 [ P0=0 MASK01=0 MASK23=0 ]
msp_ns         0x241077f0          0x241077f0
psp_ns         0x241077f0          0x241077f0
msp_s          0x3001c300          0x3001c300 <z_idle_stacks>
psp_s          0x3002c3f0          0x3002c3f0 <z_main_stack+65456>
primask        0x0                 0
basepri        0x0                 0
faultmask      0x0                 0
control        0x6                 6
msplim_s       0x3001bb00          0x3001bb00 <z_interrupt_stacks>
psplim_s       0x3001c440          0x3001c440 <z_main_stack>
msplim_ns      0x24106ff0          0x24106ff0
psplim_ns      0x24106ff0          0x24106ff0
primask_s      0x0                 0
basepri_s      0x0                 0
faultmask_s    0x0                 0
control_s      0x6                 6
primask_ns     0x0                 0
basepri_ns     0x0                 0
faultmask_ns   0x0                 0
control_ns     0x4                 4
p0             0x0                 0
0x3002c3f0 <z_main_stack+65456>:	0x00000000	0x10004ac3	0x00000000	0x1000bb77
CFSR=0x0
HFSR=0x0
DFSR=0x0
MMFAR=0x0
BFAR=0xf30379ad
AFSR=0x0
SHCSR=0xf0000
CCR=0x611
MSP=0x3001c300
PSP=0x3002c3f0
LR=0x10004aa7
PC=0x10004a60
STACKED_R0_R1_R2_R3_R12_LR_PC_XPSR:
0x3002c3f0 <z_main_stack+65456>:	0x00000000	0x10004ac3	0x00000000	0x1000bb77
0x3002c400 <z_main_stack+65472>:	0x00000000	0x00000000	0x00000000	0x00000000
0xe000ed28:	0x00000000	0x00000000	0x00000000	0x00000000
0xe000ed38:	0xf30379ad
TCM_CONTROL_END=0x99
TCM_MSCR_END=0x1300a
[Inferior 1 (Remote target) detached]
none separate
Deferring arp_examine of stm32n6x.cpu
Use arp_examine command to examine it manually!
