[exec_wrapper] configuring FLEXMEM...
[exec_wrapper] starting OpenOCD on port 3349...
[exec_wrapper] SWO redirect port 60554
[exec_wrapper] /Users/seungwon/FALCON/fn-dsa_m55/measurement_mlkem_native/env/openocd-4e9b167/bin/openocd -f interface/stlink.cfg -c transport select swd -f target/stm32n6x.cfg -c if {[lsearch -exact [target names] stm32n6x.cpu] >= 0} { stm32n6x.cpu configure -defer-examine } -c adapter speed 8000 -c adapter serial 003C00223335510735383531 -c reset_config srst_only srst_nogate -c gdb_port 3349 -c tcl_port disabled -c telnet_port disabled -c init -c stm32n6x.cpu arp_examine -c stm32n6x.swo configure -protocol uart -traceclk 100000000 -pin-freq 1000000 -output :60554 -formatter 0 -c stm32n6x.swo enable -c stm32n6x.cpu itm port 0 on
============ GDB SCRIPT ============
set pagination off
set confirm off
target remote localhost:3349
load
tbreak *0x10012894
hbreak *0x10015b00
set $early_fault_bp = $bpnum
jump *0x10015b15
if $pc != 0x10012894
echo [[STARTUP-FAULT]]\n
info registers
x/8wx $psp
x/8wx $msp
x/8i *(unsigned int*)($psp+24)
x/6wx 0xE000ED28
x/6wx 0xE001E000
monitor reset_config none
monitor reset run
quit 1
end
delete $early_fault_bp
echo TCM_MSCR_START=
output/x *(unsigned int*)0xE001E000
echo \n
restore /var/folders/cl/qszfy4ys3t51fgwf6m125j080000gt/T/tmpid1sxw1q/argv.bin binary 0x340b0000
set $nucleo_exit_code = -1
break *0x10012844
commands
  set $nucleo_exit_code = $r0
  echo [[NUCLEO-DONE]]\n
end
break *0x10015b00
commands
  echo [[NUCLEO-HARDFAULT]]\n
end
continue
if $nucleo_exit_code != -1
  echo NUCLEO_EXIT_CODE=
  output/d $nucleo_exit_code
  echo \n
end
info registers
x/4wx $sp
echo CFSR=
output/x *(unsigned int *)0xE000ED28
echo \n
echo HFSR=
output/x *(unsigned int *)0xE000ED2C
echo \n
echo DFSR=
output/x *(unsigned int *)0xE000ED30
echo \n
echo MMFAR=
output/x *(unsigned int *)0xE000ED34
echo \n
echo BFAR=
output/x *(unsigned int *)0xE000ED38
echo \n
echo AFSR=
output/x *(unsigned int *)0xE000ED3C
echo \n
echo SHCSR=
output/x *(unsigned int *)0xE000ED24
echo \n
echo CCR=
output/x *(unsigned int *)0xE000ED14
echo \n
echo MSP=
output/x $msp
echo \n
echo PSP=
output/x $psp
echo \n
echo LR=
output/x $lr
echo \n
echo PC=
output/x $pc
echo \n
echo STACKED_R0_R1_R2_R3_R12_LR_PC_XPSR:\n
if ($lr & 4)
  x/8wx $psp
else
  x/8wx $msp
end
x/4wx 0xE000ED28
x/wx 0xE000ED38
echo TCM_MSCR_END=
output/x *(unsigned int*)0xE001E000
echo \n
monitor reset_config none
monitor reset run
====================================
[exec_wrapper] running gdb batch
Open On-Chip Debugger 0.12.0+dev-g4e9b167 (2026-09-09-11:52)
Licensed under GNU GPL v2
For bug reports, read
	http://openocd.org/doc/doxygen/bugs.html
adapter speed: 8000 kHz
srst_only separate srst_nogate srst_open_drain connect_deassert_srst
DEPRECATED! use 'gdb port', not 'gdb_port'
DEPRECATED! use 'tcl port' not 'tcl_port'
DEPRECATED! use 'telnet port', not 'telnet_port'
Info : STLINK V3J15M6 (API v3) VID:PID 0483:3754
Info : Target voltage: 3.274468
Info : clock speed 8000 kHz
Info : SWD DPIDR 0x6ba02477
Info : [stm32n6x.ap0] Examination succeed
Info : [stm32n6x.ap0] gdb port disabled
Info : [stm32n6x.cpu] starting gdb server on 3349
Info : Listening on port 3349 for gdb connections
Info : [stm32n6x.cpu] Cortex-M55 r1p1 processor detected
Info : [stm32n6x.cpu] target has 8 breakpoints, 8 watchpoints
Info : starting trace server for stm32n6x.swo on 60554
Info : Listening on port 60554 for tpiu_swo_trace connections
Info : tcl server disabled
Info : telnet server disabled
Info : accepting 'tpiu_swo_trace' connection on tcp/60554
Info : accepting 'gdb' connection on tcp/3349
stm32n6x.cpu in Secure state
[stm32n6x.cpu] halted due to debug-request, current mode: Thread
xPSR: 0x21000000 pc: 0x18003514 msp: 0x341037a8
Info : New GDB Connection: 1, Target stm32n6x.cpu, state: halted
Warn : Prefer GDB command "target extended-remote :3349" instead of "target remote :3349"
FNDSA_BEGIN mode=full batches=10 warmups=10 iterations=10
BUILD gcc=15.2.1 20251203 asm_m4=1 m55_compat=1 mve_feature=3
CONFIG cycle_hz=800000000 stack=65536 fpu=1 cache_management=0 icache=1 dcache=1
CORE cpuid=411fd221 ccr=00000611 vtor=10000000 cpacr=00500000 primask=0 basepri=0 control=14
TCM itcmcr=00000049 dtcmcr=00000049 mpu=00000005
ADDR code=100106a9 sk=30022860 pk=30022140 sig=30021c40 tmp=30013020 sp=30039ca8
CLOCK SystemCoreClock=800000000 CFGR1=33330000 CFGR2=01100000 HSECFGR=00000840
CLOCK IC1=00020000 IC2=00050000 IC6=20010000 IC11=00020000
CLOCK PLL1_1=20309600 PLL1_2=00000000 PLL1_3=49000005
CLOCK_DECODE cpu=800000000 sysclk=400000000 hclk=200000000 pclk1=200000000 pclk2=200000000 pclk4=200000000 pclk5=200000000
TIMER selfcheck_100ms_zephyr=80000256 dwt=80000662 error=406
STACK start=3002a160 size=65536 watermarked_end=30038d20
NTT_MUL_TABLE kind=barrett3 pairs=2048 mismatches=0 first=0 actual=0 expected=0
NTT_EXACT degree=512 forward_mismatches=0 roundtrip_mismatches=0 oracle_roundtrip_mismatches=0 max_mod_error=0 first_forward=4294967295 actual=0 expected=0 first_roundtrip=4294967295 first_oracle=4294967295
NTT_MUL_TABLE kind=barrett3 pairs=2048 mismatches=0 first=0 actual=0 expected=0
NTT_EXACT degree=1024 forward_mismatches=0 roundtrip_mismatches=0 oracle_roundtrip_mismatches=0 max_mod_error=0 first_forward=4294967295 actual=0 expected=0 first_roundtrip=4294967295 first_oracle=4294967295
PHASE degree=512 batch=0 op=0
BATCH degree=512 batch=0 op=0 total=466290253 per_call=46629025
PHASE degree=512 batch=0 op=1
BATCH degree=512 batch=0 op=1 total=170334607 per_call=17033460
PHASE degree=512 batch=0 op=2
BATCH degree=512 batch=0 op=2 total=3244763 per_call=324476
DIGEST degree=512 batch=0 shake256=9fd7c627fa100863e8f684339f3eb3835fc55a24066f4dd34aea05d555d8eadd
PHASE degree=512 batch=1 op=0
BATCH degree=512 batch=1 op=0 total=669557281 per_call=66955728
PHASE degree=512 batch=1 op=1
BATCH degree=512 batch=1 op=1 total=172099435 per_call=17209943
PHASE degree=512 batch=1 op=2
BATCH degree=512 batch=1 op=2 total=3246703 per_call=324670
DIGEST degree=512 batch=1 shake256=5b69a0ccfcb5334d1714c75887d4e3560e57c5260185b3e4d629c7ed15ef5a59
PHASE degree=512 batch=2 op=0
BATCH degree=512 batch=2 op=0 total=685607117 per_call=68560711
PHASE degree=512 batch=2 op=1
BATCH degree=512 batch=2 op=1 total=171861522 per_call=17186152
PHASE degree=512 batch=2 op=2
BATCH degree=512 batch=2 op=2 total=3245123 per_call=324512
DIGEST degree=512 batch=2 shake256=8e94da3992ad2b0b58b5f1fb24edb669aa510879992028b7e19e54913ca099ff
PHASE degree=512 batch=3 op=0
BATCH degree=512 batch=3 op=0 total=443226599 per_call=44322659
PHASE degree=512 batch=3 op=1
BATCH degree=512 batch=3 op=1 total=172254847 per_call=17225484
PHASE degree=512 batch=3 op=2
BATCH degree=512 batch=3 op=2 total=3099203 per_call=309920
DIGEST degree=512 batch=3 shake256=baed1ee121c159107fcae7fc39cd47321cf3e6e57b0d681dd0dd4bebea74b5af
PHASE degree=512 batch=4 op=0
BATCH degree=512 batch=4 op=0 total=451589306 per_call=45158930
PHASE degree=512 batch=4 op=1
BATCH degree=512 batch=4 op=1 total=172210651 per_call=17221065
PHASE degree=512 batch=4 op=2
BATCH degree=512 batch=4 op=2 total=3099733 per_call=309973
DIGEST degree=512 batch=4 shake256=1e8e5dd8133848e3117aa382c435644d8f91eb53750bb29b5e504a0d86705c6f
PHASE degree=512 batch=5 op=0
BATCH degree=512 batch=5 op=0 total=428305057 per_call=42830505
PHASE degree=512 batch=5 op=1
BATCH degree=512 batch=5 op=1 total=172263732 per_call=17226373
PHASE degree=512 batch=5 op=2
BATCH degree=512 batch=5 op=2 total=3098323 per_call=309832
DIGEST degree=512 batch=5 shake256=55be9bdeef8f2c0045c807dee826814bba467bf96e86e8a952161b909e7dd743
PHASE degree=512 batch=6 op=0
BATCH degree=512 batch=6 op=0 total=682701201 per_call=68270120
PHASE degree=512 batch=6 op=1
BATCH degree=512 batch=6 op=1 total=171369730 per_call=17136973
PHASE degree=512 batch=6 op=2
BATCH degree=512 batch=6 op=2 total=3242443 per_call=324244
DIGEST degree=512 batch=6 shake256=ee778ef0596faa884925468c99e6a3c7c1cb7f84dfd5c314c535a3b05c4b40a1
PHASE degree=512 batch=7 op=0
BATCH degree=512 batch=7 op=0 total=431951374 per_call=43195137
PHASE degree=512 batch=7 op=1
BATCH degree=512 batch=7 op=1 total=172459499 per_call=17245949
PHASE degree=512 batch=7 op=2
BATCH degree=512 batch=7 op=2 total=3100343 per_call=310034
DIGEST degree=512 batch=7 shake256=67faa3bc7b82a21816759c3144b355f9295aa2593ea7a49886815a206c8f73bc
PHASE degree=512 batch=8 op=0
BATCH degree=512 batch=8 op=0 total=485465017 per_call=48546501
PHASE degree=512 batch=8 op=1
BATCH degree=512 batch=8 op=1 total=172145265 per_call=17214526
PHASE degree=512 batch=8 op=2
BATCH degree=512 batch=8 op=2 total=3246403 per_call=324640
DIGEST degree=512 batch=8 shake256=52d3eecae1699a17991cd4b189e813c76dbfa438a5c07b1fe4f057e06a8d6da8
PHASE degree=512 batch=9 op=0
BATCH degree=512 batch=9 op=0 total=453920433 per_call=45392043
PHASE degree=512 batch=9 op=1
BATCH degree=512 batch=9 op=1 total=171831338 per_call=17183133
PHASE degree=512 batch=9 op=2
BATCH degree=512 batch=9 op=2 total=3244163 per_call=324416
DIGEST degree=512 batch=9 shake256=2405bd63d5a48ca7a926a63444d6c6badf4533539151b2778d705ebf28ceac97
AUDIT degree=512 shake256=c455025367f3309f0ecb04b2d8784afe9d1cba965d99ae9246eb0c1528b0419b
SUMMARY degree=512 op=0 upper_median=46629025 p1=42830505 p10=43195137 p20=44322659 p30=45158930 p40=45392043 p50=46629025 p60=48546501 p70=66955728 p80=68270120 p90=68560711 p99=68560711
SUMMARY degree=512 op=1 upper_median=17214526 p1=17033460 p10=17136973 p20=17183133 p30=17186152 p40=17209943 p50=17214526 p60=17221065 p70=17225484 p80=17226373 p90=17245949 p99=17245949
SUMMARY degree=512 op=2 upper_median=324416 p1=309832 p10=309920 p20=309973 p30=310034 p40=324244 p50=324416 p60=324476 p70=324512 p80=324640 p90=324670 p99=324670
PHASE degree=1024 batch=0 op=0
BATCH degree=1024 batch=0 op=0 total=3518687857 per_call=351868785
PHASE degree=1024 batch=0 op=1
BATCH degree=1024 batch=0 op=1 total=370375164 per_call=37037516
PHASE degree=1024 batch=0 op=2
BATCH degree=1024 batch=0 op=2 total=6129773 per_call=612977
DIGEST degree=1024 batch=0 shake256=c543754d19ef263221b2316acac8ad5c34502886750fdd5bfffd4f5487c018bb
PHASE degree=1024 batch=1 op=0
BATCH degree=1024 batch=1 op=0 total=2000277952 per_call=200027795
PHASE degree=1024 batch=1 op=1
BATCH degree=1024 batch=1 op=1 total=369971600 per_call=36997160
PHASE degree=1024 batch=1 op=2
BATCH degree=1024 batch=1 op=2 total=6275803 per_call=627580
DIGEST degree=1024 batch=1 shake256=400064f4596e3d533749bb9b14e07a4c3ee2f51e4c503631743aada416ca154d
PHASE degree=1024 batch=2 op=0
BATCH degree=1024 batch=2 op=0 total=2552715152 per_call=255271515
PHASE degree=1024 batch=2 op=1
BATCH degree=1024 batch=2 op=1 total=371361896 per_call=37136189
PHASE degree=1024 batch=2 op=2
BATCH degree=1024 batch=2 op=2 total=6128093 per_call=612809
DIGEST degree=1024 batch=2 shake256=c8f763cc6ba2ff8c0cea3130dbc5001b7c64353fd5473b15b8ed98a5d294cf42
PHASE degree=1024 batch=3 op=0
BATCH degree=1024 batch=3 op=0 total=1715175152 per_call=171517515
PHASE degree=1024 batch=3 op=1
BATCH degree=1024 batch=3 op=1 total=369240873 per_call=36924087
PHASE degree=1024 batch=3 op=2
BATCH degree=1024 batch=3 op=2 total=6275603 per_call=627560
DIGEST degree=1024 batch=3 shake256=78261ecd967b617c9dec3202e71ae67dd85cff87716a7c25ed3d2870828ccb2c
PHASE degree=1024 batch=4 op=0
BATCH degree=1024 batch=4 op=0 total=1863689131 per_call=186368913
PHASE degree=1024 batch=4 op=1
BATCH degree=1024 batch=4 op=1 total=369446516 per_call=36944651
PHASE degree=1024 batch=4 op=2
BATCH degree=1024 batch=4 op=2 total=6279654 per_call=627965
DIGEST degree=1024 batch=4 shake256=25c07b9897ace42311bcf8dcf9792e827783a5dc503c324873b92f7291d763d5
PHASE degree=1024 batch=5 op=0
BATCH degree=1024 batch=5 op=0 total=4358394896 per_call=435839489
PHASE degree=1024 batch=5 op=1
BATCH degree=1024 batch=5 op=1 total=368479722 per_call=36847972
PHASE degree=1024 batch=5 op=2
BATCH degree=1024 batch=5 op=2 total=6282843 per_call=628284
DIGEST degree=1024 batch=5 shake256=33ec81bdfbb949e6f7d07edb3d471128919d04debf0c4ad66cbb93328125f61a
PHASE degree=1024 batch=6 op=0
BATCH degree=1024 batch=6 op=0 total=4228904834 per_call=422890483
PHASE degree=1024 batch=6 op=1
BATCH degree=1024 batch=6 op=1 total=369349366 per_call=36934936
PHASE degree=1024 batch=6 op=2
BATCH degree=1024 batch=6 op=2 total=6129693 per_call=612969
DIGEST degree=1024 batch=6 shake256=781798734a83f7c0132cf1fd71aeec798c4833cc5135e9cf6c54321e256adb16
PHASE degree=1024 batch=7 op=0
BATCH degree=1024 batch=7 op=0 total=1961201818 per_call=196120181
PHASE degree=1024 batch=7 op=1
BATCH degree=1024 batch=7 op=1 total=368644889 per_call=36864488
PHASE degree=1024 batch=7 op=2
BATCH degree=1024 batch=7 op=2 total=6276303 per_call=627630
DIGEST degree=1024 batch=7 shake256=f53e2a643bf74aebb49ba53617743a599ea993201f4401afc68f3066f2fe3152
PHASE degree=1024 batch=8 op=0
BATCH degree=1024 batch=8 op=0 total=2442228151 per_call=244222815
PHASE degree=1024 batch=8 op=1
BATCH degree=1024 batch=8 op=1 total=370236989 per_call=37023698
PHASE degree=1024 batch=8 op=2
BATCH degree=1024 batch=8 op=2 total=6277243 per_call=627724
DIGEST degree=1024 batch=8 shake256=b1f3c6253c2a4465c931d57ba4be8ee58a6466341b82d24b37d1e489d4f06a26
PHASE degree=1024 batch=9 op=0
BATCH degree=1024 batch=9 op=0 total=1612293815 per_call=161229381
PHASE degree=1024 batch=9 op=1
BATCH degree=1024 batch=9 op=1 total=370196762 per_call=37019676
PHASE degree=1024 batch=9 op=2
BATCH degree=1024 batch=9 op=2 total=6277213 per_call=627721
DIGEST degree=1024 batch=9 shake256=72375b3e18c2473acd5cdb152cc86a758f8dfbe9eb888f344a6e24d5011d0927
AUDIT degree=1024 shake256=72e6bed093cb6e8ea32376824caac24cb4aa210613415aa9e14ccfede589dc67
SUMMARY degree=1024 op=0 upper_median=244222815 p1=161229381 p10=171517515 p20=186368913 p30=196120181 p40=200027795 p50=244222815 p60=255271515 p70=351868785 p80=422890483 p90=435839489 p99=435839489
SUMMARY degree=1024 op=1 upper_median=36997160 p1=36847972 p10=36864488 p20=36924087 p30=36934936 p40=36944651 p50=36997160 p60=37019676 p70=37023698 p80=37037516 p90=37136189 p99=37136189
SUMMARY degree=1024 op=2 upper_median=627630 p1=612809 p10=612969 p20=612977 p30=627560 p40=627580 p50=627630 p60=627721 p70=627724 p80=627965 p90=628284 p99=628284
STACK untouched_prefix=55912 used_upper_bound=9624
FNDSA_DONE correctness=PASS tamper_rejection=PASS
Info : Deferring arp_examine of stm32n6x.cpu
Info : Use arp_examine command to examine it manually!
Info : dropped 'gdb' connection
0x18003514 in ?? ()
Loading section rom_start, size 0x32c lma 0x10000000
Loading section text, size 0x1a8d8 lma 0x10000330
Loading section .ARM.exidx, size 0x8 lma 0x30000000
Loading section initlevel, size 0xc8 lma 0x30000008
Loading section device_area, size 0x268 lma 0x300000d0
Loading section sw_isr_table, size 0x5d8 lma 0x30000338
Loading section gpio_driver_api_area, size 0x24 lma 0x30000910
Loading section reset_driver_api_area, size 0x10 lma 0x30000934
Loading section clock_control_driver_api_area, size 0x1c lma 0x30000944
Loading section otp_driver_api_area, size 0x4 lma 0x30000960
Loading section uart_driver_api_area, size 0x14 lma 0x30000964
Loading section rodata, size 0xe65c lma 0x30000980
Loading section datas, size 0x4c lma 0x3000efe0
Loading section device_states, size 0x2c lma 0x3000f02c
Loading section k_mutex_area, size 0x14 lma 0x3000f058
Loading section .last_section, size 0x4 lma 0x3000f06c
Start address 0x10015b14, load size 171112
Transfer rate: 539 KB/sec, 6844 bytes/write.
Temporary breakpoint 1 at 0x10012894: file /Users/seungwon/FALCON/fn-dsa_m55/measurement_mlkem_native/env/mlkem-native-637d076aa113d8faaec2277ed4a46b657acaf35f/test/zephyr/app/shim_nucleo_n657x0_q.c, line 254.
Hardware assisted breakpoint 2 at 0x10015b00: file /Users/seungwon/FALCON/fn-dsa_m55/measurement_mlkem_native/env/zephyr-4.4.1/arch/arm/core/cortex_m/fault_s.S, line 80.

Temporary breakpoint 1, get_bootargs () at /Users/seungwon/FALCON/fn-dsa_m55/measurement_mlkem_native/env/mlkem-native-637d076aa113d8faaec2277ed4a46b657acaf35f/test/zephyr/app/shim_nucleo_n657x0_q.c:254
254	  return mlk_bootargs_block;
TCM_MSCR_START=0x1300a
Restoring binary file /var/folders/cl/qszfy4ys3t51fgwf6m125j080000gt/T/tmpid1sxw1q/argv.bin into memory (0x340b0000 to 0x340c0000)
Breakpoint 3 at 0x10012844: file /Users/seungwon/FALCON/fn-dsa_m55/measurement_mlkem_native/env/mlkem-native-637d076aa113d8faaec2277ed4a46b657acaf35f/test/zephyr/app/shim_nucleo_n657x0_q.c, line 148.
Breakpoint 4 at 0x10015b00: file /Users/seungwon/FALCON/fn-dsa_m55/measurement_mlkem_native/env/zephyr-4.4.1/arch/arm/core/cortex_m/fault_s.S, line 80.

Breakpoint 3, nucleo_test_breakpoint (rc=rc@entry=0) at /Users/seungwon/FALCON/fn-dsa_m55/measurement_mlkem_native/env/mlkem-native-637d076aa113d8faaec2277ed4a46b657acaf35f/test/zephyr/app/shim_nucleo_n657x0_q.c:148
148	  __asm__ volatile("bkpt 0" ::: "memory");
[[NUCLEO-DONE]]
NUCLEO_EXIT_CODE=0
r0             0x0                 0
r1             0xe0000000          -536870912
r2             0x1000900           16779520
r3             0x985e4b            9985611
r4             0x0                 0
r5             0x300000d0          805306576
r6             0x30000910          805308688
r7             0x3002a020          805478432
r8             0x300000d0          805306576
r9             0x3003a160          805544288
r10            0x34102040          873472064
r11            0x56021800          1442977792
r12            0xa                 10
sp             0x3003a110          0x3003a110 <z_main_stack+65456>
lr             0x1001288b          268511371
pc             0x10012844          0x10012844 <nucleo_test_breakpoint>
xpsr           0x9060000           151388160
fpscr          0x40000             262144
msp            0x3002a020          0x3002a020 <z_idle_stacks>
psp            0x3003a110          0x3003a110 <z_main_stack+65456>
vpr            0xcfc0              [ P0=53184 MASK01=0 MASK23=0 ]
msp_ns         0x241077f0          0x241077f0
psp_ns         0x241077f0          0x241077f0
msp_s          0x3002a020          0x3002a020 <z_idle_stacks>
psp_s          0x3003a110          0x3003a110 <z_main_stack+65456>
primask        0x0                 0
basepri        0x0                 0
faultmask      0x0                 0
control        0x6                 6
msplim_s       0x30029820          0x30029820 <z_interrupt_stacks>
psplim_s       0x3002a160          0x3002a160 <z_main_stack>
msplim_ns      0x24106ff0          0x24106ff0
psplim_ns      0x24106ff0          0x24106ff0
primask_s      0x0                 0
basepri_s      0x0                 0
faultmask_s    0x0                 0
control_s      0x6                 6
primask_ns     0x0                 0
basepri_ns     0x0                 0
faultmask_ns   0x0                 0
control_ns     0x4                 4
p0             0xcfc0              -12352
0x3003a110 <z_main_stack+65456>:	0x00000000	0x100128a7	0x00000000	0x100194cb
CFSR=0x0
HFSR=0x0
DFSR=0x0
MMFAR=0x0
BFAR=0xf30379ad
AFSR=0x0
SHCSR=0xf0000
CCR=0x611
MSP=0x3002a020
PSP=0x3003a110
LR=0x1001288b
PC=0x10012844
STACKED_R0_R1_R2_R3_R12_LR_PC_XPSR:
0x3002a020 <z_idle_stacks>:	0x00000000	0x00000000	0x00000000	0x00000000
0x3002a030 <z_idle_stacks+16>:	0x00000000	0x00000000	0x00000000	0x00000000
0xe000ed28:	0x00000000	0x00000000	0x00000000	0x00000000
0xe000ed38:	0xf30379ad
TCM_MSCR_END=0x1300a
[Inferior 1 (Remote target) detached]
none separate
Deferring arp_examine of stm32n6x.cpu
Use arp_examine command to examine it manually!
