-- Found Python3: /Users/seungwon/FALCON/fn-dsa_m55/measurement_mlkem_native/env/build-venv/bin/python3.12 (found version "3.12.14") found components: Interpreter
Loading Zephyr default modules (Zephyr base).
-- Application: /Users/seungwon/FALCON/fn-dsa_m55/function_compare/sign_fft_fourway
-- CMake version: 3.31.6
-- Found Python3: /Users/seungwon/FALCON/fn-dsa_m55/measurement_mlkem_native/env/build-venv/bin/python3.12 (found suitable version "3.12.14", minimum required is "3.12") found components: Interpreter
-- Cache files will be written to: /Users/seungwon/FALCON/fn-dsa_m55/measurement_mlkem_native/env/zephyr-4.4.1/.cache
-- Zephyr version: 4.4.1 (/Users/seungwon/FALCON/fn-dsa_m55/measurement_mlkem_native/env/zephyr-4.4.1)
-- Board: nucleo_n657x0_q, qualifiers: stm32n657xx
-- Found toolchain: gnuarmemb (/Users/seungwon/FALCON/fn-dsa_m55/measurement_mlkem_native/env/arm-gnu-toolchain-15.2.rel1-darwin-arm64-arm-none-eabi)
-- Could NOT find Dtc (missing: DTC) (Required is at least version "1.4.6")
Hint: The project() command has not yet been called.  It sets up system-specific search paths.
-- Found BOARD.dts: /Users/seungwon/FALCON/fn-dsa_m55/measurement_mlkem_native/env/zephyr-4.4.1/boards/st/nucleo_n657x0_q/nucleo_n657x0_q.dts
-- Found devicetree overlay: /Users/seungwon/FALCON/fn-dsa_m55/measurement_mlkem_native/env/mlkem-native-637d076aa113d8faaec2277ed4a46b657acaf35f/test/zephyr/app/nucleo_n657x0_q.overlay
-- Generated zephyr.dts: /Users/seungwon/FALCON/fn-dsa_m55/function_compare/sign_fft_fourway/build/fft_only_sigkat/zephyr/zephyr.dts
-- Generated pickled edt: /Users/seungwon/FALCON/fn-dsa_m55/function_compare/sign_fft_fourway/build/fft_only_sigkat/zephyr/edt.pickle
-- Generated devicetree_generated.h: /Users/seungwon/FALCON/fn-dsa_m55/function_compare/sign_fft_fourway/build/fft_only_sigkat/zephyr/include/generated/zephyr/devicetree_generated.h
Parsing /Users/seungwon/FALCON/fn-dsa_m55/measurement_mlkem_native/env/zephyr-4.4.1/Kconfig
Loaded configuration '/Users/seungwon/FALCON/fn-dsa_m55/function_compare/sign_fft_fourway/build/fft_only_sigkat/zephyr/.config'
No change to configuration in '/Users/seungwon/FALCON/fn-dsa_m55/function_compare/sign_fft_fourway/build/fft_only_sigkat/zephyr/.config'
No change to Kconfig header in '/Users/seungwon/FALCON/fn-dsa_m55/function_compare/sign_fft_fourway/build/fft_only_sigkat/zephyr/include/generated/zephyr/autoconf.h'
-- Found GnuLd: /Users/seungwon/FALCON/fn-dsa_m55/measurement_mlkem_native/env/arm-gnu-toolchain-15.2.rel1-darwin-arm64-arm-none-eabi/arm-none-eabi/bin/ld.bfd (found version "2.45.1")
-- The C compiler identification is GNU 15.2.1
-- The CXX compiler identification is GNU 15.2.1
-- The ASM compiler identification is GNU
-- Found assembler: /Users/seungwon/FALCON/fn-dsa_m55/measurement_mlkem_native/env/arm-gnu-toolchain-15.2.rel1-darwin-arm64-arm-none-eabi/bin/arm-none-eabi-gcc
CMake Warning at /Users/seungwon/FALCON/fn-dsa_m55/measurement_mlkem_native/env/zephyr-4.4.1/CMakeLists.txt:688 (message):
  
  ZEPHYR_BASE=/Users/seungwon/FALCON/fn-dsa_m55/measurement_mlkem_native/env/zephyr-4.4.1
  doesn't appear to be a git repository, please specify
  '-DBUILD_VERSION=<version>'


CMake Warning at /Users/seungwon/FALCON/fn-dsa_m55/measurement_mlkem_native/env/zephyr-4.4.1/soc/st/stm32/stm32n6x/CMakeLists.txt:31 (message):
  

        Signing Image tool (STM32_SigningTool_CLI) is not available.
        Signed image will not be generated.
        You won't be able to run application on the board.
        Refer to board documentation for more information.
      


-- Found gen_kobject_list: /Users/seungwon/FALCON/fn-dsa_m55/measurement_mlkem_native/env/zephyr-4.4.1/scripts/build/gen_kobject_list.py
CMake Warning at /Users/seungwon/FALCON/fn-dsa_m55/measurement_mlkem_native/env/zephyr-4.4.1/CMakeLists.txt:1081 (message):
  No SOURCES given to Zephyr library: drivers__console

  Excluding target from build.


-- Configuring done (5.8s)
-- Generating done (0.3s)
-- Build files have been written to: /Users/seungwon/FALCON/fn-dsa_m55/function_compare/sign_fft_fourway/build/fft_only_sigkat
[1/171] Generating misc/generated/syscalls.json, misc/generated/struct_tags.json
[2/37] Building C object CMakeFiles/app.dir/variants/fft_only/sysrng.c.obj
In file included from /Users/seungwon/FALCON/fn-dsa_m55/function_compare/sign_fft_fourway/variants/fft_only/inner.h:6,
                 from /Users/seungwon/FALCON/fn-dsa_m55/function_compare/sign_fft_fourway/variants/fft_only/sysrng.c:5:
/Users/seungwon/FALCON/fn-dsa_m55/function_compare/sign_fft_fourway/variants/fft_only/fndsa.h:201:1: warning: 'fndsa_hashed_vrfykey_from_signkey' defined but not used [-Wunused-function]
  201 | fndsa_hashed_vrfykey_from_signkey(const void *sign_key, size_t sign_key_len)
      | ^~~~~~~~~~~~~~~~~~~~~~~~~~~~~~~~~
[3/37] Building C object CMakeFiles/app.dir/variants/fft_only/sha3.c.obj
In file included from /Users/seungwon/FALCON/fn-dsa_m55/function_compare/sign_fft_fourway/variants/fft_only/inner.h:6,
                 from /Users/seungwon/FALCON/fn-dsa_m55/function_compare/sign_fft_fourway/variants/fft_only/sha3.c:5:
/Users/seungwon/FALCON/fn-dsa_m55/function_compare/sign_fft_fourway/variants/fft_only/fndsa.h:201:1: warning: 'fndsa_hashed_vrfykey_from_signkey' defined but not used [-Wunused-function]
  201 | fndsa_hashed_vrfykey_from_signkey(const void *sign_key, size_t sign_key_len)
      | ^~~~~~~~~~~~~~~~~~~~~~~~~~~~~~~~~
[4/37] Building C object CMakeFiles/app.dir/variants/fft_only/codec.c.obj
In file included from /Users/seungwon/FALCON/fn-dsa_m55/function_compare/sign_fft_fourway/variants/fft_only/inner.h:6,
                 from /Users/seungwon/FALCON/fn-dsa_m55/function_compare/sign_fft_fourway/variants/fft_only/codec.c:5:
/Users/seungwon/FALCON/fn-dsa_m55/function_compare/sign_fft_fourway/variants/fft_only/fndsa.h:201:1: warning: 'fndsa_hashed_vrfykey_from_signkey' defined but not used [-Wunused-function]
  201 | fndsa_hashed_vrfykey_from_signkey(const void *sign_key, size_t sign_key_len)
      | ^~~~~~~~~~~~~~~~~~~~~~~~~~~~~~~~~
[5/37] Building C object CMakeFiles/app.dir/variants/fft_only/util.c.obj
In file included from /Users/seungwon/FALCON/fn-dsa_m55/function_compare/sign_fft_fourway/variants/fft_only/inner.h:6,
                 from /Users/seungwon/FALCON/fn-dsa_m55/function_compare/sign_fft_fourway/variants/fft_only/util.c:5:
/Users/seungwon/FALCON/fn-dsa_m55/function_compare/sign_fft_fourway/variants/fft_only/fndsa.h:201:1: warning: 'fndsa_hashed_vrfykey_from_signkey' defined but not used [-Wunused-function]
  201 | fndsa_hashed_vrfykey_from_signkey(const void *sign_key, size_t sign_key_len)
      | ^~~~~~~~~~~~~~~~~~~~~~~~~~~~~~~~~
[6/37] Building C object CMakeFiles/app.dir/variants/fft_only/mq.c.obj
In file included from /Users/seungwon/FALCON/fn-dsa_m55/function_compare/sign_fft_fourway/variants/fft_only/inner.h:6,
                 from /Users/seungwon/FALCON/fn-dsa_m55/function_compare/sign_fft_fourway/variants/fft_only/mq.c:5:
/Users/seungwon/FALCON/fn-dsa_m55/function_compare/sign_fft_fourway/variants/fft_only/fndsa.h:201:1: warning: 'fndsa_hashed_vrfykey_from_signkey' defined but not used [-Wunused-function]
  201 | fndsa_hashed_vrfykey_from_signkey(const void *sign_key, size_t sign_key_len)
      | ^~~~~~~~~~~~~~~~~~~~~~~~~~~~~~~~~
[7/37] Building C object CMakeFiles/app.dir/variants/fft_only/kgen_gauss.c.obj
In file included from /Users/seungwon/FALCON/fn-dsa_m55/function_compare/sign_fft_fourway/variants/fft_only/inner.h:6,
                 from /Users/seungwon/FALCON/fn-dsa_m55/function_compare/sign_fft_fourway/variants/fft_only/kgen_inner.h:10,
                 from /Users/seungwon/FALCON/fn-dsa_m55/function_compare/sign_fft_fourway/variants/fft_only/kgen_gauss.c:5:
/Users/seungwon/FALCON/fn-dsa_m55/function_compare/sign_fft_fourway/variants/fft_only/fndsa.h:201:1: warning: 'fndsa_hashed_vrfykey_from_signkey' defined but not used [-Wunused-function]
  201 | fndsa_hashed_vrfykey_from_signkey(const void *sign_key, size_t sign_key_len)
      | ^~~~~~~~~~~~~~~~~~~~~~~~~~~~~~~~~
[8/37] Building C object CMakeFiles/app.dir/variants/fft_only/kgen.c.obj
In file included from /Users/seungwon/FALCON/fn-dsa_m55/function_compare/sign_fft_fourway/variants/fft_only/inner.h:6,
                 from /Users/seungwon/FALCON/fn-dsa_m55/function_compare/sign_fft_fourway/variants/fft_only/kgen_inner.h:10,
                 from /Users/seungwon/FALCON/fn-dsa_m55/function_compare/sign_fft_fourway/variants/fft_only/kgen.c:5:
/Users/seungwon/FALCON/fn-dsa_m55/function_compare/sign_fft_fourway/variants/fft_only/fndsa.h:201:1: warning: 'fndsa_hashed_vrfykey_from_signkey' defined but not used [-Wunused-function]
  201 | fndsa_hashed_vrfykey_from_signkey(const void *sign_key, size_t sign_key_len)
      | ^~~~~~~~~~~~~~~~~~~~~~~~~~~~~~~~~
[9/37] Building C object CMakeFiles/app.dir/variants/fft_only/kgen_fxp.c.obj
In file included from /Users/seungwon/FALCON/fn-dsa_m55/function_compare/sign_fft_fourway/variants/fft_only/inner.h:6,
                 from /Users/seungwon/FALCON/fn-dsa_m55/function_compare/sign_fft_fourway/variants/fft_only/kgen_inner.h:10,
                 from /Users/seungwon/FALCON/fn-dsa_m55/function_compare/sign_fft_fourway/variants/fft_only/kgen_fxp.c:5:
/Users/seungwon/FALCON/fn-dsa_m55/function_compare/sign_fft_fourway/variants/fft_only/fndsa.h:201:1: warning: 'fndsa_hashed_vrfykey_from_signkey' defined but not used [-Wunused-function]
  201 | fndsa_hashed_vrfykey_from_signkey(const void *sign_key, size_t sign_key_len)
      | ^~~~~~~~~~~~~~~~~~~~~~~~~~~~~~~~~
[10/37] Building C object CMakeFiles/app.dir/variants/fft_only/kgen_mp31.c.obj
In file included from /Users/seungwon/FALCON/fn-dsa_m55/function_compare/sign_fft_fourway/variants/fft_only/inner.h:6,
                 from /Users/seungwon/FALCON/fn-dsa_m55/function_compare/sign_fft_fourway/variants/fft_only/kgen_inner.h:10,
                 from /Users/seungwon/FALCON/fn-dsa_m55/function_compare/sign_fft_fourway/variants/fft_only/kgen_mp31.c:5:
/Users/seungwon/FALCON/fn-dsa_m55/function_compare/sign_fft_fourway/variants/fft_only/fndsa.h:201:1: warning: 'fndsa_hashed_vrfykey_from_signkey' defined but not used [-Wunused-function]
  201 | fndsa_hashed_vrfykey_from_signkey(const void *sign_key, size_t sign_key_len)
      | ^~~~~~~~~~~~~~~~~~~~~~~~~~~~~~~~~
[11/37] Building C object CMakeFiles/app.dir/variants/fft_only/kgen_zint31.c.obj
In file included from /Users/seungwon/FALCON/fn-dsa_m55/function_compare/sign_fft_fourway/variants/fft_only/inner.h:6,
                 from /Users/seungwon/FALCON/fn-dsa_m55/function_compare/sign_fft_fourway/variants/fft_only/kgen_inner.h:10,
                 from /Users/seungwon/FALCON/fn-dsa_m55/function_compare/sign_fft_fourway/variants/fft_only/kgen_zint31.c:5:
/Users/seungwon/FALCON/fn-dsa_m55/function_compare/sign_fft_fourway/variants/fft_only/fndsa.h:201:1: warning: 'fndsa_hashed_vrfykey_from_signkey' defined but not used [-Wunused-function]
  201 | fndsa_hashed_vrfykey_from_signkey(const void *sign_key, size_t sign_key_len)
      | ^~~~~~~~~~~~~~~~~~~~~~~~~~~~~~~~~
[12/37] Building C object CMakeFiles/app.dir/variants/fft_only/sign.c.obj
[13/37] Building C object CMakeFiles/app.dir/variants/fft_only/kgen_ntru.c.obj
In file included from /Users/seungwon/FALCON/fn-dsa_m55/function_compare/sign_fft_fourway/variants/fft_only/inner.h:6,
                 from /Users/seungwon/FALCON/fn-dsa_m55/function_compare/sign_fft_fourway/variants/fft_only/kgen_inner.h:10,
                 from /Users/seungwon/FALCON/fn-dsa_m55/function_compare/sign_fft_fourway/variants/fft_only/kgen_ntru.c:5:
/Users/seungwon/FALCON/fn-dsa_m55/function_compare/sign_fft_fourway/variants/fft_only/fndsa.h:201:1: warning: 'fndsa_hashed_vrfykey_from_signkey' defined but not used [-Wunused-function]
  201 | fndsa_hashed_vrfykey_from_signkey(const void *sign_key, size_t sign_key_len)
      | ^~~~~~~~~~~~~~~~~~~~~~~~~~~~~~~~~
[14/37] Building C object CMakeFiles/app.dir/variants/fft_only/sign_fpr.c.obj
In file included from /Users/seungwon/FALCON/fn-dsa_m55/function_compare/sign_fft_fourway/variants/fft_only/inner.h:6,
                 from /Users/seungwon/FALCON/fn-dsa_m55/function_compare/sign_fft_fourway/variants/fft_only/sign_inner.h:10,
                 from /Users/seungwon/FALCON/fn-dsa_m55/function_compare/sign_fft_fourway/variants/fft_only/sign_fpr.c:5:
/Users/seungwon/FALCON/fn-dsa_m55/function_compare/sign_fft_fourway/variants/fft_only/fndsa.h:201:1: warning: 'fndsa_hashed_vrfykey_from_signkey' defined but not used [-Wunused-function]
  201 | fndsa_hashed_vrfykey_from_signkey(const void *sign_key, size_t sign_key_len)
      | ^~~~~~~~~~~~~~~~~~~~~~~~~~~~~~~~~
[15/37] Building C object CMakeFiles/app.dir/variants/fft_only/sign_core.c.obj
In file included from /Users/seungwon/FALCON/fn-dsa_m55/function_compare/sign_fft_fourway/variants/fft_only/inner.h:6,
                 from /Users/seungwon/FALCON/fn-dsa_m55/function_compare/sign_fft_fourway/variants/fft_only/sign_inner.h:10,
                 from /Users/seungwon/FALCON/fn-dsa_m55/function_compare/sign_fft_fourway/variants/fft_only/sign_core.c:5:
/Users/seungwon/FALCON/fn-dsa_m55/function_compare/sign_fft_fourway/variants/fft_only/fndsa.h:201:1: warning: 'fndsa_hashed_vrfykey_from_signkey' defined but not used [-Wunused-function]
  201 | fndsa_hashed_vrfykey_from_signkey(const void *sign_key, size_t sign_key_len)
      | ^~~~~~~~~~~~~~~~~~~~~~~~~~~~~~~~~
[16/37] Building C object CMakeFiles/app.dir/variants/fft_only/kgen_poly.c.obj
In file included from /Users/seungwon/FALCON/fn-dsa_m55/function_compare/sign_fft_fourway/variants/fft_only/inner.h:6,
                 from /Users/seungwon/FALCON/fn-dsa_m55/function_compare/sign_fft_fourway/variants/fft_only/kgen_inner.h:10,
                 from /Users/seungwon/FALCON/fn-dsa_m55/function_compare/sign_fft_fourway/variants/fft_only/kgen_poly.c:5:
/Users/seungwon/FALCON/fn-dsa_m55/function_compare/sign_fft_fourway/variants/fft_only/fndsa.h:201:1: warning: 'fndsa_hashed_vrfykey_from_signkey' defined but not used [-Wunused-function]
  201 | fndsa_hashed_vrfykey_from_signkey(const void *sign_key, size_t sign_key_len)
      | ^~~~~~~~~~~~~~~~~~~~~~~~~~~~~~~~~
[17/37] Building C object CMakeFiles/app.dir/variants/fft_only/sign_fpoly.c.obj
In file included from /Users/seungwon/FALCON/fn-dsa_m55/function_compare/sign_fft_fourway/variants/fft_only/inner.h:6,
                 from /Users/seungwon/FALCON/fn-dsa_m55/function_compare/sign_fft_fourway/variants/fft_only/sign_inner.h:10,
                 from /Users/seungwon/FALCON/fn-dsa_m55/function_compare/sign_fft_fourway/variants/fft_only/sign_fpoly.c:5:
/Users/seungwon/FALCON/fn-dsa_m55/function_compare/sign_fft_fourway/variants/fft_only/fndsa.h:201:1: warning: 'fndsa_hashed_vrfykey_from_signkey' defined but not used [-Wunused-function]
  201 | fndsa_hashed_vrfykey_from_signkey(const void *sign_key, size_t sign_key_len)
      | ^~~~~~~~~~~~~~~~~~~~~~~~~~~~~~~~~
[18/37] Building C object CMakeFiles/app.dir/variants/fft_only/sign_sampler.c.obj
In file included from /Users/seungwon/FALCON/fn-dsa_m55/function_compare/sign_fft_fourway/variants/fft_only/inner.h:6,
                 from /Users/seungwon/FALCON/fn-dsa_m55/function_compare/sign_fft_fourway/variants/fft_only/sign_inner.h:10,
                 from /Users/seungwon/FALCON/fn-dsa_m55/function_compare/sign_fft_fourway/variants/fft_only/sign_sampler.c:5:
/Users/seungwon/FALCON/fn-dsa_m55/function_compare/sign_fft_fourway/variants/fft_only/fndsa.h:201:1: warning: 'fndsa_hashed_vrfykey_from_signkey' defined but not used [-Wunused-function]
  201 | fndsa_hashed_vrfykey_from_signkey(const void *sign_key, size_t sign_key_len)
      | ^~~~~~~~~~~~~~~~~~~~~~~~~~~~~~~~~
[19/37] Building ASM object CMakeFiles/app.dir/variants/fft_only/codec_cm4.s.obj
[20/37] Building ASM object CMakeFiles/app.dir/variants/fft_only/mq_cm4.s.obj
[21/37] Building C object CMakeFiles/app.dir/variants/fft_only/vrfy.c.obj
In file included from /Users/seungwon/FALCON/fn-dsa_m55/function_compare/sign_fft_fourway/variants/fft_only/inner.h:6,
                 from /Users/seungwon/FALCON/fn-dsa_m55/function_compare/sign_fft_fourway/variants/fft_only/vrfy.c:5:
/Users/seungwon/FALCON/fn-dsa_m55/function_compare/sign_fft_fourway/variants/fft_only/fndsa.h:201:1: warning: 'fndsa_hashed_vrfykey_from_signkey' defined but not used [-Wunused-function]
  201 | fndsa_hashed_vrfykey_from_signkey(const void *sign_key, size_t sign_key_len)
      | ^~~~~~~~~~~~~~~~~~~~~~~~~~~~~~~~~
[22/37] Building ASM object CMakeFiles/app.dir/variants/fft_only/sha3_cm4.s.obj
[23/37] Building ASM object CMakeFiles/app.dir/variants/fft_only/sign_fft_cm55.s.obj
[24/37] Building ASM object CMakeFiles/app.dir/variants/fft_only/sign_fpr_cm4.s.obj
[25/37] Building ASM object CMakeFiles/app.dir/variants/fft_only/sign_ldl_cm55.s.obj
[26/37] Building ASM object CMakeFiles/app.dir/variants/fft_only/sign_sampler_cm4.s.obj
[27/37] Building ASM object CMakeFiles/app.dir/variants/fft_only/sign_split_merge_cm55.s.obj
[28/37] Building ASM object CMakeFiles/app.dir/Users/seungwon/FALCON/fn-dsa_m55/measurement_mlkem_native/app/dtcm_startup.s.obj
[29/37] Generating linker_zephyr_pre0.cmd
[30/37] Building C object CMakeFiles/app.dir/Users/seungwon/FALCON/fn-dsa_m55/sep_27_ntrusolve_fft/validation/board_signkat.c.obj
In file included from /Users/seungwon/FALCON/fn-dsa_m55/measurement_mlkem_native/env/zephyr-4.4.1/include/zephyr/irq_multilevel.h:15,
                 from /Users/seungwon/FALCON/fn-dsa_m55/measurement_mlkem_native/env/zephyr-4.4.1/include/zephyr/devicetree.h:21,
                 from /Users/seungwon/FALCON/fn-dsa_m55/measurement_mlkem_native/env/zephyr-4.4.1/include/zephyr/arch/arm/cortex_m/nvic.h:10,
                 from /Users/seungwon/FALCON/fn-dsa_m55/measurement_mlkem_native/env/zephyr-4.4.1/modules/cmsis_6/./cmsis_core_m.h:22,
                 from /Users/seungwon/FALCON/fn-dsa_m55/measurement_mlkem_native/env/zephyr-4.4.1/modules/cmsis_6/./cmsis_core.h:10,
                 from /Users/seungwon/FALCON/fn-dsa_m55/sep_27_ntrusolve_fft/validation/board_signkat.c:7:
/Users/seungwon/FALCON/fn-dsa_m55/measurement_mlkem_native/env/zephyr-4.4.1/include/zephyr/sys/__assert.h:35:1: warning: '__wrap_printf' is an unrecognized format function type [-Wformat=]
   35 | void __printf_like(1, 2) assert_print(const char *fmt, ...);
      | ^~~~
In file included from /Users/seungwon/FALCON/fn-dsa_m55/function_compare/sign_fft_fourway/variants/fft_only/inner.h:6,
                 from /Users/seungwon/FALCON/fn-dsa_m55/sep_27_ntrusolve_fft/validation/board_signkat.c:4:
/Users/seungwon/FALCON/fn-dsa_m55/function_compare/sign_fft_fourway/variants/fft_only/fndsa.h:201:1: warning: 'fndsa_hashed_vrfykey_from_signkey' defined but not used [-Wunused-function]
  201 | fndsa_hashed_vrfykey_from_signkey(const void *sign_key, size_t sign_key_len)
      | ^~~~~~~~~~~~~~~~~~~~~~~~~~~~~~~~~
[31/37] Building C object CMakeFiles/app.dir/Users/seungwon/FALCON/fn-dsa_m55/measurement_mlkem_native/env/mlkem-native-637d076aa113d8faaec2277ed4a46b657acaf35f/test/zephyr/app/shim_nucleo_n657x0_q.c.obj
In file included from /Users/seungwon/FALCON/fn-dsa_m55/measurement_mlkem_native/env/zephyr-4.4.1/include/zephyr/irq_multilevel.h:15,
                 from /Users/seungwon/FALCON/fn-dsa_m55/measurement_mlkem_native/env/zephyr-4.4.1/include/zephyr/devicetree.h:21,
                 from /Users/seungwon/FALCON/fn-dsa_m55/measurement_mlkem_native/env/zephyr-4.4.1/include/zephyr/arch/arm/cortex_m/nvic.h:10,
                 from /Users/seungwon/FALCON/fn-dsa_m55/measurement_mlkem_native/env/zephyr-4.4.1/modules/cmsis_6/./cmsis_core_m.h:22,
                 from /Users/seungwon/FALCON/fn-dsa_m55/measurement_mlkem_native/env/zephyr-4.4.1/modules/cmsis_6/./cmsis_core.h:10,
                 from /Users/seungwon/FALCON/fn-dsa_m55/measurement_mlkem_native/env/mlkem-native-637d076aa113d8faaec2277ed4a46b657acaf35f/test/zephyr/app/shim_nucleo_n657x0_q.c:17:
/Users/seungwon/FALCON/fn-dsa_m55/measurement_mlkem_native/env/zephyr-4.4.1/include/zephyr/sys/__assert.h:35:1: warning: '__wrap_printf' is an unrecognized format function type [-Wformat=]
   35 | void __printf_like(1, 2) assert_print(const char *fmt, ...);
      | ^~~~
[32/37] Linking C static library app/libapp.a
[33/37] Linking C executable zephyr/zephyr_pre0.elf
[34/37] Generating linker.cmd
[35/37] Generating isr_tables.c, isr_tables_vt.ld, isr_tables_swi.ld
[36/37] Building C object zephyr/CMakeFiles/zephyr_final.dir/isr_tables.c.obj
[37/37] Linking C executable zephyr/zephyr.elf
Memory region         Used Size  Region Size  %age Used
           FLASH:      112212 B       256 KB     42.81%
             RAM:      229160 B       256 KB     87.42%
        AXISRAM1:           0 B         2 MB      0.00%
        AXISRAM2:           0 B       511 KB      0.00%
            ITCM:           0 B       256 KB      0.00%
            DTCM:           0 B       256 KB      0.00%
  NUCLEO_AXISRAM:           0 B       192 KB      0.00%
        IDT_LIST:           0 B        32 KB      0.00%
Generating files from /Users/seungwon/FALCON/fn-dsa_m55/function_compare/sign_fft_fourway/build/fft_only_sigkat/zephyr/zephyr.elf for board: nucleo_n657x0_q/stm32n657xx
