[exec_wrapper] configuring FLEXMEM...
[exec_wrapper] starting OpenOCD on port 3349...
[exec_wrapper] SWO redirect port 62606
[exec_wrapper] /Users/seungwon/FALCON/fn-dsa_m55/measurement_mlkem_native/env/openocd-4e9b167/bin/openocd -f interface/stlink.cfg -c transport select swd -f target/stm32n6x.cfg -c if {[lsearch -exact [target names] stm32n6x.cpu] >= 0} { stm32n6x.cpu configure -defer-examine } -c adapter speed 8000 -c adapter serial 003C00223335510735383531 -c reset_config srst_only srst_nogate -c gdb_port 3349 -c tcl_port disabled -c telnet_port disabled -c init -c stm32n6x.cpu arp_examine -c stm32n6x.swo configure -protocol uart -traceclk 100000000 -pin-freq 1000000 -output :62606 -formatter 0 -c stm32n6x.swo enable -c stm32n6x.cpu itm port 0 on
============ GDB SCRIPT ============
set pagination off
set confirm off
target remote localhost:3349
load
hbreak *0x10008878
thbreak *0x1000560c
jump *0x1000888d
if $pc == 0x1000560c
echo [[STARTUP-PASS]]\n
else
echo [[STARTUP-FAULT]]\n
end
info registers
x/8wx $psp
x/8wx $msp
x/6wx 0xE000ED28
x/6wx 0xE001E000
monitor reset_config none
monitor reset run
quit 0
====================================
[exec_wrapper] running gdb batch
Open On-Chip Debugger 0.12.0+dev-g4e9b167 (2026-09-09-11:52)
Licensed under GNU GPL v2
For bug reports, read
	http://openocd.org/doc/doxygen/bugs.html
adapter speed: 8000 kHz
srst_only separate srst_nogate srst_open_drain connect_deassert_srst
DEPRECATED! use 'gdb port', not 'gdb_port'
DEPRECATED! use 'tcl port' not 'tcl_port'
DEPRECATED! use 'telnet port', not 'telnet_port'
Info : STLINK V3J15M6 (API v3) VID:PID 0483:3754
Info : Target voltage: 3.276064
Info : clock speed 8000 kHz
Info : SWD DPIDR 0x6ba02477
Info : [stm32n6x.ap0] Examination succeed
Info : [stm32n6x.ap0] gdb port disabled
Info : [stm32n6x.cpu] starting gdb server on 3349
Info : Listening on port 3349 for gdb connections
Info : [stm32n6x.cpu] Cortex-M55 r1p1 processor detected
Info : [stm32n6x.cpu] target has 8 breakpoints, 8 watchpoints
Info : starting trace server for stm32n6x.swo on 62606
Info : Listening on port 62606 for tpiu_swo_trace connections
Info : tcl server disabled
Info : telnet server disabled
Info : accepting 'tpiu_swo_trace' connection on tcp/62606
Info : accepting 'gdb' connection on tcp/3349
stm32n6x.cpu in Secure state
[stm32n6x.cpu] halted due to debug-request, current mode: Thread
xPSR: 0x21000000 pc: 0x18003514 msp: 0x341037a8
Info : New GDB Connection: 1, Target stm32n6x.cpu, state: halted
Warn : Prefer GDB command "target extended-remote :3349" instead of "target remote :3349"
Info : Deferring arp_examine of stm32n6x.cpu
Info : Use arp_examine command to examine it manually!
Info : dropped 'gdb' connection
0x18003514 in ?? ()
Loading section rom_start, size 0x32c lma 0x10000000
Loading section text, size 0xd7b4 lma 0x1000032c
Loading section .ARM.exidx, size 0x8 lma 0x1000dae0
Loading section initlevel, size 0xc8 lma 0x1000dae8
Loading section device_area, size 0x268 lma 0x1000dbb0
Loading section sw_isr_table, size 0x5d8 lma 0x1000de18
Loading section gpio_driver_api_area, size 0x24 lma 0x1000e3f0
Loading section reset_driver_api_area, size 0x10 lma 0x1000e414
Loading section clock_control_driver_api_area, size 0x1c lma 0x1000e424
Loading section otp_driver_api_area, size 0x4 lma 0x1000e440
Loading section uart_driver_api_area, size 0x14 lma 0x1000e444
Loading section rodata, size 0xdc4 lma 0x1000e460
Loading section datas, size 0x4c lma 0x1000f224
Loading section device_states, size 0x2c lma 0x1000f270
Loading section k_mutex_area, size 0x14 lma 0x1000f29c
Loading section .last_section, size 0x4 lma 0x1000f2b0
Start address 0x1000888c, load size 62124
Transfer rate: 536 KB/sec, 3269 bytes/write.
Hardware assisted breakpoint 1 at 0x10008878: file /Users/seungwon/FALCON/fn-dsa_m55/measurement_mlkem_native/env/zephyr-4.4.1/arch/arm/core/cortex_m/fault_s.S, line 80.
Hardware assisted breakpoint 2 at 0x1000560c: file /Users/seungwon/FALCON/fn-dsa_m55/measurement_mlkem_native/env/mlkem-native-637d076aa113d8faaec2277ed4a46b657acaf35f/test/zephyr/app/shim_nucleo_n657x0_q.c, line 254.

Temporary breakpoint 2, get_bootargs () at /Users/seungwon/FALCON/fn-dsa_m55/measurement_mlkem_native/env/mlkem-native-637d076aa113d8faaec2277ed4a46b657acaf35f/test/zephyr/app/shim_nucleo_n657x0_q.c:254
254	  return mlk_bootargs_block;
[[STARTUP-PASS]]
r0             0x30016e14          805400084
r1             0x0                 0
r2             0x300064c0          805332160
r3             0x0                 0
r4             0x0                 0
r5             0x1000dbb0          268491696
r6             0x1000e3f0          268493808
r7             0x30006cf8          805334264
r8             0x1000dbb0          268491696
r9             0x30016e38          805400120
r10            0x30016e14          805400084
r11            0x56021800          1442977792
r12            0x1000000           16777216
sp             0x30016dd0          0x30016dd0 <z_main_stack+65432>
lr             0x1000d29d          268489373
pc             0x1000560c          0x1000560c <get_bootargs>
xpsr           0x61000000          1627389952
fpscr          0x40000             262144
msp            0x30006cf8          0x30006cf8 <z_idle_stacks>
psp            0x30016dd0          0x30016dd0 <z_main_stack+65432>
vpr            0x0                 [ P0=0 MASK01=0 MASK23=0 ]
msp_ns         0x241077f0          0x241077f0
psp_ns         0x241077f0          0x241077f0
msp_s          0x30006cf8          0x30006cf8 <z_idle_stacks>
psp_s          0x30016dd0          0x30016dd0 <z_main_stack+65432>
primask        0x0                 0
basepri        0x0                 0
faultmask      0x0                 0
control        0x2                 2
msplim_s       0x300064f8          0x300064f8 <z_interrupt_stacks>
psplim_s       0x30006e38          0x30006e38 <z_main_stack>
msplim_ns      0x24106ff0          0x24106ff0
psplim_ns      0x24106ff0          0x24106ff0
primask_s      0x0                 0
basepri_s      0x0                 0
faultmask_s    0x0                 0
control_s      0x2                 2
primask_ns     0x0                 0
basepri_ns     0x0                 0
faultmask_ns   0x0                 0
control_ns     0x0                 0
p0             0x0                 0
0x30016dd0 <z_main_stack+65432>:	0x00000000	0x1000e3f0	0x1000dbb0	0x1000e3f0
0x30016de0 <z_main_stack+65448>:	0x30006cf8	0x1000dbb0	0x30016e38	0x34102040
0x30006cf8 <z_idle_stacks>:	0x00000000	0x00000000	0x00000000	0x00000000
0x30006d08 <z_idle_stacks+16>:	0x00000000	0x00000000	0x00000000	0x00000000
0xe000ed28:	0x00000000	0x00000000	0x00000000	0x00000000
0xe000ed38:	0xf30379ad	0x00000000
0xe001e000:	0x0001300a	0x00000165	0x00000000	0x00000000
0xe001e010:	0x00000049	0x00000049
[Inferior 1 (Remote target) detached]
none separate
Deferring arp_examine of stm32n6x.cpu
Use arp_examine command to examine it manually!
FAIL!
target did not hit nucleo_test_done
