[exec_wrapper] configuring FLEXMEM...
[exec_wrapper] starting OpenOCD on port 3349...
[exec_wrapper] SWO redirect port 53307
[exec_wrapper] /Users/seungwon/FALCON/fn-dsa_m55/measurement_mlkem_native/env/openocd-4e9b167/bin/openocd -f interface/stlink.cfg -c transport select swd -f target/stm32n6x.cfg -c if {[lsearch -exact [target names] stm32n6x.cpu] >= 0} { stm32n6x.cpu configure -defer-examine } -c adapter speed 8000 -c adapter serial 003C00223335510735383531 -c reset_config srst_only srst_nogate -c gdb_port 3349 -c tcl_port disabled -c telnet_port disabled -c init -c stm32n6x.cpu arp_examine -c stm32n6x.swo configure -protocol uart -traceclk 100000000 -pin-freq 1000000 -output :53307 -formatter 0 -c stm32n6x.swo enable -c stm32n6x.cpu itm port 0 on
============ GDB SCRIPT ============
set pagination off
set confirm off
target remote localhost:3349
load
tbreak *0x100135e8
hbreak *0x10016854
set $early_fault_bp = $bpnum
jump *0x10016869
if $pc != 0x100135e8
echo [[STARTUP-FAULT]]\n
info registers
x/8wx $psp
x/8wx $msp
x/8i *(unsigned int*)($psp+24)
x/6wx 0xE000ED28
x/6wx 0xE001E000
monitor reset_config none
monitor reset run
quit 1
end
delete $early_fault_bp
echo TCM_MSCR_START=
output/x *(unsigned int*)0xE001E000
echo \n
restore /var/folders/cl/qszfy4ys3t51fgwf6m125j080000gt/T/tmpso19dchu/argv.bin binary 0x340b0000
set $nucleo_exit_code = -1
break *0x10013598
commands
  set $nucleo_exit_code = $r0
  echo [[NUCLEO-DONE]]\n
end
break *0x10016854
commands
  echo [[NUCLEO-HARDFAULT]]\n
end
continue
if $nucleo_exit_code != -1
  echo NUCLEO_EXIT_CODE=
  output/d $nucleo_exit_code
  echo \n
end
info registers
x/4wx $sp
echo CFSR=
output/x *(unsigned int *)0xE000ED28
echo \n
echo HFSR=
output/x *(unsigned int *)0xE000ED2C
echo \n
echo DFSR=
output/x *(unsigned int *)0xE000ED30
echo \n
echo MMFAR=
output/x *(unsigned int *)0xE000ED34
echo \n
echo BFAR=
output/x *(unsigned int *)0xE000ED38
echo \n
echo AFSR=
output/x *(unsigned int *)0xE000ED3C
echo \n
echo SHCSR=
output/x *(unsigned int *)0xE000ED24
echo \n
echo CCR=
output/x *(unsigned int *)0xE000ED14
echo \n
echo MSP=
output/x $msp
echo \n
echo PSP=
output/x $psp
echo \n
echo LR=
output/x $lr
echo \n
echo PC=
output/x $pc
echo \n
echo STACKED_R0_R1_R2_R3_R12_LR_PC_XPSR:\n
if ($lr & 4)
  x/8wx $psp
else
  x/8wx $msp
end
x/4wx 0xE000ED28
x/wx 0xE000ED38
echo TCM_MSCR_END=
output/x *(unsigned int*)0xE001E000
echo \n
monitor reset_config none
monitor reset run
====================================
[exec_wrapper] running gdb batch
Open On-Chip Debugger 0.12.0+dev-g4e9b167 (2026-09-09-11:52)
Licensed under GNU GPL v2
For bug reports, read
	http://openocd.org/doc/doxygen/bugs.html
adapter speed: 8000 kHz
srst_only separate srst_nogate srst_open_drain connect_deassert_srst
DEPRECATED! use 'gdb port', not 'gdb_port'
DEPRECATED! use 'tcl port' not 'tcl_port'
DEPRECATED! use 'telnet port', not 'telnet_port'
Info : STLINK V3J15M6 (API v3) VID:PID 0483:3754
Info : Target voltage: 3.277659
Info : clock speed 8000 kHz
Info : SWD DPIDR 0x6ba02477
Info : [stm32n6x.ap0] Examination succeed
Info : [stm32n6x.ap0] gdb port disabled
Info : [stm32n6x.cpu] starting gdb server on 3349
Info : Listening on port 3349 for gdb connections
Info : [stm32n6x.cpu] Cortex-M55 r1p1 processor detected
Info : [stm32n6x.cpu] target has 8 breakpoints, 8 watchpoints
Info : starting trace server for stm32n6x.swo on 53307
Info : Listening on port 53307 for tpiu_swo_trace connections
Info : tcl server disabled
Info : telnet server disabled
Info : accepting 'tpiu_swo_trace' connection on tcp/53307
Info : accepting 'gdb' connection on tcp/3349
stm32n6x.cpu in Secure state
[stm32n6x.cpu] halted due to debug-request, current mode: Thread
xPSR: 0x21000000 pc: 0x1800350e msp: 0x341037a8
Info : New GDB Connection: 1, Target stm32n6x.cpu, state: halted
Warn : Prefer GDB command "target extended-remote :3349" instead of "target remote :3349"
FNDSA_BEGIN mode=pilot batches=1 warmups=1 iterations=1
BUILD gcc=15.2.1 20251203 asm_m4=1 m55_compat=1 mve_feature=3
CONFIG cycle_hz=800000000 stack=65536 fpu=1 cache_management=0 icache=1 dcache=1
CORE cpuid=411fd221 ccr=00000611 vtor=10000000 cpacr=00500000 primask=0 basepri=0 control=14
TCM itcmcr=00000049 dtcmcr=00000049 mpu=00000005
ADDR code=1001075d sk=30021a40 pk=30021320 sig=30020e20 tmp=30012200 sp=30038dd0
CLOCK SystemCoreClock=800000000 CFGR1=33330000 CFGR2=01100000 HSECFGR=00000840
CLOCK IC1=00020000 IC2=00050000 IC6=20010000 IC11=00020000
CLOCK PLL1_1=20309600 PLL1_2=00000000 PLL1_3=49000005
CLOCK_DECODE cpu=800000000 sysclk=400000000 hclk=200000000 pclk1=200000000 pclk2=200000000 pclk4=200000000 pclk5=200000000
TIMER selfcheck_100ms_zephyr=80000255 dwt=80000661 error=406
STACK start=30029340 size=65536 watermarked_end=30037e48
NTT_MUL_TABLE kind=barrett3 pairs=2048 mismatches=0 first=0 actual=0 expected=0
NTT_EXACT degree=512 forward_mismatches=0 roundtrip_mismatches=0 oracle_roundtrip_mismatches=0 max_mod_error=0 first_forward=4294967295 actual=0 expected=0 first_roundtrip=4294967295 first_oracle=4294967295
NTT_MUL_TABLE kind=barrett3 pairs=2048 mismatches=0 first=0 actual=0 expected=0
NTT_EXACT degree=1024 forward_mismatches=0 roundtrip_mismatches=0 oracle_roundtrip_mismatches=0 max_mod_error=0 first_forward=4294967295 actual=0 expected=0 first_roundtrip=4294967295 first_oracle=4294967295
MP31_EXACT primes=308 logn=4..10 transforms=2156 forward_mismatches=0 inverse_mismatches=0 roundtrip_mismatches=0 max_mod_error=0 first_prime=4294967295 first_logn=0 first_index=0
MP31_CYCLES logn=4 direction=forward batch=0 calls=100 total=283737 per_call=2837 twiddle_prepare=included
MP31_CYCLES logn=4 direction=forward batch=1 calls=100 total=283729 per_call=2837 twiddle_prepare=included
MP31_CYCLES logn=4 direction=forward batch=2 calls=100 total=283693 per_call=2836 twiddle_prepare=included
MP31_CYCLES logn=4 direction=forward batch=3 calls=100 total=283701 per_call=2837 twiddle_prepare=included
MP31_CYCLES logn=4 direction=forward batch=4 calls=100 total=283741 per_call=2837 twiddle_prepare=included
MP31_CYCLES logn=4 direction=forward batch=5 calls=100 total=283717 per_call=2837 twiddle_prepare=included
MP31_CYCLES logn=4 direction=forward batch=6 calls=100 total=283738 per_call=2837 twiddle_prepare=included
MP31_CYCLES logn=4 direction=forward batch=7 calls=100 total=283718 per_call=2837 twiddle_prepare=included
MP31_CYCLES logn=4 direction=forward batch=8 calls=100 total=283705 per_call=2837 twiddle_prepare=included
MP31_CYCLES logn=4 direction=forward batch=9 calls=100 total=283724 per_call=2837 twiddle_prepare=included
MP31_CYCLES logn=4 direction=inverse batch=0 calls=100 total=296380 per_call=2963 twiddle_prepare=included
MP31_CYCLES logn=4 direction=inverse batch=1 calls=100 total=296380 per_call=2963 twiddle_prepare=included
MP31_CYCLES logn=4 direction=inverse batch=2 calls=100 total=296380 per_call=2963 twiddle_prepare=included
MP31_CYCLES logn=4 direction=inverse batch=3 calls=100 total=296380 per_call=2963 twiddle_prepare=included
MP31_CYCLES logn=4 direction=inverse batch=4 calls=100 total=296380 per_call=2963 twiddle_prepare=included
MP31_CYCLES logn=4 direction=inverse batch=5 calls=100 total=296380 per_call=2963 twiddle_prepare=included
MP31_CYCLES logn=4 direction=inverse batch=6 calls=100 total=296380 per_call=2963 twiddle_prepare=included
MP31_CYCLES logn=4 direction=inverse batch=7 calls=100 total=296380 per_call=2963 twiddle_prepare=included
MP31_CYCLES logn=4 direction=inverse batch=8 calls=100 total=296380 per_call=2963 twiddle_prepare=included
MP31_CYCLES logn=4 direction=inverse batch=9 calls=100 total=296380 per_call=2963 twiddle_prepare=included
MP31_CYCLES logn=5 direction=forward batch=0 calls=100 total=606700 per_call=6067 twiddle_prepare=included
MP31_CYCLES logn=5 direction=forward batch=1 calls=100 total=606689 per_call=6066 twiddle_prepare=included
MP31_CYCLES logn=5 direction=forward batch=2 calls=100 total=607789 per_call=6077 twiddle_prepare=included
MP31_CYCLES logn=5 direction=forward batch=3 calls=100 total=606733 per_call=6067 twiddle_prepare=included
MP31_CYCLES logn=5 direction=forward batch=4 calls=100 total=606719 per_call=6067 twiddle_prepare=included
MP31_CYCLES logn=5 direction=forward batch=5 calls=100 total=606725 per_call=6067 twiddle_prepare=included
MP31_CYCLES logn=5 direction=forward batch=6 calls=100 total=606727 per_call=6067 twiddle_prepare=included
MP31_CYCLES logn=5 direction=forward batch=7 calls=100 total=606702 per_call=6067 twiddle_prepare=included
MP31_CYCLES logn=5 direction=forward batch=8 calls=100 total=606706 per_call=6067 twiddle_prepare=included
MP31_CYCLES logn=5 direction=forward batch=9 calls=100 total=606707 per_call=6067 twiddle_prepare=included
MP31_CYCLES logn=5 direction=inverse batch=0 calls=100 total=633756 per_call=6337 twiddle_prepare=included
MP31_CYCLES logn=5 direction=inverse batch=1 calls=100 total=633759 per_call=6337 twiddle_prepare=included
MP31_CYCLES logn=5 direction=inverse batch=2 calls=100 total=633753 per_call=6337 twiddle_prepare=included
MP31_CYCLES logn=5 direction=inverse batch=3 calls=100 total=633759 per_call=6337 twiddle_prepare=included
MP31_CYCLES logn=5 direction=inverse batch=4 calls=100 total=633760 per_call=6337 twiddle_prepare=included
MP31_CYCLES logn=5 direction=inverse batch=5 calls=100 total=633761 per_call=6337 twiddle_prepare=included
MP31_CYCLES logn=5 direction=inverse batch=6 calls=100 total=633760 per_call=6337 twiddle_prepare=included
MP31_CYCLES logn=5 direction=inverse batch=7 calls=100 total=633750 per_call=6337 twiddle_prepare=included
MP31_CYCLES logn=5 direction=inverse batch=8 calls=100 total=633747 per_call=6337 twiddle_prepare=included
MP31_CYCLES logn=5 direction=inverse batch=9 calls=100 total=633746 per_call=6337 twiddle_prepare=included
MP31_CYCLES logn=6 direction=forward batch=0 calls=100 total=1367091 per_call=13670 twiddle_prepare=included
MP31_CYCLES logn=6 direction=forward batch=1 calls=100 total=1367153 per_call=13671 twiddle_prepare=included
MP31_CYCLES logn=6 direction=forward batch=2 calls=100 total=1367107 per_call=13671 twiddle_prepare=included
MP31_CYCLES logn=6 direction=forward batch=3 calls=100 total=1367128 per_call=13671 twiddle_prepare=included
MP31_CYCLES logn=6 direction=forward batch=4 calls=100 total=1367128 per_call=13671 twiddle_prepare=included
MP31_CYCLES logn=6 direction=forward batch=5 calls=100 total=1367110 per_call=13671 twiddle_prepare=included
MP31_CYCLES logn=6 direction=forward batch=6 calls=100 total=1367139 per_call=13671 twiddle_prepare=included
MP31_CYCLES logn=6 direction=forward batch=7 calls=100 total=1367133 per_call=13671 twiddle_prepare=included
MP31_CYCLES logn=6 direction=forward batch=8 calls=100 total=1367129 per_call=13671 twiddle_prepare=included
MP31_CYCLES logn=6 direction=forward batch=9 calls=100 total=1368116 per_call=13681 twiddle_prepare=included
MP31_CYCLES logn=6 direction=inverse batch=0 calls=100 total=1439980 per_call=14399 twiddle_prepare=included
MP31_CYCLES logn=6 direction=inverse batch=1 calls=100 total=1439980 per_call=14399 twiddle_prepare=included
MP31_CYCLES logn=6 direction=inverse batch=2 calls=100 total=1439980 per_call=14399 twiddle_prepare=included
MP31_CYCLES logn=6 direction=inverse batch=3 calls=100 total=1439980 per_call=14399 twiddle_prepare=included
MP31_CYCLES logn=6 direction=inverse batch=4 calls=100 total=1439980 per_call=14399 twiddle_prepare=included
MP31_CYCLES logn=6 direction=inverse batch=5 calls=100 total=1439980 per_call=14399 twiddle_prepare=included
MP31_CYCLES logn=6 direction=inverse batch=6 calls=100 total=1439980 per_call=14399 twiddle_prepare=included
MP31_CYCLES logn=6 direction=inverse batch=7 calls=100 total=1439980 per_call=14399 twiddle_prepare=included
MP31_CYCLES logn=6 direction=inverse batch=8 calls=100 total=1439980 per_call=14399 twiddle_prepare=included
MP31_CYCLES logn=6 direction=inverse batch=9 calls=100 total=1439980 per_call=14399 twiddle_prepare=included
MP31_CYCLES logn=7 direction=forward batch=0 calls=100 total=3011272 per_call=30112 twiddle_prepare=included
MP31_CYCLES logn=7 direction=forward batch=1 calls=100 total=3010299 per_call=30102 twiddle_prepare=included
MP31_CYCLES logn=7 direction=forward batch=2 calls=100 total=3010250 per_call=30102 twiddle_prepare=included
MP31_CYCLES logn=7 direction=forward batch=3 calls=100 total=3011348 per_call=30113 twiddle_prepare=included
MP31_CYCLES logn=7 direction=forward batch=4 calls=100 total=3010205 per_call=30102 twiddle_prepare=included
MP31_CYCLES logn=7 direction=forward batch=5 calls=100 total=3010228 per_call=30102 twiddle_prepare=included
MP31_CYCLES logn=7 direction=forward batch=6 calls=100 total=3010306 per_call=30103 twiddle_prepare=included
MP31_CYCLES logn=7 direction=forward batch=7 calls=100 total=3011350 per_call=30113 twiddle_prepare=included
MP31_CYCLES logn=7 direction=forward batch=8 calls=100 total=3010274 per_call=30102 twiddle_prepare=included
MP31_CYCLES logn=7 direction=forward batch=9 calls=100 total=3010321 per_call=30103 twiddle_prepare=included
MP31_CYCLES logn=7 direction=inverse batch=0 calls=100 total=3167856 per_call=31678 twiddle_prepare=included
MP31_CYCLES logn=7 direction=inverse batch=1 calls=100 total=3166804 per_call=31668 twiddle_prepare=included
MP31_CYCLES logn=7 direction=inverse batch=2 calls=100 total=3166787 per_call=31667 twiddle_prepare=included
MP31_CYCLES logn=7 direction=inverse batch=3 calls=100 total=3166775 per_call=31667 twiddle_prepare=included
MP31_CYCLES logn=7 direction=inverse batch=4 calls=100 total=3167884 per_call=31678 twiddle_prepare=included
MP31_CYCLES logn=7 direction=inverse batch=5 calls=100 total=3166788 per_call=31667 twiddle_prepare=included
MP31_CYCLES logn=7 direction=inverse batch=6 calls=100 total=3166792 per_call=31667 twiddle_prepare=included
MP31_CYCLES logn=7 direction=inverse batch=7 calls=100 total=3167868 per_call=31678 twiddle_prepare=included
MP31_CYCLES logn=7 direction=inverse batch=8 calls=100 total=3166797 per_call=31667 twiddle_prepare=included
MP31_CYCLES logn=7 direction=inverse batch=9 calls=100 total=3166793 per_call=31667 twiddle_prepare=included
MP31_CYCLES logn=8 direction=forward batch=0 calls=100 total=6751283 per_call=67512 twiddle_prepare=included
MP31_CYCLES logn=8 direction=forward batch=1 calls=100 total=6750120 per_call=67501 twiddle_prepare=included
MP31_CYCLES logn=8 direction=forward batch=2 calls=100 total=6751107 per_call=67511 twiddle_prepare=included
MP31_CYCLES logn=8 direction=forward batch=3 calls=100 total=6750196 per_call=67501 twiddle_prepare=included
MP31_CYCLES logn=8 direction=forward batch=4 calls=100 total=6751337 per_call=67513 twiddle_prepare=included
MP31_CYCLES logn=8 direction=forward batch=5 calls=100 total=6750173 per_call=67501 twiddle_prepare=included
MP31_CYCLES logn=8 direction=forward batch=6 calls=100 total=6751389 per_call=67513 twiddle_prepare=included
MP31_CYCLES logn=8 direction=forward batch=7 calls=100 total=6750068 per_call=67500 twiddle_prepare=included
MP31_CYCLES logn=8 direction=forward batch=8 calls=100 total=6751224 per_call=67512 twiddle_prepare=included
MP31_CYCLES logn=8 direction=forward batch=9 calls=100 total=6750089 per_call=67500 twiddle_prepare=included
MP31_CYCLES logn=8 direction=inverse batch=0 calls=100 total=7128769 per_call=71287 twiddle_prepare=included
MP31_CYCLES logn=8 direction=inverse batch=1 calls=100 total=7127680 per_call=71276 twiddle_prepare=included
MP31_CYCLES logn=8 direction=inverse batch=2 calls=100 total=7128770 per_call=71287 twiddle_prepare=included
MP31_CYCLES logn=8 direction=inverse batch=3 calls=100 total=7127680 per_call=71276 twiddle_prepare=included
MP31_CYCLES logn=8 direction=inverse batch=4 calls=100 total=7127680 per_call=71276 twiddle_prepare=included
MP31_CYCLES logn=8 direction=inverse batch=5 calls=100 total=7128771 per_call=71287 twiddle_prepare=included
MP31_CYCLES logn=8 direction=inverse batch=6 calls=100 total=7127680 per_call=71276 twiddle_prepare=included
MP31_CYCLES logn=8 direction=inverse batch=7 calls=100 total=7128771 per_call=71287 twiddle_prepare=included
MP31_CYCLES logn=8 direction=inverse batch=8 calls=100 total=7127680 per_call=71276 twiddle_prepare=included
MP31_CYCLES logn=8 direction=inverse batch=9 calls=100 total=7128770 per_call=71287 twiddle_prepare=included
MP31_CYCLES logn=9 direction=forward batch=0 calls=100 total=14734575 per_call=147345 twiddle_prepare=included
MP31_CYCLES logn=9 direction=forward batch=1 calls=100 total=14734495 per_call=147344 twiddle_prepare=included
MP31_CYCLES logn=9 direction=forward batch=2 calls=100 total=14734372 per_call=147343 twiddle_prepare=included
MP31_CYCLES logn=9 direction=forward batch=3 calls=100 total=14734451 per_call=147344 twiddle_prepare=included
MP31_CYCLES logn=9 direction=forward batch=4 calls=100 total=14734563 per_call=147345 twiddle_prepare=included
MP31_CYCLES logn=9 direction=forward batch=5 calls=100 total=14734349 per_call=147343 twiddle_prepare=included
MP31_CYCLES logn=9 direction=forward batch=6 calls=100 total=14734541 per_call=147345 twiddle_prepare=included
MP31_CYCLES logn=9 direction=forward batch=7 calls=100 total=14734675 per_call=147346 twiddle_prepare=included
MP31_CYCLES logn=9 direction=forward batch=8 calls=100 total=14734332 per_call=147343 twiddle_prepare=included
MP31_CYCLES logn=9 direction=forward batch=9 calls=100 total=14734557 per_call=147345 twiddle_prepare=included
MP31_CYCLES logn=9 direction=inverse batch=0 calls=100 total=15537674 per_call=155376 twiddle_prepare=included
MP31_CYCLES logn=9 direction=inverse batch=1 calls=100 total=15537689 per_call=155376 twiddle_prepare=included
MP31_CYCLES logn=9 direction=inverse batch=2 calls=100 total=15537684 per_call=155376 twiddle_prepare=included
MP31_CYCLES logn=9 direction=inverse batch=3 calls=100 total=15537660 per_call=155376 twiddle_prepare=included
MP31_CYCLES logn=9 direction=inverse batch=4 calls=100 total=15537659 per_call=155376 twiddle_prepare=included
MP31_CYCLES logn=9 direction=inverse batch=5 calls=100 total=15537679 per_call=155376 twiddle_prepare=included
MP31_CYCLES logn=9 direction=inverse batch=6 calls=100 total=15537678 per_call=155376 twiddle_prepare=included
MP31_CYCLES logn=9 direction=inverse batch=7 calls=100 total=15537637 per_call=155376 twiddle_prepare=included
MP31_CYCLES logn=9 direction=inverse batch=8 calls=100 total=15537673 per_call=155376 twiddle_prepare=included
MP31_CYCLES logn=9 direction=inverse batch=9 calls=100 total=15537680 per_call=155376 twiddle_prepare=included
MP31_CYCLES logn=10 direction=forward batch=0 calls=100 total=32512707 per_call=325127 twiddle_prepare=included
MP31_CYCLES logn=10 direction=forward batch=1 calls=100 total=32512524 per_call=325125 twiddle_prepare=included
MP31_CYCLES logn=10 direction=forward batch=2 calls=100 total=32512654 per_call=325126 twiddle_prepare=included
MP31_CYCLES logn=10 direction=forward batch=3 calls=100 total=32512795 per_call=325127 twiddle_prepare=included
MP31_CYCLES logn=10 direction=forward batch=4 calls=100 total=32512234 per_call=325122 twiddle_prepare=included
MP31_CYCLES logn=10 direction=forward batch=5 calls=100 total=32512872 per_call=325128 twiddle_prepare=included
MP31_CYCLES logn=10 direction=forward batch=6 calls=100 total=32512448 per_call=325124 twiddle_prepare=included
MP31_CYCLES logn=10 direction=forward batch=7 calls=100 total=32512875 per_call=325128 twiddle_prepare=included
MP31_CYCLES logn=10 direction=forward batch=8 calls=100 total=32512593 per_call=325125 twiddle_prepare=included
MP31_CYCLES logn=10 direction=forward batch=9 calls=100 total=32512624 per_call=325126 twiddle_prepare=included
MP31_CYCLES logn=10 direction=inverse batch=0 calls=100 total=34367160 per_call=343671 twiddle_prepare=included
MP31_CYCLES logn=10 direction=inverse batch=1 calls=100 total=34367163 per_call=343671 twiddle_prepare=included
MP31_CYCLES logn=10 direction=inverse batch=2 calls=100 total=34367161 per_call=343671 twiddle_prepare=included
MP31_CYCLES logn=10 direction=inverse batch=3 calls=100 total=34367160 per_call=343671 twiddle_prepare=included
MP31_CYCLES logn=10 direction=inverse batch=4 calls=100 total=34367162 per_call=343671 twiddle_prepare=included
MP31_CYCLES logn=10 direction=inverse batch=5 calls=100 total=34367163 per_call=343671 twiddle_prepare=included
MP31_CYCLES logn=10 direction=inverse batch=6 calls=100 total=34368252 per_call=343682 twiddle_prepare=included
MP31_CYCLES logn=10 direction=inverse batch=7 calls=100 total=34367163 per_call=343671 twiddle_prepare=included
MP31_CYCLES logn=10 direction=inverse batch=8 calls=100 total=34367162 per_call=343671 twiddle_prepare=included
MP31_CYCLES logn=10 direction=inverse batch=9 calls=100 total=34367160 per_call=343671 twiddle_prepare=included
PHASE degree=512 batch=0 op=0
BATCH degree=512 batch=0 op=0 total=65279264 per_call=65279264
PHASE degree=512 batch=0 op=1
BATCH degree=512 batch=0 op=1 total=17105270 per_call=17105270
PHASE degree=512 batch=0 op=2
BATCH degree=512 batch=0 op=2 total=324532 per_call=324532
DIGEST degree=512 batch=0 shake256=9fd7c627fa100863e8f684339f3eb3835fc55a24066f4dd34aea05d555d8eadd
AUDIT degree=512 shake256=9fd7c627fa100863e8f684339f3eb3835fc55a24066f4dd34aea05d555d8eadd
SUMMARY degree=512 op=0 upper_median=65279264 p1=65279264 p10=65279264 p20=65279264 p30=65279264 p40=65279264 p50=65279264 p60=65279264 p70=65279264 p80=65279264 p90=65279264 p99=65279264
SUMMARY degree=512 op=1 upper_median=17105270 p1=17105270 p10=17105270 p20=17105270 p30=17105270 p40=17105270 p50=17105270 p60=17105270 p70=17105270 p80=17105270 p90=17105270 p99=17105270
SUMMARY degree=512 op=2 upper_median=324532 p1=324532 p10=324532 p20=324532 p30=324532 p40=324532 p50=324532 p60=324532 p70=324532 p80=324532 p90=324532 p99=324532
PHASE degree=1024 batch=0 op=0
BATCH degree=1024 batch=0 op=0 total=414442932 per_call=414442932
PHASE degree=1024 batch=0 op=1
BATCH degree=1024 batch=0 op=1 total=37137687 per_call=37137687
PHASE degree=1024 batch=0 op=2
BATCH degree=1024 batch=0 op=2 total=614117 per_call=614117
DIGEST degree=1024 batch=0 shake256=c543754d19ef263221b2316acac8ad5c34502886750fdd5bfffd4f5487c018bb
AUDIT degree=1024 shake256=c543754d19ef263221b2316acac8ad5c34502886750fdd5bfffd4f5487c018bb
SUMMARY degree=1024 op=0 upper_median=414442932 p1=414442932 p10=414442932 p20=414442932 p30=414442932 p40=414442932 p50=414442932 p60=414442932 p70=414442932 p80=414442932 p90=414442932 p99=414442932
SUMMARY degree=1024 op=1 upper_median=37137687 p1=37137687 p10=37137687 p20=37137687 p30=37137687 p40=37137687 p50=37137687 p60=37137687 p70=37137687 p80=37137687 p90=37137687 p99=37137687
SUMMARY degree=1024 op=2 upper_median=614117 p1=614117 p10=614117 p20=614117 p30=614117 p40=614117 p50=614117 p60=614117 p70=614117 p80=614117 p90=614117 p99=614117
STACK untouched_prefix=55728 used_upper_bound=9808
FNDSA_DONE correctness=PASS tamper_rejection=PASS
Info : Deferring arp_examine of stm32n6x.cpu
Info : Use arp_examine command to examine it manually!
Info : dropped 'gdb' connection
0x1800350e in ?? ()
Loading section rom_start, size 0x32c lma 0x10000000
Loading section text, size 0x1b62c lma 0x10000330
Loading section .ARM.exidx, size 0x8 lma 0x30000000
Loading section initlevel, size 0xc8 lma 0x30000008
Loading section device_area, size 0x268 lma 0x300000d0
Loading section sw_isr_table, size 0x5d8 lma 0x30000338
Loading section gpio_driver_api_area, size 0x24 lma 0x30000910
Loading section reset_driver_api_area, size 0x10 lma 0x30000934
Loading section clock_control_driver_api_area, size 0x1c lma 0x30000944
Loading section otp_driver_api_area, size 0x4 lma 0x30000960
Loading section uart_driver_api_area, size 0x14 lma 0x30000964
Loading section rodata, size 0xe7d4 lma 0x30000980
Loading section datas, size 0x4c lma 0x3000f160
Loading section device_states, size 0x2c lma 0x3000f1ac
Loading section k_mutex_area, size 0x14 lma 0x3000f1d8
Loading section .last_section, size 0x4 lma 0x3000f1ec
Start address 0x10016868, load size 174900
Transfer rate: 538 KB/sec, 6996 bytes/write.
Temporary breakpoint 1 at 0x100135e8: file /Users/seungwon/FALCON/fn-dsa_m55/measurement_mlkem_native/env/mlkem-native-637d076aa113d8faaec2277ed4a46b657acaf35f/test/zephyr/app/shim_nucleo_n657x0_q.c, line 254.
Hardware assisted breakpoint 2 at 0x10016854: file /Users/seungwon/FALCON/fn-dsa_m55/measurement_mlkem_native/env/zephyr-4.4.1/arch/arm/core/cortex_m/fault_s.S, line 80.

Temporary breakpoint 1, get_bootargs () at /Users/seungwon/FALCON/fn-dsa_m55/measurement_mlkem_native/env/mlkem-native-637d076aa113d8faaec2277ed4a46b657acaf35f/test/zephyr/app/shim_nucleo_n657x0_q.c:254
254	  return mlk_bootargs_block;
TCM_MSCR_START=0x1300a
Restoring binary file /var/folders/cl/qszfy4ys3t51fgwf6m125j080000gt/T/tmpso19dchu/argv.bin into memory (0x340b0000 to 0x340c0000)
Breakpoint 3 at 0x10013598: file /Users/seungwon/FALCON/fn-dsa_m55/measurement_mlkem_native/env/mlkem-native-637d076aa113d8faaec2277ed4a46b657acaf35f/test/zephyr/app/shim_nucleo_n657x0_q.c, line 148.
Breakpoint 4 at 0x10016854: file /Users/seungwon/FALCON/fn-dsa_m55/measurement_mlkem_native/env/zephyr-4.4.1/arch/arm/core/cortex_m/fault_s.S, line 80.

Breakpoint 3, nucleo_test_breakpoint (rc=rc@entry=0) at /Users/seungwon/FALCON/fn-dsa_m55/measurement_mlkem_native/env/mlkem-native-637d076aa113d8faaec2277ed4a46b657acaf35f/test/zephyr/app/shim_nucleo_n657x0_q.c:148
148	  __asm__ volatile("bkpt 0" ::: "memory");
[[NUCLEO-DONE]]
NUCLEO_EXIT_CODE=0
r0             0x0                 0
r1             0xe0000000          -536870912
r2             0x1000900           16779520
r3             0x985e4d            9985613
r4             0x0                 0
r5             0x300000d0          805306576
r6             0x30000910          805308688
r7             0x30029200          805474816
r8             0x300000d0          805306576
r9             0x30039340          805540672
r10            0x34102040          873472064
r11            0x56021800          1442977792
r12            0xa                 10
sp             0x300392f0          0x300392f0 <z_main_stack+65456>
lr             0x100135df          268514783
pc             0x10013598          0x10013598 <nucleo_test_breakpoint>
xpsr           0x9060000           151388160
fpscr          0x40000             262144
msp            0x30029200          0x30029200 <z_idle_stacks>
psp            0x300392f0          0x300392f0 <z_main_stack+65456>
vpr            0xf                 [ P0=15 MASK01=0 MASK23=0 ]
msp_ns         0x241077f0          0x241077f0
psp_ns         0x241077f0          0x241077f0
msp_s          0x30029200          0x30029200 <z_idle_stacks>
psp_s          0x300392f0          0x300392f0 <z_main_stack+65456>
primask        0x0                 0
basepri        0x0                 0
faultmask      0x0                 0
control        0x6                 6
msplim_s       0x30028a00          0x30028a00 <z_interrupt_stacks>
psplim_s       0x30029340          0x30029340 <z_main_stack>
msplim_ns      0x24106ff0          0x24106ff0
psplim_ns      0x24106ff0          0x24106ff0
primask_s      0x0                 0
basepri_s      0x0                 0
faultmask_s    0x0                 0
control_s      0x6                 6
primask_ns     0x0                 0
basepri_ns     0x0                 0
faultmask_ns   0x0                 0
control_ns     0x4                 4
p0             0xf                 15
0x300392f0 <z_main_stack+65456>:	0x00000000	0x100135fb	0x00000000	0x1001a21f
CFSR=0x0
HFSR=0x0
DFSR=0x0
MMFAR=0x0
BFAR=0xf30379ad
AFSR=0x0
SHCSR=0xf0000
CCR=0x611
MSP=0x30029200
PSP=0x300392f0
LR=0x100135df
PC=0x10013598
STACKED_R0_R1_R2_R3_R12_LR_PC_XPSR:
0x300392f0 <z_main_stack+65456>:	0x00000000	0x100135fb	0x00000000	0x1001a21f
0x30039300 <z_main_stack+65472>:	0x00000000	0x00000000	0x00000000	0x00000000
0xe000ed28:	0x00000000	0x00000000	0x00000000	0x00000000
0xe000ed38:	0xf30379ad
TCM_MSCR_END=0x1300a
[Inferior 1 (Remote target) detached]
none separate
Deferring arp_examine of stm32n6x.cpu
Use arp_examine command to examine it manually!
