[exec_wrapper] configuring FLEXMEM...
[exec_wrapper] starting OpenOCD on port 3349...
[exec_wrapper] SWO redirect port 63811
[exec_wrapper] /Users/seungwon/FALCON/fn-dsa_m55/measurement_mlkem_native/env/openocd-4e9b167/bin/openocd -f interface/stlink.cfg -c transport select swd -f target/stm32n6x.cfg -c if {[lsearch -exact [target names] stm32n6x.cpu] >= 0} { stm32n6x.cpu configure -defer-examine } -c adapter speed 8000 -c adapter serial 003C00223335510735383531 -c reset_config srst_only srst_nogate -c gdb_port 3349 -c tcl_port disabled -c telnet_port disabled -c init -c stm32n6x.cpu arp_examine -c stm32n6x.swo configure -protocol uart -traceclk 100000000 -pin-freq 1000000 -output :63811 -formatter 0 -c stm32n6x.swo enable -c stm32n6x.cpu itm port 0 on
============ GDB SCRIPT ============
set pagination off
set confirm off
target remote localhost:3349
load
tbreak *0x10010cb8
hbreak *0x10013f24
set $early_fault_bp = $bpnum
jump *0x10013f39
if $pc != 0x10010cb8
echo [[STARTUP-FAULT]]\n
info registers
x/8wx $psp
x/8wx $msp
x/8i *(unsigned int*)($psp+24)
x/6wx 0xE000ED28
x/6wx 0xE001E000
monitor reset_config none
monitor reset run
quit 1
end
delete $early_fault_bp
echo TCM_CONTROL_START=
output/x *(unsigned int*)0x56008008
echo \n
echo TCM_MSCR_START=
output/x *(unsigned int*)0xE001E000
echo \n
restore /var/folders/cl/qszfy4ys3t51fgwf6m125j080000gt/T/tmp98sb75uq/argv.bin binary 0x340b0000
set $nucleo_exit_code = -1
break *0x10010c68
commands
  set $nucleo_exit_code = $r0
  echo [[NUCLEO-DONE]]\n
end
break *0x10013f24
commands
  echo [[NUCLEO-HARDFAULT]]\n
end
continue
if $nucleo_exit_code != -1
  echo NUCLEO_EXIT_CODE=
  output/d $nucleo_exit_code
  echo \n
end
info registers
x/4wx $sp
echo CFSR=
output/x *(unsigned int *)0xE000ED28
echo \n
echo HFSR=
output/x *(unsigned int *)0xE000ED2C
echo \n
echo DFSR=
output/x *(unsigned int *)0xE000ED30
echo \n
echo MMFAR=
output/x *(unsigned int *)0xE000ED34
echo \n
echo BFAR=
output/x *(unsigned int *)0xE000ED38
echo \n
echo AFSR=
output/x *(unsigned int *)0xE000ED3C
echo \n
echo SHCSR=
output/x *(unsigned int *)0xE000ED24
echo \n
echo CCR=
output/x *(unsigned int *)0xE000ED14
echo \n
echo MSP=
output/x $msp
echo \n
echo PSP=
output/x $psp
echo \n
echo LR=
output/x $lr
echo \n
echo PC=
output/x $pc
echo \n
echo STACKED_R0_R1_R2_R3_R12_LR_PC_XPSR:\n
if ($lr & 4)
  x/8wx $psp
else
  x/8wx $msp
end
x/4wx 0xE000ED28
x/wx 0xE000ED38
echo TCM_CONTROL_END=
output/x *(unsigned int*)0x56008008
echo \n
echo TCM_MSCR_END=
output/x *(unsigned int*)0xE001E000
echo \n
monitor reset_config none
monitor reset run
====================================
[exec_wrapper] running gdb batch
Open On-Chip Debugger 0.12.0+dev-g4e9b167 (2026-09-09-11:52)
Licensed under GNU GPL v2
For bug reports, read
	http://openocd.org/doc/doxygen/bugs.html
adapter speed: 8000 kHz
srst_only separate srst_nogate srst_open_drain connect_deassert_srst
DEPRECATED! use 'gdb port', not 'gdb_port'
DEPRECATED! use 'tcl port' not 'tcl_port'
DEPRECATED! use 'telnet port', not 'telnet_port'
Info : STLINK V3J15M6 (API v3) VID:PID 0483:3754
Info : Target voltage: 3.277659
Info : clock speed 8000 kHz
Info : SWD DPIDR 0x6ba02477
Info : [stm32n6x.ap0] Examination succeed
Info : [stm32n6x.ap0] gdb port disabled
Info : [stm32n6x.cpu] starting gdb server on 3349
Info : Listening on port 3349 for gdb connections
Info : [stm32n6x.cpu] Cortex-M55 r1p1 processor detected
Info : [stm32n6x.cpu] target has 8 breakpoints, 8 watchpoints
Info : starting trace server for stm32n6x.swo on 63811
Info : Listening on port 63811 for tpiu_swo_trace connections
Info : tcl server disabled
Info : telnet server disabled
Info : accepting 'tpiu_swo_trace' connection on tcp/63811
Info : accepting 'gdb' connection on tcp/3349
stm32n6x.cpu in Secure state
[stm32n6x.cpu] halted due to debug-request, current mode: Thread
xPSR: 0x21000000 pc: 0x18003514 msp: 0x341037a8
Info : New GDB Connection: 1, Target stm32n6x.cpu, state: halted
Warn : Prefer GDB command "target extended-remote :3349" instead of "target remote :3349"
PROFILE_BEGIN candidate=after keygen_runs=10 sign_runs=100 verify_runs=100
PROFILE_HW cpu=800000000 ccr=00000611 itcmcr=00000049 dtcmcr=00000049 control=00000099
PROFILE_FINGERPRINT degree=512 fnv1a=9895079d
PROFILE_FINGERPRINT degree=1024 fnv1a=a020dd02
PROFILE_TOTAL degree=512 operation=keygen calls=10 total=589784624 min=49678198 max=76107411
PROFILE_CATEGORY degree=512 operation=keygen category=other cycles=2459 entries=0
PROFILE_CATEGORY degree=512 operation=keygen category=shake cycles=28334437 entries=1937
PROFILE_CATEGORY degree=512 operation=keygen category=codec cycles=186770 entries=40
PROFILE_CATEGORY degree=512 operation=keygen category=hash_to_point cycles=0 entries=0
PROFILE_CATEGORY degree=512 operation=keygen category=message_hash cycles=0 entries=0
PROFILE_CATEGORY degree=512 operation=keygen category=fft_fixed cycles=64665377 entries=16996
PROFILE_CATEGORY degree=512 operation=keygen category=fft_fpr cycles=0 entries=0
PROFILE_CATEGORY degree=512 operation=keygen category=ntt_q cycles=1410214 entries=146
PROFILE_CATEGORY degree=512 operation=keygen category=ntt_modp cycles=98753026 entries=47343
PROFILE_CATEGORY degree=512 operation=keygen category=keygen_other cycles=1996810 entries=10
PROFILE_CATEGORY degree=512 operation=keygen category=key_preparation cycles=0 entries=0
PROFILE_CATEGORY degree=512 operation=keygen category=ntru_other cycles=251990371 entries=11
PROFILE_CATEGORY degree=512 operation=keygen category=crt cycles=98449855 entries=1504
PROFILE_CATEGORY degree=512 operation=keygen category=ldl_ffsampling cycles=0 entries=0
PROFILE_CATEGORY degree=512 operation=keygen category=sampler_other cycles=0 entries=0
PROFILE_CATEGORY degree=512 operation=keygen category=gaussian_fg cycles=15545510 entries=247
PROFILE_CATEGORY degree=512 operation=keygen category=gaussian0 cycles=0 entries=0
PROFILE_CATEGORY degree=512 operation=keygen category=berexp cycles=0 entries=0
PROFILE_CATEGORY degree=512 operation=keygen category=norm cycles=28449795 entries=55
PROFILE_CATEGORY degree=512 operation=keygen category=sign_other cycles=0 entries=0
PROFILE_CATEGORY degree=512 operation=keygen category=verify_other cycles=0 entries=0
PROFILE_TOTAL degree=512 operation=sign calls=100 total=1848426310 min=18281131 max=18682479
PROFILE_CATEGORY degree=512 operation=sign category=other cycles=47000 entries=0
PROFILE_CATEGORY degree=512 operation=sign category=shake cycles=237614818 entries=16246
PROFILE_CATEGORY degree=512 operation=sign category=codec cycles=10626353 entries=800
PROFILE_CATEGORY degree=512 operation=sign category=hash_to_point cycles=1809255 entries=100
PROFILE_CATEGORY degree=512 operation=sign category=message_hash cycles=126000 entries=100
PROFILE_CATEGORY degree=512 operation=sign category=fft_fixed cycles=0 entries=0
PROFILE_CATEGORY degree=512 operation=sign category=fft_fpr cycles=426707005 entries=700
PROFILE_CATEGORY degree=512 operation=sign category=ntt_q cycles=12308700 entries=1200
PROFILE_CATEGORY degree=512 operation=sign category=ntt_modp cycles=0 entries=0
PROFILE_CATEGORY degree=512 operation=sign category=keygen_other cycles=0 entries=0
PROFILE_CATEGORY degree=512 operation=sign category=key_preparation cycles=4846599 entries=100
PROFILE_CATEGORY degree=512 operation=sign category=ntru_other cycles=0 entries=0
PROFILE_CATEGORY degree=512 operation=sign category=crt cycles=0 entries=0
PROFILE_CATEGORY degree=512 operation=sign category=ldl_ffsampling cycles=759573000 entries=25600
PROFILE_CATEGORY degree=512 operation=sign category=sampler_other cycles=156832474 entries=102400
PROFILE_CATEGORY degree=512 operation=sign category=gaussian_fg cycles=0 entries=0
PROFILE_CATEGORY degree=512 operation=sign category=gaussian0 cycles=48962101 entries=178044
PROFILE_CATEGORY degree=512 operation=sign category=berexp cycles=102921010 entries=178044
PROFILE_CATEGORY degree=512 operation=sign category=norm cycles=510800 entries=300
PROFILE_CATEGORY degree=512 operation=sign category=sign_other cycles=85541195 entries=100
PROFILE_CATEGORY degree=512 operation=sign category=verify_other cycles=0 entries=0
PROFILE_TOTAL degree=512 operation=verify calls=100 total=32937200 min=329372 max=329372
PROFILE_CATEGORY degree=512 operation=verify category=other cycles=22500 entries=0
PROFILE_CATEGORY degree=512 operation=verify category=shake cycles=24869401 entries=1700
PROFILE_CATEGORY degree=512 operation=verify category=codec cycles=1825000 entries=200
PROFILE_CATEGORY degree=512 operation=verify category=hash_to_point cycles=1830500 entries=100
PROFILE_CATEGORY degree=512 operation=verify category=message_hash cycles=503599 entries=200
PROFILE_CATEGORY degree=512 operation=verify category=fft_fixed cycles=0 entries=0
PROFILE_CATEGORY degree=512 operation=verify category=fft_fpr cycles=0 entries=0
PROFILE_CATEGORY degree=512 operation=verify category=ntt_q cycles=2171100 entries=200
PROFILE_CATEGORY degree=512 operation=verify category=ntt_modp cycles=0 entries=0
PROFILE_CATEGORY degree=512 operation=verify category=keygen_other cycles=0 entries=0
PROFILE_CATEGORY degree=512 operation=verify category=key_preparation cycles=0 entries=0
PROFILE_CATEGORY degree=512 operation=verify category=ntru_other cycles=0 entries=0
PROFILE_CATEGORY degree=512 operation=verify category=crt cycles=0 entries=0
PROFILE_CATEGORY degree=512 operation=verify category=ldl_ffsampling cycles=0 entries=0
PROFILE_CATEGORY degree=512 operation=verify category=sampler_other cycles=0 entries=0
PROFILE_CATEGORY degree=512 operation=verify category=gaussian_fg cycles=0 entries=0
PROFILE_CATEGORY degree=512 operation=verify category=gaussian0 cycles=0 entries=0
PROFILE_CATEGORY degree=512 operation=verify category=berexp cycles=0 entries=0
PROFILE_CATEGORY degree=512 operation=verify category=norm cycles=406700 entries=300
PROFILE_CATEGORY degree=512 operation=verify category=sign_other cycles=0 entries=0
PROFILE_CATEGORY degree=512 operation=verify category=verify_other cycles=1308400 entries=100
PROFILE_TOTAL degree=1024 operation=keygen calls=10 total=2841466900 min=181031649 max=460521286
PROFILE_CATEGORY degree=1024 operation=keygen category=other cycles=2570 entries=0
PROFILE_CATEGORY degree=1024 operation=keygen category=shake cycles=195488593 entries=13364
PROFILE_CATEGORY degree=1024 operation=keygen category=codec cycles=361810 entries=40
PROFILE_CATEGORY degree=1024 operation=keygen category=hash_to_point cycles=0 entries=0
PROFILE_CATEGORY degree=1024 operation=keygen category=message_hash cycles=0 entries=0
PROFILE_CATEGORY degree=1024 operation=keygen category=fft_fixed cycles=344849433 entries=50767
PROFILE_CATEGORY degree=1024 operation=keygen category=fft_fpr cycles=0 entries=0
PROFILE_CATEGORY degree=1024 operation=keygen category=ntt_q cycles=11913595 entries=482
PROFILE_CATEGORY degree=1024 operation=keygen category=ntt_modp cycles=308742198 entries=146042
PROFILE_CATEGORY degree=1024 operation=keygen category=keygen_other cycles=12209057 entries=10
PROFILE_CATEGORY degree=1024 operation=keygen category=key_preparation cycles=0 entries=0
PROFILE_CATEGORY degree=1024 operation=keygen category=ntru_other cycles=1168908137 entries=17
PROFILE_CATEGORY degree=1024 operation=keygen category=crt cycles=489904285 entries=2974
PROFILE_CATEGORY degree=1024 operation=keygen category=ldl_ffsampling cycles=0 entries=0
PROFILE_CATEGORY degree=1024 operation=keygen category=sampler_other cycles=0 entries=0
PROFILE_CATEGORY degree=1024 operation=keygen category=gaussian_fg cycles=93060436 entries=877
PROFILE_CATEGORY degree=1024 operation=keygen category=gaussian0 cycles=0 entries=0
PROFILE_CATEGORY degree=1024 operation=keygen category=berexp cycles=0 entries=0
PROFILE_CATEGORY degree=1024 operation=keygen category=norm cycles=216026786 entries=209
PROFILE_CATEGORY degree=1024 operation=keygen category=sign_other cycles=0 entries=0
PROFILE_CATEGORY degree=1024 operation=keygen category=verify_other cycles=0 entries=0
PROFILE_TOTAL degree=1024 operation=sign calls=100 total=3940169924 min=38946250 max=39784436
PROFILE_CATEGORY degree=1024 operation=sign category=other cycles=48600 entries=0
PROFILE_CATEGORY degree=1024 operation=sign category=shake cycles=458950518 entries=31378
PROFILE_CATEGORY degree=1024 operation=sign category=codec cycles=19893221 entries=800
PROFILE_CATEGORY degree=1024 operation=sign category=hash_to_point cycles=3523560 entries=100
PROFILE_CATEGORY degree=1024 operation=sign category=message_hash cycles=126000 entries=100
PROFILE_CATEGORY degree=1024 operation=sign category=fft_fixed cycles=0 entries=0
PROFILE_CATEGORY degree=1024 operation=sign category=fft_fpr cycles=957475900 entries=700
PROFILE_CATEGORY degree=1024 operation=sign category=ntt_q cycles=31066800 entries=1200
PROFILE_CATEGORY degree=1024 operation=sign category=ntt_modp cycles=0 entries=0
PROFILE_CATEGORY degree=1024 operation=sign category=keygen_other cycles=0 entries=0
PROFILE_CATEGORY degree=1024 operation=sign category=key_preparation cycles=9290600 entries=100
PROFILE_CATEGORY degree=1024 operation=sign category=ntru_other cycles=0 entries=0
PROFILE_CATEGORY degree=1024 operation=sign category=crt cycles=0 entries=0
PROFILE_CATEGORY degree=1024 operation=sign category=ldl_ffsampling cycles=1679560200 entries=51200
PROFILE_CATEGORY degree=1024 operation=sign category=sampler_other cycles=309917253 entries=204800
PROFILE_CATEGORY degree=1024 operation=sign category=gaussian_fg cycles=0 entries=0
PROFILE_CATEGORY degree=1024 operation=sign category=gaussian0 cycles=96326176 entries=350277
PROFILE_CATEGORY degree=1024 operation=sign category=berexp cycles=202499096 entries=350277
PROFILE_CATEGORY degree=1024 operation=sign category=norm cycles=971600 entries=300
PROFILE_CATEGORY degree=1024 operation=sign category=sign_other cycles=170520400 entries=100
PROFILE_CATEGORY degree=1024 operation=sign category=verify_other cycles=0 entries=0
PROFILE_TOTAL degree=1024 operation=verify calls=100 total=63418100 min=634181 max=634181
PROFILE_CATEGORY degree=1024 operation=verify category=other cycles=23500 entries=0
PROFILE_CATEGORY degree=1024 operation=verify category=shake cycles=46813001 entries=3200
PROFILE_CATEGORY degree=1024 operation=verify category=codec cycles=3606800 entries=200
PROFILE_CATEGORY degree=1024 operation=verify category=hash_to_point cycles=3528499 entries=100
PROFILE_CATEGORY degree=1024 operation=verify category=message_hash cycles=821400 entries=200
PROFILE_CATEGORY degree=1024 operation=verify category=fft_fixed cycles=0 entries=0
PROFILE_CATEGORY degree=1024 operation=verify category=fft_fpr cycles=0 entries=0
PROFILE_CATEGORY degree=1024 operation=verify category=ntt_q cycles=5412200 entries=200
PROFILE_CATEGORY degree=1024 operation=verify category=ntt_modp cycles=0 entries=0
PROFILE_CATEGORY degree=1024 operation=verify category=keygen_other cycles=0 entries=0
PROFILE_CATEGORY degree=1024 operation=verify category=key_preparation cycles=0 entries=0
PROFILE_CATEGORY degree=1024 operation=verify category=ntru_other cycles=0 entries=0
PROFILE_CATEGORY degree=1024 operation=verify category=crt cycles=0 entries=0
PROFILE_CATEGORY degree=1024 operation=verify category=ldl_ffsampling cycles=0 entries=0
PROFILE_CATEGORY degree=1024 operation=verify category=sampler_other cycles=0 entries=0
PROFILE_CATEGORY degree=1024 operation=verify category=gaussian_fg cycles=0 entries=0
PROFILE_CATEGORY degree=1024 operation=verify category=gaussian0 cycles=0 entries=0
PROFILE_CATEGORY degree=1024 operation=verify category=berexp cycles=0 entries=0
PROFILE_CATEGORY degree=1024 operation=verify category=norm cycles=765100 entries=300
PROFILE_CATEGORY degree=1024 operation=verify category=sign_other cycles=0 entries=0
PROFILE_CATEGORY degree=1024 operation=verify category=verify_other cycles=2447600 entries=100
PROFILE_STATUS error=0 result=0
PROFILE_DONE correctness=PASS tamper_rejection=PASS
Info : Deferring arp_examine of stm32n6x.cpu
Info : Use arp_examine command to examine it manually!
Info : dropped 'gdb' connection
0x18003514 in ?? ()
Loading section rom_start, size 0x32c lma 0x10000000
Loading section text, size 0x18a38 lma 0x10000330
Loading section .ARM.exidx, size 0x8 lma 0x30000000
Loading section initlevel, size 0xc8 lma 0x30000008
Loading section device_area, size 0x268 lma 0x300000d0
Loading section sw_isr_table, size 0x5d8 lma 0x30000338
Loading section gpio_driver_api_area, size 0x24 lma 0x30000910
Loading section reset_driver_api_area, size 0x10 lma 0x30000934
Loading section clock_control_driver_api_area, size 0x1c lma 0x30000944
Loading section otp_driver_api_area, size 0x4 lma 0x30000960
Loading section uart_driver_api_area, size 0x14 lma 0x30000964
Loading section rodata, size 0xe3c8 lma 0x30000980
Loading section datas, size 0x4c lma 0x3000ed60
Loading section device_states, size 0x2c lma 0x3000edac
Loading section k_mutex_area, size 0x14 lma 0x3000edd8
Loading section .last_section, size 0x4 lma 0x3000edec
Start address 0x10013f38, load size 162612
Transfer rate: 541 KB/sec, 6504 bytes/write.
Temporary breakpoint 1 at 0x10010cb8: file /Users/seungwon/FALCON/fn-dsa_m55/measurement_mlkem_native/env/mlkem-native-637d076aa113d8faaec2277ed4a46b657acaf35f/test/zephyr/app/shim_nucleo_n657x0_q.c, line 254.
Hardware assisted breakpoint 2 at 0x10013f24: file /Users/seungwon/FALCON/fn-dsa_m55/measurement_mlkem_native/env/zephyr-4.4.1/arch/arm/core/cortex_m/fault_s.S, line 80.

Temporary breakpoint 1, get_bootargs () at /Users/seungwon/FALCON/fn-dsa_m55/measurement_mlkem_native/env/mlkem-native-637d076aa113d8faaec2277ed4a46b657acaf35f/test/zephyr/app/shim_nucleo_n657x0_q.c:254
254	  return mlk_bootargs_block;
TCM_CONTROL_START=0x99
TCM_MSCR_START=0x1300a
Restoring binary file /var/folders/cl/qszfy4ys3t51fgwf6m125j080000gt/T/tmp98sb75uq/argv.bin into memory (0x340b0000 to 0x340c0000)
Breakpoint 3 at 0x10010c68: file /Users/seungwon/FALCON/fn-dsa_m55/measurement_mlkem_native/env/mlkem-native-637d076aa113d8faaec2277ed4a46b657acaf35f/test/zephyr/app/shim_nucleo_n657x0_q.c, line 148.
Breakpoint 4 at 0x10013f24: file /Users/seungwon/FALCON/fn-dsa_m55/measurement_mlkem_native/env/zephyr-4.4.1/arch/arm/core/cortex_m/fault_s.S, line 80.

Breakpoint 3, nucleo_test_breakpoint (rc=rc@entry=0) at /Users/seungwon/FALCON/fn-dsa_m55/measurement_mlkem_native/env/mlkem-native-637d076aa113d8faaec2277ed4a46b657acaf35f/test/zephyr/app/shim_nucleo_n657x0_q.c:148
148	  __asm__ volatile("bkpt 0" ::: "memory");
[[NUCLEO-DONE]]
NUCLEO_EXIT_CODE=0
r0             0x0                 0
r1             0xe0000000          -536870912
r2             0x1000900           16779520
r3             0x985e4b            9985611
r4             0x0                 0
r5             0x300000d0          805306576
r6             0x30000910          805308688
r7             0x300262e0          805462752
r8             0x300000d0          805306576
r9             0x30036420          805528608
r10            0x34102040          873472064
r11            0x56021800          1442977792
r12            0xa                 10
sp             0x300363d0          0x300363d0 <z_main_stack+65456>
lr             0x10010caf          268504239
pc             0x10010c68          0x10010c68 <nucleo_test_breakpoint>
xpsr           0x90c0000           151781376
fpscr          0x40000             262144
msp            0x300262e0          0x300262e0 <z_idle_stacks>
psp            0x300363d0          0x300363d0 <z_main_stack+65456>
vpr            0xf330              [ P0=62256 MASK01=0 MASK23=0 ]
msp_ns         0x241077f0          0x241077f0
psp_ns         0x241077f0          0x241077f0
msp_s          0x300262e0          0x300262e0 <z_idle_stacks>
psp_s          0x300363d0          0x300363d0 <z_main_stack+65456>
primask        0x0                 0
basepri        0x0                 0
faultmask      0x0                 0
control        0x6                 6
msplim_s       0x30025ae0          0x30025ae0 <z_interrupt_stacks>
psplim_s       0x30026420          0x30026420 <z_main_stack>
msplim_ns      0x24106ff0          0x24106ff0
psplim_ns      0x24106ff0          0x24106ff0
primask_s      0x0                 0
basepri_s      0x0                 0
faultmask_s    0x0                 0
control_s      0x6                 6
primask_ns     0x0                 0
basepri_ns     0x0                 0
faultmask_ns   0x0                 0
control_ns     0x4                 4
p0             0xf330              -3280
0x300363d0 <z_main_stack+65456>:	0x00000000	0x10010ccb	0x00000000	0x1001762b
CFSR=0x0
HFSR=0x0
DFSR=0x0
MMFAR=0x0
BFAR=0xf30379ad
AFSR=0x0
SHCSR=0xf0000
CCR=0x611
MSP=0x300262e0
PSP=0x300363d0
LR=0x10010caf
PC=0x10010c68
STACKED_R0_R1_R2_R3_R12_LR_PC_XPSR:
0x300363d0 <z_main_stack+65456>:	0x00000000	0x10010ccb	0x00000000	0x1001762b
0x300363e0 <z_main_stack+65472>:	0x00000000	0x00000000	0x00000000	0x00000000
0xe000ed28:	0x00000000	0x00000000	0x00000000	0x00000000
0xe000ed38:	0xf30379ad
TCM_CONTROL_END=0x99
TCM_MSCR_END=0x1300a
[Inferior 1 (Remote target) detached]
none separate
Deferring arp_examine of stm32n6x.cpu
Use arp_examine command to examine it manually!
