[exec_wrapper] configuring FLEXMEM...
[exec_wrapper] starting OpenOCD on port 3349...
[exec_wrapper] SWO redirect port 60421
[exec_wrapper] /Users/seungwon/FALCON/fn-dsa_m55/measurement_mlkem_native/env/openocd-4e9b167/bin/openocd -f interface/stlink.cfg -c transport select swd -f target/stm32n6x.cfg -c if {[lsearch -exact [target names] stm32n6x.cpu] >= 0} { stm32n6x.cpu configure -defer-examine } -c adapter speed 8000 -c adapter serial 003C00223335510735383531 -c reset_config srst_only srst_nogate -c gdb_port 3349 -c tcl_port disabled -c telnet_port disabled -c init -c stm32n6x.cpu arp_examine -c stm32n6x.swo configure -protocol uart -traceclk 100000000 -pin-freq 1000000 -output :60421 -formatter 0 -c stm32n6x.swo enable -c stm32n6x.cpu itm port 0 on
============ GDB SCRIPT ============
set pagination off
set confirm off
target remote localhost:3349
load
tbreak *0x10013ee8
hbreak *0x10017154
set $early_fault_bp = $bpnum
jump *0x10017169
if $pc != 0x10013ee8
echo [[STARTUP-FAULT]]\n
info registers
x/8wx $psp
x/8wx $msp
x/8i *(unsigned int*)($psp+24)
x/6wx 0xE000ED28
x/6wx 0xE001E000
monitor reset_config none
monitor reset run
quit 1
end
delete $early_fault_bp
echo TCM_MSCR_START=
output/x *(unsigned int*)0xE001E000
echo \n
restore /var/folders/cl/qszfy4ys3t51fgwf6m125j080000gt/T/tmppt745fkx/argv.bin binary 0x340b0000
set $nucleo_exit_code = -1
break *0x10013e98
commands
  set $nucleo_exit_code = $r0
  echo [[NUCLEO-DONE]]\n
end
break *0x10017154
commands
  echo [[NUCLEO-HARDFAULT]]\n
end
continue
if $nucleo_exit_code != -1
  echo NUCLEO_EXIT_CODE=
  output/d $nucleo_exit_code
  echo \n
end
info registers
x/4wx $sp
echo CFSR=
output/x *(unsigned int *)0xE000ED28
echo \n
echo HFSR=
output/x *(unsigned int *)0xE000ED2C
echo \n
echo DFSR=
output/x *(unsigned int *)0xE000ED30
echo \n
echo MMFAR=
output/x *(unsigned int *)0xE000ED34
echo \n
echo BFAR=
output/x *(unsigned int *)0xE000ED38
echo \n
echo AFSR=
output/x *(unsigned int *)0xE000ED3C
echo \n
echo SHCSR=
output/x *(unsigned int *)0xE000ED24
echo \n
echo CCR=
output/x *(unsigned int *)0xE000ED14
echo \n
echo MSP=
output/x $msp
echo \n
echo PSP=
output/x $psp
echo \n
echo LR=
output/x $lr
echo \n
echo PC=
output/x $pc
echo \n
echo STACKED_R0_R1_R2_R3_R12_LR_PC_XPSR:\n
if ($lr & 4)
  x/8wx $psp
else
  x/8wx $msp
end
x/4wx 0xE000ED28
x/wx 0xE000ED38
echo TCM_MSCR_END=
output/x *(unsigned int*)0xE001E000
echo \n
monitor reset_config none
monitor reset run
====================================
[exec_wrapper] running gdb batch
Open On-Chip Debugger 0.12.0+dev-g4e9b167 (2026-09-09-11:52)
Licensed under GNU GPL v2
For bug reports, read
	http://openocd.org/doc/doxygen/bugs.html
adapter speed: 8000 kHz
srst_only separate srst_nogate srst_open_drain connect_deassert_srst
DEPRECATED! use 'gdb port', not 'gdb_port'
DEPRECATED! use 'tcl port' not 'tcl_port'
DEPRECATED! use 'telnet port', not 'telnet_port'
Info : STLINK V3J15M6 (API v3) VID:PID 0483:3754
Info : Target voltage: 3.276064
Info : clock speed 8000 kHz
Info : SWD DPIDR 0x6ba02477
Info : [stm32n6x.ap0] Examination succeed
Info : [stm32n6x.ap0] gdb port disabled
Info : [stm32n6x.cpu] starting gdb server on 3349
Info : Listening on port 3349 for gdb connections
Info : [stm32n6x.cpu] Cortex-M55 r1p1 processor detected
Info : [stm32n6x.cpu] target has 8 breakpoints, 8 watchpoints
Info : starting trace server for stm32n6x.swo on 60421
Info : Listening on port 60421 for tpiu_swo_trace connections
Info : tcl server disabled
Info : telnet server disabled
Info : accepting 'tpiu_swo_trace' connection on tcp/60421
Info : accepting 'gdb' connection on tcp/3349
stm32n6x.cpu in Secure state
[stm32n6x.cpu] halted due to debug-request, current mode: Thread
xPSR: 0x21000000 pc: 0x18003514 msp: 0x341037a8
Info : New GDB Connection: 1, Target stm32n6x.cpu, state: halted
Warn : Prefer GDB command "target extended-remote :3349" instead of "target remote :3349"
FNDSA_BEGIN mode=pilot batches=1 warmups=1 iterations=1
BUILD gcc=15.2.1 20251203 asm_m4=1 m55_compat=1 mve_feature=3
CONFIG cycle_hz=800000000 stack=65536 fpu=1 cache_management=0 icache=1 dcache=1
CORE cpuid=411fd221 ccr=00000611 vtor=10000000 cpacr=00500000 primask=0 basepri=0 control=14
TCM itcmcr=00000049 dtcmcr=00000049 mpu=00000005
ADDR code=10010681 sk=30024a40 pk=30024320 sig=30023e20 tmp=30015200 sp=3003bdb8
CLOCK SystemCoreClock=800000000 CFGR1=33330000 CFGR2=01100000 HSECFGR=00000840
CLOCK IC1=00020000 IC2=00050000 IC6=20010000 IC11=00020000
CLOCK PLL1_1=20309600 PLL1_2=00000000 PLL1_3=49000005
CLOCK_DECODE cpu=800000000 sysclk=400000000 hclk=200000000 pclk1=200000000 pclk2=200000000 pclk4=200000000 pclk5=200000000
TIMER selfcheck_100ms_zephyr=80000255 dwt=80000661 error=406
STACK start=3002c340 size=65536 watermarked_end=3003ae30
NTT_MUL_TABLE kind=barrett3 pairs=2048 mismatches=0 first=0 actual=0 expected=0
NTT_EXACT degree=512 forward_mismatches=0 roundtrip_mismatches=0 oracle_roundtrip_mismatches=0 max_mod_error=0 first_forward=4294967295 actual=0 expected=0 first_roundtrip=4294967295 first_oracle=4294967295
NTT_MUL_TABLE kind=barrett3 pairs=2048 mismatches=0 first=0 actual=0 expected=0
NTT_EXACT degree=1024 forward_mismatches=0 roundtrip_mismatches=0 oracle_roundtrip_mismatches=0 max_mod_error=0 first_forward=4294967295 actual=0 expected=0 first_roundtrip=4294967295 first_oracle=4294967295
MP31_ROUNDING cases=18923520 mismatches=0 range_errors=0 first_prime=4294967295 first_root=0
MP31_EXACT primes=308 logn=4..10 transforms=2156 forward_mismatches=0 inverse_mismatches=0 roundtrip_mismatches=0 max_mod_error=0 first_prime=4294967295 first_logn=0 first_index=0
MP31_CYCLES logn=4 direction=forward batch=0 calls=100 total=31482 per_call=314 twiddle_prepare=included
MP31_CYCLES logn=4 direction=forward batch=1 calls=100 total=31482 per_call=314 twiddle_prepare=included
MP31_CYCLES logn=4 direction=forward batch=2 calls=100 total=31482 per_call=314 twiddle_prepare=included
MP31_CYCLES logn=4 direction=forward batch=3 calls=100 total=31482 per_call=314 twiddle_prepare=included
MP31_CYCLES logn=4 direction=forward batch=4 calls=100 total=31482 per_call=314 twiddle_prepare=included
MP31_CYCLES logn=4 direction=forward batch=5 calls=100 total=31482 per_call=314 twiddle_prepare=included
MP31_CYCLES logn=4 direction=forward batch=6 calls=100 total=31482 per_call=314 twiddle_prepare=included
MP31_CYCLES logn=4 direction=forward batch=7 calls=100 total=31482 per_call=314 twiddle_prepare=included
MP31_CYCLES logn=4 direction=forward batch=8 calls=100 total=31482 per_call=314 twiddle_prepare=included
MP31_CYCLES logn=4 direction=forward batch=9 calls=100 total=31482 per_call=314 twiddle_prepare=included
MP31_CYCLES logn=4 direction=inverse batch=0 calls=100 total=34280 per_call=342 twiddle_prepare=included
MP31_CYCLES logn=4 direction=inverse batch=1 calls=100 total=34280 per_call=342 twiddle_prepare=included
MP31_CYCLES logn=4 direction=inverse batch=2 calls=100 total=34280 per_call=342 twiddle_prepare=included
MP31_CYCLES logn=4 direction=inverse batch=3 calls=100 total=34280 per_call=342 twiddle_prepare=included
MP31_CYCLES logn=4 direction=inverse batch=4 calls=100 total=34280 per_call=342 twiddle_prepare=included
MP31_CYCLES logn=4 direction=inverse batch=5 calls=100 total=34280 per_call=342 twiddle_prepare=included
MP31_CYCLES logn=4 direction=inverse batch=6 calls=100 total=34280 per_call=342 twiddle_prepare=included
MP31_CYCLES logn=4 direction=inverse batch=7 calls=100 total=34280 per_call=342 twiddle_prepare=included
MP31_CYCLES logn=4 direction=inverse batch=8 calls=100 total=34280 per_call=342 twiddle_prepare=included
MP31_CYCLES logn=4 direction=inverse batch=9 calls=100 total=34280 per_call=342 twiddle_prepare=included
MP31_CYCLES logn=5 direction=forward batch=0 calls=100 total=70282 per_call=702 twiddle_prepare=included
MP31_CYCLES logn=5 direction=forward batch=1 calls=100 total=70282 per_call=702 twiddle_prepare=included
MP31_CYCLES logn=5 direction=forward batch=2 calls=100 total=70282 per_call=702 twiddle_prepare=included
MP31_CYCLES logn=5 direction=forward batch=3 calls=100 total=70282 per_call=702 twiddle_prepare=included
MP31_CYCLES logn=5 direction=forward batch=4 calls=100 total=70282 per_call=702 twiddle_prepare=included
MP31_CYCLES logn=5 direction=forward batch=5 calls=100 total=70282 per_call=702 twiddle_prepare=included
MP31_CYCLES logn=5 direction=forward batch=6 calls=100 total=70282 per_call=702 twiddle_prepare=included
MP31_CYCLES logn=5 direction=forward batch=7 calls=100 total=70282 per_call=702 twiddle_prepare=included
MP31_CYCLES logn=5 direction=forward batch=8 calls=100 total=70282 per_call=702 twiddle_prepare=included
MP31_CYCLES logn=5 direction=forward batch=9 calls=100 total=70282 per_call=702 twiddle_prepare=included
MP31_CYCLES logn=5 direction=inverse batch=0 calls=100 total=72380 per_call=723 twiddle_prepare=included
MP31_CYCLES logn=5 direction=inverse batch=1 calls=100 total=72380 per_call=723 twiddle_prepare=included
MP31_CYCLES logn=5 direction=inverse batch=2 calls=100 total=72380 per_call=723 twiddle_prepare=included
MP31_CYCLES logn=5 direction=inverse batch=3 calls=100 total=72380 per_call=723 twiddle_prepare=included
MP31_CYCLES logn=5 direction=inverse batch=4 calls=100 total=72380 per_call=723 twiddle_prepare=included
MP31_CYCLES logn=5 direction=inverse batch=5 calls=100 total=72380 per_call=723 twiddle_prepare=included
MP31_CYCLES logn=5 direction=inverse batch=6 calls=100 total=72380 per_call=723 twiddle_prepare=included
MP31_CYCLES logn=5 direction=inverse batch=7 calls=100 total=72380 per_call=723 twiddle_prepare=included
MP31_CYCLES logn=5 direction=inverse batch=8 calls=100 total=72380 per_call=723 twiddle_prepare=included
MP31_CYCLES logn=5 direction=inverse batch=9 calls=100 total=72380 per_call=723 twiddle_prepare=included
MP31_CYCLES logn=6 direction=forward batch=0 calls=100 total=148282 per_call=1482 twiddle_prepare=included
MP31_CYCLES logn=6 direction=forward batch=1 calls=100 total=148282 per_call=1482 twiddle_prepare=included
MP31_CYCLES logn=6 direction=forward batch=2 calls=100 total=148282 per_call=1482 twiddle_prepare=included
MP31_CYCLES logn=6 direction=forward batch=3 calls=100 total=148282 per_call=1482 twiddle_prepare=included
MP31_CYCLES logn=6 direction=forward batch=4 calls=100 total=148282 per_call=1482 twiddle_prepare=included
MP31_CYCLES logn=6 direction=forward batch=5 calls=100 total=148282 per_call=1482 twiddle_prepare=included
MP31_CYCLES logn=6 direction=forward batch=6 calls=100 total=148282 per_call=1482 twiddle_prepare=included
MP31_CYCLES logn=6 direction=forward batch=7 calls=100 total=148282 per_call=1482 twiddle_prepare=included
MP31_CYCLES logn=6 direction=forward batch=8 calls=100 total=148282 per_call=1482 twiddle_prepare=included
MP31_CYCLES logn=6 direction=forward batch=9 calls=100 total=148282 per_call=1482 twiddle_prepare=included
MP31_CYCLES logn=6 direction=inverse batch=0 calls=100 total=147980 per_call=1479 twiddle_prepare=included
MP31_CYCLES logn=6 direction=inverse batch=1 calls=100 total=147980 per_call=1479 twiddle_prepare=included
MP31_CYCLES logn=6 direction=inverse batch=2 calls=100 total=147980 per_call=1479 twiddle_prepare=included
MP31_CYCLES logn=6 direction=inverse batch=3 calls=100 total=147980 per_call=1479 twiddle_prepare=included
MP31_CYCLES logn=6 direction=inverse batch=4 calls=100 total=147980 per_call=1479 twiddle_prepare=included
MP31_CYCLES logn=6 direction=inverse batch=5 calls=100 total=147980 per_call=1479 twiddle_prepare=included
MP31_CYCLES logn=6 direction=inverse batch=6 calls=100 total=147980 per_call=1479 twiddle_prepare=included
MP31_CYCLES logn=6 direction=inverse batch=7 calls=100 total=147980 per_call=1479 twiddle_prepare=included
MP31_CYCLES logn=6 direction=inverse batch=8 calls=100 total=147980 per_call=1479 twiddle_prepare=included
MP31_CYCLES logn=6 direction=inverse batch=9 calls=100 total=147980 per_call=1479 twiddle_prepare=included
MP31_CYCLES logn=7 direction=forward batch=0 calls=100 total=344182 per_call=3441 twiddle_prepare=included
MP31_CYCLES logn=7 direction=forward batch=1 calls=100 total=344182 per_call=3441 twiddle_prepare=included
MP31_CYCLES logn=7 direction=forward batch=2 calls=100 total=344182 per_call=3441 twiddle_prepare=included
MP31_CYCLES logn=7 direction=forward batch=3 calls=100 total=344182 per_call=3441 twiddle_prepare=included
MP31_CYCLES logn=7 direction=forward batch=4 calls=100 total=344182 per_call=3441 twiddle_prepare=included
MP31_CYCLES logn=7 direction=forward batch=5 calls=100 total=344182 per_call=3441 twiddle_prepare=included
MP31_CYCLES logn=7 direction=forward batch=6 calls=100 total=344182 per_call=3441 twiddle_prepare=included
MP31_CYCLES logn=7 direction=forward batch=7 calls=100 total=344182 per_call=3441 twiddle_prepare=included
MP31_CYCLES logn=7 direction=forward batch=8 calls=100 total=344182 per_call=3441 twiddle_prepare=included
MP31_CYCLES logn=7 direction=forward batch=9 calls=100 total=344182 per_call=3441 twiddle_prepare=included
MP31_CYCLES logn=7 direction=inverse batch=0 calls=100 total=338280 per_call=3382 twiddle_prepare=included
MP31_CYCLES logn=7 direction=inverse batch=1 calls=100 total=338280 per_call=3382 twiddle_prepare=included
MP31_CYCLES logn=7 direction=inverse batch=2 calls=100 total=338280 per_call=3382 twiddle_prepare=included
MP31_CYCLES logn=7 direction=inverse batch=3 calls=100 total=338280 per_call=3382 twiddle_prepare=included
MP31_CYCLES logn=7 direction=inverse batch=4 calls=100 total=338280 per_call=3382 twiddle_prepare=included
MP31_CYCLES logn=7 direction=inverse batch=5 calls=100 total=338280 per_call=3382 twiddle_prepare=included
MP31_CYCLES logn=7 direction=inverse batch=6 calls=100 total=338280 per_call=3382 twiddle_prepare=included
MP31_CYCLES logn=7 direction=inverse batch=7 calls=100 total=338280 per_call=3382 twiddle_prepare=included
MP31_CYCLES logn=7 direction=inverse batch=8 calls=100 total=338280 per_call=3382 twiddle_prepare=included
MP31_CYCLES logn=7 direction=inverse batch=9 calls=100 total=338280 per_call=3382 twiddle_prepare=included
MP31_CYCLES logn=8 direction=forward batch=0 calls=100 total=763082 per_call=7630 twiddle_prepare=included
MP31_CYCLES logn=8 direction=forward batch=1 calls=100 total=763082 per_call=7630 twiddle_prepare=included
MP31_CYCLES logn=8 direction=forward batch=2 calls=100 total=763082 per_call=7630 twiddle_prepare=included
MP31_CYCLES logn=8 direction=forward batch=3 calls=100 total=764173 per_call=7641 twiddle_prepare=included
MP31_CYCLES logn=8 direction=forward batch=4 calls=100 total=763082 per_call=7630 twiddle_prepare=included
MP31_CYCLES logn=8 direction=forward batch=5 calls=100 total=763082 per_call=7630 twiddle_prepare=included
MP31_CYCLES logn=8 direction=forward batch=6 calls=100 total=763082 per_call=7630 twiddle_prepare=included
MP31_CYCLES logn=8 direction=forward batch=7 calls=100 total=763082 per_call=7630 twiddle_prepare=included
MP31_CYCLES logn=8 direction=forward batch=8 calls=100 total=763082 per_call=7630 twiddle_prepare=included
MP31_CYCLES logn=8 direction=forward batch=9 calls=100 total=763082 per_call=7630 twiddle_prepare=included
MP31_CYCLES logn=8 direction=inverse batch=0 calls=100 total=727680 per_call=7276 twiddle_prepare=included
MP31_CYCLES logn=8 direction=inverse batch=1 calls=100 total=727680 per_call=7276 twiddle_prepare=included
MP31_CYCLES logn=8 direction=inverse batch=2 calls=100 total=727680 per_call=7276 twiddle_prepare=included
MP31_CYCLES logn=8 direction=inverse batch=3 calls=100 total=727680 per_call=7276 twiddle_prepare=included
MP31_CYCLES logn=8 direction=inverse batch=4 calls=100 total=727680 per_call=7276 twiddle_prepare=included
MP31_CYCLES logn=8 direction=inverse batch=5 calls=100 total=727680 per_call=7276 twiddle_prepare=included
MP31_CYCLES logn=8 direction=inverse batch=6 calls=100 total=727680 per_call=7276 twiddle_prepare=included
MP31_CYCLES logn=8 direction=inverse batch=7 calls=100 total=727680 per_call=7276 twiddle_prepare=included
MP31_CYCLES logn=8 direction=inverse batch=8 calls=100 total=727680 per_call=7276 twiddle_prepare=included
MP31_CYCLES logn=8 direction=inverse batch=9 calls=100 total=727680 per_call=7276 twiddle_prepare=included
MP31_CYCLES logn=9 direction=forward batch=0 calls=100 total=1716782 per_call=17167 twiddle_prepare=included
MP31_CYCLES logn=9 direction=forward batch=1 calls=100 total=1716782 per_call=17167 twiddle_prepare=included
MP31_CYCLES logn=9 direction=forward batch=2 calls=100 total=1716782 per_call=17167 twiddle_prepare=included
MP31_CYCLES logn=9 direction=forward batch=3 calls=100 total=1717872 per_call=17178 twiddle_prepare=included
MP31_CYCLES logn=9 direction=forward batch=4 calls=100 total=1716782 per_call=17167 twiddle_prepare=included
MP31_CYCLES logn=9 direction=forward batch=5 calls=100 total=1716782 per_call=17167 twiddle_prepare=included
MP31_CYCLES logn=9 direction=forward batch=6 calls=100 total=1716782 per_call=17167 twiddle_prepare=included
MP31_CYCLES logn=9 direction=forward batch=7 calls=100 total=1716782 per_call=17167 twiddle_prepare=included
MP31_CYCLES logn=9 direction=forward batch=8 calls=100 total=1717872 per_call=17178 twiddle_prepare=included
MP31_CYCLES logn=9 direction=forward batch=9 calls=100 total=1716782 per_call=17167 twiddle_prepare=included
MP31_CYCLES logn=9 direction=inverse batch=0 calls=100 total=1653580 per_call=16535 twiddle_prepare=included
MP31_CYCLES logn=9 direction=inverse batch=1 calls=100 total=1653580 per_call=16535 twiddle_prepare=included
MP31_CYCLES logn=9 direction=inverse batch=2 calls=100 total=1653580 per_call=16535 twiddle_prepare=included
MP31_CYCLES logn=9 direction=inverse batch=3 calls=100 total=1654669 per_call=16546 twiddle_prepare=included
MP31_CYCLES logn=9 direction=inverse batch=4 calls=100 total=1653580 per_call=16535 twiddle_prepare=included
MP31_CYCLES logn=9 direction=inverse batch=5 calls=100 total=1653580 per_call=16535 twiddle_prepare=included
MP31_CYCLES logn=9 direction=inverse batch=6 calls=100 total=1653580 per_call=16535 twiddle_prepare=included
MP31_CYCLES logn=9 direction=inverse batch=7 calls=100 total=1653580 per_call=16535 twiddle_prepare=included
MP31_CYCLES logn=9 direction=inverse batch=8 calls=100 total=1654671 per_call=16546 twiddle_prepare=included
MP31_CYCLES logn=9 direction=inverse batch=9 calls=100 total=1653580 per_call=16535 twiddle_prepare=included
MP31_CYCLES logn=10 direction=forward batch=0 calls=100 total=3760482 per_call=37604 twiddle_prepare=included
MP31_CYCLES logn=10 direction=forward batch=1 calls=100 total=3760482 per_call=37604 twiddle_prepare=included
MP31_CYCLES logn=10 direction=forward batch=2 calls=100 total=3761574 per_call=37615 twiddle_prepare=included
MP31_CYCLES logn=10 direction=forward batch=3 calls=100 total=3760482 per_call=37604 twiddle_prepare=included
MP31_CYCLES logn=10 direction=forward batch=4 calls=100 total=3760482 per_call=37604 twiddle_prepare=included
MP31_CYCLES logn=10 direction=forward batch=5 calls=100 total=3761573 per_call=37615 twiddle_prepare=included
MP31_CYCLES logn=10 direction=forward batch=6 calls=100 total=3760482 per_call=37604 twiddle_prepare=included
MP31_CYCLES logn=10 direction=forward batch=7 calls=100 total=3760482 per_call=37604 twiddle_prepare=included
MP31_CYCLES logn=10 direction=forward batch=8 calls=100 total=3761574 per_call=37615 twiddle_prepare=included
MP31_CYCLES logn=10 direction=forward batch=9 calls=100 total=3760482 per_call=37604 twiddle_prepare=included
MP31_CYCLES logn=10 direction=inverse batch=0 calls=100 total=3557380 per_call=35573 twiddle_prepare=included
MP31_CYCLES logn=10 direction=inverse batch=1 calls=100 total=3558471 per_call=35584 twiddle_prepare=included
MP31_CYCLES logn=10 direction=inverse batch=2 calls=100 total=3557380 per_call=35573 twiddle_prepare=included
MP31_CYCLES logn=10 direction=inverse batch=3 calls=100 total=3557380 per_call=35573 twiddle_prepare=included
MP31_CYCLES logn=10 direction=inverse batch=4 calls=100 total=3558471 per_call=35584 twiddle_prepare=included
MP31_CYCLES logn=10 direction=inverse batch=5 calls=100 total=3557380 per_call=35573 twiddle_prepare=included
MP31_CYCLES logn=10 direction=inverse batch=6 calls=100 total=3557380 per_call=35573 twiddle_prepare=included
MP31_CYCLES logn=10 direction=inverse batch=7 calls=100 total=3558471 per_call=35584 twiddle_prepare=included
MP31_CYCLES logn=10 direction=inverse batch=8 calls=100 total=3557380 per_call=35573 twiddle_prepare=included
MP31_CYCLES logn=10 direction=inverse batch=9 calls=100 total=3557380 per_call=35573 twiddle_prepare=included
PHASE degree=512 batch=0 op=0
