TOTAL,0,10,39193000,3066000,5751000
CATEGORY,0,0,39193000,0
CATEGORY,0,1,0,0
CATEGORY,0,2,0,0
CATEGORY,0,3,0,0
CATEGORY,0,4,0,0
CATEGORY,0,5,0,0
CATEGORY,0,6,0,0
CATEGORY,0,7,0,0
CATEGORY,0,8,0,0
CATEGORY,0,9,0,0
CATEGORY,0,10,0,0
CATEGORY,0,11,0,0
CATEGORY,0,12,0,0
CATEGORY,0,13,0,0
CATEGORY,0,14,0,0
CATEGORY,0,15,0,0
CATEGORY,0,16,0,0
CATEGORY,0,17,0,0
CATEGORY,0,18,0,0
CATEGORY,0,19,0,0
CATEGORY,0,20,0,0
TOTAL,1,100,220533000,2164000,2394000
CATEGORY,1,0,220533000,0
CATEGORY,1,1,0,0
CATEGORY,1,2,0,0
CATEGORY,1,3,0,0
CATEGORY,1,4,0,0
CATEGORY,1,5,0,0
CATEGORY,1,6,0,0
CATEGORY,1,7,0,0
CATEGORY,1,8,0,0
CATEGORY,1,9,0,0
CATEGORY,1,10,0,0
CATEGORY,1,11,0,0
CATEGORY,1,12,0,0
CATEGORY,1,13,0,0
CATEGORY,1,14,0,0
CATEGORY,1,15,0,0
CATEGORY,1,16,0,0
CATEGORY,1,17,0,0
CATEGORY,1,18,0,0
CATEGORY,1,19,0,0
CATEGORY,1,20,0,0
TOTAL,2,100,1712000,16000,23000
CATEGORY,2,0,1712000,0
CATEGORY,2,1,0,0
CATEGORY,2,2,0,0
CATEGORY,2,3,0,0
CATEGORY,2,4,0,0
CATEGORY,2,5,0,0
CATEGORY,2,6,0,0
CATEGORY,2,7,0,0
CATEGORY,2,8,0,0
CATEGORY,2,9,0,0
CATEGORY,2,10,0,0
CATEGORY,2,11,0,0
CATEGORY,2,12,0,0
CATEGORY,2,13,0,0
CATEGORY,2,14,0,0
CATEGORY,2,15,0,0
CATEGORY,2,16,0,0
CATEGORY,2,17,0,0
CATEGORY,2,18,0,0
CATEGORY,2,19,0,0
CATEGORY,2,20,0,0
RESULT,state=600d0000,error=0,profile_error=0,fingerprint=21d16142
