FNDSA_BEGIN mode=full batches=10 warmups=0 iterations=1
PHASE degree=512 batch=0 op=0
BATCH degree=512 batch=0 op=0 total=0 per_call=0
PHASE degree=512 batch=0 op=1
BATCH degree=512 batch=0 op=1 total=0 per_call=0
PHASE degree=512 batch=0 op=2
BATCH degree=512 batch=0 op=2 total=0 per_call=0
DIGEST degree=512 batch=0 shake256=9fd7c627fa100863e8f684339f3eb3835fc55a24066f4dd34aea05d555d8eadd
PHASE degree=512 batch=1 op=0
BATCH degree=512 batch=1 op=0 total=0 per_call=0
PHASE degree=512 batch=1 op=1
BATCH degree=512 batch=1 op=1 total=0 per_call=0
PHASE degree=512 batch=1 op=2
BATCH degree=512 batch=1 op=2 total=0 per_call=0
DIGEST degree=512 batch=1 shake256=5b69a0ccfcb5334d1714c75887d4e3560e57c5260185b3e4d629c7ed15ef5a59
PHASE degree=512 batch=2 op=0
BATCH degree=512 batch=2 op=0 total=0 per_call=0
PHASE degree=512 batch=2 op=1
BATCH degree=512 batch=2 op=1 total=0 per_call=0
PHASE degree=512 batch=2 op=2
BATCH degree=512 batch=2 op=2 total=0 per_call=0
DIGEST degree=512 batch=2 shake256=8e94da3992ad2b0b58b5f1fb24edb669aa510879992028b7e19e54913ca099ff
PHASE degree=512 batch=3 op=0
BATCH degree=512 batch=3 op=0 total=0 per_call=0
PHASE degree=512 batch=3 op=1
BATCH degree=512 batch=3 op=1 total=0 per_call=0
PHASE degree=512 batch=3 op=2
BATCH degree=512 batch=3 op=2 total=0 per_call=0
DIGEST degree=512 batch=3 shake256=baed1ee121c159107fcae7fc39cd47321cf3e6e57b0d681dd0dd4bebea74b5af
PHASE degree=512 batch=4 op=0
BATCH degree=512 batch=4 op=0 total=0 per_call=0
PHASE degree=512 batch=4 op=1
BATCH degree=512 batch=4 op=1 total=0 per_call=0
PHASE degree=512 batch=4 op=2
BATCH degree=512 batch=4 op=2 total=0 per_call=0
DIGEST degree=512 batch=4 shake256=1e8e5dd8133848e3117aa382c435644d8f91eb53750bb29b5e504a0d86705c6f
PHASE degree=512 batch=5 op=0
BATCH degree=512 batch=5 op=0 total=0 per_call=0
PHASE degree=512 batch=5 op=1
BATCH degree=512 batch=5 op=1 total=0 per_call=0
PHASE degree=512 batch=5 op=2
BATCH degree=512 batch=5 op=2 total=0 per_call=0
DIGEST degree=512 batch=5 shake256=55be9bdeef8f2c0045c807dee826814bba467bf96e86e8a952161b909e7dd743
PHASE degree=512 batch=6 op=0
BATCH degree=512 batch=6 op=0 total=0 per_call=0
PHASE degree=512 batch=6 op=1
BATCH degree=512 batch=6 op=1 total=0 per_call=0
PHASE degree=512 batch=6 op=2
BATCH degree=512 batch=6 op=2 total=0 per_call=0
DIGEST degree=512 batch=6 shake256=ee778ef0596faa884925468c99e6a3c7c1cb7f84dfd5c314c535a3b05c4b40a1
PHASE degree=512 batch=7 op=0
BATCH degree=512 batch=7 op=0 total=0 per_call=0
PHASE degree=512 batch=7 op=1
BATCH degree=512 batch=7 op=1 total=0 per_call=0
PHASE degree=512 batch=7 op=2
BATCH degree=512 batch=7 op=2 total=0 per_call=0
DIGEST degree=512 batch=7 shake256=67faa3bc7b82a21816759c3144b355f9295aa2593ea7a49886815a206c8f73bc
PHASE degree=512 batch=8 op=0
BATCH degree=512 batch=8 op=0 total=0 per_call=0
PHASE degree=512 batch=8 op=1
BATCH degree=512 batch=8 op=1 total=0 per_call=0
PHASE degree=512 batch=8 op=2
BATCH degree=512 batch=8 op=2 total=0 per_call=0
DIGEST degree=512 batch=8 shake256=52d3eecae1699a17991cd4b189e813c76dbfa438a5c07b1fe4f057e06a8d6da8
PHASE degree=512 batch=9 op=0
BATCH degree=512 batch=9 op=0 total=0 per_call=0
PHASE degree=512 batch=9 op=1
BATCH degree=512 batch=9 op=1 total=0 per_call=0
PHASE degree=512 batch=9 op=2
BATCH degree=512 batch=9 op=2 total=0 per_call=0
DIGEST degree=512 batch=9 shake256=2405bd63d5a48ca7a926a63444d6c6badf4533539151b2778d705ebf28ceac97
AUDIT degree=512 shake256=c455025367f3309f0ecb04b2d8784afe9d1cba965d99ae9246eb0c1528b0419b
SUMMARY degree=512 op=0 upper_median=0 p1=0 p10=0 p20=0 p30=0 p40=0 p50=0 p60=0 p70=0 p80=0 p90=0 p99=0
SUMMARY degree=512 op=1 upper_median=0 p1=0 p10=0 p20=0 p30=0 p40=0 p50=0 p60=0 p70=0 p80=0 p90=0 p99=0
SUMMARY degree=512 op=2 upper_median=0 p1=0 p10=0 p20=0 p30=0 p40=0 p50=0 p60=0 p70=0 p80=0 p90=0 p99=0
PHASE degree=1024 batch=0 op=0
BATCH degree=1024 batch=0 op=0 total=0 per_call=0
PHASE degree=1024 batch=0 op=1
BATCH degree=1024 batch=0 op=1 total=0 per_call=0
PHASE degree=1024 batch=0 op=2
BATCH degree=1024 batch=0 op=2 total=0 per_call=0
DIGEST degree=1024 batch=0 shake256=c543754d19ef263221b2316acac8ad5c34502886750fdd5bfffd4f5487c018bb
PHASE degree=1024 batch=1 op=0
BATCH degree=1024 batch=1 op=0 total=0 per_call=0
PHASE degree=1024 batch=1 op=1
BATCH degree=1024 batch=1 op=1 total=0 per_call=0
PHASE degree=1024 batch=1 op=2
BATCH degree=1024 batch=1 op=2 total=0 per_call=0
DIGEST degree=1024 batch=1 shake256=400064f4596e3d533749bb9b14e07a4c3ee2f51e4c503631743aada416ca154d
PHASE degree=1024 batch=2 op=0
BATCH degree=1024 batch=2 op=0 total=0 per_call=0
PHASE degree=1024 batch=2 op=1
BATCH degree=1024 batch=2 op=1 total=0 per_call=0
PHASE degree=1024 batch=2 op=2
BATCH degree=1024 batch=2 op=2 total=0 per_call=0
DIGEST degree=1024 batch=2 shake256=c8f763cc6ba2ff8c0cea3130dbc5001b7c64353fd5473b15b8ed98a5d294cf42
PHASE degree=1024 batch=3 op=0
BATCH degree=1024 batch=3 op=0 total=0 per_call=0
PHASE degree=1024 batch=3 op=1
BATCH degree=1024 batch=3 op=1 total=0 per_call=0
PHASE degree=1024 batch=3 op=2
BATCH degree=1024 batch=3 op=2 total=0 per_call=0
DIGEST degree=1024 batch=3 shake256=78261ecd967b617c9dec3202e71ae67dd85cff87716a7c25ed3d2870828ccb2c
PHASE degree=1024 batch=4 op=0
BATCH degree=1024 batch=4 op=0 total=0 per_call=0
PHASE degree=1024 batch=4 op=1
BATCH degree=1024 batch=4 op=1 total=0 per_call=0
PHASE degree=1024 batch=4 op=2
BATCH degree=1024 batch=4 op=2 total=0 per_call=0
DIGEST degree=1024 batch=4 shake256=25c07b9897ace42311bcf8dcf9792e827783a5dc503c324873b92f7291d763d5
PHASE degree=1024 batch=5 op=0
BATCH degree=1024 batch=5 op=0 total=0 per_call=0
PHASE degree=1024 batch=5 op=1
BATCH degree=1024 batch=5 op=1 total=0 per_call=0
PHASE degree=1024 batch=5 op=2
BATCH degree=1024 batch=5 op=2 total=0 per_call=0
DIGEST degree=1024 batch=5 shake256=33ec81bdfbb949e6f7d07edb3d471128919d04debf0c4ad66cbb93328125f61a
PHASE degree=1024 batch=6 op=0
BATCH degree=1024 batch=6 op=0 total=0 per_call=0
PHASE degree=1024 batch=6 op=1
BATCH degree=1024 batch=6 op=1 total=0 per_call=0
PHASE degree=1024 batch=6 op=2
BATCH degree=1024 batch=6 op=2 total=0 per_call=0
DIGEST degree=1024 batch=6 shake256=781798734a83f7c0132cf1fd71aeec798c4833cc5135e9cf6c54321e256adb16
PHASE degree=1024 batch=7 op=0
BATCH degree=1024 batch=7 op=0 total=0 per_call=0
PHASE degree=1024 batch=7 op=1
BATCH degree=1024 batch=7 op=1 total=0 per_call=0
PHASE degree=1024 batch=7 op=2
BATCH degree=1024 batch=7 op=2 total=0 per_call=0
DIGEST degree=1024 batch=7 shake256=f53e2a643bf74aebb49ba53617743a599ea993201f4401afc68f3066f2fe3152
PHASE degree=1024 batch=8 op=0
BATCH degree=1024 batch=8 op=0 total=0 per_call=0
PHASE degree=1024 batch=8 op=1
BATCH degree=1024 batch=8 op=1 total=0 per_call=0
PHASE degree=1024 batch=8 op=2
BATCH degree=1024 batch=8 op=2 total=0 per_call=0
DIGEST degree=1024 batch=8 shake256=b1f3c6253c2a4465c931d57ba4be8ee58a6466341b82d24b37d1e489d4f06a26
PHASE degree=1024 batch=9 op=0
BATCH degree=1024 batch=9 op=0 total=0 per_call=0
PHASE degree=1024 batch=9 op=1
BATCH degree=1024 batch=9 op=1 total=0 per_call=0
PHASE degree=1024 batch=9 op=2
BATCH degree=1024 batch=9 op=2 total=0 per_call=0
DIGEST degree=1024 batch=9 shake256=72375b3e18c2473acd5cdb152cc86a758f8dfbe9eb888f344a6e24d5011d0927
AUDIT degree=1024 shake256=72e6bed093cb6e8ea32376824caac24cb4aa210613415aa9e14ccfede589dc67
SUMMARY degree=1024 op=0 upper_median=0 p1=0 p10=0 p20=0 p30=0 p40=0 p50=0 p60=0 p70=0 p80=0 p90=0 p99=0
SUMMARY degree=1024 op=1 upper_median=0 p1=0 p10=0 p20=0 p30=0 p40=0 p50=0 p60=0 p70=0 p80=0 p90=0 p99=0
SUMMARY degree=1024 op=2 upper_median=0 p1=0 p10=0 p20=0 p30=0 p40=0 p50=0 p60=0 p70=0 p80=0 p90=0 p99=0
FNDSA_DONE correctness=PASS tamper_rejection=PASS
