FNDSA_BEGIN mode=pilot batches=1 warmups=0 iterations=1
PHASE degree=512 batch=0 op=0
BATCH degree=512 batch=0 op=0 total=0 per_call=0
PHASE degree=512 batch=0 op=1
BATCH degree=512 batch=0 op=1 total=0 per_call=0
PHASE degree=512 batch=0 op=2
BATCH degree=512 batch=0 op=2 total=0 per_call=0
DIGEST degree=512 batch=0 shake256=9fd7c627fa100863e8f684339f3eb3835fc55a24066f4dd34aea05d555d8eadd
AUDIT degree=512 shake256=9fd7c627fa100863e8f684339f3eb3835fc55a24066f4dd34aea05d555d8eadd
SUMMARY degree=512 op=0 upper_median=0 p1=0 p10=0 p20=0 p30=0 p40=0 p50=0 p60=0 p70=0 p80=0 p90=0 p99=0
SUMMARY degree=512 op=1 upper_median=0 p1=0 p10=0 p20=0 p30=0 p40=0 p50=0 p60=0 p70=0 p80=0 p90=0 p99=0
SUMMARY degree=512 op=2 upper_median=0 p1=0 p10=0 p20=0 p30=0 p40=0 p50=0 p60=0 p70=0 p80=0 p90=0 p99=0
PHASE degree=1024 batch=0 op=0
BATCH degree=1024 batch=0 op=0 total=0 per_call=0
PHASE degree=1024 batch=0 op=1
BATCH degree=1024 batch=0 op=1 total=0 per_call=0
PHASE degree=1024 batch=0 op=2
BATCH degree=1024 batch=0 op=2 total=0 per_call=0
DIGEST degree=1024 batch=0 shake256=c543754d19ef263221b2316acac8ad5c34502886750fdd5bfffd4f5487c018bb
AUDIT degree=1024 shake256=c543754d19ef263221b2316acac8ad5c34502886750fdd5bfffd4f5487c018bb
SUMMARY degree=1024 op=0 upper_median=0 p1=0 p10=0 p20=0 p30=0 p40=0 p50=0 p60=0 p70=0 p80=0 p90=0 p99=0
SUMMARY degree=1024 op=1 upper_median=0 p1=0 p10=0 p20=0 p30=0 p40=0 p50=0 p60=0 p70=0 p80=0 p90=0 p99=0
SUMMARY degree=1024 op=2 upper_median=0 p1=0 p10=0 p20=0 p30=0 p40=0 p50=0 p60=0 p70=0 p80=0 p90=0 p99=0
FNDSA_DONE correctness=PASS tamper_rejection=PASS
