TOTAL,0,10,54057000,3830000,9684000
CATEGORY,0,0,1000,0
CATEGORY,0,1,494000,1216
CATEGORY,0,2,17000,40
CATEGORY,0,3,0,0
CATEGORY,0,4,0,0
CATEGORY,0,5,1895000,16866
CATEGORY,0,6,0,0
CATEGORY,0,7,561000,98
CATEGORY,0,8,10480000,47343
CATEGORY,0,9,264000,10
CATEGORY,0,10,0,0
CATEGORY,0,11,24674000,11
CATEGORY,0,12,12391000,1504
CATEGORY,0,13,0,0
CATEGORY,0,14,0,0
CATEGORY,0,15,1194000,151
CATEGORY,0,16,0,0
CATEGORY,0,17,0,0
CATEGORY,0,18,2086000,36
CATEGORY,0,19,0,0
CATEGORY,0,20,0,0
TOTAL,1,100,230214000,2250000,2814000
CATEGORY,1,0,9000,0
CATEGORY,1,1,3800000,16189
CATEGORY,1,2,571000,800
CATEGORY,1,3,154000,100
CATEGORY,1,4,22000,100
CATEGORY,1,5,0,0
CATEGORY,1,6,59636000,700
CATEGORY,1,7,3522000,1200
CATEGORY,1,8,0,0
CATEGORY,1,9,0,0
CATEGORY,1,10,770000,100
CATEGORY,1,11,0,0
CATEGORY,1,12,0,0
CATEGORY,1,13,104676000,25600
CATEGORY,1,14,22505000,102400
CATEGORY,1,15,0,0
CATEGORY,1,16,4133000,177367
CATEGORY,1,17,20119000,177367
CATEGORY,1,18,99000,300
CATEGORY,1,19,10198000,100
CATEGORY,1,20,0,0
TOTAL,2,100,1796000,17000,25000
CATEGORY,2,0,4000,0
CATEGORY,2,1,362000,1700
CATEGORY,2,2,157000,200
CATEGORY,2,3,161000,100
CATEGORY,2,4,209000,200
CATEGORY,2,5,0,0
CATEGORY,2,6,0,0
CATEGORY,2,7,599000,200
CATEGORY,2,8,0,0
CATEGORY,2,9,0,0
CATEGORY,2,10,0,0
CATEGORY,2,11,0,0
CATEGORY,2,12,0,0
CATEGORY,2,13,0,0
CATEGORY,2,14,0,0
CATEGORY,2,15,0,0
CATEGORY,2,16,0,0
CATEGORY,2,17,0,0
CATEGORY,2,18,76000,300
CATEGORY,2,19,0,0
CATEGORY,2,20,228000,100
RESULT,state=600d0000,error=0,profile_error=0,fingerprint=21d16142
