[exec_wrapper] configuring FLEXMEM...
[exec_wrapper] starting OpenOCD on port 3349...
[exec_wrapper] SWO redirect port 63049
[exec_wrapper] /Users/seungwon/FALCON/fn-dsa_m55/measurement_mlkem_native/env/openocd-4e9b167/bin/openocd -f interface/stlink.cfg -c transport select swd -f target/stm32n6x.cfg -c if {[lsearch -exact [target names] stm32n6x.cpu] >= 0} { stm32n6x.cpu configure -defer-examine } -c adapter speed 8000 -c adapter serial 003C00223335510735383531 -c reset_config srst_only srst_nogate -c gdb_port 3349 -c tcl_port disabled -c telnet_port disabled -c init -c stm32n6x.cpu arp_examine -c stm32n6x.swo configure -protocol uart -traceclk 100000000 -pin-freq 1000000 -output :63049 -formatter 0 -c stm32n6x.swo enable -c stm32n6x.cpu itm port 0 on
============ GDB SCRIPT ============
set pagination off
set confirm off
target remote localhost:3349
load
tbreak *0x1000f188
hbreak *0x100123f4
set $early_fault_bp = $bpnum
jump *0x10012409
if $pc != 0x1000f188
echo [[STARTUP-FAULT]]\n
info registers
x/8wx $psp
x/8wx $msp
x/8i *(unsigned int*)($psp+24)
x/6wx 0xE000ED28
x/6wx 0xE001E000
monitor reset_config none
monitor reset run
quit 1
end
delete $early_fault_bp
restore /var/folders/cl/qszfy4ys3t51fgwf6m125j080000gt/T/tmpwy1df_jc/argv.bin binary 0x340b0000
set $nucleo_exit_code = -1
break *0x1000f138
commands
  set $nucleo_exit_code = $r0
  echo [[NUCLEO-DONE]]\n
end
break *0x100123f4
commands
  echo [[NUCLEO-HARDFAULT]]\n
end
continue
if $nucleo_exit_code != -1
  echo NUCLEO_EXIT_CODE=
  output/d $nucleo_exit_code
  echo \n
end
info registers
x/4wx $sp
echo CFSR=
output/x *(unsigned int *)0xE000ED28
echo \n
echo HFSR=
output/x *(unsigned int *)0xE000ED2C
echo \n
echo DFSR=
output/x *(unsigned int *)0xE000ED30
echo \n
echo MMFAR=
output/x *(unsigned int *)0xE000ED34
echo \n
echo BFAR=
output/x *(unsigned int *)0xE000ED38
echo \n
echo AFSR=
output/x *(unsigned int *)0xE000ED3C
echo \n
echo SHCSR=
output/x *(unsigned int *)0xE000ED24
echo \n
echo CCR=
output/x *(unsigned int *)0xE000ED14
echo \n
echo MSP=
output/x $msp
echo \n
echo PSP=
output/x $psp
echo \n
echo LR=
output/x $lr
echo \n
echo PC=
output/x $pc
echo \n
echo STACKED_R0_R1_R2_R3_R12_LR_PC_XPSR:\n
if ($lr & 4)
  x/8wx $psp
else
  x/8wx $msp
end
x/4wx 0xE000ED28
x/wx 0xE000ED38
monitor reset_config none
monitor reset run
====================================
[exec_wrapper] running gdb batch
Open On-Chip Debugger 0.12.0+dev-g4e9b167 (2026-09-09-11:52)
Licensed under GNU GPL v2
For bug reports, read
	http://openocd.org/doc/doxygen/bugs.html
adapter speed: 8000 kHz
srst_only separate srst_nogate srst_open_drain connect_deassert_srst
DEPRECATED! use 'gdb port', not 'gdb_port'
DEPRECATED! use 'tcl port' not 'tcl_port'
DEPRECATED! use 'telnet port', not 'telnet_port'
Info : STLINK V3J15M6 (API v3) VID:PID 0483:3754
Info : Target voltage: 3.277659
Info : clock speed 8000 kHz
Info : SWD DPIDR 0x6ba02477
Info : [stm32n6x.ap0] Examination succeed
Info : [stm32n6x.ap0] gdb port disabled
Info : [stm32n6x.cpu] starting gdb server on 3349
Info : Listening on port 3349 for gdb connections
Info : [stm32n6x.cpu] Cortex-M55 r1p1 processor detected
Info : [stm32n6x.cpu] target has 8 breakpoints, 8 watchpoints
Info : starting trace server for stm32n6x.swo on 63049
Info : Listening on port 63049 for tpiu_swo_trace connections
Info : tcl server disabled
Info : telnet server disabled
Info : accepting 'tpiu_swo_trace' connection on tcp/63049
Info : accepting 'gdb' connection on tcp/3349
stm32n6x.cpu in Secure state
[stm32n6x.cpu] halted due to debug-request, current mode: Thread
xPSR: 0x21000000 pc: 0x18003514 msp: 0x341037a8
Info : New GDB Connection: 1, Target stm32n6x.cpu, state: halted
Warn : Prefer GDB command "target extended-remote :3349" instead of "target remote :3349"
FNDSA_BEGIN mode=pilot batches=1 warmups=1 iterations=1
BUILD gcc=15.2.1 20251203 asm_m4=1 m55_compat=1 mve_feature=3
CONFIG cycle_hz=800000000 stack=65536 fpu=1 cache_management=0 icache=1 dcache=1
CORE cpuid=411fd221 ccr=00000611 vtor=10000000 cpacr=00500000 primask=0 basepri=0 control=14
TCM itcmcr=00000049 dtcmcr=00000049 mpu=00000005
ADDR code=1000d67d sk=3001c7a0 pk=3001c080 sig=3001bb80 tmp=3000cf60 sp=30033be8
CLOCK SystemCoreClock=800000000 CFGR1=33330000 CFGR2=01100000 HSECFGR=00000840
CLOCK IC1=00020000 IC2=00050000 IC6=20010000 IC11=00020000
CLOCK PLL1_1=20309600 PLL1_2=00000000 PLL1_3=49000005
CLOCK_DECODE cpu=800000000 sysclk=400000000 hclk=200000000 pclk1=200000000 pclk2=200000000 pclk4=200000000 pclk5=200000000
TIMER selfcheck_100ms_zephyr=80000220 dwt=80000590 error=370
STACK start=300240a0 size=65536 watermarked_end=30032c60
PHASE degree=512 batch=0 op=0
BATCH degree=512 batch=0 op=0 total=51998859 per_call=51998859
PHASE degree=512 batch=0 op=1
BATCH degree=512 batch=0 op=1 total=17253838 per_call=17253838
PHASE degree=512 batch=0 op=2
BATCH degree=512 batch=0 op=2 total=372464 per_call=372464
DIGEST degree=512 batch=0 shake256=9fd7c627fa100863e8f684339f3eb3835fc55a24066f4dd34aea05d555d8eadd
AUDIT degree=512 shake256=9fd7c627fa100863e8f684339f3eb3835fc55a24066f4dd34aea05d555d8eadd
SUMMARY degree=512 op=0 upper_median=51998859 p1=51998859 p10=51998859 p20=51998859 p30=51998859 p40=51998859 p50=51998859 p60=51998859 p70=51998859 p80=51998859 p90=51998859 p99=51998859
SUMMARY degree=512 op=1 upper_median=17253838 p1=17253838 p10=17253838 p20=17253838 p30=17253838 p40=17253838 p50=17253838 p60=17253838 p70=17253838 p80=17253838 p90=17253838 p99=17253838
SUMMARY degree=512 op=2 upper_median=372464 p1=372464 p10=372464 p20=372464 p30=372464 p40=372464 p50=372464 p60=372464 p70=372464 p80=372464 p90=372464 p99=372464
PHASE degree=1024 batch=0 op=0
BATCH degree=1024 batch=0 op=0 total=372111814 per_call=372111814
PHASE degree=1024 batch=0 op=1
BATCH degree=1024 batch=0 op=1 total=37387848 per_call=37387848
PHASE degree=1024 batch=0 op=2
BATCH degree=1024 batch=0 op=2 total=715678 per_call=715678
DIGEST degree=1024 batch=0 shake256=c543754d19ef263221b2316acac8ad5c34502886750fdd5bfffd4f5487c018bb
AUDIT degree=1024 shake256=c543754d19ef263221b2316acac8ad5c34502886750fdd5bfffd4f5487c018bb
SUMMARY degree=1024 op=0 upper_median=372111814 p1=372111814 p10=372111814 p20=372111814 p30=372111814 p40=372111814 p50=372111814 p60=372111814 p70=372111814 p80=372111814 p90=372111814 p99=372111814
SUMMARY degree=1024 op=1 upper_median=37387848 p1=37387848 p10=37387848 p20=37387848 p30=37387848 p40=37387848 p50=37387848 p60=37387848 p70=37387848 p80=37387848 p90=37387848 p99=37387848
SUMMARY degree=1024 op=2 upper_median=715678 p1=715678 p10=715678 p20=715678 p30=715678 p40=715678 p50=715678 p60=715678 p70=715678 p80=715678 p90=715678 p99=715678
STACK untouched_prefix=55912 used_upper_bound=9624
FNDSA_DONE correctness=PASS tamper_rejection=PASS
Info : Deferring arp_examine of stm32n6x.cpu
Info : Use arp_examine command to examine it manually!
Info : dropped 'gdb' connection
0x18003514 in ?? ()
Loading section rom_start, size 0x32c lma 0x10000000
Loading section text, size 0x171cc lma 0x10000330
Loading section .ARM.exidx, size 0x8 lma 0x30000000
Loading section initlevel, size 0xc8 lma 0x30000008
Loading section device_area, size 0x268 lma 0x300000d0
Loading section sw_isr_table, size 0x5d8 lma 0x30000338
Loading section gpio_driver_api_area, size 0x24 lma 0x30000910
Loading section reset_driver_api_area, size 0x10 lma 0x30000934
Loading section clock_control_driver_api_area, size 0x1c lma 0x30000944
Loading section otp_driver_api_area, size 0x4 lma 0x30000960
Loading section uart_driver_api_area, size 0x14 lma 0x30000964
Loading section rodata, size 0xc538 lma 0x30000980
Loading section datas, size 0x4c lma 0x3000cec0
Loading section device_states, size 0x2c lma 0x3000cf0c
Loading section k_mutex_area, size 0x14 lma 0x3000cf38
Loading section .last_section, size 0x4 lma 0x3000cf4c
Start address 0x10012408, load size 148536
Transfer rate: 541 KB/sec, 6189 bytes/write.
Temporary breakpoint 1 at 0x1000f188: file /Users/seungwon/FALCON/fn-dsa_m55/measurement_mlkem_native/env/mlkem-native-637d076aa113d8faaec2277ed4a46b657acaf35f/test/zephyr/app/shim_nucleo_n657x0_q.c, line 254.
Hardware assisted breakpoint 2 at 0x100123f4: file /Users/seungwon/FALCON/fn-dsa_m55/measurement_mlkem_native/env/zephyr-4.4.1/arch/arm/core/cortex_m/fault_s.S, line 80.

Temporary breakpoint 1, get_bootargs () at /Users/seungwon/FALCON/fn-dsa_m55/measurement_mlkem_native/env/mlkem-native-637d076aa113d8faaec2277ed4a46b657acaf35f/test/zephyr/app/shim_nucleo_n657x0_q.c:254
254	  return mlk_bootargs_block;
Restoring binary file /var/folders/cl/qszfy4ys3t51fgwf6m125j080000gt/T/tmpwy1df_jc/argv.bin into memory (0x340b0000 to 0x340c0000)
Breakpoint 3 at 0x1000f138: file /Users/seungwon/FALCON/fn-dsa_m55/measurement_mlkem_native/env/mlkem-native-637d076aa113d8faaec2277ed4a46b657acaf35f/test/zephyr/app/shim_nucleo_n657x0_q.c, line 148.
Breakpoint 4 at 0x100123f4: file /Users/seungwon/FALCON/fn-dsa_m55/measurement_mlkem_native/env/zephyr-4.4.1/arch/arm/core/cortex_m/fault_s.S, line 80.

Breakpoint 3, nucleo_test_breakpoint (rc=rc@entry=0) at /Users/seungwon/FALCON/fn-dsa_m55/measurement_mlkem_native/env/mlkem-native-637d076aa113d8faaec2277ed4a46b657acaf35f/test/zephyr/app/shim_nucleo_n657x0_q.c:148
148	  __asm__ volatile("bkpt 0" ::: "memory");
[[NUCLEO-DONE]]
NUCLEO_EXIT_CODE=0
r0             0x0                 0
r1             0xe0000000          -536870912
r2             0x1000900           16779520
r3             0x984633            9979443
r4             0x0                 0
r5             0x300000d0          805306576
r6             0x30000910          805308688
r7             0x30023f60          805453664
r8             0x300000d0          805306576
r9             0x300340a0          805519520
r10            0x34102040          873472064
r11            0x56021800          1442977792
r12            0xa                 10
sp             0x30034050          0x30034050 <z_main_stack+65456>
lr             0x1000f17f          268497279
pc             0x1000f138          0x1000f138 <nucleo_test_breakpoint>
xpsr           0x9060000           151388160
fpscr          0x40000             262144
msp            0x30023f60          0x30023f60 <z_idle_stacks>
psp            0x30034050          0x30034050 <z_main_stack+65456>
vpr            0x0                 [ P0=0 MASK01=0 MASK23=0 ]
msp_ns         0x241077f0          0x241077f0
psp_ns         0x241077f0          0x241077f0
msp_s          0x30023f60          0x30023f60 <z_idle_stacks>
psp_s          0x30034050          0x30034050 <z_main_stack+65456>
primask        0x0                 0
basepri        0x0                 0
faultmask      0x0                 0
control        0x6                 6
msplim_s       0x30023760          0x30023760 <z_interrupt_stacks>
psplim_s       0x300240a0          0x300240a0 <z_main_stack>
msplim_ns      0x24106ff0          0x24106ff0
psplim_ns      0x24106ff0          0x24106ff0
primask_s      0x0                 0
basepri_s      0x0                 0
faultmask_s    0x0                 0
control_s      0x6                 6
primask_ns     0x0                 0
basepri_ns     0x0                 0
faultmask_ns   0x0                 0
control_ns     0x4                 4
p0             0x0                 0
0x30034050 <z_main_stack+65456>:	0x00000000	0x1000f19b	0x00000000	0x10015dbf
CFSR=0x0
HFSR=0x0
DFSR=0x0
MMFAR=0x0
BFAR=0xf30379ad
AFSR=0x0
SHCSR=0xf0000
CCR=0x611
MSP=0x30023f60
PSP=0x30034050
LR=0x1000f17f
PC=0x1000f138
STACKED_R0_R1_R2_R3_R12_LR_PC_XPSR:
0x30034050 <z_main_stack+65456>:	0x00000000	0x1000f19b	0x00000000	0x10015dbf
0x30034060 <z_main_stack+65472>:	0x00000000	0x00000000	0x00000000	0x00000000
0xe000ed28:	0x00000000	0x00000000	0x00000000	0x00000000
0xe000ed38:	0xf30379ad
[Inferior 1 (Remote target) detached]
none separate
Deferring arp_examine of stm32n6x.cpu
Use arp_examine command to examine it manually!
