0x1800350e in ?? ()
Loading section .text, size 0x120 lma 0x34080000
Start address 0x34080040, load size 288
Transfer rate: 2304 bits in <1 sec, 288 bytes/write.
warning: Invalid state, unable to determine msp alias, assuming msp_s.
warning: Invalid state, unable to determine sp alias, assuming msp.
warning: Invalid state, unable to determine msp alias, assuming msp_s.
warning: Invalid state, unable to determine psp alias, assuming psp_s.
warning: Invalid state, unable to determine sp alias, assuming msp.
Hardware assisted breakpoint 1 at 0x340800c0
Hardware assisted breakpoint 2 at 0x340800e0
Hardware assisted breakpoint 3 at 0x340800d4
Hardware assisted breakpoint 4 at 0x340800da

Breakpoint 1, 0x340800c0 in probe_ready ()

Breakpoint 3, 0x340800d4 in probe_done ()
CASE id=0 code=0x340800e8 data=0x34080800 pc=0x340800d4 r0=0x13579bdf left=0 cfsr=0x0 hfsr=0x0 afsr=0x0 bfar=0x0
0x340bf000:	0x00000000	0x00000000	0x00000000	0x00000000
0x340bf010:	0x00000000	0x00000000	0x00000000	0x00000000
0xe001e120:	0x1c015c84	0x52ad7522	0x040243d4	0x07ffc0fb
0xe001e130:	0x00000000	0x00000000	0x00000000	0x00000000
0xe001e000:	0x0001300a	0x00000165	0x00000000	0x00000000
0xe001e010:	0x00000049	0x00000049
none separate
Deferring arp_examine of stm32n6x.cpu
Use arp_examine command to examine it manually!
[Inferior 1 (Remote target) detached]
0x1800350e in ?? ()
Loading section .text, size 0x120 lma 0x34080000
Start address 0x34080040, load size 288
Transfer rate: 2304 bits in <1 sec, 288 bytes/write.
warning: Invalid state, unable to determine msp alias, assuming msp_s.
warning: Invalid state, unable to determine sp alias, assuming msp.
warning: Invalid state, unable to determine msp alias, assuming msp_s.
warning: Invalid state, unable to determine psp alias, assuming psp_s.
warning: Invalid state, unable to determine sp alias, assuming msp.
Hardware assisted breakpoint 1 at 0x340800c0
Hardware assisted breakpoint 2 at 0x340800e0
Hardware assisted breakpoint 3 at 0x340800d4
Hardware assisted breakpoint 4 at 0x340800da

Breakpoint 1, 0x340800c0 in probe_ready ()

Breakpoint 3, 0x340800d4 in probe_done ()
CASE id=1 code=0x340800e8 data=0x10000800 pc=0x340800d4 r0=0x13579bdf left=0 cfsr=0x0 hfsr=0x0 afsr=0x0 bfar=0x0
0x340bf000:	0x00000000	0x00000000	0x00000000	0x00000000
0x340bf010:	0x00000000	0x00000000	0x00000000	0x00000000
0xe001e120:	0x1c015c84	0x52ad7522	0x040243d4	0x07ffc0fb
0xe001e130:	0x00000000	0x00000000	0x00000000	0x00000000
0xe001e000:	0x0001300a	0x00000165	0x00000000	0x00000000
0xe001e010:	0x00000049	0x00000049
none separate
Deferring arp_examine of stm32n6x.cpu
Use arp_examine command to examine it manually!
[Inferior 1 (Remote target) detached]
0x18003510 in ?? ()
Loading section .text, size 0x120 lma 0x34080000
Start address 0x34080040, load size 288
Transfer rate: 2304 bits in <1 sec, 288 bytes/write.
warning: Invalid state, unable to determine msp alias, assuming msp_s.
warning: Invalid state, unable to determine sp alias, assuming msp.
warning: Invalid state, unable to determine msp alias, assuming msp_s.
warning: Invalid state, unable to determine psp alias, assuming psp_s.
warning: Invalid state, unable to determine sp alias, assuming msp.
Hardware assisted breakpoint 1 at 0x340800c0
Hardware assisted breakpoint 2 at 0x340800e0
Hardware assisted breakpoint 3 at 0x340800d4
Hardware assisted breakpoint 4 at 0x340800da

Breakpoint 1, 0x340800c0 in probe_ready ()

Breakpoint 3, 0x340800d4 in probe_done ()
CASE id=2 code=0x340800e8 data=0x10010800 pc=0x340800d4 r0=0x13579bdf left=0 cfsr=0x0 hfsr=0x0 afsr=0x0 bfar=0x0
0x340bf000:	0x00000000	0x00000000	0x00000000	0x00000000
0x340bf010:	0x00000000	0x00000000	0x00000000	0x00000000
0xe001e120:	0x1c015c84	0x52ad7522	0x040243d4	0x07ffc0fb
0xe001e130:	0x00000000	0x00000000	0x00000000	0x00000000
0xe001e000:	0x0001300a	0x00000165	0x00000000	0x00000000
0xe001e010:	0x00000049	0x00000049
none separate
Deferring arp_examine of stm32n6x.cpu
Use arp_examine command to examine it manually!
[Inferior 1 (Remote target) detached]
0x18003514 in ?? ()
Loading section .text, size 0x120 lma 0x34080000
Start address 0x34080040, load size 288
Transfer rate: 2304 bits in <1 sec, 288 bytes/write.
warning: Invalid state, unable to determine msp alias, assuming msp_s.
warning: Invalid state, unable to determine sp alias, assuming msp.
warning: Invalid state, unable to determine msp alias, assuming msp_s.
warning: Invalid state, unable to determine psp alias, assuming psp_s.
warning: Invalid state, unable to determine sp alias, assuming msp.
Hardware assisted breakpoint 1 at 0x340800c0
Hardware assisted breakpoint 2 at 0x340800e0
Hardware assisted breakpoint 3 at 0x340800d4
Hardware assisted breakpoint 4 at 0x340800da

Breakpoint 1, 0x340800c0 in probe_ready ()

Breakpoint 3, 0x340800d4 in probe_done ()
CASE id=3 code=0x340800e8 data=0x10020800 pc=0x340800d4 r0=0x13579bdf left=0 cfsr=0x0 hfsr=0x0 afsr=0x0 bfar=0x0
0x340bf000:	0x00000000	0x00000000	0x00000000	0x00000000
0x340bf010:	0x00000000	0x00000000	0x00000000	0x00000000
0xe001e120:	0x1c015c84	0x52ad7522	0x040243d4	0x07ffc0fb
0xe001e130:	0x00000000	0x00000000	0x00000000	0x00000000
0xe001e000:	0x0001300a	0x00000165	0x00000000	0x00000000
0xe001e010:	0x00000049	0x00000049
none separate
Deferring arp_examine of stm32n6x.cpu
Use arp_examine command to examine it manually!
[Inferior 1 (Remote target) detached]
0x18003514 in ?? ()
Loading section .text, size 0x120 lma 0x34080000
Start address 0x34080040, load size 288
Transfer rate: 2304 bits in <1 sec, 288 bytes/write.
warning: Invalid state, unable to determine msp alias, assuming msp_s.
warning: Invalid state, unable to determine sp alias, assuming msp.
warning: Invalid state, unable to determine msp alias, assuming msp_s.
warning: Invalid state, unable to determine psp alias, assuming psp_s.
warning: Invalid state, unable to determine sp alias, assuming msp.
Hardware assisted breakpoint 1 at 0x340800c0
Hardware assisted breakpoint 2 at 0x340800e0
Hardware assisted breakpoint 3 at 0x340800d4
Hardware assisted breakpoint 4 at 0x340800da

Breakpoint 1, 0x340800c0 in probe_ready ()

Breakpoint 3, 0x340800d4 in probe_done ()
CASE id=4 code=0x340800e8 data=0x10030800 pc=0x340800d4 r0=0x13579bdf left=0 cfsr=0x0 hfsr=0x0 afsr=0x0 bfar=0x0
0x340bf000:	0x00000000	0x00000000	0x00000000	0x00000000
0x340bf010:	0x00000000	0x00000000	0x00000000	0x00000000
0xe001e120:	0x1c015c84	0x52ad7522	0x040243d4	0x07ffc0fb
0xe001e130:	0x00000000	0x00000000	0x00000000	0x00000000
0xe001e000:	0x0001300a	0x00000165	0x00000000	0x00000000
0xe001e010:	0x00000049	0x00000049
none separate
Deferring arp_examine of stm32n6x.cpu
Use arp_examine command to examine it manually!
[Inferior 1 (Remote target) detached]
0x18003514 in ?? ()
Loading section .text, size 0x120 lma 0x34080000
Start address 0x34080040, load size 288
Transfer rate: 2304 bits in <1 sec, 288 bytes/write.
warning: Invalid state, unable to determine msp alias, assuming msp_s.
warning: Invalid state, unable to determine sp alias, assuming msp.
warning: Invalid state, unable to determine msp alias, assuming msp_s.
warning: Invalid state, unable to determine psp alias, assuming psp_s.
warning: Invalid state, unable to determine sp alias, assuming msp.
Hardware assisted breakpoint 1 at 0x340800c0
Hardware assisted breakpoint 2 at 0x340800e0
Hardware assisted breakpoint 3 at 0x340800d4
Hardware assisted breakpoint 4 at 0x340800da

Breakpoint 1, 0x340800c0 in probe_ready ()

Breakpoint 3, 0x340800d4 in probe_done ()
CASE id=5 code=0x340800e8 data=0x30000800 pc=0x340800d4 r0=0x13579bdf left=0 cfsr=0x0 hfsr=0x0 afsr=0x0 bfar=0x0
0x340bf000:	0x00000000	0x00000000	0x00000000	0x00000000
0x340bf010:	0x00000000	0x00000000	0x00000000	0x00000000
0xe001e120:	0x1c015c84	0x52ad7522	0x040243d4	0x07ffc0fb
0xe001e130:	0x00000000	0x00000000	0x00000000	0x00000000
0xe001e000:	0x0001300a	0x00000165	0x00000000	0x00000000
0xe001e010:	0x00000049	0x00000049
none separate
Deferring arp_examine of stm32n6x.cpu
Use arp_examine command to examine it manually!
[Inferior 1 (Remote target) detached]
0x1800350e in ?? ()
Loading section .text, size 0x120 lma 0x34080000
Start address 0x34080040, load size 288
Transfer rate: 2304 bits in <1 sec, 288 bytes/write.
warning: Invalid state, unable to determine msp alias, assuming msp_s.
warning: Invalid state, unable to determine sp alias, assuming msp.
warning: Invalid state, unable to determine msp alias, assuming msp_s.
warning: Invalid state, unable to determine psp alias, assuming psp_s.
warning: Invalid state, unable to determine sp alias, assuming msp.
Hardware assisted breakpoint 1 at 0x340800c0
Hardware assisted breakpoint 2 at 0x340800e0
Hardware assisted breakpoint 3 at 0x340800d4
Hardware assisted breakpoint 4 at 0x340800da

Breakpoint 1, 0x340800c0 in probe_ready ()

Breakpoint 3, 0x340800d4 in probe_done ()
CASE id=6 code=0x340800e8 data=0x30020800 pc=0x340800d4 r0=0x13579bdf left=0 cfsr=0x0 hfsr=0x0 afsr=0x0 bfar=0x0
0x340bf000:	0x00000000	0x00000000	0x00000000	0x00000000
0x340bf010:	0x00000000	0x00000000	0x00000000	0x00000000
0xe001e120:	0x1c015c84	0x52ad7522	0x040243d4	0x07ffc0fb
0xe001e130:	0x00000000	0x00000000	0x00000000	0x00000000
0xe001e000:	0x0001300a	0x00000165	0x00000000	0x00000000
0xe001e010:	0x00000049	0x00000049
none separate
Deferring arp_examine of stm32n6x.cpu
Use arp_examine command to examine it manually!
[Inferior 1 (Remote target) detached]
0x18003514 in ?? ()
Loading section .text, size 0x120 lma 0x34080000
Start address 0x34080040, load size 288
Transfer rate: 2304 bits in <1 sec, 288 bytes/write.
warning: Invalid state, unable to determine msp alias, assuming msp_s.
warning: Invalid state, unable to determine sp alias, assuming msp.
warning: Invalid state, unable to determine msp alias, assuming msp_s.
warning: Invalid state, unable to determine psp alias, assuming psp_s.
warning: Invalid state, unable to determine sp alias, assuming msp.
Hardware assisted breakpoint 1 at 0x340800c0
Hardware assisted breakpoint 2 at 0x340800e0
Hardware assisted breakpoint 3 at 0x340800d4
Hardware assisted breakpoint 4 at 0x340800da

Breakpoint 1, 0x340800c0 in probe_ready ()

Breakpoint 3, 0x340800d4 in probe_done ()
CASE id=7 code=0x10001000 data=0x34080800 pc=0x340800d4 r0=0x13579bdf left=0 cfsr=0x0 hfsr=0x0 afsr=0x0 bfar=0x0
0x340bf000:	0x00000000	0x00000000	0x00000000	0x00000000
0x340bf010:	0x00000000	0x00000000	0x00000000	0x00000000
0xe001e120:	0x1c015c84	0x52ad7522	0x040243d4	0x07ffc0fb
0xe001e130:	0x00000000	0x00000000	0x00000000	0x00000000
0xe001e000:	0x0001300a	0x00000165	0x00000000	0x00000000
0xe001e010:	0x00000049	0x00000049
none separate
Deferring arp_examine of stm32n6x.cpu
Use arp_examine command to examine it manually!
[Inferior 1 (Remote target) detached]
0x18003514 in ?? ()
Loading section .text, size 0x120 lma 0x34080000
Start address 0x34080040, load size 288
Transfer rate: 2304 bits in <1 sec, 288 bytes/write.
warning: Invalid state, unable to determine msp alias, assuming msp_s.
warning: Invalid state, unable to determine sp alias, assuming msp.
warning: Invalid state, unable to determine msp alias, assuming msp_s.
warning: Invalid state, unable to determine psp alias, assuming psp_s.
warning: Invalid state, unable to determine sp alias, assuming msp.
Hardware assisted breakpoint 1 at 0x340800c0
Hardware assisted breakpoint 2 at 0x340800e0
Hardware assisted breakpoint 3 at 0x340800d4
Hardware assisted breakpoint 4 at 0x340800da

Breakpoint 1, 0x340800c0 in probe_ready ()

Breakpoint 3, 0x340800d4 in probe_done ()
CASE id=8 code=0x10001000 data=0x10000800 pc=0x340800d4 r0=0x13579bdf left=0 cfsr=0x0 hfsr=0x0 afsr=0x0 bfar=0x0
0x340bf000:	0x00000000	0x00000000	0x00000000	0x00000000
0x340bf010:	0x00000000	0x00000000	0x00000000	0x00000000
0xe001e120:	0x1c015c84	0x52ad7522	0x040243d4	0x07ffc0fb
0xe001e130:	0x00000000	0x00000000	0x00000000	0x00000000
0xe001e000:	0x0001300a	0x00000165	0x00000000	0x00000000
0xe001e010:	0x00000049	0x00000049
none separate
Deferring arp_examine of stm32n6x.cpu
Use arp_examine command to examine it manually!
[Inferior 1 (Remote target) detached]
0x18003514 in ?? ()
Loading section .text, size 0x120 lma 0x34080000
Start address 0x34080040, load size 288
Transfer rate: 2304 bits in <1 sec, 288 bytes/write.
warning: Invalid state, unable to determine msp alias, assuming msp_s.
warning: Invalid state, unable to determine sp alias, assuming msp.
warning: Invalid state, unable to determine msp alias, assuming msp_s.
warning: Invalid state, unable to determine psp alias, assuming psp_s.
warning: Invalid state, unable to determine sp alias, assuming msp.
Hardware assisted breakpoint 1 at 0x340800c0
Hardware assisted breakpoint 2 at 0x340800e0
Hardware assisted breakpoint 3 at 0x340800d4
Hardware assisted breakpoint 4 at 0x340800da

Breakpoint 1, 0x340800c0 in probe_ready ()

Breakpoint 3, 0x340800d4 in probe_done ()
CASE id=9 code=0x10001000 data=0x10010800 pc=0x340800d4 r0=0x13579bdf left=0 cfsr=0x0 hfsr=0x0 afsr=0x0 bfar=0x0
0x340bf000:	0x00000000	0x00000000	0x00000000	0x00000000
0x340bf010:	0x00000000	0x00000000	0x00000000	0x00000000
0xe001e120:	0x1c015c84	0x52ad7522	0x040243d4	0x07ffc0fb
0xe001e130:	0x00000000	0x00000000	0x00000000	0x00000000
0xe001e000:	0x0001300a	0x00000165	0x00000000	0x00000000
0xe001e010:	0x00000049	0x00000049
none separate
Deferring arp_examine of stm32n6x.cpu
Use arp_examine command to examine it manually!
[Inferior 1 (Remote target) detached]
0x18003514 in ?? ()
Loading section .text, size 0x120 lma 0x34080000
Start address 0x34080040, load size 288
Transfer rate: 2304 bits in <1 sec, 288 bytes/write.
warning: Invalid state, unable to determine msp alias, assuming msp_s.
warning: Invalid state, unable to determine sp alias, assuming msp.
warning: Invalid state, unable to determine msp alias, assuming msp_s.
warning: Invalid state, unable to determine psp alias, assuming psp_s.
warning: Invalid state, unable to determine sp alias, assuming msp.
Hardware assisted breakpoint 1 at 0x340800c0
Hardware assisted breakpoint 2 at 0x340800e0
Hardware assisted breakpoint 3 at 0x340800d4
Hardware assisted breakpoint 4 at 0x340800da

Breakpoint 1, 0x340800c0 in probe_ready ()

Breakpoint 3, 0x340800d4 in probe_done ()
CASE id=10 code=0x10001000 data=0x10020800 pc=0x340800d4 r0=0x13579bdf left=0 cfsr=0x0 hfsr=0x0 afsr=0x0 bfar=0x0
0x340bf000:	0x00000000	0x00000000	0x00000000	0x00000000
0x340bf010:	0x00000000	0x00000000	0x00000000	0x00000000
0xe001e120:	0x1c015c84	0x52ad7522	0x040243d4	0x07ffc0fb
0xe001e130:	0x00000000	0x00000000	0x00000000	0x00000000
0xe001e000:	0x0001300a	0x00000165	0x00000000	0x00000000
0xe001e010:	0x00000049	0x00000049
none separate
Deferring arp_examine of stm32n6x.cpu
Use arp_examine command to examine it manually!
[Inferior 1 (Remote target) detached]
0x18003514 in ?? ()
Loading section .text, size 0x120 lma 0x34080000
Start address 0x34080040, load size 288
Transfer rate: 2304 bits in <1 sec, 288 bytes/write.
warning: Invalid state, unable to determine msp alias, assuming msp_s.
warning: Invalid state, unable to determine sp alias, assuming msp.
warning: Invalid state, unable to determine msp alias, assuming msp_s.
warning: Invalid state, unable to determine psp alias, assuming psp_s.
warning: Invalid state, unable to determine sp alias, assuming msp.
Hardware assisted breakpoint 1 at 0x340800c0
Hardware assisted breakpoint 2 at 0x340800e0
Hardware assisted breakpoint 3 at 0x340800d4
Hardware assisted breakpoint 4 at 0x340800da

Breakpoint 1, 0x340800c0 in probe_ready ()

Breakpoint 3, 0x340800d4 in probe_done ()
CASE id=11 code=0x10001000 data=0x10030800 pc=0x340800d4 r0=0x13579bdf left=0 cfsr=0x0 hfsr=0x0 afsr=0x0 bfar=0x0
0x340bf000:	0x00000000	0x00000000	0x00000000	0x00000000
0x340bf010:	0x00000000	0x00000000	0x00000000	0x00000000
0xe001e120:	0x1c015c84	0x52ad7522	0x040243d4	0x07ffc0fb
0xe001e130:	0x00000000	0x00000000	0x00000000	0x00000000
0xe001e000:	0x0001300a	0x00000165	0x00000000	0x00000000
0xe001e010:	0x00000049	0x00000049
none separate
Deferring arp_examine of stm32n6x.cpu
Use arp_examine command to examine it manually!
[Inferior 1 (Remote target) detached]
0x18003514 in ?? ()
Loading section .text, size 0x120 lma 0x34080000
Start address 0x34080040, load size 288
Transfer rate: 2304 bits in <1 sec, 288 bytes/write.
warning: Invalid state, unable to determine msp alias, assuming msp_s.
warning: Invalid state, unable to determine sp alias, assuming msp.
warning: Invalid state, unable to determine msp alias, assuming msp_s.
warning: Invalid state, unable to determine psp alias, assuming psp_s.
warning: Invalid state, unable to determine sp alias, assuming msp.
Hardware assisted breakpoint 1 at 0x340800c0
Hardware assisted breakpoint 2 at 0x340800e0
Hardware assisted breakpoint 3 at 0x340800d4
Hardware assisted breakpoint 4 at 0x340800da

Breakpoint 1, 0x340800c0 in probe_ready ()

Breakpoint 3, 0x340800d4 in probe_done ()
CASE id=12 code=0x10001000 data=0x30000800 pc=0x340800d4 r0=0x13579bdf left=0 cfsr=0x0 hfsr=0x0 afsr=0x0 bfar=0x0
0x340bf000:	0x00000000	0x00000000	0x00000000	0x00000000
0x340bf010:	0x00000000	0x00000000	0x00000000	0x00000000
0xe001e120:	0x1c015c84	0x52ad7522	0x040243d4	0x07ffc0fb
0xe001e130:	0x00000000	0x00000000	0x00000000	0x00000000
0xe001e000:	0x0001300a	0x00000165	0x00000000	0x00000000
0xe001e010:	0x00000049	0x00000049
none separate
Deferring arp_examine of stm32n6x.cpu
Use arp_examine command to examine it manually!
[Inferior 1 (Remote target) detached]
0x18003514 in ?? ()
Loading section .text, size 0x120 lma 0x34080000
Start address 0x34080040, load size 288
Transfer rate: 2304 bits in <1 sec, 288 bytes/write.
warning: Invalid state, unable to determine msp alias, assuming msp_s.
warning: Invalid state, unable to determine sp alias, assuming msp.
warning: Invalid state, unable to determine msp alias, assuming msp_s.
warning: Invalid state, unable to determine psp alias, assuming psp_s.
warning: Invalid state, unable to determine sp alias, assuming msp.
Hardware assisted breakpoint 1 at 0x340800c0
Hardware assisted breakpoint 2 at 0x340800e0
Hardware assisted breakpoint 3 at 0x340800d4
Hardware assisted breakpoint 4 at 0x340800da

Breakpoint 1, 0x340800c0 in probe_ready ()

Breakpoint 3, 0x340800d4 in probe_done ()
CASE id=13 code=0x10001000 data=0x30020800 pc=0x340800d4 r0=0x13579bdf left=0 cfsr=0x0 hfsr=0x0 afsr=0x0 bfar=0x0
0x340bf000:	0x00000000	0x00000000	0x00000000	0x00000000
0x340bf010:	0x00000000	0x00000000	0x00000000	0x00000000
0xe001e120:	0x1c015c84	0x52ad7522	0x040243d4	0x07ffc0fb
0xe001e130:	0x00000000	0x00000000	0x00000000	0x00000000
0xe001e000:	0x0001300a	0x00000165	0x00000000	0x00000000
0xe001e010:	0x00000049	0x00000049
none separate
Deferring arp_examine of stm32n6x.cpu
Use arp_examine command to examine it manually!
[Inferior 1 (Remote target) detached]
0x18003514 in ?? ()
Loading section .text, size 0x120 lma 0x34080000
Start address 0x34080040, load size 288
Transfer rate: 2304 bits in <1 sec, 288 bytes/write.
warning: Invalid state, unable to determine msp alias, assuming msp_s.
warning: Invalid state, unable to determine sp alias, assuming msp.
warning: Invalid state, unable to determine msp alias, assuming msp_s.
warning: Invalid state, unable to determine psp alias, assuming psp_s.
warning: Invalid state, unable to determine sp alias, assuming msp.
Hardware assisted breakpoint 1 at 0x340800c0
Hardware assisted breakpoint 2 at 0x340800e0
Hardware assisted breakpoint 3 at 0x340800d4
Hardware assisted breakpoint 4 at 0x340800da

Breakpoint 1, 0x340800c0 in probe_ready ()

Breakpoint 3, 0x340800d4 in probe_done ()
CASE id=14 code=0x10011000 data=0x34080800 pc=0x340800d4 r0=0x13579bdf left=0 cfsr=0x0 hfsr=0x0 afsr=0x0 bfar=0x0
0x340bf000:	0x00000000	0x00000000	0x00000000	0x00000000
0x340bf010:	0x00000000	0x00000000	0x00000000	0x00000000
0xe001e120:	0x1c015c84	0x52ad7522	0x040243d4	0x07ffc0fb
0xe001e130:	0x00000000	0x00000000	0x00000000	0x00000000
0xe001e000:	0x0001300a	0x00000165	0x00000000	0x00000000
0xe001e010:	0x00000049	0x00000049
none separate
Deferring arp_examine of stm32n6x.cpu
Use arp_examine command to examine it manually!
[Inferior 1 (Remote target) detached]
0x18003514 in ?? ()
Loading section .text, size 0x120 lma 0x34080000
Start address 0x34080040, load size 288
Transfer rate: 2304 bits in <1 sec, 288 bytes/write.
warning: Invalid state, unable to determine msp alias, assuming msp_s.
warning: Invalid state, unable to determine sp alias, assuming msp.
warning: Invalid state, unable to determine msp alias, assuming msp_s.
warning: Invalid state, unable to determine psp alias, assuming psp_s.
warning: Invalid state, unable to determine sp alias, assuming msp.
Hardware assisted breakpoint 1 at 0x340800c0
Hardware assisted breakpoint 2 at 0x340800e0
Hardware assisted breakpoint 3 at 0x340800d4
Hardware assisted breakpoint 4 at 0x340800da

Breakpoint 1, 0x340800c0 in probe_ready ()

Breakpoint 3, 0x340800d4 in probe_done ()
CASE id=15 code=0x10011000 data=0x10000800 pc=0x340800d4 r0=0x13579bdf left=0 cfsr=0x0 hfsr=0x0 afsr=0x0 bfar=0x0
0x340bf000:	0x00000000	0x00000000	0x00000000	0x00000000
0x340bf010:	0x00000000	0x00000000	0x00000000	0x00000000
0xe001e120:	0x1c015c84	0x52ad7522	0x040243d4	0x07ffc0fb
0xe001e130:	0x00000000	0x00000000	0x00000000	0x00000000
0xe001e000:	0x0001300a	0x00000165	0x00000000	0x00000000
0xe001e010:	0x00000049	0x00000049
none separate
Deferring arp_examine of stm32n6x.cpu
Use arp_examine command to examine it manually!
[Inferior 1 (Remote target) detached]
0x1800350e in ?? ()
Loading section .text, size 0x120 lma 0x34080000
Start address 0x34080040, load size 288
Transfer rate: 2304 bits in <1 sec, 288 bytes/write.
warning: Invalid state, unable to determine msp alias, assuming msp_s.
warning: Invalid state, unable to determine sp alias, assuming msp.
warning: Invalid state, unable to determine msp alias, assuming msp_s.
warning: Invalid state, unable to determine psp alias, assuming psp_s.
warning: Invalid state, unable to determine sp alias, assuming msp.
Hardware assisted breakpoint 1 at 0x340800c0
Hardware assisted breakpoint 2 at 0x340800e0
Hardware assisted breakpoint 3 at 0x340800d4
Hardware assisted breakpoint 4 at 0x340800da

Breakpoint 1, 0x340800c0 in probe_ready ()

Breakpoint 3, 0x340800d4 in probe_done ()
CASE id=16 code=0x10011000 data=0x10010800 pc=0x340800d4 r0=0x13579bdf left=0 cfsr=0x0 hfsr=0x0 afsr=0x0 bfar=0x0
0x340bf000:	0x00000000	0x00000000	0x00000000	0x00000000
0x340bf010:	0x00000000	0x00000000	0x00000000	0x00000000
0xe001e120:	0x1c015c84	0x52ad7522	0x040243d4	0x07ffc0fb
0xe001e130:	0x00000000	0x00000000	0x00000000	0x00000000
0xe001e000:	0x0001300a	0x00000165	0x00000000	0x00000000
0xe001e010:	0x00000049	0x00000049
none separate
Deferring arp_examine of stm32n6x.cpu
Use arp_examine command to examine it manually!
[Inferior 1 (Remote target) detached]
0x1800350e in ?? ()
Loading section .text, size 0x120 lma 0x34080000
Start address 0x34080040, load size 288
Transfer rate: 2304 bits in <1 sec, 288 bytes/write.
warning: Invalid state, unable to determine msp alias, assuming msp_s.
warning: Invalid state, unable to determine sp alias, assuming msp.
warning: Invalid state, unable to determine msp alias, assuming msp_s.
warning: Invalid state, unable to determine psp alias, assuming psp_s.
warning: Invalid state, unable to determine sp alias, assuming msp.
Hardware assisted breakpoint 1 at 0x340800c0
Hardware assisted breakpoint 2 at 0x340800e0
Hardware assisted breakpoint 3 at 0x340800d4
Hardware assisted breakpoint 4 at 0x340800da

Breakpoint 1, 0x340800c0 in probe_ready ()

Breakpoint 3, 0x340800d4 in probe_done ()
CASE id=17 code=0x10011000 data=0x10020800 pc=0x340800d4 r0=0x13579bdf left=0 cfsr=0x0 hfsr=0x0 afsr=0x0 bfar=0x0
0x340bf000:	0x00000000	0x00000000	0x00000000	0x00000000
0x340bf010:	0x00000000	0x00000000	0x00000000	0x00000000
0xe001e120:	0x1c015c84	0x52ad7522	0x040243d4	0x07ffc0fb
0xe001e130:	0x00000000	0x00000000	0x00000000	0x00000000
0xe001e000:	0x0001300a	0x00000165	0x00000000	0x00000000
0xe001e010:	0x00000049	0x00000049
none separate
Deferring arp_examine of stm32n6x.cpu
Use arp_examine command to examine it manually!
[Inferior 1 (Remote target) detached]
0x18003514 in ?? ()
Loading section .text, size 0x120 lma 0x34080000
Start address 0x34080040, load size 288
Transfer rate: 2304 bits in <1 sec, 288 bytes/write.
warning: Invalid state, unable to determine msp alias, assuming msp_s.
warning: Invalid state, unable to determine sp alias, assuming msp.
warning: Invalid state, unable to determine msp alias, assuming msp_s.
warning: Invalid state, unable to determine psp alias, assuming psp_s.
warning: Invalid state, unable to determine sp alias, assuming msp.
Hardware assisted breakpoint 1 at 0x340800c0
Hardware assisted breakpoint 2 at 0x340800e0
Hardware assisted breakpoint 3 at 0x340800d4
Hardware assisted breakpoint 4 at 0x340800da

Breakpoint 1, 0x340800c0 in probe_ready ()

Breakpoint 3, 0x340800d4 in probe_done ()
CASE id=18 code=0x10011000 data=0x10030800 pc=0x340800d4 r0=0x13579bdf left=0 cfsr=0x0 hfsr=0x0 afsr=0x0 bfar=0x0
0x340bf000:	0x00000000	0x00000000	0x00000000	0x00000000
0x340bf010:	0x00000000	0x00000000	0x00000000	0x00000000
0xe001e120:	0x1c015c84	0x52ad7522	0x040243d4	0x07ffc0fb
0xe001e130:	0x00000000	0x00000000	0x00000000	0x00000000
0xe001e000:	0x0001300a	0x00000165	0x00000000	0x00000000
0xe001e010:	0x00000049	0x00000049
none separate
Deferring arp_examine of stm32n6x.cpu
Use arp_examine command to examine it manually!
[Inferior 1 (Remote target) detached]
0x18003514 in ?? ()
Loading section .text, size 0x120 lma 0x34080000
Start address 0x34080040, load size 288
Transfer rate: 2304 bits in <1 sec, 288 bytes/write.
warning: Invalid state, unable to determine msp alias, assuming msp_s.
warning: Invalid state, unable to determine sp alias, assuming msp.
warning: Invalid state, unable to determine msp alias, assuming msp_s.
warning: Invalid state, unable to determine psp alias, assuming psp_s.
warning: Invalid state, unable to determine sp alias, assuming msp.
Hardware assisted breakpoint 1 at 0x340800c0
Hardware assisted breakpoint 2 at 0x340800e0
Hardware assisted breakpoint 3 at 0x340800d4
Hardware assisted breakpoint 4 at 0x340800da

Breakpoint 1, 0x340800c0 in probe_ready ()

Breakpoint 3, 0x340800d4 in probe_done ()
CASE id=19 code=0x10011000 data=0x30000800 pc=0x340800d4 r0=0x13579bdf left=0 cfsr=0x0 hfsr=0x0 afsr=0x0 bfar=0x0
0x340bf000:	0x00000000	0x00000000	0x00000000	0x00000000
0x340bf010:	0x00000000	0x00000000	0x00000000	0x00000000
0xe001e120:	0x1c015c84	0x52ad7522	0x040243d4	0x07ffc0fb
0xe001e130:	0x00000000	0x00000000	0x00000000	0x00000000
0xe001e000:	0x0001300a	0x00000165	0x00000000	0x00000000
0xe001e010:	0x00000049	0x00000049
none separate
Deferring arp_examine of stm32n6x.cpu
Use arp_examine command to examine it manually!
[Inferior 1 (Remote target) detached]
0x18003514 in ?? ()
Loading section .text, size 0x120 lma 0x34080000
Start address 0x34080040, load size 288
Transfer rate: 2304 bits in <1 sec, 288 bytes/write.
warning: Invalid state, unable to determine msp alias, assuming msp_s.
warning: Invalid state, unable to determine sp alias, assuming msp.
warning: Invalid state, unable to determine msp alias, assuming msp_s.
warning: Invalid state, unable to determine psp alias, assuming psp_s.
warning: Invalid state, unable to determine sp alias, assuming msp.
Hardware assisted breakpoint 1 at 0x340800c0
Hardware assisted breakpoint 2 at 0x340800e0
Hardware assisted breakpoint 3 at 0x340800d4
Hardware assisted breakpoint 4 at 0x340800da

Breakpoint 1, 0x340800c0 in probe_ready ()

Breakpoint 3, 0x340800d4 in probe_done ()
CASE id=20 code=0x10011000 data=0x30020800 pc=0x340800d4 r0=0x13579bdf left=0 cfsr=0x0 hfsr=0x0 afsr=0x0 bfar=0x0
0x340bf000:	0x00000000	0x00000000	0x00000000	0x00000000
0x340bf010:	0x00000000	0x00000000	0x00000000	0x00000000
0xe001e120:	0x1c015c84	0x52ad7522	0x040243d4	0x07ffc0fb
0xe001e130:	0x00000000	0x00000000	0x00000000	0x00000000
0xe001e000:	0x0001300a	0x00000165	0x00000000	0x00000000
0xe001e010:	0x00000049	0x00000049
none separate
Deferring arp_examine of stm32n6x.cpu
Use arp_examine command to examine it manually!
[Inferior 1 (Remote target) detached]
0x18003514 in ?? ()
Loading section .text, size 0x120 lma 0x34080000
Start address 0x34080040, load size 288
Transfer rate: 2304 bits in <1 sec, 288 bytes/write.
warning: Invalid state, unable to determine msp alias, assuming msp_s.
warning: Invalid state, unable to determine sp alias, assuming msp.
warning: Invalid state, unable to determine msp alias, assuming msp_s.
warning: Invalid state, unable to determine psp alias, assuming psp_s.
warning: Invalid state, unable to determine sp alias, assuming msp.
Hardware assisted breakpoint 1 at 0x340800c0
Hardware assisted breakpoint 2 at 0x340800e0
Hardware assisted breakpoint 3 at 0x340800d4
Hardware assisted breakpoint 4 at 0x340800da

Breakpoint 1, 0x340800c0 in probe_ready ()

Breakpoint 3, 0x340800d4 in probe_done ()
CASE id=21 code=0x10021000 data=0x34080800 pc=0x340800d4 r0=0x13579bdf left=0 cfsr=0x0 hfsr=0x0 afsr=0x0 bfar=0x0
0x340bf000:	0x00000000	0x00000000	0x00000000	0x00000000
0x340bf010:	0x00000000	0x00000000	0x00000000	0x00000000
0xe001e120:	0x1c015c84	0x52ad7522	0x040243d4	0x07ffc0fb
0xe001e130:	0x00000000	0x00000000	0x00000000	0x00000000
0xe001e000:	0x0001300a	0x00000165	0x00000000	0x00000000
0xe001e010:	0x00000049	0x00000049
none separate
Deferring arp_examine of stm32n6x.cpu
Use arp_examine command to examine it manually!
[Inferior 1 (Remote target) detached]
0x18003514 in ?? ()
Loading section .text, size 0x120 lma 0x34080000
Start address 0x34080040, load size 288
Transfer rate: 2304 bits in <1 sec, 288 bytes/write.
warning: Invalid state, unable to determine msp alias, assuming msp_s.
warning: Invalid state, unable to determine sp alias, assuming msp.
warning: Invalid state, unable to determine msp alias, assuming msp_s.
warning: Invalid state, unable to determine psp alias, assuming psp_s.
warning: Invalid state, unable to determine sp alias, assuming msp.
Hardware assisted breakpoint 1 at 0x340800c0
Hardware assisted breakpoint 2 at 0x340800e0
Hardware assisted breakpoint 3 at 0x340800d4
Hardware assisted breakpoint 4 at 0x340800da

Breakpoint 1, 0x340800c0 in probe_ready ()

Breakpoint 3, 0x340800d4 in probe_done ()
CASE id=22 code=0x10021000 data=0x10000800 pc=0x340800d4 r0=0x13579bdf left=0 cfsr=0x0 hfsr=0x0 afsr=0x0 bfar=0x0
0x340bf000:	0x00000000	0x00000000	0x00000000	0x00000000
0x340bf010:	0x00000000	0x00000000	0x00000000	0x00000000
0xe001e120:	0x1c015c84	0x52ad7522	0x040243d4	0x07ffc0fb
0xe001e130:	0x00000000	0x00000000	0x00000000	0x00000000
0xe001e000:	0x0001300a	0x00000165	0x00000000	0x00000000
0xe001e010:	0x00000049	0x00000049
none separate
Deferring arp_examine of stm32n6x.cpu
Use arp_examine command to examine it manually!
[Inferior 1 (Remote target) detached]
0x1800350e in ?? ()
Loading section .text, size 0x120 lma 0x34080000
Start address 0x34080040, load size 288
Transfer rate: 2304 bits in <1 sec, 288 bytes/write.
warning: Invalid state, unable to determine msp alias, assuming msp_s.
warning: Invalid state, unable to determine sp alias, assuming msp.
warning: Invalid state, unable to determine msp alias, assuming msp_s.
warning: Invalid state, unable to determine psp alias, assuming psp_s.
warning: Invalid state, unable to determine sp alias, assuming msp.
Hardware assisted breakpoint 1 at 0x340800c0
Hardware assisted breakpoint 2 at 0x340800e0
Hardware assisted breakpoint 3 at 0x340800d4
Hardware assisted breakpoint 4 at 0x340800da

Breakpoint 1, 0x340800c0 in probe_ready ()

Breakpoint 3, 0x340800d4 in probe_done ()
CASE id=23 code=0x10021000 data=0x10010800 pc=0x340800d4 r0=0x13579bdf left=0 cfsr=0x0 hfsr=0x0 afsr=0x0 bfar=0x0
0x340bf000:	0x00000000	0x00000000	0x00000000	0x00000000
0x340bf010:	0x00000000	0x00000000	0x00000000	0x00000000
0xe001e120:	0x1c015c84	0x52ad7522	0x040243d4	0x07ffc0fb
0xe001e130:	0x00000000	0x00000000	0x00000000	0x00000000
0xe001e000:	0x0001300a	0x00000165	0x00000000	0x00000000
0xe001e010:	0x00000049	0x00000049
none separate
Deferring arp_examine of stm32n6x.cpu
Use arp_examine command to examine it manually!
[Inferior 1 (Remote target) detached]
0x1800350e in ?? ()
Loading section .text, size 0x120 lma 0x34080000
Start address 0x34080040, load size 288
Transfer rate: 2304 bits in <1 sec, 288 bytes/write.
warning: Invalid state, unable to determine msp alias, assuming msp_s.
warning: Invalid state, unable to determine sp alias, assuming msp.
warning: Invalid state, unable to determine msp alias, assuming msp_s.
warning: Invalid state, unable to determine psp alias, assuming psp_s.
warning: Invalid state, unable to determine sp alias, assuming msp.
Hardware assisted breakpoint 1 at 0x340800c0
Hardware assisted breakpoint 2 at 0x340800e0
Hardware assisted breakpoint 3 at 0x340800d4
Hardware assisted breakpoint 4 at 0x340800da

Breakpoint 1, 0x340800c0 in probe_ready ()

Breakpoint 3, 0x340800d4 in probe_done ()
CASE id=24 code=0x10021000 data=0x10020800 pc=0x340800d4 r0=0x13579bdf left=0 cfsr=0x0 hfsr=0x0 afsr=0x0 bfar=0x0
0x340bf000:	0x00000000	0x00000000	0x00000000	0x00000000
0x340bf010:	0x00000000	0x00000000	0x00000000	0x00000000
0xe001e120:	0x1c015c84	0x52ad7522	0x040243d4	0x07ffc0fb
0xe001e130:	0x00000000	0x00000000	0x00000000	0x00000000
0xe001e000:	0x0001300a	0x00000165	0x00000000	0x00000000
0xe001e010:	0x00000049	0x00000049
none separate
Deferring arp_examine of stm32n6x.cpu
Use arp_examine command to examine it manually!
[Inferior 1 (Remote target) detached]
0x18003514 in ?? ()
Loading section .text, size 0x120 lma 0x34080000
Start address 0x34080040, load size 288
Transfer rate: 2304 bits in <1 sec, 288 bytes/write.
warning: Invalid state, unable to determine msp alias, assuming msp_s.
warning: Invalid state, unable to determine sp alias, assuming msp.
warning: Invalid state, unable to determine msp alias, assuming msp_s.
warning: Invalid state, unable to determine psp alias, assuming psp_s.
warning: Invalid state, unable to determine sp alias, assuming msp.
Hardware assisted breakpoint 1 at 0x340800c0
Hardware assisted breakpoint 2 at 0x340800e0
Hardware assisted breakpoint 3 at 0x340800d4
Hardware assisted breakpoint 4 at 0x340800da

Breakpoint 1, 0x340800c0 in probe_ready ()

Breakpoint 3, 0x340800d4 in probe_done ()
CASE id=25 code=0x10021000 data=0x10030800 pc=0x340800d4 r0=0x13579bdf left=0 cfsr=0x0 hfsr=0x0 afsr=0x0 bfar=0x0
0x340bf000:	0x00000000	0x00000000	0x00000000	0x00000000
0x340bf010:	0x00000000	0x00000000	0x00000000	0x00000000
0xe001e120:	0x1c015c84	0x52ad7522	0x040243d4	0x07ffc0fb
0xe001e130:	0x00000000	0x00000000	0x00000000	0x00000000
0xe001e000:	0x0001300a	0x00000165	0x00000000	0x00000000
0xe001e010:	0x00000049	0x00000049
none separate
Deferring arp_examine of stm32n6x.cpu
Use arp_examine command to examine it manually!
[Inferior 1 (Remote target) detached]
0x18003514 in ?? ()
Loading section .text, size 0x120 lma 0x34080000
Start address 0x34080040, load size 288
Transfer rate: 2304 bits in <1 sec, 288 bytes/write.
warning: Invalid state, unable to determine msp alias, assuming msp_s.
warning: Invalid state, unable to determine sp alias, assuming msp.
warning: Invalid state, unable to determine msp alias, assuming msp_s.
warning: Invalid state, unable to determine psp alias, assuming psp_s.
warning: Invalid state, unable to determine sp alias, assuming msp.
Hardware assisted breakpoint 1 at 0x340800c0
Hardware assisted breakpoint 2 at 0x340800e0
Hardware assisted breakpoint 3 at 0x340800d4
Hardware assisted breakpoint 4 at 0x340800da

Breakpoint 1, 0x340800c0 in probe_ready ()

Breakpoint 3, 0x340800d4 in probe_done ()
CASE id=26 code=0x10021000 data=0x30000800 pc=0x340800d4 r0=0x13579bdf left=0 cfsr=0x0 hfsr=0x0 afsr=0x0 bfar=0x0
0x340bf000:	0x00000000	0x00000000	0x00000000	0x00000000
0x340bf010:	0x00000000	0x00000000	0x00000000	0x00000000
0xe001e120:	0x1c015c84	0x52ad7522	0x040243d4	0x07ffc0fb
0xe001e130:	0x00000000	0x00000000	0x00000000	0x00000000
0xe001e000:	0x0001300a	0x00000165	0x00000000	0x00000000
0xe001e010:	0x00000049	0x00000049
none separate
Deferring arp_examine of stm32n6x.cpu
Use arp_examine command to examine it manually!
[Inferior 1 (Remote target) detached]
0x18003514 in ?? ()
Loading section .text, size 0x120 lma 0x34080000
Start address 0x34080040, load size 288
Transfer rate: 2304 bits in <1 sec, 288 bytes/write.
warning: Invalid state, unable to determine msp alias, assuming msp_s.
warning: Invalid state, unable to determine sp alias, assuming msp.
warning: Invalid state, unable to determine msp alias, assuming msp_s.
warning: Invalid state, unable to determine psp alias, assuming psp_s.
warning: Invalid state, unable to determine sp alias, assuming msp.
Hardware assisted breakpoint 1 at 0x340800c0
Hardware assisted breakpoint 2 at 0x340800e0
Hardware assisted breakpoint 3 at 0x340800d4
Hardware assisted breakpoint 4 at 0x340800da

Breakpoint 1, 0x340800c0 in probe_ready ()

Breakpoint 3, 0x340800d4 in probe_done ()
CASE id=27 code=0x10021000 data=0x30020800 pc=0x340800d4 r0=0x13579bdf left=0 cfsr=0x0 hfsr=0x0 afsr=0x0 bfar=0x0
0x340bf000:	0x00000000	0x00000000	0x00000000	0x00000000
0x340bf010:	0x00000000	0x00000000	0x00000000	0x00000000
0xe001e120:	0x1c015c84	0x52ad7522	0x040243d4	0x07ffc0fb
0xe001e130:	0x00000000	0x00000000	0x00000000	0x00000000
0xe001e000:	0x0001300a	0x00000165	0x00000000	0x00000000
0xe001e010:	0x00000049	0x00000049
none separate
Deferring arp_examine of stm32n6x.cpu
Use arp_examine command to examine it manually!
[Inferior 1 (Remote target) detached]
0x1800350e in ?? ()
Loading section .text, size 0x120 lma 0x34080000
Start address 0x34080040, load size 288
Transfer rate: 2304 bits in <1 sec, 288 bytes/write.
warning: Invalid state, unable to determine msp alias, assuming msp_s.
warning: Invalid state, unable to determine sp alias, assuming msp.
warning: Invalid state, unable to determine msp alias, assuming msp_s.
warning: Invalid state, unable to determine psp alias, assuming psp_s.
warning: Invalid state, unable to determine sp alias, assuming msp.
Hardware assisted breakpoint 1 at 0x340800c0
Hardware assisted breakpoint 2 at 0x340800e0
Hardware assisted breakpoint 3 at 0x340800d4
Hardware assisted breakpoint 4 at 0x340800da

Breakpoint 1, 0x340800c0 in probe_ready ()

Breakpoint 3, 0x340800d4 in probe_done ()
CASE id=28 code=0x10031000 data=0x34080800 pc=0x340800d4 r0=0x13579bdf left=0 cfsr=0x0 hfsr=0x0 afsr=0x0 bfar=0x0
0x340bf000:	0x00000000	0x00000000	0x00000000	0x00000000
0x340bf010:	0x00000000	0x00000000	0x00000000	0x00000000
0xe001e120:	0x1c015c84	0x52ad7522	0x040243d4	0x07ffc0fb
0xe001e130:	0x00000000	0x00000000	0x00000000	0x00000000
0xe001e000:	0x0001300a	0x00000165	0x00000000	0x00000000
0xe001e010:	0x00000049	0x00000049
none separate
Deferring arp_examine of stm32n6x.cpu
Use arp_examine command to examine it manually!
[Inferior 1 (Remote target) detached]
0x18003514 in ?? ()
Loading section .text, size 0x120 lma 0x34080000
Start address 0x34080040, load size 288
Transfer rate: 2304 bits in <1 sec, 288 bytes/write.
warning: Invalid state, unable to determine msp alias, assuming msp_s.
warning: Invalid state, unable to determine sp alias, assuming msp.
warning: Invalid state, unable to determine msp alias, assuming msp_s.
warning: Invalid state, unable to determine psp alias, assuming psp_s.
warning: Invalid state, unable to determine sp alias, assuming msp.
Hardware assisted breakpoint 1 at 0x340800c0
Hardware assisted breakpoint 2 at 0x340800e0
Hardware assisted breakpoint 3 at 0x340800d4
Hardware assisted breakpoint 4 at 0x340800da

Breakpoint 1, 0x340800c0 in probe_ready ()

Breakpoint 3, 0x340800d4 in probe_done ()
CASE id=29 code=0x10031000 data=0x10000800 pc=0x340800d4 r0=0x13579bdf left=0 cfsr=0x0 hfsr=0x0 afsr=0x0 bfar=0x0
0x340bf000:	0x00000000	0x00000000	0x00000000	0x00000000
0x340bf010:	0x00000000	0x00000000	0x00000000	0x00000000
0xe001e120:	0x1c015c84	0x52ad7522	0x040243d4	0x07ffc0fb
0xe001e130:	0x00000000	0x00000000	0x00000000	0x00000000
0xe001e000:	0x0001300a	0x00000165	0x00000000	0x00000000
0xe001e010:	0x00000049	0x00000049
none separate
Deferring arp_examine of stm32n6x.cpu
Use arp_examine command to examine it manually!
[Inferior 1 (Remote target) detached]
0x18003514 in ?? ()
Loading section .text, size 0x120 lma 0x34080000
Start address 0x34080040, load size 288
Transfer rate: 2304 bits in <1 sec, 288 bytes/write.
warning: Invalid state, unable to determine msp alias, assuming msp_s.
warning: Invalid state, unable to determine sp alias, assuming msp.
warning: Invalid state, unable to determine msp alias, assuming msp_s.
warning: Invalid state, unable to determine psp alias, assuming psp_s.
warning: Invalid state, unable to determine sp alias, assuming msp.
Hardware assisted breakpoint 1 at 0x340800c0
Hardware assisted breakpoint 2 at 0x340800e0
Hardware assisted breakpoint 3 at 0x340800d4
Hardware assisted breakpoint 4 at 0x340800da

Breakpoint 1, 0x340800c0 in probe_ready ()

Breakpoint 3, 0x340800d4 in probe_done ()
CASE id=30 code=0x10031000 data=0x10010800 pc=0x340800d4 r0=0x13579bdf left=0 cfsr=0x0 hfsr=0x0 afsr=0x0 bfar=0x0
0x340bf000:	0x00000000	0x00000000	0x00000000	0x00000000
0x340bf010:	0x00000000	0x00000000	0x00000000	0x00000000
0xe001e120:	0x1c015c84	0x52ad7522	0x040243d4	0x07ffc0fb
0xe001e130:	0x00000000	0x00000000	0x00000000	0x00000000
0xe001e000:	0x0001300a	0x00000165	0x00000000	0x00000000
0xe001e010:	0x00000049	0x00000049
none separate
Deferring arp_examine of stm32n6x.cpu
Use arp_examine command to examine it manually!
[Inferior 1 (Remote target) detached]
0x18003514 in ?? ()
Loading section .text, size 0x120 lma 0x34080000
Start address 0x34080040, load size 288
Transfer rate: 2304 bits in <1 sec, 288 bytes/write.
warning: Invalid state, unable to determine msp alias, assuming msp_s.
warning: Invalid state, unable to determine sp alias, assuming msp.
warning: Invalid state, unable to determine msp alias, assuming msp_s.
warning: Invalid state, unable to determine psp alias, assuming psp_s.
warning: Invalid state, unable to determine sp alias, assuming msp.
Hardware assisted breakpoint 1 at 0x340800c0
Hardware assisted breakpoint 2 at 0x340800e0
Hardware assisted breakpoint 3 at 0x340800d4
Hardware assisted breakpoint 4 at 0x340800da

Breakpoint 1, 0x340800c0 in probe_ready ()

Breakpoint 3, 0x340800d4 in probe_done ()
CASE id=31 code=0x10031000 data=0x10020800 pc=0x340800d4 r0=0x13579bdf left=0 cfsr=0x0 hfsr=0x0 afsr=0x0 bfar=0x0
0x340bf000:	0x00000000	0x00000000	0x00000000	0x00000000
0x340bf010:	0x00000000	0x00000000	0x00000000	0x00000000
0xe001e120:	0x1c015c84	0x52ad7522	0x040243d4	0x07ffc0fb
0xe001e130:	0x00000000	0x00000000	0x00000000	0x00000000
0xe001e000:	0x0001300a	0x00000165	0x00000000	0x00000000
0xe001e010:	0x00000049	0x00000049
none separate
Deferring arp_examine of stm32n6x.cpu
Use arp_examine command to examine it manually!
[Inferior 1 (Remote target) detached]
0x1800350e in ?? ()
Loading section .text, size 0x120 lma 0x34080000
Start address 0x34080040, load size 288
Transfer rate: 2304 bits in <1 sec, 288 bytes/write.
warning: Invalid state, unable to determine msp alias, assuming msp_s.
warning: Invalid state, unable to determine sp alias, assuming msp.
warning: Invalid state, unable to determine msp alias, assuming msp_s.
warning: Invalid state, unable to determine psp alias, assuming psp_s.
warning: Invalid state, unable to determine sp alias, assuming msp.
Hardware assisted breakpoint 1 at 0x340800c0
Hardware assisted breakpoint 2 at 0x340800e0
Hardware assisted breakpoint 3 at 0x340800d4
Hardware assisted breakpoint 4 at 0x340800da

Breakpoint 1, 0x340800c0 in probe_ready ()

Breakpoint 3, 0x340800d4 in probe_done ()
CASE id=32 code=0x10031000 data=0x10030800 pc=0x340800d4 r0=0x13579bdf left=0 cfsr=0x0 hfsr=0x0 afsr=0x0 bfar=0x0
0x340bf000:	0x00000000	0x00000000	0x00000000	0x00000000
0x340bf010:	0x00000000	0x00000000	0x00000000	0x00000000
0xe001e120:	0x1c015c84	0x52ad7522	0x040243d4	0x07ffc0fb
0xe001e130:	0x00000000	0x00000000	0x00000000	0x00000000
0xe001e000:	0x0001300a	0x00000165	0x00000000	0x00000000
0xe001e010:	0x00000049	0x00000049
none separate
Deferring arp_examine of stm32n6x.cpu
Use arp_examine command to examine it manually!
[Inferior 1 (Remote target) detached]
0x18003514 in ?? ()
Loading section .text, size 0x120 lma 0x34080000
Start address 0x34080040, load size 288
Transfer rate: 2304 bits in <1 sec, 288 bytes/write.
warning: Invalid state, unable to determine msp alias, assuming msp_s.
warning: Invalid state, unable to determine sp alias, assuming msp.
warning: Invalid state, unable to determine msp alias, assuming msp_s.
warning: Invalid state, unable to determine psp alias, assuming psp_s.
warning: Invalid state, unable to determine sp alias, assuming msp.
Hardware assisted breakpoint 1 at 0x340800c0
Hardware assisted breakpoint 2 at 0x340800e0
Hardware assisted breakpoint 3 at 0x340800d4
Hardware assisted breakpoint 4 at 0x340800da

Breakpoint 1, 0x340800c0 in probe_ready ()

Breakpoint 3, 0x340800d4 in probe_done ()
CASE id=33 code=0x10031000 data=0x30000800 pc=0x340800d4 r0=0x13579bdf left=0 cfsr=0x0 hfsr=0x0 afsr=0x0 bfar=0x0
0x340bf000:	0x00000000	0x00000000	0x00000000	0x00000000
0x340bf010:	0x00000000	0x00000000	0x00000000	0x00000000
0xe001e120:	0x1c015c84	0x52ad7522	0x040243d4	0x07ffc0fb
0xe001e130:	0x00000000	0x00000000	0x00000000	0x00000000
0xe001e000:	0x0001300a	0x00000165	0x00000000	0x00000000
0xe001e010:	0x00000049	0x00000049
none separate
Deferring arp_examine of stm32n6x.cpu
Use arp_examine command to examine it manually!
[Inferior 1 (Remote target) detached]
0x18003514 in ?? ()
Loading section .text, size 0x120 lma 0x34080000
Start address 0x34080040, load size 288
Transfer rate: 2304 bits in <1 sec, 288 bytes/write.
warning: Invalid state, unable to determine msp alias, assuming msp_s.
warning: Invalid state, unable to determine sp alias, assuming msp.
warning: Invalid state, unable to determine msp alias, assuming msp_s.
warning: Invalid state, unable to determine psp alias, assuming psp_s.
warning: Invalid state, unable to determine sp alias, assuming msp.
Hardware assisted breakpoint 1 at 0x340800c0
Hardware assisted breakpoint 2 at 0x340800e0
Hardware assisted breakpoint 3 at 0x340800d4
Hardware assisted breakpoint 4 at 0x340800da

Breakpoint 1, 0x340800c0 in probe_ready ()

Breakpoint 3, 0x340800d4 in probe_done ()
CASE id=34 code=0x10031000 data=0x30020800 pc=0x340800d4 r0=0x13579bdf left=0 cfsr=0x0 hfsr=0x0 afsr=0x0 bfar=0x0
0x340bf000:	0x00000000	0x00000000	0x00000000	0x00000000
0x340bf010:	0x00000000	0x00000000	0x00000000	0x00000000
0xe001e120:	0x1c015c84	0x52ad7522	0x040243d4	0x07ffc0fb
0xe001e130:	0x00000000	0x00000000	0x00000000	0x00000000
0xe001e000:	0x0001300a	0x00000165	0x00000000	0x00000000
0xe001e010:	0x00000049	0x00000049
none separate
Deferring arp_examine of stm32n6x.cpu
Use arp_examine command to examine it manually!
[Inferior 1 (Remote target) detached]
