[exec_wrapper] configuring FLEXMEM...
[exec_wrapper] starting OpenOCD on port 3349...
[exec_wrapper] SWO redirect port 57343
[exec_wrapper] /Users/seungwon/FALCON/fn-dsa_m55/measurement_mlkem_native/env/openocd-4e9b167/bin/openocd -f interface/stlink.cfg -c transport select swd -f target/stm32n6x.cfg -c if {[lsearch -exact [target names] stm32n6x.cpu] >= 0} { stm32n6x.cpu configure -defer-examine } -c adapter speed 8000 -c adapter serial 003C00223335510735383531 -c reset_config srst_only srst_nogate -c gdb_port 3349 -c tcl_port disabled -c telnet_port disabled -c init -c stm32n6x.cpu arp_examine -c stm32n6x.swo configure -protocol uart -traceclk 100000000 -pin-freq 1000000 -output :57343 -formatter 0 -c stm32n6x.swo enable -c stm32n6x.cpu itm port 0 on
============ GDB SCRIPT ============
set pagination off
set confirm off
target remote localhost:3349
load
tbreak *0x10012218
hbreak *0x10015484
set $early_fault_bp = $bpnum
jump *0x10015499
if $pc != 0x10012218
echo [[STARTUP-FAULT]]\n
info registers
x/8wx $psp
x/8wx $msp
x/8i *(unsigned int*)($psp+24)
x/6wx 0xE000ED28
x/6wx 0xE001E000
monitor reset_config none
monitor reset run
quit 1
end
delete $early_fault_bp
echo TCM_MSCR_START=
output/x *(unsigned int*)0xE001E000
echo \n
restore /var/folders/cl/qszfy4ys3t51fgwf6m125j080000gt/T/tmpahj1oawc/argv.bin binary 0x340b0000
set $nucleo_exit_code = -1
break *0x100121c8
commands
  set $nucleo_exit_code = $r0
  echo [[NUCLEO-DONE]]\n
end
break *0x10015484
commands
  echo [[NUCLEO-HARDFAULT]]\n
end
continue
if $nucleo_exit_code != -1
  echo NUCLEO_EXIT_CODE=
  output/d $nucleo_exit_code
  echo \n
end
info registers
x/4wx $sp
echo CFSR=
output/x *(unsigned int *)0xE000ED28
echo \n
echo HFSR=
output/x *(unsigned int *)0xE000ED2C
echo \n
echo DFSR=
output/x *(unsigned int *)0xE000ED30
echo \n
echo MMFAR=
output/x *(unsigned int *)0xE000ED34
echo \n
echo BFAR=
output/x *(unsigned int *)0xE000ED38
echo \n
echo AFSR=
output/x *(unsigned int *)0xE000ED3C
echo \n
echo SHCSR=
output/x *(unsigned int *)0xE000ED24
echo \n
echo CCR=
output/x *(unsigned int *)0xE000ED14
echo \n
echo MSP=
output/x $msp
echo \n
echo PSP=
output/x $psp
echo \n
echo LR=
output/x $lr
echo \n
echo PC=
output/x $pc
echo \n
echo STACKED_R0_R1_R2_R3_R12_LR_PC_XPSR:\n
if ($lr & 4)
  x/8wx $psp
else
  x/8wx $msp
end
x/4wx 0xE000ED28
x/wx 0xE000ED38
echo TCM_MSCR_END=
output/x *(unsigned int*)0xE001E000
echo \n
monitor reset_config none
monitor reset run
====================================
[exec_wrapper] running gdb batch
Open On-Chip Debugger 0.12.0+dev-g4e9b167 (2026-09-09-11:52)
Licensed under GNU GPL v2
For bug reports, read
	http://openocd.org/doc/doxygen/bugs.html
adapter speed: 8000 kHz
srst_only separate srst_nogate srst_open_drain connect_deassert_srst
DEPRECATED! use 'gdb port', not 'gdb_port'
DEPRECATED! use 'tcl port' not 'tcl_port'
DEPRECATED! use 'telnet port', not 'telnet_port'
Info : STLINK V3J15M6 (API v3) VID:PID 0483:3754
Info : Target voltage: 3.280851
Info : clock speed 8000 kHz
Info : SWD DPIDR 0x6ba02477
Info : [stm32n6x.ap0] Examination succeed
Info : [stm32n6x.ap0] gdb port disabled
Info : [stm32n6x.cpu] starting gdb server on 3349
Info : Listening on port 3349 for gdb connections
Info : [stm32n6x.cpu] Cortex-M55 r1p1 processor detected
Info : [stm32n6x.cpu] target has 8 breakpoints, 8 watchpoints
Info : starting trace server for stm32n6x.swo on 57343
Info : Listening on port 57343 for tpiu_swo_trace connections
Info : tcl server disabled
Info : telnet server disabled
Info : accepting 'tpiu_swo_trace' connection on tcp/57343
Info : accepting 'gdb' connection on tcp/3349
stm32n6x.cpu in Secure state
[stm32n6x.cpu] halted due to debug-request, current mode: Thread
xPSR: 0x21000000 pc: 0x1800350e msp: 0x341037a8
Info : New GDB Connection: 1, Target stm32n6x.cpu, state: halted
Warn : Prefer GDB command "target extended-remote :3349" instead of "target remote :3349"
FNDSA_BEGIN mode=full batches=10 warmups=10 iterations=10
BUILD gcc=15.2.1 20251203 asm_m4=1 m55_compat=1 mve_feature=3
CONFIG cycle_hz=800000000 stack=65536 fpu=1 cache_management=0 icache=1 dcache=1
CORE cpuid=411fd221 ccr=00000611 vtor=10000000 cpacr=00500000 primask=0 basepri=0 control=14
TCM itcmcr=00000049 dtcmcr=00000049 mpu=00000005
ADDR code=1001002d sk=3001f8c0 pk=3001f1a0 sig=3001eca0 tmp=30010080 sp=30036d08
CLOCK SystemCoreClock=800000000 CFGR1=33330000 CFGR2=01100000 HSECFGR=00000840
CLOCK IC1=00020000 IC2=00050000 IC6=20010000 IC11=00020000
CLOCK PLL1_1=20309600 PLL1_2=00000000 PLL1_3=49000005
CLOCK_DECODE cpu=800000000 sysclk=400000000 hclk=200000000 pclk1=200000000 pclk2=200000000 pclk4=200000000 pclk5=200000000
TIMER selfcheck_100ms_zephyr=80000254 dwt=80000660 error=406
STACK start=300271c0 size=65536 watermarked_end=30035d80
NTT_MUL_TABLE kind=mont3 pairs=2048 mismatches=0 first=0 actual=0 expected=0
NTT_EXACT degree=512 forward_mismatches=0 roundtrip_mismatches=0 oracle_roundtrip_mismatches=0 max_mod_error=0 first_forward=4294967295 actual=0 expected=0 first_roundtrip=4294967295 first_oracle=4294967295
NTT_MUL_TABLE kind=mont3 pairs=2048 mismatches=0 first=0 actual=0 expected=0
NTT_EXACT degree=1024 forward_mismatches=0 roundtrip_mismatches=0 oracle_roundtrip_mismatches=0 max_mod_error=0 first_forward=4294967295 actual=0 expected=0 first_roundtrip=4294967295 first_oracle=4294967295
PHASE degree=512 batch=0 op=0
BATCH degree=512 batch=0 op=0 total=517503435 per_call=51750343
PHASE degree=512 batch=0 op=1
BATCH degree=512 batch=0 op=1 total=169975192 per_call=16997519
PHASE degree=512 batch=0 op=2
BATCH degree=512 batch=0 op=2 total=3284063 per_call=328406
DIGEST degree=512 batch=0 shake256=9fd7c627fa100863e8f684339f3eb3835fc55a24066f4dd34aea05d555d8eadd
PHASE degree=512 batch=1 op=0
BATCH degree=512 batch=1 op=0 total=721360533 per_call=72136053
PHASE degree=512 batch=1 op=1
BATCH degree=512 batch=1 op=1 total=171738942 per_call=17173894
PHASE degree=512 batch=1 op=2
BATCH degree=512 batch=1 op=2 total=3286003 per_call=328600
DIGEST degree=512 batch=1 shake256=5b69a0ccfcb5334d1714c75887d4e3560e57c5260185b3e4d629c7ed15ef5a59
PHASE degree=512 batch=2 op=0
BATCH degree=512 batch=2 op=0 total=737438503 per_call=73743850
PHASE degree=512 batch=2 op=1
BATCH degree=512 batch=2 op=1 total=171502090 per_call=17150209
PHASE degree=512 batch=2 op=2
BATCH degree=512 batch=2 op=2 total=3284423 per_call=328442
DIGEST degree=512 batch=2 shake256=8e94da3992ad2b0b58b5f1fb24edb669aa510879992028b7e19e54913ca099ff
PHASE degree=512 batch=3 op=0
BATCH degree=512 batch=3 op=0 total=494410545 per_call=49441054
PHASE degree=512 batch=3 op=1
BATCH degree=512 batch=3 op=1 total=171896498 per_call=17189649
PHASE degree=512 batch=3 op=2
BATCH degree=512 batch=3 op=2 total=3138503 per_call=313850
DIGEST degree=512 batch=3 shake256=baed1ee121c159107fcae7fc39cd47321cf3e6e57b0d681dd0dd4bebea74b5af
PHASE degree=512 batch=4 op=0
BATCH degree=512 batch=4 op=0 total=502688798 per_call=50268879
PHASE degree=512 batch=4 op=1
BATCH degree=512 batch=4 op=1 total=171851229 per_call=17185122
PHASE degree=512 batch=4 op=2
BATCH degree=512 batch=4 op=2 total=3137943 per_call=313794
DIGEST degree=512 batch=4 shake256=1e8e5dd8133848e3117aa382c435644d8f91eb53750bb29b5e504a0d86705c6f
PHASE degree=512 batch=5 op=0
BATCH degree=512 batch=5 op=0 total=479293041 per_call=47929304
PHASE degree=512 batch=5 op=1
BATCH degree=512 batch=5 op=1 total=171904306 per_call=17190430
PHASE degree=512 batch=5 op=2
BATCH degree=512 batch=5 op=2 total=3138713 per_call=313871
DIGEST degree=512 batch=5 shake256=55be9bdeef8f2c0045c807dee826814bba467bf96e86e8a952161b909e7dd743
PHASE degree=512 batch=6 op=0
BATCH degree=512 batch=6 op=0 total=737024108 per_call=73702410
PHASE degree=512 batch=6 op=1
BATCH degree=512 batch=6 op=1 total=171010300 per_call=17101030
PHASE degree=512 batch=6 op=2
BATCH degree=512 batch=6 op=2 total=3281743 per_call=328174
DIGEST degree=512 batch=6 shake256=ee778ef0596faa884925468c99e6a3c7c1cb7f84dfd5c314c535a3b05c4b40a1
PHASE degree=512 batch=7 op=0
BATCH degree=512 batch=7 op=0 total=482967493 per_call=48296749
PHASE degree=512 batch=7 op=1
BATCH degree=512 batch=7 op=1 total=172100080 per_call=17210008
PHASE degree=512 batch=7 op=2
BATCH degree=512 batch=7 op=2 total=3140732 per_call=314073
DIGEST degree=512 batch=7 shake256=67faa3bc7b82a21816759c3144b355f9295aa2593ea7a49886815a206c8f73bc
PHASE degree=512 batch=8 op=0
BATCH degree=512 batch=8 op=0 total=536650062 per_call=53665006
PHASE degree=512 batch=8 op=1
BATCH degree=512 batch=8 op=1 total=171784688 per_call=17178468
PHASE degree=512 batch=8 op=2
BATCH degree=512 batch=8 op=2 total=3285703 per_call=328570
DIGEST degree=512 batch=8 shake256=52d3eecae1699a17991cd4b189e813c76dbfa438a5c07b1fe4f057e06a8d6da8
PHASE degree=512 batch=9 op=0
BATCH degree=512 batch=9 op=0 total=505132527 per_call=50513252
PHASE degree=512 batch=9 op=1
BATCH degree=512 batch=9 op=1 total=171471940 per_call=17147194
PHASE degree=512 batch=9 op=2
BATCH degree=512 batch=9 op=2 total=3283463 per_call=328346
DIGEST degree=512 batch=9 shake256=2405bd63d5a48ca7a926a63444d6c6badf4533539151b2778d705ebf28ceac97
AUDIT degree=512 shake256=c455025367f3309f0ecb04b2d8784afe9d1cba965d99ae9246eb0c1528b0419b
SUMMARY degree=512 op=0 upper_median=51750343 p1=47929304 p10=48296749 p20=49441054 p30=50268879 p40=50513252 p50=51750343 p60=53665006 p70=72136053 p80=73702410 p90=73743850 p99=73743850
SUMMARY degree=512 op=1 upper_median=17178468 p1=16997519 p10=17101030 p20=17147194 p30=17150209 p40=17173894 p50=17178468 p60=17185122 p70=17189649 p80=17190430 p90=17210008 p99=17210008
SUMMARY degree=512 op=2 upper_median=328346 p1=313794 p10=313850 p20=313871 p30=314073 p40=328174 p50=328346 p60=328406 p70=328442 p80=328570 p90=328600 p99=328600
PHASE degree=1024 batch=0 op=0
BATCH degree=1024 batch=0 op=0 total=3692648271 per_call=369264827
PHASE degree=1024 batch=0 op=1
BATCH degree=1024 batch=0 op=1 total=368627528 per_call=36862752
PHASE degree=1024 batch=0 op=2
BATCH degree=1024 batch=0 op=2 total=6242904 per_call=624290
DIGEST degree=1024 batch=0 shake256=c543754d19ef263221b2316acac8ad5c34502886750fdd5bfffd4f5487c018bb
PHASE degree=1024 batch=1 op=0
BATCH degree=1024 batch=1 op=0 total=2157555402 per_call=215755540
PHASE degree=1024 batch=1 op=1
BATCH degree=1024 batch=1 op=1 total=368223944 per_call=36822394
PHASE degree=1024 batch=1 op=2
BATCH degree=1024 batch=1 op=2 total=6387843 per_call=638784
DIGEST degree=1024 batch=1 shake256=400064f4596e3d533749bb9b14e07a4c3ee2f51e4c503631743aada416ca154d
PHASE degree=1024 batch=2 op=0
BATCH degree=1024 batch=2 op=0 total=2717001751 per_call=271700175
PHASE degree=1024 batch=2 op=1
BATCH degree=1024 batch=2 op=1 total=369613183 per_call=36961318
PHASE degree=1024 batch=2 op=2
BATCH degree=1024 batch=2 op=2 total=6241222 per_call=624122
DIGEST degree=1024 batch=2 shake256=c8f763cc6ba2ff8c0cea3130dbc5001b7c64353fd5473b15b8ed98a5d294cf42
PHASE degree=1024 batch=3 op=0
BATCH degree=1024 batch=3 op=0 total=1871084785 per_call=187108478
PHASE degree=1024 batch=3 op=1
BATCH degree=1024 batch=3 op=1 total=367493244 per_call=36749324
PHASE degree=1024 batch=3 op=2
BATCH degree=1024 batch=3 op=2 total=6388733 per_call=638873
DIGEST degree=1024 batch=3 shake256=78261ecd967b617c9dec3202e71ae67dd85cff87716a7c25ed3d2870828ccb2c
PHASE degree=1024 batch=4 op=0
BATCH degree=1024 batch=4 op=0 total=2020247787 per_call=202024778
PHASE degree=1024 batch=4 op=1
BATCH degree=1024 batch=4 op=1 total=367698862 per_call=36769886
PHASE degree=1024 batch=4 op=2
BATCH degree=1024 batch=4 op=2 total=6391694 per_call=639169
DIGEST degree=1024 batch=4 shake256=25c07b9897ace42311bcf8dcf9792e827783a5dc503c324873b92f7291d763d5
PHASE degree=1024 batch=5 op=0
BATCH degree=1024 batch=5 op=0 total=4533607591 per_call=453360759
PHASE degree=1024 batch=5 op=1
BATCH degree=1024 batch=5 op=1 total=366731011 per_call=36673101
PHASE degree=1024 batch=5 op=2
BATCH degree=1024 batch=5 op=2 total=6393793 per_call=639379
DIGEST degree=1024 batch=5 shake256=33ec81bdfbb949e6f7d07edb3d471128919d04debf0c4ad66cbb93328125f61a
PHASE degree=1024 batch=6 op=0
BATCH degree=1024 batch=6 op=0 total=4406320009 per_call=440632000
PHASE degree=1024 batch=6 op=1
BATCH degree=1024 batch=6 op=1 total=367601722 per_call=36760172
PHASE degree=1024 batch=6 op=2
BATCH degree=1024 batch=6 op=2 total=6240643 per_call=624064
DIGEST degree=1024 batch=6 shake256=781798734a83f7c0132cf1fd71aeec798c4833cc5135e9cf6c54321e256adb16
PHASE degree=1024 batch=7 op=0
BATCH degree=1024 batch=7 op=0 total=2118478152 per_call=211847815
PHASE degree=1024 batch=7 op=1
BATCH degree=1024 batch=7 op=1 total=366897232 per_call=36689723
PHASE degree=1024 batch=7 op=2
BATCH degree=1024 batch=7 op=2 total=6388343 per_call=638834
DIGEST degree=1024 batch=7 shake256=f53e2a643bf74aebb49ba53617743a599ea993201f4401afc68f3066f2fe3152
PHASE degree=1024 batch=8 op=0
BATCH degree=1024 batch=8 op=0 total=2605269145 per_call=260526914
PHASE degree=1024 batch=8 op=1
BATCH degree=1024 batch=8 op=1 total=368489384 per_call=36848938
PHASE degree=1024 batch=8 op=2
BATCH degree=1024 batch=8 op=2 total=6388193 per_call=638819
DIGEST degree=1024 batch=8 shake256=b1f3c6253c2a4465c931d57ba4be8ee58a6466341b82d24b37d1e489d4f06a26
PHASE degree=1024 batch=9 op=0
BATCH degree=1024 batch=9 op=0 total=1768130337 per_call=176813033
PHASE degree=1024 batch=9 op=1
BATCH degree=1024 batch=9 op=1 total=368449145 per_call=36844914
PHASE degree=1024 batch=9 op=2
BATCH degree=1024 batch=9 op=2 total=6388163 per_call=638816
DIGEST degree=1024 batch=9 shake256=72375b3e18c2473acd5cdb152cc86a758f8dfbe9eb888f344a6e24d5011d0927
AUDIT degree=1024 shake256=72e6bed093cb6e8ea32376824caac24cb4aa210613415aa9e14ccfede589dc67
SUMMARY degree=1024 op=0 upper_median=260526914 p1=176813033 p10=187108478 p20=202024778 p30=211847815 p40=215755540 p50=260526914 p60=271700175 p70=369264827 p80=440632000 p90=453360759 p99=453360759
SUMMARY degree=1024 op=1 upper_median=36822394 p1=36673101 p10=36689723 p20=36749324 p30=36760172 p40=36769886 p50=36822394 p60=36844914 p70=36848938 p80=36862752 p90=36961318 p99=36961318
SUMMARY degree=1024 op=2 upper_median=638819 p1=624064 p10=624122 p20=624290 p30=638784 p40=638816 p50=638819 p60=638834 p70=638873 p80=639169 p90=639379 p99=639379
STACK untouched_prefix=55912 used_upper_bound=9624
FNDSA_DONE correctness=PASS tamper_rejection=PASS
Info : Deferring arp_examine of stm32n6x.cpu
Info : Use arp_examine command to examine it manually!
Info : dropped 'gdb' connection
0x1800350e in ?? ()
Loading section rom_start, size 0x32c lma 0x10000000
Loading section text, size 0x1a25c lma 0x10000330
Loading section .ARM.exidx, size 0x8 lma 0x30000000
Loading section initlevel, size 0xc8 lma 0x30000008
Loading section device_area, size 0x268 lma 0x300000d0
Loading section sw_isr_table, size 0x5d8 lma 0x30000338
Loading section gpio_driver_api_area, size 0x24 lma 0x30000910
Loading section reset_driver_api_area, size 0x10 lma 0x30000934
Loading section clock_control_driver_api_area, size 0x1c lma 0x30000944
Loading section otp_driver_api_area, size 0x4 lma 0x30000960
Loading section uart_driver_api_area, size 0x14 lma 0x30000964
Loading section rodata, size 0xe65c lma 0x30000980
Loading section datas, size 0x4c lma 0x3000efe0
Loading section device_states, size 0x2c lma 0x3000f02c
Loading section k_mutex_area, size 0x14 lma 0x3000f058
Loading section .last_section, size 0x4 lma 0x3000f06c
Start address 0x10015498, load size 169452
Transfer rate: 537 KB/sec, 6778 bytes/write.
Temporary breakpoint 1 at 0x10012218: file /Users/seungwon/FALCON/fn-dsa_m55/measurement_mlkem_native/env/mlkem-native-637d076aa113d8faaec2277ed4a46b657acaf35f/test/zephyr/app/shim_nucleo_n657x0_q.c, line 254.
Hardware assisted breakpoint 2 at 0x10015484: file /Users/seungwon/FALCON/fn-dsa_m55/measurement_mlkem_native/env/zephyr-4.4.1/arch/arm/core/cortex_m/fault_s.S, line 80.

Temporary breakpoint 1, get_bootargs () at /Users/seungwon/FALCON/fn-dsa_m55/measurement_mlkem_native/env/mlkem-native-637d076aa113d8faaec2277ed4a46b657acaf35f/test/zephyr/app/shim_nucleo_n657x0_q.c:254
254	  return mlk_bootargs_block;
TCM_MSCR_START=0x1300a
Restoring binary file /var/folders/cl/qszfy4ys3t51fgwf6m125j080000gt/T/tmpahj1oawc/argv.bin into memory (0x340b0000 to 0x340c0000)
Breakpoint 3 at 0x100121c8: file /Users/seungwon/FALCON/fn-dsa_m55/measurement_mlkem_native/env/mlkem-native-637d076aa113d8faaec2277ed4a46b657acaf35f/test/zephyr/app/shim_nucleo_n657x0_q.c, line 148.
Breakpoint 4 at 0x10015484: file /Users/seungwon/FALCON/fn-dsa_m55/measurement_mlkem_native/env/zephyr-4.4.1/arch/arm/core/cortex_m/fault_s.S, line 80.

Breakpoint 3, nucleo_test_breakpoint (rc=rc@entry=0) at /Users/seungwon/FALCON/fn-dsa_m55/measurement_mlkem_native/env/mlkem-native-637d076aa113d8faaec2277ed4a46b657acaf35f/test/zephyr/app/shim_nucleo_n657x0_q.c:148
148	  __asm__ volatile("bkpt 0" ::: "memory");
[[NUCLEO-DONE]]
NUCLEO_EXIT_CODE=0
r0             0x0                 0
r1             0xe0000000          -536870912
r2             0x1000900           16779520
r3             0x985e4c            9985612
r4             0x0                 0
r5             0x300000d0          805306576
r6             0x30000910          805308688
r7             0x30027080          805466240
r8             0x300000d0          805306576
r9             0x300371c0          805532096
r10            0x34102040          873472064
r11            0x56021800          1442977792
r12            0xa                 10
sp             0x30037170          0x30037170 <z_main_stack+65456>
lr             0x1001220f          268509711
pc             0x100121c8          0x100121c8 <nucleo_test_breakpoint>
xpsr           0x9060000           151388160
fpscr          0x40000             262144
msp            0x30027080          0x30027080 <z_idle_stacks>
psp            0x30037170          0x30037170 <z_main_stack+65456>
vpr            0x30                [ P0=48 MASK01=0 MASK23=0 ]
msp_ns         0x241077f0          0x241077f0
psp_ns         0x241077f0          0x241077f0
msp_s          0x30027080          0x30027080 <z_idle_stacks>
psp_s          0x30037170          0x30037170 <z_main_stack+65456>
primask        0x0                 0
basepri        0x0                 0
faultmask      0x0                 0
control        0x6                 6
msplim_s       0x30026880          0x30026880 <z_interrupt_stacks>
psplim_s       0x300271c0          0x300271c0 <z_main_stack>
msplim_ns      0x24106ff0          0x24106ff0
psplim_ns      0x24106ff0          0x24106ff0
primask_s      0x0                 0
basepri_s      0x0                 0
faultmask_s    0x0                 0
control_s      0x6                 6
primask_ns     0x0                 0
basepri_ns     0x0                 0
faultmask_ns   0x0                 0
control_ns     0x4                 4
p0             0x30                48
0x30037170 <z_main_stack+65456>:	0x00000000	0x1001222b	0x00000000	0x10018e4f
CFSR=0x0
HFSR=0x0
DFSR=0x0
MMFAR=0x0
BFAR=0xf30379ad
AFSR=0x0
SHCSR=0xf0000
CCR=0x611
MSP=0x30027080
PSP=0x30037170
LR=0x1001220f
PC=0x100121c8
STACKED_R0_R1_R2_R3_R12_LR_PC_XPSR:
0x30037170 <z_main_stack+65456>:	0x00000000	0x1001222b	0x00000000	0x10018e4f
0x30037180 <z_main_stack+65472>:	0x00000000	0x00000000	0x00000000	0x00000000
0xe000ed28:	0x00000000	0x00000000	0x00000000	0x00000000
0xe000ed38:	0xf30379ad
TCM_MSCR_END=0x1300a
[Inferior 1 (Remote target) detached]
none separate
Deferring arp_examine of stm32n6x.cpu
Use arp_examine command to examine it manually!
