-- Found Python3: /Users/seungwon/FALCON/fn-dsa_m55/measurement_mlkem_native/env/build-venv/bin/python3.12 (found version "3.12.14") found components: Interpreter
Loading Zephyr default modules (Zephyr base).
-- Application: /Users/seungwon/FALCON/fn-dsa_m55/measurement_mlkem_native/app
-- CMake version: 3.31.6
-- Found Python3: /Users/seungwon/FALCON/fn-dsa_m55/measurement_mlkem_native/env/build-venv/bin/python3.12 (found suitable version "3.12.14", minimum required is "3.12") found components: Interpreter
-- Cache files will be written to: /Users/seungwon/FALCON/fn-dsa_m55/measurement_mlkem_native/env/zephyr-4.4.1/.cache
-- Zephyr version: 4.4.1 (/Users/seungwon/FALCON/fn-dsa_m55/measurement_mlkem_native/env/zephyr-4.4.1)
-- Board: nucleo_n657x0_q, qualifiers: stm32n657xx
-- Found toolchain: gnuarmemb (/Users/seungwon/FALCON/fn-dsa_m55/measurement_mlkem_native/env/arm-gnu-toolchain-15.2.rel1-darwin-arm64-arm-none-eabi)
-- Could NOT find Dtc (missing: DTC) (Required is at least version "1.4.6")
Hint: The project() command has not yet been called.  It sets up system-specific search paths.
-- Found BOARD.dts: /Users/seungwon/FALCON/fn-dsa_m55/measurement_mlkem_native/env/zephyr-4.4.1/boards/st/nucleo_n657x0_q/nucleo_n657x0_q.dts
-- Found devicetree overlay: /Users/seungwon/FALCON/fn-dsa_m55/measurement_mlkem_native/env/mlkem-native-637d076aa113d8faaec2277ed4a46b657acaf35f/test/zephyr/app/nucleo_n657x0_q.overlay
-- Generated zephyr.dts: /Users/seungwon/FALCON/fn-dsa_m55/ntt_ntrusolve/4th_array_compare/D1_vld4_last/profiling/build/stage4-m55-perf/zephyr/zephyr.dts
-- Generated pickled edt: /Users/seungwon/FALCON/fn-dsa_m55/ntt_ntrusolve/4th_array_compare/D1_vld4_last/profiling/build/stage4-m55-perf/zephyr/edt.pickle
-- Generated devicetree_generated.h: /Users/seungwon/FALCON/fn-dsa_m55/ntt_ntrusolve/4th_array_compare/D1_vld4_last/profiling/build/stage4-m55-perf/zephyr/include/generated/zephyr/devicetree_generated.h
Parsing /Users/seungwon/FALCON/fn-dsa_m55/measurement_mlkem_native/env/zephyr-4.4.1/Kconfig
Loaded configuration '/Users/seungwon/FALCON/fn-dsa_m55/measurement_mlkem_native/env/zephyr-4.4.1/boards/st/nucleo_n657x0_q/nucleo_n657x0_q_defconfig'
Merged configuration '/Users/seungwon/FALCON/fn-dsa_m55/measurement_mlkem_native/env/mlkem-native-637d076aa113d8faaec2277ed4a46b657acaf35f/test/zephyr/app/prj.conf'
Merged configuration '/Users/seungwon/FALCON/fn-dsa_m55/measurement_mlkem_native/env/mlkem-native-637d076aa113d8faaec2277ed4a46b657acaf35f/test/zephyr/app/nucleo_n657x0_q.conf'
Merged configuration '/Users/seungwon/FALCON/fn-dsa_m55/measurement_mlkem_native/app/fndsa.conf'
Configuration saved to '/Users/seungwon/FALCON/fn-dsa_m55/ntt_ntrusolve/4th_array_compare/D1_vld4_last/profiling/build/stage4-m55-perf/zephyr/.config'
Kconfig header saved to '/Users/seungwon/FALCON/fn-dsa_m55/ntt_ntrusolve/4th_array_compare/D1_vld4_last/profiling/build/stage4-m55-perf/zephyr/include/generated/zephyr/autoconf.h'
-- Found GnuLd: /Users/seungwon/FALCON/fn-dsa_m55/measurement_mlkem_native/env/arm-gnu-toolchain-15.2.rel1-darwin-arm64-arm-none-eabi/arm-none-eabi/bin/ld.bfd (found version "2.45.1")
-- The C compiler identification is GNU 15.2.1
-- The CXX compiler identification is GNU 15.2.1
-- The ASM compiler identification is GNU
-- Found assembler: /Users/seungwon/FALCON/fn-dsa_m55/measurement_mlkem_native/env/arm-gnu-toolchain-15.2.rel1-darwin-arm64-arm-none-eabi/bin/arm-none-eabi-gcc
CMake Warning at /Users/seungwon/FALCON/fn-dsa_m55/measurement_mlkem_native/env/zephyr-4.4.1/CMakeLists.txt:688 (message):
  
  ZEPHYR_BASE=/Users/seungwon/FALCON/fn-dsa_m55/measurement_mlkem_native/env/zephyr-4.4.1
  doesn't appear to be a git repository, please specify
  '-DBUILD_VERSION=<version>'


CMake Warning at /Users/seungwon/FALCON/fn-dsa_m55/measurement_mlkem_native/env/zephyr-4.4.1/soc/st/stm32/stm32n6x/CMakeLists.txt:31 (message):
  

        Signing Image tool (STM32_SigningTool_CLI) is not available.
        Signed image will not be generated.
        You won't be able to run application on the board.
        Refer to board documentation for more information.
      


-- Found gen_kobject_list: /Users/seungwon/FALCON/fn-dsa_m55/measurement_mlkem_native/env/zephyr-4.4.1/scripts/build/gen_kobject_list.py
CMake Warning at /Users/seungwon/FALCON/fn-dsa_m55/measurement_mlkem_native/env/zephyr-4.4.1/CMakeLists.txt:1081 (message):
  No SOURCES given to Zephyr library: drivers__console

  Excluding target from build.


-- Configuring done (4.1s)
-- Generating done (0.3s)
-- Build files have been written to: /Users/seungwon/FALCON/fn-dsa_m55/ntt_ntrusolve/4th_array_compare/D1_vld4_last/profiling/build/stage4-m55-perf
[1/211] Preparing syscall dependency handling

[2/211] Generating misc/generated/syscalls_subdirs.trigger
[3/211] Generating include/generated/zephyr/version.h
-- Zephyr version: 4.4.1 (/Users/seungwon/FALCON/fn-dsa_m55/measurement_mlkem_native/env/zephyr-4.4.1), build: 83a4252f796e
[4/211] Generating misc/generated/syscalls.json, misc/generated/struct_tags.json
[5/211] Generating include/generated/device-api-sections.ld, include/generated/device-api-sections.cmake
[6/211] Generating include/generated/zephyr/syscall_dispatch.c, include/generated/zephyr/syscall_exports_llext.c, syscall_weakdefs_llext.c, include/generated/zephyr/syscall_list.h
[7/211] Generating include/generated/zephyr/driver-validation.h
[8/211] Generating include/generated/zephyr/kobj-types-enum.h, include/generated/zephyr/otype-to-str.h, include/generated/zephyr/otype-to-size.h
[9/211] Building C object zephyr/lib/heap/CMakeFiles/heap_constants.dir/heap_constants.c.obj
[10/211] Generating ../../include/generated/zephyr/heap_constants.h
[11/211] Building C object zephyr/CMakeFiles/offsets.dir/arch/arm/core/offsets/offsets.c.obj
[12/211] Generating include/generated/zephyr/offsets.h
[13/211] Generating ../../../include/generated/libc/minimal/strerror_table.h
[14/211] Building C object CMakeFiles/app.dir/Users/seungwon/FALCON/fn-dsa_m55/ntt_ntrusolve/4th_array_compare/D1_vld4_last/codec.c.obj
In file included from /Users/seungwon/FALCON/fn-dsa_m55/ntt_ntrusolve/4th_array_compare/D1_vld4_last/inner.h:6,
                 from /Users/seungwon/FALCON/fn-dsa_m55/ntt_ntrusolve/4th_array_compare/D1_vld4_last/codec.c:5:
/Users/seungwon/FALCON/fn-dsa_m55/ntt_ntrusolve/4th_array_compare/D1_vld4_last/fndsa.h:201:1: warning: 'fndsa_hashed_vrfykey_from_signkey' defined but not used [-Wunused-function]
  201 | fndsa_hashed_vrfykey_from_signkey(const void *sign_key, size_t sign_key_len)
      | ^~~~~~~~~~~~~~~~~~~~~~~~~~~~~~~~~
[15/211] Building C object CMakeFiles/app.dir/Users/seungwon/FALCON/fn-dsa_m55/ntt_ntrusolve/4th_array_compare/D1_vld4_last/sha3.c.obj
In file included from /Users/seungwon/FALCON/fn-dsa_m55/ntt_ntrusolve/4th_array_compare/D1_vld4_last/inner.h:6,
                 from /Users/seungwon/FALCON/fn-dsa_m55/ntt_ntrusolve/4th_array_compare/D1_vld4_last/sha3.c:5:
/Users/seungwon/FALCON/fn-dsa_m55/ntt_ntrusolve/4th_array_compare/D1_vld4_last/fndsa.h:201:1: warning: 'fndsa_hashed_vrfykey_from_signkey' defined but not used [-Wunused-function]
  201 | fndsa_hashed_vrfykey_from_signkey(const void *sign_key, size_t sign_key_len)
      | ^~~~~~~~~~~~~~~~~~~~~~~~~~~~~~~~~
[16/211] Building C object CMakeFiles/app.dir/Users/seungwon/FALCON/fn-dsa_m55/ntt_ntrusolve/4th_array_compare/D1_vld4_last/mq.c.obj
In file included from /Users/seungwon/FALCON/fn-dsa_m55/ntt_ntrusolve/4th_array_compare/D1_vld4_last/inner.h:6,
                 from /Users/seungwon/FALCON/fn-dsa_m55/ntt_ntrusolve/4th_array_compare/D1_vld4_last/mq.c:5:
/Users/seungwon/FALCON/fn-dsa_m55/ntt_ntrusolve/4th_array_compare/D1_vld4_last/fndsa.h:201:1: warning: 'fndsa_hashed_vrfykey_from_signkey' defined but not used [-Wunused-function]
  201 | fndsa_hashed_vrfykey_from_signkey(const void *sign_key, size_t sign_key_len)
      | ^~~~~~~~~~~~~~~~~~~~~~~~~~~~~~~~~
[17/211] Building C object CMakeFiles/app.dir/Users/seungwon/FALCON/fn-dsa_m55/ntt_ntrusolve/4th_array_compare/D1_vld4_last/sysrng.c.obj
In file included from /Users/seungwon/FALCON/fn-dsa_m55/ntt_ntrusolve/4th_array_compare/D1_vld4_last/inner.h:6,
                 from /Users/seungwon/FALCON/fn-dsa_m55/ntt_ntrusolve/4th_array_compare/D1_vld4_last/sysrng.c:5:
/Users/seungwon/FALCON/fn-dsa_m55/ntt_ntrusolve/4th_array_compare/D1_vld4_last/fndsa.h:201:1: warning: 'fndsa_hashed_vrfykey_from_signkey' defined but not used [-Wunused-function]
  201 | fndsa_hashed_vrfykey_from_signkey(const void *sign_key, size_t sign_key_len)
      | ^~~~~~~~~~~~~~~~~~~~~~~~~~~~~~~~~
[18/211] Building C object CMakeFiles/app.dir/Users/seungwon/FALCON/fn-dsa_m55/ntt_ntrusolve/4th_array_compare/D1_vld4_last/util.c.obj
In file included from /Users/seungwon/FALCON/fn-dsa_m55/ntt_ntrusolve/4th_array_compare/D1_vld4_last/inner.h:6,
                 from /Users/seungwon/FALCON/fn-dsa_m55/ntt_ntrusolve/4th_array_compare/D1_vld4_last/util.c:5:
/Users/seungwon/FALCON/fn-dsa_m55/ntt_ntrusolve/4th_array_compare/D1_vld4_last/fndsa.h:201:1: warning: 'fndsa_hashed_vrfykey_from_signkey' defined but not used [-Wunused-function]
  201 | fndsa_hashed_vrfykey_from_signkey(const void *sign_key, size_t sign_key_len)
      | ^~~~~~~~~~~~~~~~~~~~~~~~~~~~~~~~~
[19/211] Building C object zephyr/arch/common/CMakeFiles/isr_tables.dir/isr_tables.c.obj
[20/211] Building C object CMakeFiles/app.dir/Users/seungwon/FALCON/fn-dsa_m55/ntt_ntrusolve/4th_array_compare/D1_vld4_last/kgen_gauss.c.obj
In file included from /Users/seungwon/FALCON/fn-dsa_m55/ntt_ntrusolve/4th_array_compare/D1_vld4_last/inner.h:6,
                 from /Users/seungwon/FALCON/fn-dsa_m55/ntt_ntrusolve/4th_array_compare/D1_vld4_last/kgen_inner.h:10,
                 from /Users/seungwon/FALCON/fn-dsa_m55/ntt_ntrusolve/4th_array_compare/D1_vld4_last/kgen_gauss.c:5:
/Users/seungwon/FALCON/fn-dsa_m55/ntt_ntrusolve/4th_array_compare/D1_vld4_last/fndsa.h:201:1: warning: 'fndsa_hashed_vrfykey_from_signkey' defined but not used [-Wunused-function]
  201 | fndsa_hashed_vrfykey_from_signkey(const void *sign_key, size_t sign_key_len)
      | ^~~~~~~~~~~~~~~~~~~~~~~~~~~~~~~~~
[21/211] Building C object CMakeFiles/app.dir/Users/seungwon/FALCON/fn-dsa_m55/ntt_ntrusolve/4th_array_compare/D1_vld4_last/kgen.c.obj
In file included from /Users/seungwon/FALCON/fn-dsa_m55/ntt_ntrusolve/4th_array_compare/D1_vld4_last/inner.h:6,
                 from /Users/seungwon/FALCON/fn-dsa_m55/ntt_ntrusolve/4th_array_compare/D1_vld4_last/kgen_inner.h:10,
                 from /Users/seungwon/FALCON/fn-dsa_m55/ntt_ntrusolve/4th_array_compare/D1_vld4_last/kgen.c:5:
/Users/seungwon/FALCON/fn-dsa_m55/ntt_ntrusolve/4th_array_compare/D1_vld4_last/fndsa.h:201:1: warning: 'fndsa_hashed_vrfykey_from_signkey' defined but not used [-Wunused-function]
  201 | fndsa_hashed_vrfykey_from_signkey(const void *sign_key, size_t sign_key_len)
      | ^~~~~~~~~~~~~~~~~~~~~~~~~~~~~~~~~
[22/211] Building C object CMakeFiles/app.dir/Users/seungwon/FALCON/fn-dsa_m55/ntt_ntrusolve/4th_array_compare/D1_vld4_last/kgen_fxp.c.obj
In file included from /Users/seungwon/FALCON/fn-dsa_m55/ntt_ntrusolve/4th_array_compare/D1_vld4_last/inner.h:6,
                 from /Users/seungwon/FALCON/fn-dsa_m55/ntt_ntrusolve/4th_array_compare/D1_vld4_last/kgen_inner.h:10,
                 from /Users/seungwon/FALCON/fn-dsa_m55/ntt_ntrusolve/4th_array_compare/D1_vld4_last/kgen_fxp.c:5:
/Users/seungwon/FALCON/fn-dsa_m55/ntt_ntrusolve/4th_array_compare/D1_vld4_last/fndsa.h:201:1: warning: 'fndsa_hashed_vrfykey_from_signkey' defined but not used [-Wunused-function]
  201 | fndsa_hashed_vrfykey_from_signkey(const void *sign_key, size_t sign_key_len)
      | ^~~~~~~~~~~~~~~~~~~~~~~~~~~~~~~~~
[23/211] Building C object CMakeFiles/app.dir/Users/seungwon/FALCON/fn-dsa_m55/ntt_ntrusolve/4th_array_compare/D1_vld4_last/kgen_mp31.c.obj
In file included from /Users/seungwon/FALCON/fn-dsa_m55/ntt_ntrusolve/4th_array_compare/D1_vld4_last/inner.h:6,
                 from /Users/seungwon/FALCON/fn-dsa_m55/ntt_ntrusolve/4th_array_compare/D1_vld4_last/kgen_inner.h:10,
                 from /Users/seungwon/FALCON/fn-dsa_m55/ntt_ntrusolve/4th_array_compare/D1_vld4_last/kgen_mp31.c:5:
/Users/seungwon/FALCON/fn-dsa_m55/ntt_ntrusolve/4th_array_compare/D1_vld4_last/fndsa.h:201:1: warning: 'fndsa_hashed_vrfykey_from_signkey' defined but not used [-Wunused-function]
  201 | fndsa_hashed_vrfykey_from_signkey(const void *sign_key, size_t sign_key_len)
      | ^~~~~~~~~~~~~~~~~~~~~~~~~~~~~~~~~
[24/211] Building C object CMakeFiles/app.dir/Users/seungwon/FALCON/fn-dsa_m55/ntt_ntrusolve/4th_array_compare/D1_vld4_last/kgen_zint31.c.obj
In file included from /Users/seungwon/FALCON/fn-dsa_m55/ntt_ntrusolve/4th_array_compare/D1_vld4_last/inner.h:6,
                 from /Users/seungwon/FALCON/fn-dsa_m55/ntt_ntrusolve/4th_array_compare/D1_vld4_last/kgen_inner.h:10,
                 from /Users/seungwon/FALCON/fn-dsa_m55/ntt_ntrusolve/4th_array_compare/D1_vld4_last/kgen_zint31.c:5:
/Users/seungwon/FALCON/fn-dsa_m55/ntt_ntrusolve/4th_array_compare/D1_vld4_last/fndsa.h:201:1: warning: 'fndsa_hashed_vrfykey_from_signkey' defined but not used [-Wunused-function]
  201 | fndsa_hashed_vrfykey_from_signkey(const void *sign_key, size_t sign_key_len)
      | ^~~~~~~~~~~~~~~~~~~~~~~~~~~~~~~~~
[25/211] Building C object CMakeFiles/app.dir/Users/seungwon/FALCON/fn-dsa_m55/ntt_ntrusolve/4th_array_compare/D1_vld4_last/sign.c.obj
[26/211] Building C object CMakeFiles/app.dir/Users/seungwon/FALCON/fn-dsa_m55/ntt_ntrusolve/4th_array_compare/D1_vld4_last/kgen_ntru.c.obj
In file included from /Users/seungwon/FALCON/fn-dsa_m55/ntt_ntrusolve/4th_array_compare/D1_vld4_last/inner.h:6,
                 from /Users/seungwon/FALCON/fn-dsa_m55/ntt_ntrusolve/4th_array_compare/D1_vld4_last/kgen_inner.h:10,
                 from /Users/seungwon/FALCON/fn-dsa_m55/ntt_ntrusolve/4th_array_compare/D1_vld4_last/kgen_ntru.c:5:
/Users/seungwon/FALCON/fn-dsa_m55/ntt_ntrusolve/4th_array_compare/D1_vld4_last/fndsa.h:201:1: warning: 'fndsa_hashed_vrfykey_from_signkey' defined but not used [-Wunused-function]
  201 | fndsa_hashed_vrfykey_from_signkey(const void *sign_key, size_t sign_key_len)
      | ^~~~~~~~~~~~~~~~~~~~~~~~~~~~~~~~~
[27/211] Building C object CMakeFiles/app.dir/Users/seungwon/FALCON/fn-dsa_m55/ntt_ntrusolve/4th_array_compare/D1_vld4_last/sign_core.c.obj
In file included from /Users/seungwon/FALCON/fn-dsa_m55/ntt_ntrusolve/4th_array_compare/D1_vld4_last/inner.h:6,
                 from /Users/seungwon/FALCON/fn-dsa_m55/ntt_ntrusolve/4th_array_compare/D1_vld4_last/sign_inner.h:10,
                 from /Users/seungwon/FALCON/fn-dsa_m55/ntt_ntrusolve/4th_array_compare/D1_vld4_last/sign_core.c:5:
/Users/seungwon/FALCON/fn-dsa_m55/ntt_ntrusolve/4th_array_compare/D1_vld4_last/fndsa.h:201:1: warning: 'fndsa_hashed_vrfykey_from_signkey' defined but not used [-Wunused-function]
  201 | fndsa_hashed_vrfykey_from_signkey(const void *sign_key, size_t sign_key_len)
      | ^~~~~~~~~~~~~~~~~~~~~~~~~~~~~~~~~
[28/211] Building C object CMakeFiles/app.dir/Users/seungwon/FALCON/fn-dsa_m55/ntt_ntrusolve/4th_array_compare/D1_vld4_last/sign_fpr.c.obj
In file included from /Users/seungwon/FALCON/fn-dsa_m55/ntt_ntrusolve/4th_array_compare/D1_vld4_last/inner.h:6,
                 from /Users/seungwon/FALCON/fn-dsa_m55/ntt_ntrusolve/4th_array_compare/D1_vld4_last/sign_inner.h:10,
                 from /Users/seungwon/FALCON/fn-dsa_m55/ntt_ntrusolve/4th_array_compare/D1_vld4_last/sign_fpr.c:5:
/Users/seungwon/FALCON/fn-dsa_m55/ntt_ntrusolve/4th_array_compare/D1_vld4_last/fndsa.h:201:1: warning: 'fndsa_hashed_vrfykey_from_signkey' defined but not used [-Wunused-function]
  201 | fndsa_hashed_vrfykey_from_signkey(const void *sign_key, size_t sign_key_len)
      | ^~~~~~~~~~~~~~~~~~~~~~~~~~~~~~~~~
[29/211] Building C object CMakeFiles/app.dir/Users/seungwon/FALCON/fn-dsa_m55/ntt_ntrusolve/4th_array_compare/D1_vld4_last/kgen_poly.c.obj
In file included from /Users/seungwon/FALCON/fn-dsa_m55/ntt_ntrusolve/4th_array_compare/D1_vld4_last/inner.h:6,
                 from /Users/seungwon/FALCON/fn-dsa_m55/ntt_ntrusolve/4th_array_compare/D1_vld4_last/kgen_inner.h:10,
                 from /Users/seungwon/FALCON/fn-dsa_m55/ntt_ntrusolve/4th_array_compare/D1_vld4_last/kgen_poly.c:5:
/Users/seungwon/FALCON/fn-dsa_m55/ntt_ntrusolve/4th_array_compare/D1_vld4_last/fndsa.h:201:1: warning: 'fndsa_hashed_vrfykey_from_signkey' defined but not used [-Wunused-function]
  201 | fndsa_hashed_vrfykey_from_signkey(const void *sign_key, size_t sign_key_len)
      | ^~~~~~~~~~~~~~~~~~~~~~~~~~~~~~~~~
[30/211] Building ASM object CMakeFiles/app.dir/Users/seungwon/FALCON/fn-dsa_m55/ntt_ntrusolve/4th_array_compare/D1_vld4_last/codec_cm4.s.obj
[31/211] Building C object CMakeFiles/app.dir/Users/seungwon/FALCON/fn-dsa_m55/ntt_ntrusolve/4th_array_compare/D1_vld4_last/sign_sampler.c.obj
In file included from /Users/seungwon/FALCON/fn-dsa_m55/ntt_ntrusolve/4th_array_compare/D1_vld4_last/inner.h:6,
                 from /Users/seungwon/FALCON/fn-dsa_m55/ntt_ntrusolve/4th_array_compare/D1_vld4_last/sign_inner.h:10,
                 from /Users/seungwon/FALCON/fn-dsa_m55/ntt_ntrusolve/4th_array_compare/D1_vld4_last/sign_sampler.c:5:
/Users/seungwon/FALCON/fn-dsa_m55/ntt_ntrusolve/4th_array_compare/D1_vld4_last/fndsa.h:201:1: warning: 'fndsa_hashed_vrfykey_from_signkey' defined but not used [-Wunused-function]
  201 | fndsa_hashed_vrfykey_from_signkey(const void *sign_key, size_t sign_key_len)
      | ^~~~~~~~~~~~~~~~~~~~~~~~~~~~~~~~~
[32/211] Building ASM object CMakeFiles/app.dir/Users/seungwon/FALCON/fn-dsa_m55/ntt_ntrusolve/4th_array_compare/D1_vld4_last/mq_cm55.s.obj
[33/211] Building C object CMakeFiles/app.dir/Users/seungwon/FALCON/fn-dsa_m55/ntt_ntrusolve/4th_array_compare/D1_vld4_last/vrfy.c.obj
In file included from /Users/seungwon/FALCON/fn-dsa_m55/ntt_ntrusolve/4th_array_compare/D1_vld4_last/inner.h:6,
                 from /Users/seungwon/FALCON/fn-dsa_m55/ntt_ntrusolve/4th_array_compare/D1_vld4_last/vrfy.c:5:
/Users/seungwon/FALCON/fn-dsa_m55/ntt_ntrusolve/4th_array_compare/D1_vld4_last/fndsa.h:201:1: warning: 'fndsa_hashed_vrfykey_from_signkey' defined but not used [-Wunused-function]
  201 | fndsa_hashed_vrfykey_from_signkey(const void *sign_key, size_t sign_key_len)
      | ^~~~~~~~~~~~~~~~~~~~~~~~~~~~~~~~~
[34/211] Building ASM object CMakeFiles/app.dir/Users/seungwon/FALCON/fn-dsa_m55/ntt_ntrusolve/4th_array_compare/D1_vld4_last/sha3_cm4.s.obj
[35/211] Building ASM object CMakeFiles/app.dir/Users/seungwon/FALCON/fn-dsa_m55/ntt_ntrusolve/4th_array_compare/D1_vld4_last/sign_fpr_cm4.s.obj
[36/211] Building ASM object CMakeFiles/app.dir/Users/seungwon/FALCON/fn-dsa_m55/ntt_ntrusolve/4th_array_compare/D1_vld4_last/kgen_mp31_cm55.s.obj
[37/211] Building ASM object CMakeFiles/app.dir/Users/seungwon/FALCON/fn-dsa_m55/ntt_ntrusolve/4th_array_compare/D1_vld4_last/sign_sampler_cm4.s.obj
[38/211] Building C object CMakeFiles/app.dir/Users/seungwon/FALCON/fn-dsa_m55/ntt_ntrusolve/4th_array_compare/D1_vld4_last/sign_fpoly.c.obj
In file included from /Users/seungwon/FALCON/fn-dsa_m55/ntt_ntrusolve/4th_array_compare/D1_vld4_last/inner.h:6,
                 from /Users/seungwon/FALCON/fn-dsa_m55/ntt_ntrusolve/4th_array_compare/D1_vld4_last/sign_inner.h:10,
                 from /Users/seungwon/FALCON/fn-dsa_m55/ntt_ntrusolve/4th_array_compare/D1_vld4_last/sign_fpoly.c:5:
/Users/seungwon/FALCON/fn-dsa_m55/ntt_ntrusolve/4th_array_compare/D1_vld4_last/fndsa.h:201:1: warning: 'fndsa_hashed_vrfykey_from_signkey' defined but not used [-Wunused-function]
  201 | fndsa_hashed_vrfykey_from_signkey(const void *sign_key, size_t sign_key_len)
      | ^~~~~~~~~~~~~~~~~~~~~~~~~~~~~~~~~
[39/211] Building ASM object CMakeFiles/app.dir/dtcm_startup.s.obj
[40/211] Building C object zephyr/CMakeFiles/zephyr.dir/lib/libc/validate_libc.c.obj
[41/211] Building C object CMakeFiles/app.dir/Users/seungwon/FALCON/fn-dsa_m55/measurement_mlkem_native/env/mlkem-native-637d076aa113d8faaec2277ed4a46b657acaf35f/test/zephyr/app/shim_nucleo_n657x0_q.c.obj
In file included from /Users/seungwon/FALCON/fn-dsa_m55/measurement_mlkem_native/env/zephyr-4.4.1/include/zephyr/irq_multilevel.h:15,
                 from /Users/seungwon/FALCON/fn-dsa_m55/measurement_mlkem_native/env/zephyr-4.4.1/include/zephyr/devicetree.h:21,
                 from /Users/seungwon/FALCON/fn-dsa_m55/measurement_mlkem_native/env/zephyr-4.4.1/include/zephyr/arch/arm/cortex_m/nvic.h:10,
                 from /Users/seungwon/FALCON/fn-dsa_m55/measurement_mlkem_native/env/zephyr-4.4.1/modules/cmsis_6/./cmsis_core_m.h:22,
                 from /Users/seungwon/FALCON/fn-dsa_m55/measurement_mlkem_native/env/zephyr-4.4.1/modules/cmsis_6/./cmsis_core.h:10,
                 from /Users/seungwon/FALCON/fn-dsa_m55/measurement_mlkem_native/env/mlkem-native-637d076aa113d8faaec2277ed4a46b657acaf35f/test/zephyr/app/shim_nucleo_n657x0_q.c:17:
/Users/seungwon/FALCON/fn-dsa_m55/measurement_mlkem_native/env/zephyr-4.4.1/include/zephyr/sys/__assert.h:35:1: warning: '__wrap_printf' is an unrecognized format function type [-Wformat=]
   35 | void __printf_like(1, 2) assert_print(const char *fmt, ...);
      | ^~~~
[42/211] Building C object zephyr/CMakeFiles/zephyr.dir/lib/heap/heap.c.obj
[43/211] Building C object zephyr/CMakeFiles/zephyr.dir/lib/os/clock.c.obj
[44/211] Building C object CMakeFiles/app.dir/benchmark.c.obj
In file included from /Users/seungwon/FALCON/fn-dsa_m55/measurement_mlkem_native/env/zephyr-4.4.1/include/zephyr/sys/util.h:27,
                 from /Users/seungwon/FALCON/fn-dsa_m55/measurement_mlkem_native/env/zephyr-4.4.1/include/zephyr/sys/atomic.h:18,
                 from /Users/seungwon/FALCON/fn-dsa_m55/measurement_mlkem_native/env/zephyr-4.4.1/include/zephyr/kernel_includes.h:25,
                 from /Users/seungwon/FALCON/fn-dsa_m55/measurement_mlkem_native/env/zephyr-4.4.1/include/zephyr/kernel.h:17,
                 from /Users/seungwon/FALCON/fn-dsa_m55/measurement_mlkem_native/app/benchmark.c:20:
/Users/seungwon/FALCON/fn-dsa_m55/measurement_mlkem_native/env/zephyr-4.4.1/include/zephyr/sys/__assert.h:35:1: warning: '__wrap_printf' is an unrecognized format function type [-Wformat=]
   35 | void __printf_like(1, 2) assert_print(const char *fmt, ...);
      | ^~~~
In file included from /Users/seungwon/FALCON/fn-dsa_m55/measurement_mlkem_native/env/zephyr-4.4.1/include/zephyr/kernel_includes.h:35:
/Users/seungwon/FALCON/fn-dsa_m55/measurement_mlkem_native/env/zephyr-4.4.1/include/zephyr/sys/printk.h:47:1: warning: '__wrap_printf' is an unrecognized format function type [-Wformat=]
   47 | __printf_like(1, 2) void printk(const char *fmt, ...);
      | ^~~~~~~~~~~~~
/Users/seungwon/FALCON/fn-dsa_m55/measurement_mlkem_native/env/zephyr-4.4.1/include/zephyr/sys/printk.h:48:1: warning: '__wrap_printf' is an unrecognized format function type [-Wformat=]
   48 | __printf_like(1, 0) void vprintk(const char *fmt, va_list ap);
      | ^~~~~~~~~~~~~
/Users/seungwon/FALCON/fn-dsa_m55/measurement_mlkem_native/env/zephyr-4.4.1/include/zephyr/sys/printk.h:73:41: warning: '__wrap_printf' is an unrecognized format function type [-Wformat=]
   73 |                                         const char *fmt, ...);
      |                                         ^~~~~
/Users/seungwon/FALCON/fn-dsa_m55/measurement_mlkem_native/env/zephyr-4.4.1/include/zephyr/sys/printk.h:75:43: warning: '__wrap_printf' is an unrecognized format function type [-Wformat=]
   75 |                                           const char *fmt, va_list ap);
      |                                           ^~~~~
In file included from /Users/seungwon/FALCON/fn-dsa_m55/ntt_ntrusolve/4th_array_compare/D1_vld4_last/inner.h:6,
                 from /Users/seungwon/FALCON/fn-dsa_m55/measurement_mlkem_native/app/benchmark.c:12:
/Users/seungwon/FALCON/fn-dsa_m55/ntt_ntrusolve/4th_array_compare/D1_vld4_last/fndsa.h:201:1: warning: 'fndsa_hashed_vrfykey_from_signkey' defined but not used [-Wunused-function]
  201 | fndsa_hashed_vrfykey_from_signkey(const void *sign_key, size_t sign_key_len)
      | ^~~~~~~~~~~~~~~~~~~~~~~~~~~~~~~~~
[45/211] Building C object zephyr/CMakeFiles/zephyr.dir/lib/os/cbprintf_packaged.c.obj
[46/211] Building C object zephyr/CMakeFiles/zephyr.dir/lib/os/printk.c.obj
[47/211] Building C object zephyr/CMakeFiles/zephyr.dir/lib/os/thread_entry.c.obj
[48/211] Building C object zephyr/CMakeFiles/zephyr.dir/lib/os/sem.c.obj
[49/211] Building C object zephyr/CMakeFiles/zephyr.dir/lib/utils/dec.c.obj
[50/211] Building C object zephyr/CMakeFiles/zephyr.dir/lib/os/cbprintf.c.obj
[51/211] Building C object zephyr/CMakeFiles/zephyr.dir/lib/utils/hex.c.obj
[52/211] Building C object zephyr/CMakeFiles/zephyr.dir/lib/os/assert.c.obj
[53/211] Building C object zephyr/CMakeFiles/zephyr.dir/lib/utils/set.c.obj
[54/211] Building C object zephyr/CMakeFiles/zephyr.dir/lib/utils/timeutil.c.obj
[55/211] Building C object zephyr/CMakeFiles/zephyr.dir/lib/utils/bitmask.c.obj
[56/211] Building C object zephyr/CMakeFiles/zephyr.dir/lib/utils/rb.c.obj
[57/211] Building C object zephyr/CMakeFiles/zephyr.dir/lib/utils/bitarray.c.obj
[58/211] Building C object zephyr/CMakeFiles/zephyr.dir/lib/os/cbprintf_complete.c.obj
[59/211] Building C object zephyr/CMakeFiles/zephyr.dir/lib/utils/getopt/getopt.c.obj
[60/211] Building C object zephyr/CMakeFiles/zephyr.dir/lib/utils/last_section_id.c.obj
[61/211] Building C object zephyr/CMakeFiles/zephyr.dir/misc/generated/configs.c.obj
[62/211] Building C object zephyr/CMakeFiles/zephyr.dir/lib/utils/getopt/getopt_common.c.obj
[63/211] Building C object zephyr/CMakeFiles/zephyr.dir/lib/utils/ring_buffer.c.obj
[64/211] Building C object zephyr/CMakeFiles/zephyr.dir/soc/st/stm32/common/stm32cube_hal.c.obj
[65/211] Building C object zephyr/CMakeFiles/zephyr.dir/soc/st/stm32/common/soc_config.c.obj
[66/211] Building C object zephyr/CMakeFiles/zephyr.dir/soc/st/stm32/common/stm32_xspim.c.obj
[67/211] Building C object zephyr/CMakeFiles/zephyr.dir/soc/st/stm32/common/stm32_iocell.c.obj
[68/211] Building C object zephyr/CMakeFiles/zephyr.dir/soc/st/stm32/common/stm32_cache.c.obj
[69/211] Building C object zephyr/CMakeFiles/zephyr.dir/soc/st/stm32/common/gpioport_mgr.c.obj
[70/211] Building C object zephyr/CMakeFiles/zephyr.dir/subsys/mem_mgmt/mem_attr.c.obj
[71/211] Building C object zephyr/CMakeFiles/zephyr.dir/soc/st/stm32/common/stm32_backup_domain.c.obj
[72/211] Building C object zephyr/CMakeFiles/zephyr.dir/soc/st/stm32/stm32n6x/soc.c.obj
[73/211] Generating linker_zephyr_pre0.cmd
[74/211] Building C object zephyr/arch/common/CMakeFiles/arch__common.dir/init.c.obj
[75/211] Linking C static library zephyr/arch/common/libisr_tables.a
[76/211] Building C object zephyr/CMakeFiles/zephyr.dir/subsys/tracing/tracing_none.c.obj
[77/211] Building C object zephyr/arch/common/CMakeFiles/arch__common.dir/sw_isr_common.c.obj
[78/211] Building ASM object zephyr/arch/arch/arm/core/CMakeFiles/arch__arm__core.dir/nmi_on_reset.S.obj
[79/211] Building C object zephyr/arch/common/CMakeFiles/arch__common.dir/xip.c.obj
[80/211] Building C object zephyr/arch/arch/arm/core/CMakeFiles/arch__arm__core.dir/fatal.c.obj
[81/211] Building ASM object zephyr/arch/arch/arm/core/cortex_m/CMakeFiles/arch__arm__core__cortex_m.dir/fault_s.S.obj
[82/211] Building C object zephyr/arch/arch/arm/core/CMakeFiles/arch__arm__core.dir/nmi.c.obj
[83/211] Building ASM object zephyr/arch/arch/arm/core/cortex_m/CMakeFiles/arch__arm__core__cortex_m.dir/reset.S.obj
[84/211] Building ASM object zephyr/arch/arch/arm/core/cortex_m/CMakeFiles/arch__arm__core__cortex_m.dir/vector_table.S.obj
[85/211] Building C object zephyr/arch/arch/arm/core/cortex_m/CMakeFiles/arch__arm__core__cortex_m.dir/fault.c.obj
[86/211] Building ASM object zephyr/arch/arch/arm/core/cortex_m/CMakeFiles/arch__arm__core__cortex_m.dir/svc.S.obj
[87/211] Building C object zephyr/arch/arch/arm/core/cortex_m/CMakeFiles/arch__arm__core__cortex_m.dir/fpu.c.obj
[88/211] Building C object zephyr/arch/arch/arm/core/cortex_m/CMakeFiles/arch__arm__core__cortex_m.dir/scb.c.obj
[89/211] Building C object zephyr/arch/arch/arm/core/cortex_m/CMakeFiles/arch__arm__core__cortex_m.dir/irq_manage.c.obj
[90/211] Building C object zephyr/arch/arch/arm/core/cortex_m/CMakeFiles/arch__arm__core__cortex_m.dir/prep_c.c.obj
[91/211] Building C object zephyr/arch/arch/arm/core/cortex_m/CMakeFiles/arch__arm__core__cortex_m.dir/thread.c.obj
[92/211] Building ASM object zephyr/arch/arch/arm/core/cortex_m/CMakeFiles/arch__arm__core__cortex_m.dir/swap_helper.S.obj
[93/211] Building C object zephyr/arch/arch/arm/core/cortex_m/CMakeFiles/arch__arm__core__cortex_m.dir/cpu_idle.c.obj
[94/211] Building C object zephyr/arch/arch/arm/core/cortex_m/CMakeFiles/arch__arm__core__cortex_m.dir/thread_abort.c.obj
[95/211] Building C object zephyr/arch/arch/arm/core/cortex_m/CMakeFiles/arch__arm__core__cortex_m.dir/exc_exit.c.obj
[96/211] Building C object zephyr/arch/arch/arm/core/cortex_m/CMakeFiles/arch__arm__core__cortex_m.dir/irq_init.c.obj
[97/211] Building C object zephyr/arch/arch/arm/core/cortex_m/CMakeFiles/arch__arm__core__cortex_m.dir/isr_wrapper.c.obj
[98/211] Building C object zephyr/arch/arch/arm/core/cortex_m/cmse/CMakeFiles/arch__arm__core__cortex_m__cmse.dir/arm_core_cmse.c.obj
[99/211] Building C object zephyr/arch/arch/arm/core/mpu/CMakeFiles/arch__arm__core__mpu.dir/arm_core_mpu.c.obj
[100/211] Building C object zephyr/lib/libc/minimal/CMakeFiles/lib__libc__minimal.dir/source/stdlib/atoi.c.obj
[101/211] Building C object zephyr/lib/libc/minimal/CMakeFiles/lib__libc__minimal.dir/source/stdlib/strtol.c.obj
[102/211] Building C object zephyr/arch/arch/arm/core/mpu/CMakeFiles/arch__arm__core__mpu.dir/arm_mpu_regions.c.obj
[103/211] Building C object zephyr/lib/libc/minimal/CMakeFiles/lib__libc__minimal.dir/source/stdlib/strtoul.c.obj
[104/211] Building C object zephyr/lib/libc/minimal/CMakeFiles/lib__libc__minimal.dir/source/stdlib/strtoull.c.obj
[105/211] Building C object zephyr/lib/libc/minimal/CMakeFiles/lib__libc__minimal.dir/source/stdlib/strtoll.c.obj
[106/211] Building C object zephyr/lib/libc/minimal/CMakeFiles/lib__libc__minimal.dir/source/stdlib/bsearch.c.obj
[107/211] Building C object zephyr/lib/libc/minimal/CMakeFiles/lib__libc__minimal.dir/source/string/strerror.c.obj
[108/211] Building C object zephyr/arch/arch/arm/core/mpu/CMakeFiles/arch__arm__core__mpu.dir/arm_mpu.c.obj
In file included from /Users/seungwon/FALCON/fn-dsa_m55/measurement_mlkem_native/env/zephyr-4.4.1/arch/arm/core/mpu/arm_mpu.c:77:
In function 'mpu_region_get_access_attr',
    inlined from 'mpu_region_get_conf' at /Users/seungwon/FALCON/fn-dsa_m55/measurement_mlkem_native/env/zephyr-4.4.1/arch/arm/core/mpu/arm_mpu_v8_internal.h:304:2,
    inlined from 'mpu_mark_areas_for_dynamic_regions' at /Users/seungwon/FALCON/fn-dsa_m55/measurement_mlkem_native/env/zephyr-4.4.1/arch/arm/core/mpu/arm_mpu_v8_internal.h:724:3,
    inlined from 'arm_core_mpu_mark_areas_for_dynamic_regions' at /Users/seungwon/FALCON/fn-dsa_m55/measurement_mlkem_native/env/zephyr-4.4.1/arch/arm/core/mpu/arm_mpu.c:406:6:
/Users/seungwon/FALCON/fn-dsa_m55/measurement_mlkem_native/env/zephyr-4.4.1/arch/arm/core/mpu/arm_mpu_v8_internal.h:290:19: warning: writing 1 byte into a region of size 0 [-Wstringop-overflow=]
  290 |         attr->pxn = (mpu_get_rlar() & MPU_RLAR_PXN_Msk) >> MPU_RLAR_PXN_Pos;
/Users/seungwon/FALCON/fn-dsa_m55/measurement_mlkem_native/env/zephyr-4.4.1/arch/arm/core/mpu/arm_mpu_v8_internal.h: In function 'arm_core_mpu_mark_areas_for_dynamic_regions':
/Users/seungwon/FALCON/fn-dsa_m55/measurement_mlkem_native/env/zephyr-4.4.1/arch/arm/core/mpu/arm_mpu_v8_internal.h:33:35: note: at offset 44 into destination object 'dyn_reg_info' of size 24
   33 | static struct dynamic_region_info dyn_reg_info[MPU_DYNAMIC_REGION_AREAS_NUM];
      |                                   ^~~~~~~~~~~~
[109/211] Building C object zephyr/lib/libc/minimal/CMakeFiles/lib__libc__minimal.dir/source/string/strncasecmp.c.obj
[110/211] Building C object zephyr/lib/libc/minimal/CMakeFiles/lib__libc__minimal.dir/source/stdlib/qsort.c.obj
[111/211] Building C object zephyr/lib/libc/minimal/CMakeFiles/lib__libc__minimal.dir/source/string/strstr.c.obj
[112/211] Building C object zephyr/lib/libc/minimal/CMakeFiles/lib__libc__minimal.dir/source/string/strspn.c.obj
[113/211] Building C object zephyr/lib/libc/minimal/CMakeFiles/lib__libc__minimal.dir/source/stdlib/exit.c.obj
[114/211] Building C object zephyr/lib/libc/minimal/CMakeFiles/lib__libc__minimal.dir/source/string/string.c.obj
[115/211] Building C object zephyr/lib/libc/minimal/CMakeFiles/lib__libc__minimal.dir/source/math/sqrtf.c.obj
[116/211] Building C object zephyr/lib/libc/minimal/CMakeFiles/lib__libc__minimal.dir/source/stdout/stdout_console.c.obj
[117/211] Building C object zephyr/lib/libc/minimal/CMakeFiles/lib__libc__minimal.dir/source/stdout/fprintf.c.obj
[118/211] Building C object zephyr/lib/libc/minimal/CMakeFiles/lib__libc__minimal.dir/source/stdout/sprintf.c.obj
[119/211] Building C object zephyr/lib/libc/minimal/CMakeFiles/lib__libc__minimal.dir/source/math/sqrt.c.obj
[120/211] Building C object zephyr/lib/libc/common/CMakeFiles/lib__libc__common.dir/source/time/asctime.c.obj
[121/211] Building C object zephyr/lib/libc/common/CMakeFiles/lib__libc__common.dir/source/time/gmtime_r.c.obj
[122/211] Building C object zephyr/lib/libc/common/CMakeFiles/lib__libc__common.dir/source/time/localtime_r_utc.c.obj
[123/211] Building C object zephyr/lib/libc/common/CMakeFiles/lib__libc__common.dir/source/time/ctime.c.obj
[124/211] Building C object zephyr/lib/libc/common/CMakeFiles/lib__libc__common.dir/source/time/time.c.obj
[125/211] Building C object zephyr/lib/libc/common/CMakeFiles/lib__libc__common.dir/source/stdlib/abort.c.obj
[126/211] Building C object zephyr/lib/libc/minimal/CMakeFiles/lib__libc__minimal.dir/source/time/gmtime.c.obj
[127/211] Building C object zephyr/lib/libc/common/CMakeFiles/lib__libc__common.dir/source/string/strnlen.c.obj
[128/211] Building C object zephyr/lib/posix/c_lib_ext/CMakeFiles/lib__posix__c_lib_ext.dir/fnmatch.c.obj
[129/211] Building C object zephyr/lib/libc/common/CMakeFiles/lib__libc__common.dir/source/stdlib/malloc.c.obj
[130/211] Building C object zephyr/lib/posix/c_lib_ext/CMakeFiles/lib__posix__c_lib_ext.dir/getentropy.c.obj
[131/211] Building C object zephyr/lib/posix/c_lib_ext/CMakeFiles/lib__posix__c_lib_ext.dir/getopt_shim.c.obj
[132/211] Building C object zephyr/subsys/nvmem/CMakeFiles/subsys__nvmem.dir/nvmem.c.obj
[133/211] Building C object zephyr/drivers/clock_control/CMakeFiles/drivers__clock_control.dir/clock_stm32_mux.c.obj
[134/211] Building C object zephyr/drivers/interrupt_controller/CMakeFiles/drivers__interrupt_controller.dir/intc_gpio_stm32.c.obj
[135/211] Building C object zephyr/drivers/interrupt_controller/CMakeFiles/drivers__interrupt_controller.dir/intc_exti_stm32.c.obj
[136/211] Building C object zephyr/drivers/clock_control/CMakeFiles/drivers__clock_control.dir/clock_stm32_ll_n6.c.obj
[137/211] Building C object zephyr/drivers/otp/CMakeFiles/drivers__otp.dir/otp_bsec_stm32.c.obj
[138/211] Building C object zephyr/drivers/gpio/CMakeFiles/drivers__gpio.dir/gpio_stm32.c.obj
[139/211] Building C object zephyr/drivers/pinctrl/CMakeFiles/drivers__pinctrl.dir/common.c.obj
[140/211] Building C object zephyr/drivers/pinctrl/CMakeFiles/drivers__pinctrl.dir/pinctrl_stm32.c.obj
[141/211] Building C object zephyr/drivers/reset/CMakeFiles/drivers__reset.dir/reset_stm32.c.obj
[142/211] Building C object zephyr/drivers/timer/CMakeFiles/drivers__timer.dir/sys_clock_init.c.obj
[143/211] Building C object zephyr/drivers/timer/CMakeFiles/drivers__timer.dir/cortex_m_systick.c.obj
[144/211] Building C object zephyr/drivers/serial/CMakeFiles/drivers__serial.dir/uart_stm32.c.obj
[145/211] Building C object modules/hal_stm32/stm32cube/CMakeFiles/..__modules__hal__hal_stm32-fc11896dd39cfca37bf9b4aeaaa2df8861b81875__stm32cube.dir/stm32n6xx/soc/system_stm32n6xx_fsbl.c.obj
[146/211] Building C object modules/hal_stm32/stm32cube/CMakeFiles/..__modules__hal__hal_stm32-fc11896dd39cfca37bf9b4aeaaa2df8861b81875__stm32cube.dir/stm32n6xx/drivers/src/stm32n6xx_hal.c.obj
[147/211] Building C object modules/hal_stm32/stm32cube/CMakeFiles/..__modules__hal__hal_stm32-fc11896dd39cfca37bf9b4aeaaa2df8861b81875__stm32cube.dir/stm32n6xx/drivers/src/stm32n6xx_hal_bsec.c.obj
[148/211] Building C object modules/hal_stm32/stm32cube/CMakeFiles/..__modules__hal__hal_stm32-fc11896dd39cfca37bf9b4aeaaa2df8861b81875__stm32cube.dir/stm32n6xx/drivers/src/stm32n6xx_hal_rif.c.obj
[149/211] Building C object modules/hal_stm32/stm32cube/CMakeFiles/..__modules__hal__hal_stm32-fc11896dd39cfca37bf9b4aeaaa2df8861b81875__stm32cube.dir/stm32n6xx/drivers/src/stm32n6xx_hal_rcc.c.obj
[150/211] Building C object modules/hal_stm32/stm32cube/CMakeFiles/..__modules__hal__hal_stm32-fc11896dd39cfca37bf9b4aeaaa2df8861b81875__stm32cube.dir/stm32n6xx/drivers/src/stm32n6xx_ll_utils.c.obj
[151/211] Building C object modules/hal_stm32/stm32cube/CMakeFiles/..__modules__hal__hal_stm32-fc11896dd39cfca37bf9b4aeaaa2df8861b81875__stm32cube.dir/stm32n6xx/drivers/src/stm32n6xx_hal_xspi.c.obj
[152/211] Building C object modules/hal_stm32/stm32cube/CMakeFiles/..__modules__hal__hal_stm32-fc11896dd39cfca37bf9b4aeaaa2df8861b81875__stm32cube.dir/stm32n6xx/drivers/src/stm32n6xx_hal_rcc_ex.c.obj
[153/211] Building C object modules/hal_stm32/stm32cube/CMakeFiles/..__modules__hal__hal_stm32-fc11896dd39cfca37bf9b4aeaaa2df8861b81875__stm32cube.dir/stm32n6xx/drivers/src/stm32n6xx_ll_rcc.c.obj
[154/211] Building C object zephyr/kernel/CMakeFiles/kernel.dir/main_weak.c.obj
[155/211] Building C object zephyr/kernel/CMakeFiles/kernel.dir/banner.c.obj
[156/211] Building C object zephyr/kernel/CMakeFiles/kernel.dir/busy_wait.c.obj
[157/211] Building C object zephyr/kernel/CMakeFiles/kernel.dir/errno.c.obj
[158/211] Building C object zephyr/kernel/CMakeFiles/kernel.dir/device.c.obj
[159/211] Building C object zephyr/kernel/CMakeFiles/kernel.dir/fatal.c.obj
[160/211] Building C object zephyr/kernel/CMakeFiles/kernel.dir/kheap.c.obj
[161/211] Building C object zephyr/kernel/CMakeFiles/kernel.dir/init.c.obj
[162/211] Building C object zephyr/kernel/CMakeFiles/kernel.dir/mem_slab.c.obj
[163/211] Building C object zephyr/kernel/CMakeFiles/kernel.dir/version.c.obj
[164/211] Building C object zephyr/kernel/CMakeFiles/kernel.dir/float.c.obj
[165/211] Building C object zephyr/kernel/CMakeFiles/kernel.dir/idle.c.obj
[166/211] Building C object zephyr/kernel/CMakeFiles/kernel.dir/mailbox.c.obj
[167/211] Building C object zephyr/kernel/CMakeFiles/kernel.dir/msg_q.c.obj
[168/211] Building C object zephyr/kernel/CMakeFiles/kernel.dir/mutex.c.obj
[169/211] Building C object zephyr/kernel/CMakeFiles/kernel.dir/queue.c.obj
[170/211] Building C object zephyr/kernel/CMakeFiles/kernel.dir/stack.c.obj
[171/211] Building C object zephyr/kernel/CMakeFiles/kernel.dir/sem.c.obj
[172/211] Building C object zephyr/kernel/CMakeFiles/kernel.dir/system_work_q.c.obj
[173/211] Building C object zephyr/kernel/CMakeFiles/kernel.dir/condvar.c.obj
[174/211] Building C object zephyr/kernel/CMakeFiles/kernel.dir/thread.c.obj
[175/211] Building C object zephyr/kernel/CMakeFiles/kernel.dir/work.c.obj
[176/211] Building C object zephyr/kernel/CMakeFiles/kernel.dir/pipe.c.obj
[177/211] Building C object zephyr/kernel/CMakeFiles/kernel.dir/timeslicing.c.obj
[178/211] Building C object zephyr/kernel/CMakeFiles/kernel.dir/sched.c.obj
[179/211] Building C object zephyr/kernel/CMakeFiles/kernel.dir/boot_args.c.obj
[180/211] Building C object zephyr/kernel/CMakeFiles/kernel.dir/timer.c.obj
[181/211] Linking C static library app/libapp.a
[182/211] Building C object zephyr/kernel/CMakeFiles/kernel.dir/timeout.c.obj
[183/211] Building C object zephyr/kernel/CMakeFiles/kernel.dir/mempool.c.obj
[184/211] Building C object zephyr/CMakeFiles/zephyr_pre0.dir/misc/empty_file.c.obj
[185/211] Linking C static library zephyr/arch/common/libarch__common.a
[186/211] Linking C static library zephyr/libzephyr.a
[187/211] Building C object zephyr/kernel/CMakeFiles/kernel.dir/dynamic_disabled.c.obj
[188/211] Linking C static library zephyr/arch/arch/arm/core/libarch__arm__core.a
[189/211] Linking C static library zephyr/arch/arch/arm/core/cortex_m/cmse/libarch__arm__core__cortex_m__cmse.a
[190/211] Linking C static library zephyr/arch/arch/arm/core/cortex_m/libarch__arm__core__cortex_m.a
[191/211] Linking C static library zephyr/arch/arch/arm/core/mpu/libarch__arm__core__mpu.a
[192/211] Linking C static library zephyr/lib/libc/minimal/liblib__libc__minimal.a
[193/211] Linking C static library zephyr/lib/libc/common/liblib__libc__common.a
[194/211] Linking C static library zephyr/lib/posix/c_lib_ext/liblib__posix__c_lib_ext.a
[195/211] Linking C static library zephyr/subsys/nvmem/libsubsys__nvmem.a
[196/211] Linking C static library zephyr/drivers/interrupt_controller/libdrivers__interrupt_controller.a
[197/211] Linking C static library zephyr/drivers/clock_control/libdrivers__clock_control.a
[198/211] Linking C static library zephyr/drivers/gpio/libdrivers__gpio.a
[199/211] Linking C static library zephyr/drivers/otp/libdrivers__otp.a
[200/211] Linking C static library zephyr/drivers/pinctrl/libdrivers__pinctrl.a
[201/211] Linking C static library zephyr/drivers/reset/libdrivers__reset.a
[202/211] Linking C static library zephyr/drivers/serial/libdrivers__serial.a
[203/211] Linking C static library zephyr/drivers/timer/libdrivers__timer.a
[204/211] Linking C static library modules/hal_stm32/stm32cube/lib..__modules__hal__hal_stm32-fc11896dd39cfca37bf9b4aeaaa2df8861b81875__stm32cube.a
[205/211] Linking C static library zephyr/kernel/libkernel.a
[206/211] Linking C executable zephyr/zephyr_pre0.elf
[207/211] Generating linker.cmd
[208/211] Generating isr_tables.c, isr_tables_vt.ld, isr_tables_swi.ld
[209/211] Building C object zephyr/CMakeFiles/zephyr_final.dir/misc/empty_file.c.obj
[210/211] Building C object zephyr/CMakeFiles/zephyr_final.dir/isr_tables.c.obj
[211/211] Linking C executable zephyr/zephyr.elf
Memory region         Used Size  Region Size  %age Used
           FLASH:      110244 B       256 KB     42.05%
             RAM:      225728 B       256 KB     86.11%
        AXISRAM1:           0 B         2 MB      0.00%
        AXISRAM2:           0 B       511 KB      0.00%
            ITCM:           0 B       256 KB      0.00%
            DTCM:           0 B       256 KB      0.00%
  NUCLEO_AXISRAM:           0 B       192 KB      0.00%
        IDT_LIST:           0 B        32 KB      0.00%
Generating files from /Users/seungwon/FALCON/fn-dsa_m55/ntt_ntrusolve/4th_array_compare/D1_vld4_last/profiling/build/stage4-m55-perf/zephyr/zephyr.elf for board: nucleo_n657x0_q/stm32n657xx
{
  "ready": true,
  "kind": "perf",
  "source_dir": "/Users/seungwon/FALCON/fn-dsa_m55/ntt_ntrusolve/4th_array_compare/D1_vld4_last",
  "sources": {
    "codec.c": "d72b5b03b6b74aec02de60cc69bbe232c6f13e0ff94cbd096f157ea178bb6cc7",
    "codec_cm4.s": "53a380bcb500ed2d665405fa6ef5f3eb39bbeb9def4f86b29a9be532bbd7cd94",
    "fndsa.h": "8c8cd534e01d1b177960736cc4627a46c42327ca4cd30657554abff55db96d2b",
    "inner.h": "7aba9935edf50456b39cbccca33ff5216669394528e3a1aec3075d728394e45d",
    "kgen.c": "a034de222847ef5a5532d404df3bfd422bea2deffe0e54f25361dc6cb149f5cd",
    "kgen_fxp.c": "cf93446862da0ba3429326bddb6633595cb2b2cb310b0e8489cb1b7f9c100edd",
    "kgen_gauss.c": "d7a4890e94d81b3a9a83722aef98ca343d513b4c7f17f1f3e3ec91bb739c1da9",
    "kgen_inner.h": "0e124f2cbfee404b9e51c1723ef21544f0849a14e5b61ffa76c32f083fa0ec11",
    "kgen_mp31.c": "fd586b85ba6b8b6f72c7068dab8de10c7ffaac91b4ec9bae9215163923bffedb",
    "kgen_mp31_cm55.s": "463137bc8fba5d660e39dcf05e839b81971864d00545e888d73363598eb086c6",
    "kgen_ntru.c": "35696b1619bbaaa14046ab85a66f384670e9f8c8d44e523a0dcf8cd402fb8abf",
    "kgen_poly.c": "4508e2feeb7a19a5616243d205e395c6709b8c90dbcc19d1feb05421a8f71f7f",
    "kgen_zint31.c": "ba655aabdfb7c36cf8d723c8a69521915c07f5d023cbbf96a05a35f6e759f81e",
    "mq.c": "58ca9a7d8b58862016cd43d24eca43343f3d2479981afdd6c1a9819f56a718a9",
    "mq_cm55.s": "0d1c14bed961466f649d1d818732d82ba3d1f1cf87c2ca441b37edaecf5d13f9",
    "sha3.c": "a6a21c599f031414ecf98c558058b83c9e7dbf2a979b4b55242c4cdcf8fdfdf3",
    "sha3_cm4.s": "b313a4da7943202e97ed6753c71ebbf20d9fb9e2f44ce7cd67007e2461b6c830",
    "sign.c": "e23b7a63ea92e535cf16cfeef4a1500ad0984047adfe15696b7642b795f2a732",
    "sign_core.c": "d64678400179f60ecbcc53624c2aa93fde3539cf8dc064a53e8778fa79c29861",
    "sign_fpoly.c": "d6187c282576f8f1b534f9e48da8dedcca8f6f4f2a4ab6aa73bfd5412492b1e6",
    "sign_fpr.c": "995ad5b954913cd1d63a5d14d3cffdeb48e7fa2ccb9afacc3f8bda129ea1aa95",
    "sign_fpr_cm4.s": "ba5b3cdff48f7302d3229bdd00db9fca8a6bf8b420ee0eb0c1ff167079a51789",
    "sign_inner.h": "ad44f8173b213120c476603418b0ddd35c5e4c3df728673d27519d4e19bdebb8",
    "sign_sampler.c": "9f91e55b8d7f9a48c730affe05bffc3c9c304121df5d2ce5542b99854c53c69b",
    "sign_sampler_cm4.s": "546ff1ad3ce37778a55ad3aa5c20ce73e83e4f97920351609e1a1d16e3af7fde",
    "speed_fndsa.c": "621f9069bbafd6b2422656f69a1143a778cb9a7f5e0f5ec7f02ed24ae55ab096",
    "sysrng.c": "663d943595102660f0c98ec3fef37d3b7825f162cd8a9218cf9df8317cb38bd1",
    "test_fndsa.c": "893ef158f2c55110c157293184cb4d87dbc294d16b08e531af4ee07d64927bdd",
    "test_sign.c": "761db5680f06c72bd1bf2a4a4bad5d5de8d81ee2aa6e47ab21316d8d405073fc",
    "util.c": "eeaaa063aa1e5987ba81d6cb13941300d9e55d0c428aa33ef6127693d8eca80f",
    "vrfy.c": "d6db7c9a50ef36c30ef951127bdee0ed90774b4a5811817beb19850c265db58f"
  },
  "compiled_crypto_files": [
    "codec.c",
    "codec_cm4.s",
    "kgen.c",
    "kgen_fxp.c",
    "kgen_gauss.c",
    "kgen_mp31.c",
    "kgen_mp31_cm55.s",
    "kgen_ntru.c",
    "kgen_poly.c",
    "kgen_zint31.c",
    "mq.c",
    "mq_cm55.s",
    "sha3.c",
    "sha3_cm4.s",
    "sign.c",
    "sign_core.c",
    "sign_fpoly.c",
    "sign_fpr.c",
    "sign_fpr_cm4.s",
    "sign_sampler.c",
    "sign_sampler_cm4.s",
    "sysrng.c",
    "util.c",
    "vrfy.c"
  ],
  "last_crypto_optimization": "-O3",
  "mve_mp31": true,
  "l2_kconfig_identical": true,
  "artifacts": {
    "zephyr/zephyr.elf": "98dcfe6d8850a3bb36748b9c982621f0f081f1bcdad6ac8dc846bbe430ff79b1",
    "zephyr/zephyr.map": "66200d011a0ba1d5d576a8e364fc4d16000149c38eaa5ebc5fa373277ae2c5b8",
    "zephyr/.config": "29add21e434a3054715e66a9711d44653b8362c0370b249dfbfd5744d14eb0ca",
    "compile_commands.json": "4ceaa41e5e0d3b10a964e370ef3c0c9f431853f96bdfbee5a2844adf643d3556",
    "CMakeCache.txt": "1334e04f8bbdd60e0590002ff513dba97784cea0cd6caffda1685fb1110f3e5d"
  }
}
